[0.426s] Invoking command in '/home/dung/ros_ws/src/keyboard_teleop': AMENT_PREFIX_PATH=/home/dung/ros_ws/install/my_robot_msgs:${AMENT_PREFIX_PATH} CMAKE_PREFIX_PATH=/home/dung/ros_ws/install/my_robot_msgs LD_LIBRARY_PATH=/home/dung/ros_ws/install/my_robot_msgs/lib:${LD_LIBRARY_PATH} PYTHONPATH=/home/dung/ros_ws/build/keyboard_teleop/prefix_override:/usr/lib/python3/dist-packages/colcon_core/task/python/colcon_distutils_commands:/home/dung/ros_ws/install/keyboard_teleop/lib/python3.10/site-packages:/home/dung/ros_ws/install/my_robot_msgs/local/lib/python3.10/dist-packages:${PYTHONPATH} /usr/bin/python3 -W ignore:setup.py install is deprecated -W ignore:easy_install command is deprecated setup.py egg_info --egg-base ../../build/keyboard_teleop build --build-base /home/dung/ros_ws/build/keyboard_teleop/build install --record /home/dung/ros_ws/build/keyboard_teleop/install.log --single-version-externally-managed install_data
[0.570s] running egg_info
[0.570s] writing ../../build/keyboard_teleop/keyboard_teleop.egg-info/PKG-INFO
[0.570s] writing dependency_links to ../../build/keyboard_teleop/keyboard_teleop.egg-info/dependency_links.txt
[0.570s] writing entry points to ../../build/keyboard_teleop/keyboard_teleop.egg-info/entry_points.txt
[0.570s] writing requirements to ../../build/keyboard_teleop/keyboard_teleop.egg-info/requires.txt
[0.570s] writing top-level names to ../../build/keyboard_teleop/keyboard_teleop.egg-info/top_level.txt
[0.572s] reading manifest file '../../build/keyboard_teleop/keyboard_teleop.egg-info/SOURCES.txt'
[0.572s] writing manifest file '../../build/keyboard_teleop/keyboard_teleop.egg-info/SOURCES.txt'
[0.572s] running build
[0.573s] running build_py
[0.573s] running install
[0.573s] running install_lib
[0.574s] running install_data
[0.574s] running install_egg_info
[0.575s] removing '/home/dung/ros_ws/install/keyboard_teleop/lib/python3.10/site-packages/keyboard_teleop-0.0.0-py3.10.egg-info' (and everything under it)
[0.576s] Copying ../../build/keyboard_teleop/keyboard_teleop.egg-info to /home/dung/ros_ws/install/keyboard_teleop/lib/python3.10/site-packages/keyboard_teleop-0.0.0-py3.10.egg-info
[0.576s] running install_scripts
[0.592s] Installing control_keyboard script to /home/dung/ros_ws/install/keyboard_teleop/lib/keyboard_teleop
[0.592s] Installing simple_parameter script to /home/dung/ros_ws/install/keyboard_teleop/lib/keyboard_teleop
[0.592s] Installing simple_tf_kinematic script to /home/dung/ros_ws/install/keyboard_teleop/lib/keyboard_teleop
[0.593s] writing list of installed files to '/home/dung/ros_ws/build/keyboard_teleop/install.log'
[0.607s] Invoked command in '/home/dung/ros_ws/src/keyboard_teleop' returned '0': AMENT_PREFIX_PATH=/home/dung/ros_ws/install/my_robot_msgs:${AMENT_PREFIX_PATH} CMAKE_PREFIX_PATH=/home/dung/ros_ws/install/my_robot_msgs LD_LIBRARY_PATH=/home/dung/ros_ws/install/my_robot_msgs/lib:${LD_LIBRARY_PATH} PYTHONPATH=/home/dung/ros_ws/build/keyboard_teleop/prefix_override:/usr/lib/python3/dist-packages/colcon_core/task/python/colcon_distutils_commands:/home/dung/ros_ws/install/keyboard_teleop/lib/python3.10/site-packages:/home/dung/ros_ws/install/my_robot_msgs/local/lib/python3.10/dist-packages:${PYTHONPATH} /usr/bin/python3 -W ignore:setup.py install is deprecated -W ignore:easy_install command is deprecated setup.py egg_info --egg-base ../../build/keyboard_teleop build --build-base /home/dung/ros_ws/build/keyboard_teleop/build install --record /home/dung/ros_ws/build/keyboard_teleop/install.log --single-version-externally-managed install_data
