[0.020s] Invoking command in '/home/dung/ros_ws/build/my_robot_localization': CMAKE_PREFIX_PATH=${CMAKE_PREFIX_PATH}:/home/dung/ros_ws/install/keyboard_teleop:/opt/ros/humble /usr/bin/cmake /home/dung/ros_ws/src/my_robot_localization -DCMAKE_INSTALL_PREFIX=/home/dung/ros_ws/install/my_robot_localization
[0.077s] -- The C compiler identification is GNU 11.4.0
[0.133s] -- The CXX compiler identification is GNU 11.4.0
[0.144s] -- Detecting C compiler ABI info
[0.205s] -- Detecting C compiler ABI info - done
[0.214s] -- Check for working C compiler: /usr/bin/cc - skipped
[0.214s] -- Detecting C compile features
[0.214s] -- Detecting C compile features - done
[0.218s] -- Detecting CXX compiler ABI info
[0.312s] -- Detecting CXX compiler ABI info - done
[0.320s] -- Check for working CXX compiler: /usr/bin/c++ - skipped
[0.321s] -- Detecting CXX compile features
[0.321s] -- Detecting CXX compile features - done
[0.322s] -- Found ament_cmake: 1.3.12 (/opt/ros/humble/share/ament_cmake/cmake)
[0.529s] -- Found Python3: /usr/bin/python3 (found version "3.10.12") found components: Interpreter 
[0.624s] -- Found rclpy: 3.3.17 (/opt/ros/humble/share/rclpy/cmake)
[0.625s] -- Found nav_msgs: 4.9.0 (/opt/ros/humble/share/nav_msgs/cmake)
[0.658s] -- Found rosidl_generator_c: 3.1.7 (/opt/ros/humble/share/rosidl_generator_c/cmake)
[0.661s] -- Found rosidl_adapter: 3.1.7 (/opt/ros/humble/share/rosidl_adapter/cmake)
[0.666s] -- Found rosidl_generator_cpp: 3.1.7 (/opt/ros/humble/share/rosidl_generator_cpp/cmake)
[0.674s] -- Using all available rosidl_typesupport_c: rosidl_typesupport_fastrtps_c;rosidl_typesupport_introspection_c
[0.685s] -- Using all available rosidl_typesupport_cpp: rosidl_typesupport_fastrtps_cpp;rosidl_typesupport_introspection_cpp
[0.731s] -- Found sensor_msgs: 4.9.0 (/opt/ros/humble/share/sensor_msgs/cmake)
[0.839s] -- Found ament_lint_auto: 0.12.14 (/opt/ros/humble/share/ament_lint_auto/cmake)
[0.914s] -- Added test 'flake8' to check Python code syntax and style conventions
[0.916s] -- Added test 'lint_cmake' to check CMake code style
[0.916s] -- Added test 'pep257' to check Python code against some of the docstring style conventions in PEP 257
[0.916s] -- Added test 'xmllint' to check XML markup files
[0.918s] -- Configuring done
[0.919s] -- Generating done
[0.921s] -- Build files have been written to: /home/dung/ros_ws/build/my_robot_localization
[0.941s] Invoked command in '/home/dung/ros_ws/build/my_robot_localization' returned '0': CMAKE_PREFIX_PATH=${CMAKE_PREFIX_PATH}:/home/dung/ros_ws/install/keyboard_teleop:/opt/ros/humble /usr/bin/cmake /home/dung/ros_ws/src/my_robot_localization -DCMAKE_INSTALL_PREFIX=/home/dung/ros_ws/install/my_robot_localization
[0.955s] Invoking command in '/home/dung/ros_ws/build/my_robot_localization': CMAKE_PREFIX_PATH=${CMAKE_PREFIX_PATH}:/home/dung/ros_ws/install/keyboard_teleop:/opt/ros/humble /usr/bin/cmake --build /home/dung/ros_ws/build/my_robot_localization -- -j6 -l6
[1.018s] Built target ament_cmake_python_copy_my_robot_localization
[1.273s] running egg_info
[1.273s] creating my_robot_localization.egg-info
[1.273s] writing my_robot_localization.egg-info/PKG-INFO
[1.273s] writing dependency_links to my_robot_localization.egg-info/dependency_links.txt
[1.273s] writing top-level names to my_robot_localization.egg-info/top_level.txt
[1.273s] writing manifest file 'my_robot_localization.egg-info/SOURCES.txt'
[1.273s] reading manifest file 'my_robot_localization.egg-info/SOURCES.txt'
[1.273s] writing manifest file 'my_robot_localization.egg-info/SOURCES.txt'
[1.307s] Built target ament_cmake_python_build_my_robot_localization_egg
[1.318s] Invoked command in '/home/dung/ros_ws/build/my_robot_localization' returned '0': CMAKE_PREFIX_PATH=${CMAKE_PREFIX_PATH}:/home/dung/ros_ws/install/keyboard_teleop:/opt/ros/humble /usr/bin/cmake --build /home/dung/ros_ws/build/my_robot_localization -- -j6 -l6
[1.328s] Invoking command in '/home/dung/ros_ws/build/my_robot_localization': CMAKE_PREFIX_PATH=${CMAKE_PREFIX_PATH}:/home/dung/ros_ws/install/keyboard_teleop:/opt/ros/humble /usr/bin/cmake --install /home/dung/ros_ws/build/my_robot_localization
[1.329s] -- Install configuration: ""
[1.329s] -- Installing: /home/dung/ros_ws/install/my_robot_localization/share/my_robot_localization/environment/pythonpath.sh
[1.329s] -- Installing: /home/dung/ros_ws/install/my_robot_localization/share/my_robot_localization/environment/pythonpath.dsv
[1.329s] -- Installing: /home/dung/ros_ws/install/my_robot_localization/local/lib/python3.10/dist-packages/my_robot_localization-0.0.0-py3.10.egg-info
[1.329s] -- Installing: /home/dung/ros_ws/install/my_robot_localization/local/lib/python3.10/dist-packages/my_robot_localization-0.0.0-py3.10.egg-info/dependency_links.txt
[1.329s] -- Installing: /home/dung/ros_ws/install/my_robot_localization/local/lib/python3.10/dist-packages/my_robot_localization-0.0.0-py3.10.egg-info/SOURCES.txt
[1.329s] -- Installing: /home/dung/ros_ws/install/my_robot_localization/local/lib/python3.10/dist-packages/my_robot_localization-0.0.0-py3.10.egg-info/top_level.txt
[1.329s] -- Installing: /home/dung/ros_ws/install/my_robot_localization/local/lib/python3.10/dist-packages/my_robot_localization-0.0.0-py3.10.egg-info/PKG-INFO
[1.329s] -- Installing: /home/dung/ros_ws/install/my_robot_localization/local/lib/python3.10/dist-packages/my_robot_localization
[1.329s] -- Installing: /home/dung/ros_ws/install/my_robot_localization/local/lib/python3.10/dist-packages/my_robot_localization/imu_republisher.py
[1.329s] -- Installing: /home/dung/ros_ws/install/my_robot_localization/local/lib/python3.10/dist-packages/my_robot_localization/__init__.py
[1.329s] -- Installing: /home/dung/ros_ws/install/my_robot_localization/local/lib/python3.10/dist-packages/my_robot_localization/kalma_filter.py
[1.329s] -- Installing: /home/dung/ros_ws/install/my_robot_localization/local/lib/python3.10/dist-packages/my_robot_localization/odom_motion.py
[1.363s] Listing '/home/dung/ros_ws/install/my_robot_localization/local/lib/python3.10/dist-packages/my_robot_localization'...
[1.363s] Compiling '/home/dung/ros_ws/install/my_robot_localization/local/lib/python3.10/dist-packages/my_robot_localization/__init__.py'...
[1.363s] Compiling '/home/dung/ros_ws/install/my_robot_localization/local/lib/python3.10/dist-packages/my_robot_localization/imu_republisher.py'...
[1.363s] Compiling '/home/dung/ros_ws/install/my_robot_localization/local/lib/python3.10/dist-packages/my_robot_localization/kalma_filter.py'...
[1.364s] Compiling '/home/dung/ros_ws/install/my_robot_localization/local/lib/python3.10/dist-packages/my_robot_localization/odom_motion.py'...
[1.368s] -- Installing: /home/dung/ros_ws/install/my_robot_localization/lib/my_robot_localization/kalma_filter.py
[1.368s] -- Installing: /home/dung/ros_ws/install/my_robot_localization/lib/my_robot_localization/imu_republisher.py
[1.368s] -- Installing: /home/dung/ros_ws/install/my_robot_localization/lib/my_robot_localization/odom_motion.py
[1.368s] -- Installing: /home/dung/ros_ws/install/my_robot_localization/share/my_robot_localization/launch
[1.369s] -- Installing: /home/dung/ros_ws/install/my_robot_localization/share/my_robot_localization/launch/global_localization.launch.py
[1.369s] -- Installing: /home/dung/ros_ws/install/my_robot_localization/share/my_robot_localization/launch/local_localization.launch.py
[1.369s] -- Installing: /home/dung/ros_ws/install/my_robot_localization/share/my_robot_localization/config
[1.369s] -- Installing: /home/dung/ros_ws/install/my_robot_localization/share/my_robot_localization/config/ekf.yaml
[1.369s] -- Installing: /home/dung/ros_ws/install/my_robot_localization/share/my_robot_localization/config/amcl.yaml
[1.369s] -- Installing: /home/dung/ros_ws/install/my_robot_localization/share/ament_index/resource_index/package_run_dependencies/my_robot_localization
[1.373s] -- Installing: /home/dung/ros_ws/install/my_robot_localization/share/ament_index/resource_index/parent_prefix_path/my_robot_localization
[1.373s] -- Installing: /home/dung/ros_ws/install/my_robot_localization/share/my_robot_localization/environment/ament_prefix_path.sh
[1.373s] -- Installing: /home/dung/ros_ws/install/my_robot_localization/share/my_robot_localization/environment/ament_prefix_path.dsv
[1.373s] -- Installing: /home/dung/ros_ws/install/my_robot_localization/share/my_robot_localization/environment/path.sh
[1.374s] -- Installing: /home/dung/ros_ws/install/my_robot_localization/share/my_robot_localization/environment/path.dsv
[1.375s] -- Installing: /home/dung/ros_ws/install/my_robot_localization/share/my_robot_localization/local_setup.bash
[1.375s] -- Installing: /home/dung/ros_ws/install/my_robot_localization/share/my_robot_localization/local_setup.sh
[1.377s] -- Installing: /home/dung/ros_ws/install/my_robot_localization/share/my_robot_localization/local_setup.zsh
[1.377s] -- Installing: /home/dung/ros_ws/install/my_robot_localization/share/my_robot_localization/local_setup.dsv
[1.377s] -- Installing: /home/dung/ros_ws/install/my_robot_localization/share/my_robot_localization/package.dsv
[1.377s] -- Installing: /home/dung/ros_ws/install/my_robot_localization/share/ament_index/resource_index/packages/my_robot_localization
[1.380s] -- Installing: /home/dung/ros_ws/install/my_robot_localization/share/my_robot_localization/cmake/my_robot_localizationConfig.cmake
[1.381s] -- Installing: /home/dung/ros_ws/install/my_robot_localization/share/my_robot_localization/cmake/my_robot_localizationConfig-version.cmake
[1.381s] -- Installing: /home/dung/ros_ws/install/my_robot_localization/share/my_robot_localization/package.xml
[1.390s] Invoked command in '/home/dung/ros_ws/build/my_robot_localization' returned '0': CMAKE_PREFIX_PATH=${CMAKE_PREFIX_PATH}:/home/dung/ros_ws/install/keyboard_teleop:/opt/ros/humble /usr/bin/cmake --install /home/dung/ros_ws/build/my_robot_localization
