[0.018s] Invoking command in '/home/dung/ros_ws/build/my_robot_mapping': /usr/bin/cmake --build /home/dung/ros_ws/build/my_robot_mapping -- -j12 -l12
[0.053s] Invoked command in '/home/dung/ros_ws/build/my_robot_mapping' returned '0': /usr/bin/cmake --build /home/dung/ros_ws/build/my_robot_mapping -- -j12 -l12
[0.061s] Invoking command in '/home/dung/ros_ws/build/my_robot_mapping': /usr/bin/cmake --install /home/dung/ros_ws/build/my_robot_mapping
[0.078s] -- Install configuration: ""
[0.078s] -- Up-to-date: /home/dung/ros_ws/install/my_robot_mapping/share/my_robot_mapping/config
[0.078s] -- Up-to-date: /home/dung/ros_ws/install/my_robot_mapping/share/my_robot_mapping/config/slam_toolbox.yaml
[0.078s] -- Up-to-date: /home/dung/ros_ws/install/my_robot_mapping/share/my_robot_mapping/launch
[0.078s] -- Up-to-date: /home/dung/ros_ws/install/my_robot_mapping/share/my_robot_mapping/launch/slam.launch.py
[0.078s] -- Up-to-date: /home/dung/ros_ws/install/my_robot_mapping/share/my_robot_mapping/maps
[0.078s] -- Up-to-date: /home/dung/ros_ws/install/my_robot_mapping/share/my_robot_mapping/maps/map
[0.078s] -- Up-to-date: /home/dung/ros_ws/install/my_robot_mapping/share/my_robot_mapping/maps/map/map.pgm
[0.078s] -- Up-to-date: /home/dung/ros_ws/install/my_robot_mapping/share/my_robot_mapping/maps/map/map.yaml
[0.078s] -- Up-to-date: /home/dung/ros_ws/install/my_robot_mapping/share/ament_index/resource_index/package_run_dependencies/my_robot_mapping
[0.079s] -- Up-to-date: /home/dung/ros_ws/install/my_robot_mapping/share/ament_index/resource_index/parent_prefix_path/my_robot_mapping
[0.079s] -- Up-to-date: /home/dung/ros_ws/install/my_robot_mapping/share/my_robot_mapping/environment/ament_prefix_path.sh
[0.079s] -- Up-to-date: /home/dung/ros_ws/install/my_robot_mapping/share/my_robot_mapping/environment/ament_prefix_path.dsv
[0.079s] -- Up-to-date: /home/dung/ros_ws/install/my_robot_mapping/share/my_robot_mapping/environment/path.sh
[0.079s] -- Up-to-date: /home/dung/ros_ws/install/my_robot_mapping/share/my_robot_mapping/environment/path.dsv
[0.079s] -- Up-to-date: /home/dung/ros_ws/install/my_robot_mapping/share/my_robot_mapping/local_setup.bash
[0.079s] -- Up-to-date: /home/dung/ros_ws/install/my_robot_mapping/share/my_robot_mapping/local_setup.sh
[0.079s] -- Up-to-date: /home/dung/ros_ws/install/my_robot_mapping/share/my_robot_mapping/local_setup.zsh
[0.079s] -- Up-to-date: /home/dung/ros_ws/install/my_robot_mapping/share/my_robot_mapping/local_setup.dsv
[0.079s] -- Installing: /home/dung/ros_ws/install/my_robot_mapping/share/my_robot_mapping/package.dsv
[0.079s] -- Up-to-date: /home/dung/ros_ws/install/my_robot_mapping/share/ament_index/resource_index/packages/my_robot_mapping
[0.079s] -- Up-to-date: /home/dung/ros_ws/install/my_robot_mapping/share/my_robot_mapping/cmake/my_robot_mappingConfig.cmake
[0.080s] -- Up-to-date: /home/dung/ros_ws/install/my_robot_mapping/share/my_robot_mapping/cmake/my_robot_mappingConfig-version.cmake
[0.080s] -- Up-to-date: /home/dung/ros_ws/install/my_robot_mapping/share/my_robot_mapping/package.xml
[0.109s] Invoked command in '/home/dung/ros_ws/build/my_robot_mapping' returned '0': /usr/bin/cmake --install /home/dung/ros_ws/build/my_robot_mapping
