[0.031s] Invoking command in '/home/dung/ros_ws/build/my_robot_utils': CMAKE_PREFIX_PATH=/opt/ros/humble /usr/bin/cmake /home/dung/ros_ws/src/my_robot_utils -DCMAKE_INSTALL_PREFIX=/home/dung/ros_ws/install/my_robot_utils
[0.425s] -- Found ament_cmake: 1.3.12 (/opt/ros/humble/share/ament_cmake/cmake)
[0.425s] -- Found Python3: /usr/bin/python3 (found version "3.10.12") found components: Interpreter 
[0.425s] -- Found rclpy: 3.3.17 (/opt/ros/humble/share/rclpy/cmake)
[0.425s] -- Found std_msgs: 4.9.0 (/opt/ros/humble/share/std_msgs/cmake)
[0.425s] -- Found rosidl_generator_c: 3.1.7 (/opt/ros/humble/share/rosidl_generator_c/cmake)
[0.425s] -- Found rosidl_adapter: 3.1.7 (/opt/ros/humble/share/rosidl_adapter/cmake)
[0.425s] -- Found rosidl_generator_cpp: 3.1.7 (/opt/ros/humble/share/rosidl_generator_cpp/cmake)
[0.425s] -- Using all available rosidl_typesupport_c: rosidl_typesupport_fastrtps_c;rosidl_typesupport_introspection_c
[0.425s] -- Using all available rosidl_typesupport_cpp: rosidl_typesupport_fastrtps_cpp;rosidl_typesupport_introspection_cpp
[0.445s] -- Found sensor_msgs: 4.9.0 (/opt/ros/humble/share/sensor_msgs/cmake)
[0.482s] -- Found twist_mux_msgs: 3.0.1 (/opt/ros/humble/share/twist_mux_msgs/cmake)
[0.653s] -- Found ament_lint_auto: 0.12.14 (/opt/ros/humble/share/ament_lint_auto/cmake)
[0.735s] -- Added test 'flake8' to check Python code syntax and style conventions
[0.735s] -- Added test 'lint_cmake' to check CMake code style
[0.735s] -- Added test 'pep257' to check Python code against some of the docstring style conventions in PEP 257
[0.735s] -- Added test 'xmllint' to check XML markup files
[0.737s] -- Configuring done
[0.742s] -- Generating done
[0.745s] -- Build files have been written to: /home/dung/ros_ws/build/my_robot_utils
[0.755s] Invoked command in '/home/dung/ros_ws/build/my_robot_utils' returned '0': CMAKE_PREFIX_PATH=/opt/ros/humble /usr/bin/cmake /home/dung/ros_ws/src/my_robot_utils -DCMAKE_INSTALL_PREFIX=/home/dung/ros_ws/install/my_robot_utils
[0.757s] Invoking command in '/home/dung/ros_ws/build/my_robot_utils': CMAKE_PREFIX_PATH=/opt/ros/humble /usr/bin/cmake --build /home/dung/ros_ws/build/my_robot_utils -- -j12 -l12
[0.818s] Built target ament_cmake_python_copy_my_robot_utils
[1.064s] running egg_info
[1.065s] creating my_robot_utils.egg-info
[1.065s] writing my_robot_utils.egg-info/PKG-INFO
[1.065s] writing dependency_links to my_robot_utils.egg-info/dependency_links.txt
[1.065s] writing top-level names to my_robot_utils.egg-info/top_level.txt
[1.065s] writing manifest file 'my_robot_utils.egg-info/SOURCES.txt'
[1.067s] reading manifest file 'my_robot_utils.egg-info/SOURCES.txt'
[1.068s] writing manifest file 'my_robot_utils.egg-info/SOURCES.txt'
[1.104s] Built target ament_cmake_python_build_my_robot_utils_egg
[1.117s] Invoked command in '/home/dung/ros_ws/build/my_robot_utils' returned '0': CMAKE_PREFIX_PATH=/opt/ros/humble /usr/bin/cmake --build /home/dung/ros_ws/build/my_robot_utils -- -j12 -l12
[1.118s] Invoking command in '/home/dung/ros_ws/build/my_robot_utils': CMAKE_PREFIX_PATH=/opt/ros/humble /usr/bin/cmake --install /home/dung/ros_ws/build/my_robot_utils
[1.123s] -- Install configuration: ""
[1.123s] -- Installing: /home/dung/ros_ws/install/my_robot_utils/share/my_robot_utils/environment/pythonpath.sh
[1.123s] -- Installing: /home/dung/ros_ws/install/my_robot_utils/share/my_robot_utils/environment/pythonpath.dsv
[1.123s] -- Installing: /home/dung/ros_ws/install/my_robot_utils/local/lib/python3.10/dist-packages/my_robot_utils-0.0.0-py3.10.egg-info
[1.123s] -- Installing: /home/dung/ros_ws/install/my_robot_utils/local/lib/python3.10/dist-packages/my_robot_utils-0.0.0-py3.10.egg-info/dependency_links.txt
[1.124s] -- Installing: /home/dung/ros_ws/install/my_robot_utils/local/lib/python3.10/dist-packages/my_robot_utils-0.0.0-py3.10.egg-info/PKG-INFO
[1.124s] -- Installing: /home/dung/ros_ws/install/my_robot_utils/local/lib/python3.10/dist-packages/my_robot_utils-0.0.0-py3.10.egg-info/top_level.txt
[1.124s] -- Installing: /home/dung/ros_ws/install/my_robot_utils/local/lib/python3.10/dist-packages/my_robot_utils-0.0.0-py3.10.egg-info/SOURCES.txt
[1.124s] -- Installing: /home/dung/ros_ws/install/my_robot_utils/local/lib/python3.10/dist-packages/my_robot_utils
[1.124s] -- Installing: /home/dung/ros_ws/install/my_robot_utils/local/lib/python3.10/dist-packages/my_robot_utils/__init__.py
[1.124s] -- Installing: /home/dung/ros_ws/install/my_robot_utils/local/lib/python3.10/dist-packages/my_robot_utils/safety_stop.py
[1.151s] Listing '/home/dung/ros_ws/install/my_robot_utils/local/lib/python3.10/dist-packages/my_robot_utils'...
[1.152s] Compiling '/home/dung/ros_ws/install/my_robot_utils/local/lib/python3.10/dist-packages/my_robot_utils/__init__.py'...
[1.152s] Compiling '/home/dung/ros_ws/install/my_robot_utils/local/lib/python3.10/dist-packages/my_robot_utils/safety_stop.py'...
[1.156s] -- Installing: /home/dung/ros_ws/install/my_robot_utils/lib/my_robot_utils/safety_stop.py
[1.157s] -- Installing: /home/dung/ros_ws/install/my_robot_utils/share/ament_index/resource_index/package_run_dependencies/my_robot_utils
[1.157s] -- Installing: /home/dung/ros_ws/install/my_robot_utils/share/ament_index/resource_index/parent_prefix_path/my_robot_utils
[1.157s] -- Installing: /home/dung/ros_ws/install/my_robot_utils/share/my_robot_utils/environment/ament_prefix_path.sh
[1.157s] -- Installing: /home/dung/ros_ws/install/my_robot_utils/share/my_robot_utils/environment/ament_prefix_path.dsv
[1.157s] -- Installing: /home/dung/ros_ws/install/my_robot_utils/share/my_robot_utils/environment/path.sh
[1.157s] -- Installing: /home/dung/ros_ws/install/my_robot_utils/share/my_robot_utils/environment/path.dsv
[1.157s] -- Installing: /home/dung/ros_ws/install/my_robot_utils/share/my_robot_utils/local_setup.bash
[1.157s] -- Installing: /home/dung/ros_ws/install/my_robot_utils/share/my_robot_utils/local_setup.sh
[1.157s] -- Installing: /home/dung/ros_ws/install/my_robot_utils/share/my_robot_utils/local_setup.zsh
[1.157s] -- Installing: /home/dung/ros_ws/install/my_robot_utils/share/my_robot_utils/local_setup.dsv
[1.157s] -- Installing: /home/dung/ros_ws/install/my_robot_utils/share/my_robot_utils/package.dsv
[1.158s] -- Installing: /home/dung/ros_ws/install/my_robot_utils/share/ament_index/resource_index/packages/my_robot_utils
[1.158s] -- Installing: /home/dung/ros_ws/install/my_robot_utils/share/my_robot_utils/cmake/my_robot_utilsConfig.cmake
[1.158s] -- Installing: /home/dung/ros_ws/install/my_robot_utils/share/my_robot_utils/cmake/my_robot_utilsConfig-version.cmake
[1.158s] -- Installing: /home/dung/ros_ws/install/my_robot_utils/share/my_robot_utils/package.xml
[1.160s] Invoked command in '/home/dung/ros_ws/build/my_robot_utils' returned '0': CMAKE_PREFIX_PATH=/opt/ros/humble /usr/bin/cmake --install /home/dung/ros_ws/build/my_robot_utils
