[0.035s] Invoking command in '/home/dung/ros_ws/build/my_robot_planning': CMAKE_PREFIX_PATH=${CMAKE_PREFIX_PATH}:/home/dung/ros_ws/install/keyboard_teleop:/opt/ros/humble /usr/bin/cmake /home/dung/ros_ws/src/my_robot_planning -DCMAKE_INSTALL_PREFIX=/home/dung/ros_ws/install/my_robot_planning
[0.049s] -- Found ament_cmake: 1.3.12 (/opt/ros/humble/share/ament_cmake/cmake)
[0.188s] -- Override CMake install command with custom implementation using symlinks instead of copying resources
[0.194s] -- Found rclcpp: 16.0.15 (/opt/ros/humble/share/rclcpp/cmake)
[0.229s] -- Found rosidl_generator_c: 3.1.7 (/opt/ros/humble/share/rosidl_generator_c/cmake)
[0.229s] -- Found rosidl_adapter: 3.1.7 (/opt/ros/humble/share/rosidl_adapter/cmake)
[0.239s] -- Found rosidl_generator_cpp: 3.1.7 (/opt/ros/humble/share/rosidl_generator_cpp/cmake)
[0.243s] -- Using all available rosidl_typesupport_c: rosidl_typesupport_fastrtps_c;rosidl_typesupport_introspection_c
[0.254s] -- Using all available rosidl_typesupport_cpp: rosidl_typesupport_fastrtps_cpp;rosidl_typesupport_introspection_cpp
[0.281s] -- Found rmw_implementation_cmake: 6.1.2 (/opt/ros/humble/share/rmw_implementation_cmake/cmake)
[0.282s] -- Found rmw_fastrtps_cpp: 6.2.9 (/opt/ros/humble/share/rmw_fastrtps_cpp/cmake)
[0.371s] -- Using RMW implementation 'rmw_fastrtps_cpp' as default
[0.426s] -- Found rclcpp_action: 16.0.15 (/opt/ros/humble/share/rclcpp_action/cmake)
[0.453s] -- Found rclpy: 3.3.17 (/opt/ros/humble/share/rclpy/cmake)
[0.453s] -- Found nav_msgs: 4.9.0 (/opt/ros/humble/share/nav_msgs/cmake)
[0.480s] -- Found tf2_ros: 0.25.16 (/opt/ros/humble/share/tf2_ros/cmake)
[0.536s] -- Found nav2_core: 1.1.19 (/opt/ros/humble/share/nav2_core/cmake)
[0.634s] -- Ensuring Eigen3 include directory is part of orocos-kdl CMake target
[0.905s] -- Found ament_lint_auto: 0.12.14 (/opt/ros/humble/share/ament_lint_auto/cmake)
[0.954s] -- Added test 'cppcheck' to perform static code analysis on C / C++ code
[0.954s] -- Configured cppcheck include dirs: /home/dung/ros_ws/src/my_robot_planning/include
[0.955s] -- Configured cppcheck exclude dirs and/or files: 
[0.955s] -- Added test 'flake8' to check Python code syntax and style conventions
[0.955s] -- Added test 'lint_cmake' to check CMake code style
[0.955s] -- Added test 'pep257' to check Python code against some of the docstring style conventions in PEP 257
[0.956s] -- Added test 'uncrustify' to check C / C++ code style
[0.956s] -- Configured uncrustify additional arguments: 
[0.956s] -- Added test 'xmllint' to check XML markup files
[0.957s] -- Configuring done
[1.017s] -- Generating done
[1.026s] -- Build files have been written to: /home/dung/ros_ws/build/my_robot_planning
[1.035s] Invoked command in '/home/dung/ros_ws/build/my_robot_planning' returned '0': CMAKE_PREFIX_PATH=${CMAKE_PREFIX_PATH}:/home/dung/ros_ws/install/keyboard_teleop:/opt/ros/humble /usr/bin/cmake /home/dung/ros_ws/src/my_robot_planning -DCMAKE_INSTALL_PREFIX=/home/dung/ros_ws/install/my_robot_planning
[1.036s] Invoking command in '/home/dung/ros_ws/build/my_robot_planning': CMAKE_PREFIX_PATH=${CMAKE_PREFIX_PATH}:/home/dung/ros_ws/install/keyboard_teleop:/opt/ros/humble /usr/bin/cmake --build /home/dung/ros_ws/build/my_robot_planning -- -j12 -l12
[1.066s] [35m[1mConsolidate compiler generated dependencies of target a_star[0m
[1.067s] [35m[1mConsolidate compiler generated dependencies of target dijkstra_planner[0m
[1.078s] [  0%] Built target ament_cmake_python_symlink_my_robot_planning
[1.079s] [ 50%] Built target a_star
[1.083s] [100%] Built target dijkstra_planner
[1.240s] running egg_info
[1.240s] writing my_robot_planning.egg-info/PKG-INFO
[1.240s] writing dependency_links to my_robot_planning.egg-info/dependency_links.txt
[1.240s] writing top-level names to my_robot_planning.egg-info/top_level.txt
[1.242s] reading manifest file 'my_robot_planning.egg-info/SOURCES.txt'
[1.242s] writing manifest file 'my_robot_planning.egg-info/SOURCES.txt'
[1.258s] [100%] Built target ament_cmake_python_build_my_robot_planning_egg
[1.265s] Invoked command in '/home/dung/ros_ws/build/my_robot_planning' returned '0': CMAKE_PREFIX_PATH=${CMAKE_PREFIX_PATH}:/home/dung/ros_ws/install/keyboard_teleop:/opt/ros/humble /usr/bin/cmake --build /home/dung/ros_ws/build/my_robot_planning -- -j12 -l12
[1.265s] Invoking command in '/home/dung/ros_ws/build/my_robot_planning': CMAKE_PREFIX_PATH=${CMAKE_PREFIX_PATH}:/home/dung/ros_ws/install/keyboard_teleop:/opt/ros/humble /usr/bin/cmake --install /home/dung/ros_ws/build/my_robot_planning
[1.270s] -- Install configuration: ""
[1.270s] -- Execute custom install script
[1.270s] -- Up-to-date symlink: /home/dung/ros_ws/install/my_robot_planning/share/my_robot_planning/environment/pythonpath.sh
[1.270s] -- Up-to-date symlink: /home/dung/ros_ws/install/my_robot_planning/share/my_robot_planning/environment/pythonpath.dsv
[1.271s] -- Up-to-date symlink: /home/dung/ros_ws/install/my_robot_planning/local/lib/python3.10/dist-packages/my_robot_planning-0.0.0-py3.10.egg-info/PKG-INFO
[1.271s] -- Up-to-date symlink: /home/dung/ros_ws/install/my_robot_planning/local/lib/python3.10/dist-packages/my_robot_planning-0.0.0-py3.10.egg-info/SOURCES.txt
[1.271s] -- Up-to-date symlink: /home/dung/ros_ws/install/my_robot_planning/local/lib/python3.10/dist-packages/my_robot_planning-0.0.0-py3.10.egg-info/dependency_links.txt
[1.271s] -- Up-to-date symlink: /home/dung/ros_ws/install/my_robot_planning/local/lib/python3.10/dist-packages/my_robot_planning-0.0.0-py3.10.egg-info/top_level.txt
[1.271s] -- Up-to-date symlink: /home/dung/ros_ws/install/my_robot_planning/local/lib/python3.10/dist-packages/my_robot_planning/__init__.py
[1.271s] -- Up-to-date symlink: /home/dung/ros_ws/install/my_robot_planning/local/lib/python3.10/dist-packages/my_robot_planning/a_star.py
[1.271s] -- Up-to-date symlink: /home/dung/ros_ws/install/my_robot_planning/local/lib/python3.10/dist-packages/my_robot_planning/dijkstra_planner.py
[1.271s] -- Up-to-date symlink: /home/dung/ros_ws/install/my_robot_planning/share/my_robot_planning//global_planner_plugins.xml
[1.271s] -- Up-to-date symlink: /home/dung/ros_ws/install/my_robot_planning/lib/my_robot_planning/dijkstra_planner.py
[1.271s] -- Up-to-date symlink: /home/dung/ros_ws/install/my_robot_planning/lib/my_robot_planning/a_star.py
[1.271s] -- Up-to-date symlink: /home/dung/ros_ws/install/my_robot_planning/include/include/my_robot_planning/a_star.hpp
[1.271s] -- Up-to-date symlink: /home/dung/ros_ws/install/my_robot_planning/include/include/my_robot_planning/dijkstra_planner.hpp
[1.272s] -- Up-to-date symlink: /home/dung/ros_ws/install/my_robot_planning/lib/libdijkstra_planner.so
[1.272s] -- Up-to-date symlink: /home/dung/ros_ws/install/my_robot_planning/lib/liba_star.so
[1.272s] -- Up-to-date symlink: /home/dung/ros_ws/install/my_robot_planning/share/my_robot_planning/global_planner_plugins.xml
[1.272s] -- Up-to-date symlink: /home/dung/ros_ws/install/my_robot_planning/share/ament_index/resource_index/package_run_dependencies/my_robot_planning
[1.272s] -- Up-to-date symlink: /home/dung/ros_ws/install/my_robot_planning/share/ament_index/resource_index/parent_prefix_path/my_robot_planning
[1.272s] -- Up-to-date symlink: /home/dung/ros_ws/install/my_robot_planning/share/my_robot_planning/environment/ament_prefix_path.sh
[1.272s] -- Up-to-date symlink: /home/dung/ros_ws/install/my_robot_planning/share/my_robot_planning/environment/ament_prefix_path.dsv
[1.272s] -- Up-to-date symlink: /home/dung/ros_ws/install/my_robot_planning/share/my_robot_planning/environment/path.sh
[1.272s] -- Up-to-date symlink: /home/dung/ros_ws/install/my_robot_planning/share/my_robot_planning/environment/path.dsv
[1.272s] -- Up-to-date symlink: /home/dung/ros_ws/install/my_robot_planning/share/my_robot_planning/local_setup.bash
[1.272s] -- Up-to-date symlink: /home/dung/ros_ws/install/my_robot_planning/share/my_robot_planning/local_setup.sh
[1.272s] -- Up-to-date symlink: /home/dung/ros_ws/install/my_robot_planning/share/my_robot_planning/local_setup.zsh
[1.272s] -- Up-to-date symlink: /home/dung/ros_ws/install/my_robot_planning/share/my_robot_planning/local_setup.dsv
[1.272s] -- Symlinking: /home/dung/ros_ws/install/my_robot_planning/share/my_robot_planning/package.dsv
[1.278s] -- Up-to-date symlink: /home/dung/ros_ws/install/my_robot_planning/share/ament_index/resource_index/packages/my_robot_planning
[1.278s] -- Up-to-date symlink: /home/dung/ros_ws/install/my_robot_planning/share/ament_index/resource_index/nav2_core__pluginlib__plugin/my_robot_planning
[1.278s] -- Up-to-date symlink: /home/dung/ros_ws/install/my_robot_planning/share/my_robot_planning/cmake/ament_cmake_export_include_directories-extras.cmake
[1.278s] -- Up-to-date symlink: /home/dung/ros_ws/install/my_robot_planning/share/my_robot_planning/cmake/ament_cmake_export_dependencies-extras.cmake
[1.278s] -- Up-to-date symlink: /home/dung/ros_ws/install/my_robot_planning/share/my_robot_planning/cmake/my_robot_planningConfig.cmake
[1.278s] -- Up-to-date symlink: /home/dung/ros_ws/install/my_robot_planning/share/my_robot_planning/cmake/my_robot_planningConfig-version.cmake
[1.279s] -- Up-to-date symlink: /home/dung/ros_ws/install/my_robot_planning/share/my_robot_planning/package.xml
[1.302s] Listing '/home/dung/ros_ws/install/my_robot_planning/local/lib/python3.10/dist-packages/my_robot_planning'...
[1.307s] Invoked command in '/home/dung/ros_ws/build/my_robot_planning' returned '0': CMAKE_PREFIX_PATH=${CMAKE_PREFIX_PATH}:/home/dung/ros_ws/install/keyboard_teleop:/opt/ros/humble /usr/bin/cmake --install /home/dung/ros_ws/build/my_robot_planning
