[0.026s] Invoking command in '/home/dung/ros_ws/build/my_robot_motion': CMAKE_PREFIX_PATH=${CMAKE_PREFIX_PATH}:/home/dung/ros_ws/install/keyboard_teleop:/opt/ros/humble /usr/bin/cmake /home/dung/ros_ws/src/my_robot_motion -DCMAKE_INSTALL_PREFIX=/home/dung/ros_ws/install/my_robot_motion
[0.616s] -- The C compiler identification is GNU 11.4.0
[0.616s] -- The CXX compiler identification is GNU 11.4.0
[0.616s] -- Detecting C compiler ABI info
[0.616s] -- Detecting C compiler ABI info - done
[0.616s] -- Check for working C compiler: /usr/bin/cc - skipped
[0.616s] -- Detecting C compile features
[0.616s] -- Detecting C compile features - done
[0.616s] -- Detecting CXX compiler ABI info
[0.616s] -- Detecting CXX compiler ABI info - done
[0.616s] -- Check for working CXX compiler: /usr/bin/c++ - skipped
[0.617s] -- Detecting CXX compile features
[0.617s] -- Detecting CXX compile features - done
[0.617s] -- Found ament_cmake: 1.3.12 (/opt/ros/humble/share/ament_cmake/cmake)
[0.617s] -- Found Python3: /usr/bin/python3 (found version "3.10.12") found components: Interpreter 
[0.617s] -- Found rclcpp: 16.0.14 (/opt/ros/humble/share/rclcpp/cmake)
[0.623s] -- Found rosidl_generator_c: 3.1.7 (/opt/ros/humble/share/rosidl_generator_c/cmake)
[0.626s] -- Found rosidl_adapter: 3.1.7 (/opt/ros/humble/share/rosidl_adapter/cmake)
[0.632s] -- Found rosidl_generator_cpp: 3.1.7 (/opt/ros/humble/share/rosidl_generator_cpp/cmake)
[0.646s] -- Using all available rosidl_typesupport_c: rosidl_typesupport_fastrtps_c;rosidl_typesupport_introspection_c
[0.667s] -- Using all available rosidl_typesupport_cpp: rosidl_typesupport_fastrtps_cpp;rosidl_typesupport_introspection_cpp
[0.710s] -- Found rmw_implementation_cmake: 6.1.2 (/opt/ros/humble/share/rmw_implementation_cmake/cmake)
[0.710s] -- Found rmw_fastrtps_cpp: 6.2.8 (/opt/ros/humble/share/rmw_fastrtps_cpp/cmake)
[0.798s] -- Found OpenSSL: /usr/lib/x86_64-linux-gnu/libcrypto.so (found version "3.0.2")  
[0.824s] -- Found FastRTPS: /opt/ros/humble/include  
[0.875s] -- Using RMW implementation 'rmw_fastrtps_cpp' as default
[0.880s] -- Looking for pthread.h
[1.026s] -- Looking for pthread.h - found
[1.027s] -- Performing Test CMAKE_HAVE_LIBC_PTHREAD
[1.118s] -- Performing Test CMAKE_HAVE_LIBC_PTHREAD - Success
[1.120s] -- Found Threads: TRUE  
[1.182s] -- Found rclpy: 3.3.17 (/opt/ros/humble/share/rclpy/cmake)
[1.183s] -- Found nav_msgs: 4.9.0 (/opt/ros/humble/share/nav_msgs/cmake)
[1.215s] -- Found tf2_ros: 0.25.16 (/opt/ros/humble/share/tf2_ros/cmake)
[1.335s] -- Found tf2_geometry_msgs: 0.25.16 (/opt/ros/humble/share/tf2_geometry_msgs/cmake)
[1.348s] -- Found eigen3_cmake_module: 0.1.1 (/opt/ros/humble/share/eigen3_cmake_module/cmake)
[1.354s] -- Found Eigen3: TRUE (found version "3.4.0") 
[1.354s] -- Ensuring Eigen3 include directory is part of orocos-kdl CMake target
[1.354s] -- Found nav2_core: 1.1.19 (/opt/ros/humble/share/nav2_core/cmake)
[1.632s] -- Found ament_lint_auto: 0.12.14 (/opt/ros/humble/share/ament_lint_auto/cmake)
[1.708s] -- Added test 'cppcheck' to perform static code analysis on C / C++ code
[1.708s] -- Configured cppcheck include dirs: /home/dung/ros_ws/src/my_robot_motion/include
[1.708s] -- Configured cppcheck exclude dirs and/or files: 
[1.708s] -- Added test 'flake8' to check Python code syntax and style conventions
[1.710s] -- Added test 'lint_cmake' to check CMake code style
[1.710s] -- Added test 'pep257' to check Python code against some of the docstring style conventions in PEP 257
[1.710s] -- Added test 'uncrustify' to check C / C++ code style
[1.710s] -- Configured uncrustify additional arguments: 
[1.710s] -- Added test 'xmllint' to check XML markup files
[1.712s] -- Configuring done
[1.754s] -- Generating done
[1.760s] -- Build files have been written to: /home/dung/ros_ws/build/my_robot_motion
[1.792s] Invoked command in '/home/dung/ros_ws/build/my_robot_motion' returned '0': CMAKE_PREFIX_PATH=${CMAKE_PREFIX_PATH}:/home/dung/ros_ws/install/keyboard_teleop:/opt/ros/humble /usr/bin/cmake /home/dung/ros_ws/src/my_robot_motion -DCMAKE_INSTALL_PREFIX=/home/dung/ros_ws/install/my_robot_motion
[1.793s] Invoking command in '/home/dung/ros_ws/build/my_robot_motion': CMAKE_PREFIX_PATH=${CMAKE_PREFIX_PATH}:/home/dung/ros_ws/install/keyboard_teleop:/opt/ros/humble /usr/bin/cmake --build /home/dung/ros_ws/build/my_robot_motion -- -j6 -l6
[1.838s] [ 50%] [32mBuilding CXX object CMakeFiles/pd_motion_planner.dir/src/pd_motion_planner.cpp.o[0m
[5.446s] [01m[K/home/dung/ros_ws/src/my_robot_motion/src/pd_motion_planner.cpp:[m[K In member function ‘[01m[Kvirtual void my_robot_motion::PDMotionPlanner::setSpeedLimit(const double&, const bool&)[m[K’:
[5.446s] [01m[K/home/dung/ros_ws/src/my_robot_motion/src/pd_motion_planner.cpp:137:52:[m[K [01;35m[Kwarning: [m[Kunused parameter ‘[01m[Kspeed_limit[m[K’ [[01;35m[K]8;;https://gcc.gnu.org/onlinedocs/gcc/Warning-Options.html#index-Wunused-parameter-Wunused-parameter]8;;[m[K]
[5.446s]   137 | mit([01;35m[Kconst double & speed_limit[m[K, const bool & percentage)
[5.446s]       |     [01;35m[K~~~~~~~~~~~~~~~^~~~~~~~~~~[m[K
[5.446s] 
[5.446s] [01m[K/home/dung/ros_ws/src/my_robot_motion/src/pd_motion_planner.cpp:137:78:[m[K [01;35m[Kwarning: [m[Kunused parameter ‘[01m[Kpercentage[m[K’ [[01;35m[K]8;;https://gcc.gnu.org/onlinedocs/gcc/Warning-Options.html#index-Wunused-parameter-Wunused-parameter]8;;[m[K]
[5.446s]   137 | imit, [01;35m[Kconst bool & percentage[m[K)
[5.446s]       |       [01;35m[K~~~~~~~~~~~~~^~~~~~~~~~[m[K
[5.446s] 
[8.452s] [100%] [32m[1mLinking CXX shared library libpd_motion_planner.so[0m
[8.828s] [100%] Built target pd_motion_planner
[8.837s] Invoked command in '/home/dung/ros_ws/build/my_robot_motion' returned '0': CMAKE_PREFIX_PATH=${CMAKE_PREFIX_PATH}:/home/dung/ros_ws/install/keyboard_teleop:/opt/ros/humble /usr/bin/cmake --build /home/dung/ros_ws/build/my_robot_motion -- -j6 -l6
[8.837s] Invoking command in '/home/dung/ros_ws/build/my_robot_motion': CMAKE_PREFIX_PATH=${CMAKE_PREFIX_PATH}:/home/dung/ros_ws/install/keyboard_teleop:/opt/ros/humble /usr/bin/cmake --install /home/dung/ros_ws/build/my_robot_motion
[8.842s] -- Install configuration: ""
[8.843s] -- Installing: /home/dung/ros_ws/install/my_robot_motion/share/my_robot_motion/motion_planner_plugins.xml
[8.843s] -- Installing: /home/dung/ros_ws/install/my_robot_motion/lib/my_robot_motion/pd_motion_planner.py
[8.843s] -- Installing: /home/dung/ros_ws/install/my_robot_motion/lib/my_robot_motion/pure_pursuit.py
[8.843s] -- Installing: /home/dung/ros_ws/install/my_robot_motion/include/include
[8.843s] -- Installing: /home/dung/ros_ws/install/my_robot_motion/include/include/my_robot_motion
[8.844s] -- Installing: /home/dung/ros_ws/install/my_robot_motion/include/include/my_robot_motion/pd_motion_planner.hpp
[8.844s] -- Installing: /home/dung/ros_ws/install/my_robot_motion/lib/libpd_motion_planner.so
[8.845s] -- Set runtime path of "/home/dung/ros_ws/install/my_robot_motion/lib/libpd_motion_planner.so" to ""
[8.845s] -- Up-to-date: /home/dung/ros_ws/install/my_robot_motion/share/my_robot_motion/motion_planner_plugins.xml
[8.845s] -- Installing: /home/dung/ros_ws/install/my_robot_motion/share/my_robot_motion/environment/library_path.sh
[8.845s] -- Installing: /home/dung/ros_ws/install/my_robot_motion/share/my_robot_motion/environment/library_path.dsv
[8.845s] -- Installing: /home/dung/ros_ws/install/my_robot_motion/share/ament_index/resource_index/package_run_dependencies/my_robot_motion
[8.845s] -- Installing: /home/dung/ros_ws/install/my_robot_motion/share/ament_index/resource_index/parent_prefix_path/my_robot_motion
[8.845s] -- Installing: /home/dung/ros_ws/install/my_robot_motion/share/my_robot_motion/environment/ament_prefix_path.sh
[8.845s] -- Installing: /home/dung/ros_ws/install/my_robot_motion/share/my_robot_motion/environment/ament_prefix_path.dsv
[8.846s] -- Installing: /home/dung/ros_ws/install/my_robot_motion/share/my_robot_motion/environment/path.sh
[8.846s] -- Installing: /home/dung/ros_ws/install/my_robot_motion/share/my_robot_motion/environment/path.dsv
[8.846s] -- Installing: /home/dung/ros_ws/install/my_robot_motion/share/my_robot_motion/local_setup.bash
[8.846s] -- Installing: /home/dung/ros_ws/install/my_robot_motion/share/my_robot_motion/local_setup.sh
[8.846s] -- Installing: /home/dung/ros_ws/install/my_robot_motion/share/my_robot_motion/local_setup.zsh
[8.846s] -- Installing: /home/dung/ros_ws/install/my_robot_motion/share/my_robot_motion/local_setup.dsv
[8.846s] -- Installing: /home/dung/ros_ws/install/my_robot_motion/share/my_robot_motion/package.dsv
[8.847s] -- Installing: /home/dung/ros_ws/install/my_robot_motion/share/ament_index/resource_index/packages/my_robot_motion
[8.847s] -- Installing: /home/dung/ros_ws/install/my_robot_motion/share/ament_index/resource_index/nav2_core__pluginlib__plugin/my_robot_motion
[8.847s] -- Installing: /home/dung/ros_ws/install/my_robot_motion/share/my_robot_motion/cmake/ament_cmake_export_include_directories-extras.cmake
[8.847s] -- Installing: /home/dung/ros_ws/install/my_robot_motion/share/my_robot_motion/cmake/ament_cmake_export_dependencies-extras.cmake
[8.847s] -- Installing: /home/dung/ros_ws/install/my_robot_motion/share/my_robot_motion/cmake/ament_cmake_export_libraries-extras.cmake
[8.847s] -- Installing: /home/dung/ros_ws/install/my_robot_motion/share/my_robot_motion/cmake/my_robot_motionConfig.cmake
[8.847s] -- Installing: /home/dung/ros_ws/install/my_robot_motion/share/my_robot_motion/cmake/my_robot_motionConfig-version.cmake
[8.847s] -- Installing: /home/dung/ros_ws/install/my_robot_motion/share/my_robot_motion/package.xml
[8.849s] Invoked command in '/home/dung/ros_ws/build/my_robot_motion' returned '0': CMAKE_PREFIX_PATH=${CMAKE_PREFIX_PATH}:/home/dung/ros_ws/install/keyboard_teleop:/opt/ros/humble /usr/bin/cmake --install /home/dung/ros_ws/build/my_robot_motion
