[0.016s] Invoking command in '/home/dung/ros_ws/build/my_robot_utils': CMAKE_PREFIX_PATH=${CMAKE_PREFIX_PATH}:/home/dung/ros_ws/install/keyboard_teleop:/opt/ros/humble /usr/bin/cmake --build /home/dung/ros_ws/build/my_robot_utils -- -j6 -l6
[0.080s] Built target ament_cmake_python_copy_my_robot_utils
[0.475s] running egg_info
[0.475s] writing my_robot_utils.egg-info/PKG-INFO
[0.476s] writing dependency_links to my_robot_utils.egg-info/dependency_links.txt
[0.476s] writing top-level names to my_robot_utils.egg-info/top_level.txt
[0.478s] reading manifest file 'my_robot_utils.egg-info/SOURCES.txt'
[0.479s] writing manifest file 'my_robot_utils.egg-info/SOURCES.txt'
[0.525s] Built target ament_cmake_python_build_my_robot_utils_egg
[0.551s] Invoked command in '/home/dung/ros_ws/build/my_robot_utils' returned '0': CMAKE_PREFIX_PATH=${CMAKE_PREFIX_PATH}:/home/dung/ros_ws/install/keyboard_teleop:/opt/ros/humble /usr/bin/cmake --build /home/dung/ros_ws/build/my_robot_utils -- -j6 -l6
[0.556s] Invoking command in '/home/dung/ros_ws/build/my_robot_utils': CMAKE_PREFIX_PATH=${CMAKE_PREFIX_PATH}:/home/dung/ros_ws/install/keyboard_teleop:/opt/ros/humble /usr/bin/cmake --install /home/dung/ros_ws/build/my_robot_utils
[0.575s] -- Install configuration: ""
[0.576s] -- Up-to-date: /home/dung/ros_ws/install/my_robot_utils/share/my_robot_utils/environment/pythonpath.sh
[0.576s] -- Up-to-date: /home/dung/ros_ws/install/my_robot_utils/share/my_robot_utils/environment/pythonpath.dsv
[0.576s] -- Up-to-date: /home/dung/ros_ws/install/my_robot_utils/local/lib/python3.10/dist-packages/my_robot_utils-0.0.0-py3.10.egg-info
[0.576s] -- Installing: /home/dung/ros_ws/install/my_robot_utils/local/lib/python3.10/dist-packages/my_robot_utils-0.0.0-py3.10.egg-info/dependency_links.txt
[0.576s] -- Installing: /home/dung/ros_ws/install/my_robot_utils/local/lib/python3.10/dist-packages/my_robot_utils-0.0.0-py3.10.egg-info/SOURCES.txt
[0.576s] -- Installing: /home/dung/ros_ws/install/my_robot_utils/local/lib/python3.10/dist-packages/my_robot_utils-0.0.0-py3.10.egg-info/top_level.txt
[0.576s] -- Installing: /home/dung/ros_ws/install/my_robot_utils/local/lib/python3.10/dist-packages/my_robot_utils-0.0.0-py3.10.egg-info/PKG-INFO
[0.576s] -- Up-to-date: /home/dung/ros_ws/install/my_robot_utils/local/lib/python3.10/dist-packages/my_robot_utils
[0.576s] -- Up-to-date: /home/dung/ros_ws/install/my_robot_utils/local/lib/python3.10/dist-packages/my_robot_utils/__init__.py
[0.576s] -- Up-to-date: /home/dung/ros_ws/install/my_robot_utils/local/lib/python3.10/dist-packages/my_robot_utils/safety_stop.py
[0.622s] Listing '/home/dung/ros_ws/install/my_robot_utils/local/lib/python3.10/dist-packages/my_robot_utils'...
[0.622s] -- Up-to-date: /home/dung/ros_ws/install/my_robot_utils/lib/my_robot_utils/safety_stop.py
[0.629s] -- Up-to-date: /home/dung/ros_ws/install/my_robot_utils/share/ament_index/resource_index/package_run_dependencies/my_robot_utils
[0.630s] -- Up-to-date: /home/dung/ros_ws/install/my_robot_utils/share/ament_index/resource_index/parent_prefix_path/my_robot_utils
[0.630s] -- Up-to-date: /home/dung/ros_ws/install/my_robot_utils/share/my_robot_utils/environment/ament_prefix_path.sh
[0.630s] -- Up-to-date: /home/dung/ros_ws/install/my_robot_utils/share/my_robot_utils/environment/ament_prefix_path.dsv
[0.631s] -- Up-to-date: /home/dung/ros_ws/install/my_robot_utils/share/my_robot_utils/environment/path.sh
[0.631s] -- Up-to-date: /home/dung/ros_ws/install/my_robot_utils/share/my_robot_utils/environment/path.dsv
[0.631s] -- Up-to-date: /home/dung/ros_ws/install/my_robot_utils/share/my_robot_utils/local_setup.bash
[0.631s] -- Up-to-date: /home/dung/ros_ws/install/my_robot_utils/share/my_robot_utils/local_setup.sh
[0.633s] -- Up-to-date: /home/dung/ros_ws/install/my_robot_utils/share/my_robot_utils/local_setup.zsh
[0.633s] -- Up-to-date: /home/dung/ros_ws/install/my_robot_utils/share/my_robot_utils/local_setup.dsv
[0.634s] -- Installing: /home/dung/ros_ws/install/my_robot_utils/share/my_robot_utils/package.dsv
[0.634s] -- Up-to-date: /home/dung/ros_ws/install/my_robot_utils/share/ament_index/resource_index/packages/my_robot_utils
[0.635s] -- Up-to-date: /home/dung/ros_ws/install/my_robot_utils/share/my_robot_utils/cmake/my_robot_utilsConfig.cmake
[0.636s] -- Up-to-date: /home/dung/ros_ws/install/my_robot_utils/share/my_robot_utils/cmake/my_robot_utilsConfig-version.cmake
[0.636s] -- Up-to-date: /home/dung/ros_ws/install/my_robot_utils/share/my_robot_utils/package.xml
[0.651s] Invoked command in '/home/dung/ros_ws/build/my_robot_utils' returned '0': CMAKE_PREFIX_PATH=${CMAKE_PREFIX_PATH}:/home/dung/ros_ws/install/keyboard_teleop:/opt/ros/humble /usr/bin/cmake --install /home/dung/ros_ws/build/my_robot_utils
