[0.033s] Invoking command in '/home/dung/ros_ws/build/my_robot_bringup': AMENT_PREFIX_PATH=/home/dung/ros_ws/install/my_robot_description CMAKE_PREFIX_PATH=/home/dung/ros_ws/install/my_robot_description /usr/bin/cmake --build /home/dung/ros_ws/build/my_robot_bringup -- -j12 -l12
[0.076s] Invoked command in '/home/dung/ros_ws/build/my_robot_bringup' returned '0': AMENT_PREFIX_PATH=/home/dung/ros_ws/install/my_robot_description CMAKE_PREFIX_PATH=/home/dung/ros_ws/install/my_robot_description /usr/bin/cmake --build /home/dung/ros_ws/build/my_robot_bringup -- -j12 -l12
[0.080s] Invoking command in '/home/dung/ros_ws/build/my_robot_bringup': AMENT_PREFIX_PATH=/home/dung/ros_ws/install/my_robot_description CMAKE_PREFIX_PATH=/home/dung/ros_ws/install/my_robot_description /usr/bin/cmake --install /home/dung/ros_ws/build/my_robot_bringup
[0.087s] -- Install configuration: ""
[0.087s] -- Up-to-date: /home/dung/ros_ws/install/my_robot_bringup/share/my_robot_bringup//launch
[0.087s] -- Up-to-date: /home/dung/ros_ws/install/my_robot_bringup/share/my_robot_bringup//launch/my_robot_gazebo.launch.xml
[0.087s] -- Installing: /home/dung/ros_ws/install/my_robot_bringup/share/my_robot_bringup//launch/my_robot_simu.launch.py
[0.087s] -- Up-to-date: /home/dung/ros_ws/install/my_robot_bringup/share/my_robot_bringup//rviz
[0.087s] -- Up-to-date: /home/dung/ros_ws/install/my_robot_bringup/share/my_robot_bringup//rviz/urdf_config.rviz
[0.087s] -- Up-to-date: /home/dung/ros_ws/install/my_robot_bringup/share/my_robot_bringup//world
[0.087s] -- Up-to-date: /home/dung/ros_ws/install/my_robot_bringup/share/my_robot_bringup//world/small_house.world
[0.087s] -- Up-to-date: /home/dung/ros_ws/install/my_robot_bringup/share/ament_index/resource_index/package_run_dependencies/my_robot_bringup
[0.087s] -- Up-to-date: /home/dung/ros_ws/install/my_robot_bringup/share/ament_index/resource_index/parent_prefix_path/my_robot_bringup
[0.087s] -- Up-to-date: /home/dung/ros_ws/install/my_robot_bringup/share/my_robot_bringup/environment/ament_prefix_path.sh
[0.087s] -- Up-to-date: /home/dung/ros_ws/install/my_robot_bringup/share/my_robot_bringup/environment/ament_prefix_path.dsv
[0.088s] -- Up-to-date: /home/dung/ros_ws/install/my_robot_bringup/share/my_robot_bringup/environment/path.sh
[0.088s] -- Up-to-date: /home/dung/ros_ws/install/my_robot_bringup/share/my_robot_bringup/environment/path.dsv
[0.088s] -- Up-to-date: /home/dung/ros_ws/install/my_robot_bringup/share/my_robot_bringup/local_setup.bash
[0.088s] -- Up-to-date: /home/dung/ros_ws/install/my_robot_bringup/share/my_robot_bringup/local_setup.sh
[0.088s] -- Up-to-date: /home/dung/ros_ws/install/my_robot_bringup/share/my_robot_bringup/local_setup.zsh
[0.088s] -- Up-to-date: /home/dung/ros_ws/install/my_robot_bringup/share/my_robot_bringup/local_setup.dsv
[0.088s] -- Installing: /home/dung/ros_ws/install/my_robot_bringup/share/my_robot_bringup/package.dsv
[0.088s] -- Up-to-date: /home/dung/ros_ws/install/my_robot_bringup/share/ament_index/resource_index/packages/my_robot_bringup
[0.088s] -- Up-to-date: /home/dung/ros_ws/install/my_robot_bringup/share/my_robot_bringup/cmake/my_robot_bringupConfig.cmake
[0.088s] -- Up-to-date: /home/dung/ros_ws/install/my_robot_bringup/share/my_robot_bringup/cmake/my_robot_bringupConfig-version.cmake
[0.091s] -- Up-to-date: /home/dung/ros_ws/install/my_robot_bringup/share/my_robot_bringup/package.xml
[0.093s] Invoked command in '/home/dung/ros_ws/build/my_robot_bringup' returned '0': AMENT_PREFIX_PATH=/home/dung/ros_ws/install/my_robot_description CMAKE_PREFIX_PATH=/home/dung/ros_ws/install/my_robot_description /usr/bin/cmake --install /home/dung/ros_ws/build/my_robot_bringup
