[0.028s] Invoking command in '/home/dung/ros_ws/build/my_robot_description': CMAKE_PREFIX_PATH=${CMAKE_PREFIX_PATH}:/home/dung/ros_ws/install/keyboard_teleop:/opt/ros/humble /usr/bin/cmake /home/dung/ros_ws/src/my_robot_description -DAMENT_CMAKE_SYMLINK_INSTALL=1 -DCMAKE_INSTALL_PREFIX=/home/dung/ros_ws/install/my_robot_description
[0.134s] -- The C compiler identification is GNU 11.4.0
[0.225s] -- The CXX compiler identification is GNU 11.4.0
[0.234s] -- Detecting C compiler ABI info
[0.303s] -- Detecting C compiler ABI info - done
[0.312s] -- Check for working C compiler: /usr/bin/cc - skipped
[0.312s] -- Detecting C compile features
[0.312s] -- Detecting C compile features - done
[0.316s] -- Detecting CXX compiler ABI info
[0.398s] -- Detecting CXX compiler ABI info - done
[0.407s] -- Check for working CXX compiler: /usr/bin/c++ - skipped
[0.407s] -- Detecting CXX compile features
[0.409s] -- Detecting CXX compile features - done
[0.409s] -- Found ament_cmake: 1.3.12 (/opt/ros/humble/share/ament_cmake/cmake)
[0.603s] -- Found Python3: /usr/bin/python3 (found version "3.10.12") found components: Interpreter 
[0.684s] -- Override CMake install command with custom implementation using symlinks instead of copying resources
[0.765s] -- Configuring done
[0.765s] -- Generating done
[0.765s] -- Build files have been written to: /home/dung/ros_ws/build/my_robot_description
[0.768s] Invoked command in '/home/dung/ros_ws/build/my_robot_description' returned '0': CMAKE_PREFIX_PATH=${CMAKE_PREFIX_PATH}:/home/dung/ros_ws/install/keyboard_teleop:/opt/ros/humble /usr/bin/cmake /home/dung/ros_ws/src/my_robot_description -DAMENT_CMAKE_SYMLINK_INSTALL=1 -DCMAKE_INSTALL_PREFIX=/home/dung/ros_ws/install/my_robot_description
[0.771s] Invoking command in '/home/dung/ros_ws/build/my_robot_description': CMAKE_PREFIX_PATH=${CMAKE_PREFIX_PATH}:/home/dung/ros_ws/install/keyboard_teleop:/opt/ros/humble /usr/bin/cmake --build /home/dung/ros_ws/build/my_robot_description -- -j12 -l12
[0.867s] Invoked command in '/home/dung/ros_ws/build/my_robot_description' returned '0': CMAKE_PREFIX_PATH=${CMAKE_PREFIX_PATH}:/home/dung/ros_ws/install/keyboard_teleop:/opt/ros/humble /usr/bin/cmake --build /home/dung/ros_ws/build/my_robot_description -- -j12 -l12
[0.876s] Invoking command in '/home/dung/ros_ws/build/my_robot_description': CMAKE_PREFIX_PATH=${CMAKE_PREFIX_PATH}:/home/dung/ros_ws/install/keyboard_teleop:/opt/ros/humble /usr/bin/cmake --install /home/dung/ros_ws/build/my_robot_description
[1.024s] -- Install configuration: ""
[1.024s] -- Execute custom install script
[1.024s] -- Symlinking: /home/dung/ros_ws/install/my_robot_description/share/my_robot_description/urdf/common_property.xacro
[1.024s] -- Symlinking: /home/dung/ros_ws/install/my_robot_description/share/my_robot_description/urdf/lidar_config.xacro
[1.024s] -- Symlinking: /home/dung/ros_ws/install/my_robot_description/share/my_robot_description/urdf/mobile_base.xacro
[1.024s] -- Symlinking: /home/dung/ros_ws/install/my_robot_description/share/my_robot_description/urdf/mobile_base_gazebo.xacro
[1.025s] -- Symlinking: /home/dung/ros_ws/install/my_robot_description/share/my_robot_description/urdf/my_robot.urdf.xacro
[1.026s] -- Symlinking: /home/dung/ros_ws/install/my_robot_description/share/my_robot_description/urdf/myrobot_control.xacro
[1.026s] -- Symlinking: /home/dung/ros_ws/install/my_robot_description/share/my_robot_description/launch/display.launch.py
[1.026s] -- Symlinking: /home/dung/ros_ws/install/my_robot_description/share/my_robot_description/launch/display.launch.xml
[1.026s] -- Symlinking: /home/dung/ros_ws/install/my_robot_description/share/my_robot_description/launch/gazebo.launch.py
[1.026s] -- Symlinking: /home/dung/ros_ws/install/my_robot_description/share/my_robot_description/rviz/urdf_config.rviz
[1.026s] -- Symlinking: /home/dung/ros_ws/install/my_robot_description/share/my_robot_description/models/aws_robomaker_residential_AirconditionerA_01/materials/textures/aws_AirconditionerA_01.png
[1.026s] -- Symlinking: /home/dung/ros_ws/install/my_robot_description/share/my_robot_description/models/aws_robomaker_residential_AirconditionerA_01/meshes/aws_AirconditionerA_01_collision.DAE
[1.026s] -- Symlinking: /home/dung/ros_ws/install/my_robot_description/share/my_robot_description/models/aws_robomaker_residential_AirconditionerA_01/meshes/aws_AirconditionerA_01_visual.DAE
[1.027s] -- Symlinking: /home/dung/ros_ws/install/my_robot_description/share/my_robot_description/models/aws_robomaker_residential_AirconditionerA_01/meshes/aws__Air conditioner_01.DAE
[1.027s] -- Symlinking: /home/dung/ros_ws/install/my_robot_description/share/my_robot_description/models/aws_robomaker_residential_AirconditionerA_01/model.config
[1.028s] -- Symlinking: /home/dung/ros_ws/install/my_robot_description/share/my_robot_description/models/aws_robomaker_residential_AirconditionerA_01/model.sdf
[1.033s] -- Symlinking: /home/dung/ros_ws/install/my_robot_description/share/my_robot_description/models/aws_robomaker_residential_AirconditionerB_01/materials/textures/aws_AirconditionerB_01.png
[1.040s] -- Symlinking: /home/dung/ros_ws/install/my_robot_description/share/my_robot_description/models/aws_robomaker_residential_AirconditionerB_01/meshes/aws_AirconditionerB_01_collision.DAE
[1.048s] -- Symlinking: /home/dung/ros_ws/install/my_robot_description/share/my_robot_description/models/aws_robomaker_residential_AirconditionerB_01/meshes/aws_AirconditionerB_01_visual.DAE
[1.059s] -- Symlinking: /home/dung/ros_ws/install/my_robot_description/share/my_robot_description/models/aws_robomaker_residential_AirconditionerB_01/model.config
[1.068s] -- Symlinking: /home/dung/ros_ws/install/my_robot_description/share/my_robot_description/models/aws_robomaker_residential_AirconditionerB_01/model.sdf
[1.077s] -- Symlinking: /home/dung/ros_ws/install/my_robot_description/share/my_robot_description/models/aws_robomaker_residential_BalconyTable_01/materials/textures/aws_BalconyTable_01.png
[1.086s] -- Symlinking: /home/dung/ros_ws/install/my_robot_description/share/my_robot_description/models/aws_robomaker_residential_BalconyTable_01/meshes/aws_BalconyTable_01_collision.DAE
[1.097s] -- Symlinking: /home/dung/ros_ws/install/my_robot_description/share/my_robot_description/models/aws_robomaker_residential_BalconyTable_01/meshes/aws_BalconyTable_01_visual.DAE
[1.107s] -- Symlinking: /home/dung/ros_ws/install/my_robot_description/share/my_robot_description/models/aws_robomaker_residential_BalconyTable_01/model.config
[1.118s] -- Symlinking: /home/dung/ros_ws/install/my_robot_description/share/my_robot_description/models/aws_robomaker_residential_BalconyTable_01/model.sdf
[1.127s] -- Symlinking: /home/dung/ros_ws/install/my_robot_description/share/my_robot_description/models/aws_robomaker_residential_Ball_01/materials/textures/aws_Ball_01.png
[1.137s] -- Symlinking: /home/dung/ros_ws/install/my_robot_description/share/my_robot_description/models/aws_robomaker_residential_Ball_01/meshes/aws_Ball_01_collision.DAE
[1.145s] -- Symlinking: /home/dung/ros_ws/install/my_robot_description/share/my_robot_description/models/aws_robomaker_residential_Ball_01/meshes/aws_Ball_01_visual.DAE
[1.154s] -- Symlinking: /home/dung/ros_ws/install/my_robot_description/share/my_robot_description/models/aws_robomaker_residential_Ball_01/model.config
[1.161s] -- Symlinking: /home/dung/ros_ws/install/my_robot_description/share/my_robot_description/models/aws_robomaker_residential_Ball_01/model.sdf
[1.172s] -- Symlinking: /home/dung/ros_ws/install/my_robot_description/share/my_robot_description/models/aws_robomaker_residential_Bed_01/materials/textures/aws_BedA_01.png
[1.182s] -- Symlinking: /home/dung/ros_ws/install/my_robot_description/share/my_robot_description/models/aws_robomaker_residential_Bed_01/materials/textures/aws_BedB_01.png
[1.189s] -- Symlinking: /home/dung/ros_ws/install/my_robot_description/share/my_robot_description/models/aws_robomaker_residential_Bed_01/materials/textures/aws_BedC_01.png
[1.197s] -- Symlinking: /home/dung/ros_ws/install/my_robot_description/share/my_robot_description/models/aws_robomaker_residential_Bed_01/materials/textures/aws_Bed_01.png
[1.203s] -- Symlinking: /home/dung/ros_ws/install/my_robot_description/share/my_robot_description/models/aws_robomaker_residential_Bed_01/meshes/aws_Bed_01_collision.DAE
[1.210s] -- Symlinking: /home/dung/ros_ws/install/my_robot_description/share/my_robot_description/models/aws_robomaker_residential_Bed_01/meshes/aws_Bed_01_visual.DAE
[1.217s] -- Symlinking: /home/dung/ros_ws/install/my_robot_description/share/my_robot_description/models/aws_robomaker_residential_Bed_01/model.config
[1.223s] -- Symlinking: /home/dung/ros_ws/install/my_robot_description/share/my_robot_description/models/aws_robomaker_residential_Bed_01/model.sdf
[1.231s] -- Symlinking: /home/dung/ros_ws/install/my_robot_description/share/my_robot_description/models/aws_robomaker_residential_Board_01/materials/textures/aws_Board_01.png
[1.240s] -- Symlinking: /home/dung/ros_ws/install/my_robot_description/share/my_robot_description/models/aws_robomaker_residential_Board_01/meshes/aws_Board_01_collision.DAE
[1.245s] -- Symlinking: /home/dung/ros_ws/install/my_robot_description/share/my_robot_description/models/aws_robomaker_residential_Board_01/meshes/aws_Board_01_visual.DAE
[1.251s] -- Symlinking: /home/dung/ros_ws/install/my_robot_description/share/my_robot_description/models/aws_robomaker_residential_Board_01/model.config
[1.258s] -- Symlinking: /home/dung/ros_ws/install/my_robot_description/share/my_robot_description/models/aws_robomaker_residential_Board_01/model.sdf
[1.264s] -- Symlinking: /home/dung/ros_ws/install/my_robot_description/share/my_robot_description/models/aws_robomaker_residential_Carpet_01/materials/textures/aws_Carpet_01.png
[1.269s] -- Symlinking: /home/dung/ros_ws/install/my_robot_description/share/my_robot_description/models/aws_robomaker_residential_Carpet_01/meshes/aws_Carpet_01_collision.DAE
[1.276s] -- Symlinking: /home/dung/ros_ws/install/my_robot_description/share/my_robot_description/models/aws_robomaker_residential_Carpet_01/meshes/aws_Carpet_01_visual.DAE
[1.285s] -- Symlinking: /home/dung/ros_ws/install/my_robot_description/share/my_robot_description/models/aws_robomaker_residential_Carpet_01/model.config
[1.292s] -- Symlinking: /home/dung/ros_ws/install/my_robot_description/share/my_robot_description/models/aws_robomaker_residential_Carpet_01/model.sdf
[1.298s] -- Symlinking: /home/dung/ros_ws/install/my_robot_description/share/my_robot_description/models/aws_robomaker_residential_ChairA_01/materials/textures/aws_ChairA_01.png
[1.304s] -- Symlinking: /home/dung/ros_ws/install/my_robot_description/share/my_robot_description/models/aws_robomaker_residential_ChairA_01/meshes/aws_ChairA_01_collision.DAE
[1.310s] -- Symlinking: /home/dung/ros_ws/install/my_robot_description/share/my_robot_description/models/aws_robomaker_residential_ChairA_01/meshes/aws_ChairA_01_visual.DAE
[1.318s] -- Symlinking: /home/dung/ros_ws/install/my_robot_description/share/my_robot_description/models/aws_robomaker_residential_ChairA_01/model.config
[1.325s] -- Symlinking: /home/dung/ros_ws/install/my_robot_description/share/my_robot_description/models/aws_robomaker_residential_ChairA_01/model.sdf
[1.332s] -- Symlinking: /home/dung/ros_ws/install/my_robot_description/share/my_robot_description/models/aws_robomaker_residential_ChairD_01/materials/textures/aws_ChairD_01.png
[1.339s] -- Symlinking: /home/dung/ros_ws/install/my_robot_description/share/my_robot_description/models/aws_robomaker_residential_ChairD_01/meshes/aws_ChairD_01_collision.DAE
[1.347s] -- Symlinking: /home/dung/ros_ws/install/my_robot_description/share/my_robot_description/models/aws_robomaker_residential_ChairD_01/meshes/aws_ChairD_01_visual.DAE
[1.355s] -- Symlinking: /home/dung/ros_ws/install/my_robot_description/share/my_robot_description/models/aws_robomaker_residential_ChairD_01/model.config
[1.365s] -- Symlinking: /home/dung/ros_ws/install/my_robot_description/share/my_robot_description/models/aws_robomaker_residential_ChairD_01/model.sdf
[1.374s] -- Symlinking: /home/dung/ros_ws/install/my_robot_description/share/my_robot_description/models/aws_robomaker_residential_Chandelier_01/materials/textures/aws_Chandelier_01.png
[1.382s] -- Symlinking: /home/dung/ros_ws/install/my_robot_description/share/my_robot_description/models/aws_robomaker_residential_Chandelier_01/meshes/aws_Chandelier_01.DAE
[1.389s] -- Symlinking: /home/dung/ros_ws/install/my_robot_description/share/my_robot_description/models/aws_robomaker_residential_Chandelier_01/meshes/aws_Chandelier_01_collision.DAE
[1.399s] -- Symlinking: /home/dung/ros_ws/install/my_robot_description/share/my_robot_description/models/aws_robomaker_residential_Chandelier_01/meshes/aws_Chandelier_01_visual.DAE
[1.407s] -- Symlinking: /home/dung/ros_ws/install/my_robot_description/share/my_robot_description/models/aws_robomaker_residential_Chandelier_01/model.config
[1.419s] -- Symlinking: /home/dung/ros_ws/install/my_robot_description/share/my_robot_description/models/aws_robomaker_residential_Chandelier_01/model.sdf
[1.426s] -- Symlinking: /home/dung/ros_ws/install/my_robot_description/share/my_robot_description/models/aws_robomaker_residential_CoffeeTable_01/materials/textures/aws_CoffeeTable_01.png
[1.432s] -- Symlinking: /home/dung/ros_ws/install/my_robot_description/share/my_robot_description/models/aws_robomaker_residential_CoffeeTable_01/meshes/aws_CoffeeTable_01_collision.DAE
[1.440s] -- Symlinking: /home/dung/ros_ws/install/my_robot_description/share/my_robot_description/models/aws_robomaker_residential_CoffeeTable_01/meshes/aws_CoffeeTable_01_visual.DAE
[1.447s] -- Symlinking: /home/dung/ros_ws/install/my_robot_description/share/my_robot_description/models/aws_robomaker_residential_CoffeeTable_01/model.config
[1.453s] -- Symlinking: /home/dung/ros_ws/install/my_robot_description/share/my_robot_description/models/aws_robomaker_residential_CoffeeTable_01/model.sdf
[1.459s] -- Symlinking: /home/dung/ros_ws/install/my_robot_description/share/my_robot_description/models/aws_robomaker_residential_CookingBench_01/materials/textures/aws_CookingBench_01.png
[1.466s] -- Symlinking: /home/dung/ros_ws/install/my_robot_description/share/my_robot_description/models/aws_robomaker_residential_CookingBench_01/meshes/aws_CookingBench_01.DAE
[1.471s] -- Symlinking: /home/dung/ros_ws/install/my_robot_description/share/my_robot_description/models/aws_robomaker_residential_CookingBench_01/meshes/aws_CookingBench_01_collision.DAE
[1.478s] -- Symlinking: /home/dung/ros_ws/install/my_robot_description/share/my_robot_description/models/aws_robomaker_residential_CookingBench_01/meshes/aws_CookingBench_01_visual.DAE
[1.484s] -- Symlinking: /home/dung/ros_ws/install/my_robot_description/share/my_robot_description/models/aws_robomaker_residential_CookingBench_01/model.config
[1.491s] -- Symlinking: /home/dung/ros_ws/install/my_robot_description/share/my_robot_description/models/aws_robomaker_residential_CookingBench_01/model.sdf
[1.497s] -- Symlinking: /home/dung/ros_ws/install/my_robot_description/share/my_robot_description/models/aws_robomaker_residential_Curtain_01/materials/textures/aws_Curtain_01.png
[1.504s] -- Symlinking: /home/dung/ros_ws/install/my_robot_description/share/my_robot_description/models/aws_robomaker_residential_Curtain_01/meshes/aws_Curtain_01_collision.DAE
[1.511s] -- Symlinking: /home/dung/ros_ws/install/my_robot_description/share/my_robot_description/models/aws_robomaker_residential_Curtain_01/meshes/aws_Curtain_01_visual.DAE
[1.518s] -- Symlinking: /home/dung/ros_ws/install/my_robot_description/share/my_robot_description/models/aws_robomaker_residential_Curtain_01/model.config
[1.525s] -- Symlinking: /home/dung/ros_ws/install/my_robot_description/share/my_robot_description/models/aws_robomaker_residential_Curtain_01/model.sdf
[1.532s] -- Symlinking: /home/dung/ros_ws/install/my_robot_description/share/my_robot_description/models/aws_robomaker_residential_DeskPortraitA_01/materials/textures/aws_DeskPortraitA_01.png
[1.537s] -- Symlinking: /home/dung/ros_ws/install/my_robot_description/share/my_robot_description/models/aws_robomaker_residential_DeskPortraitA_01/materials/textures/aws_DeskPortraitA_02.png
[1.545s] -- Symlinking: /home/dung/ros_ws/install/my_robot_description/share/my_robot_description/models/aws_robomaker_residential_DeskPortraitA_01/meshes/aws_DeskPortraitA_01_collision.DAE
[1.552s] -- Symlinking: /home/dung/ros_ws/install/my_robot_description/share/my_robot_description/models/aws_robomaker_residential_DeskPortraitA_01/meshes/aws_DeskPortraitA_01_visual.DAE
[1.565s] -- Symlinking: /home/dung/ros_ws/install/my_robot_description/share/my_robot_description/models/aws_robomaker_residential_DeskPortraitA_01/model.config
[1.569s] -- Symlinking: /home/dung/ros_ws/install/my_robot_description/share/my_robot_description/models/aws_robomaker_residential_DeskPortraitA_01/model.sdf
[1.576s] -- Symlinking: /home/dung/ros_ws/install/my_robot_description/share/my_robot_description/models/aws_robomaker_residential_DeskPortraitA_02/materials/textures/aws_DeskPortraitA_01.png
[1.583s] -- Symlinking: /home/dung/ros_ws/install/my_robot_description/share/my_robot_description/models/aws_robomaker_residential_DeskPortraitA_02/materials/textures/aws_DeskPortraitA_02.png
[1.591s] -- Symlinking: /home/dung/ros_ws/install/my_robot_description/share/my_robot_description/models/aws_robomaker_residential_DeskPortraitA_02/meshes/aws_DeskPortraitA_01_collision.DAE
[1.599s] -- Symlinking: /home/dung/ros_ws/install/my_robot_description/share/my_robot_description/models/aws_robomaker_residential_DeskPortraitA_02/meshes/aws_DeskPortraitA_01_visual.DAE
[1.607s] -- Symlinking: /home/dung/ros_ws/install/my_robot_description/share/my_robot_description/models/aws_robomaker_residential_DeskPortraitA_02/model.config
[1.614s] -- Symlinking: /home/dung/ros_ws/install/my_robot_description/share/my_robot_description/models/aws_robomaker_residential_DeskPortraitA_02/model.sdf
[1.620s] -- Symlinking: /home/dung/ros_ws/install/my_robot_description/share/my_robot_description/models/aws_robomaker_residential_DeskPortraitB_01/materials/textures/aws_DeskPortraitB_01.png
[1.625s] -- Symlinking: /home/dung/ros_ws/install/my_robot_description/share/my_robot_description/models/aws_robomaker_residential_DeskPortraitB_01/materials/textures/aws_DeskPortraitB_02.png
[1.631s] -- Symlinking: /home/dung/ros_ws/install/my_robot_description/share/my_robot_description/models/aws_robomaker_residential_DeskPortraitB_01/meshes/aws_DeskPortraitB_01_collision.DAE
[1.640s] -- Symlinking: /home/dung/ros_ws/install/my_robot_description/share/my_robot_description/models/aws_robomaker_residential_DeskPortraitB_01/meshes/aws_DeskPortraitB_01_visual.DAE
[1.645s] -- Symlinking: /home/dung/ros_ws/install/my_robot_description/share/my_robot_description/models/aws_robomaker_residential_DeskPortraitB_01/model.config
[1.651s] -- Symlinking: /home/dung/ros_ws/install/my_robot_description/share/my_robot_description/models/aws_robomaker_residential_DeskPortraitB_01/model.sdf
[1.656s] -- Symlinking: /home/dung/ros_ws/install/my_robot_description/share/my_robot_description/models/aws_robomaker_residential_DeskPortraitB_02/materials/textures/aws_DeskPortraitB_01.png
[1.663s] -- Symlinking: /home/dung/ros_ws/install/my_robot_description/share/my_robot_description/models/aws_robomaker_residential_DeskPortraitB_02/materials/textures/aws_DeskPortraitB_02.png
[1.670s] -- Symlinking: /home/dung/ros_ws/install/my_robot_description/share/my_robot_description/models/aws_robomaker_residential_DeskPortraitB_02/meshes/aws_DeskPortraitB_01_collision.DAE
[1.676s] -- Symlinking: /home/dung/ros_ws/install/my_robot_description/share/my_robot_description/models/aws_robomaker_residential_DeskPortraitB_02/meshes/aws_DeskPortraitB_01_visual.DAE
[1.682s] -- Symlinking: /home/dung/ros_ws/install/my_robot_description/share/my_robot_description/models/aws_robomaker_residential_DeskPortraitB_02/model.config
[1.688s] -- Symlinking: /home/dung/ros_ws/install/my_robot_description/share/my_robot_description/models/aws_robomaker_residential_DeskPortraitB_02/model.sdf
[1.693s] -- Symlinking: /home/dung/ros_ws/install/my_robot_description/share/my_robot_description/models/aws_robomaker_residential_DeskPortraitC_01/materials/textures/aws_DeskPortraitC_01.png
[1.699s] -- Symlinking: /home/dung/ros_ws/install/my_robot_description/share/my_robot_description/models/aws_robomaker_residential_DeskPortraitC_01/materials/textures/aws_DeskPortraitC_02.png
[1.706s] -- Symlinking: /home/dung/ros_ws/install/my_robot_description/share/my_robot_description/models/aws_robomaker_residential_DeskPortraitC_01/meshes/aws_DeskPortraitC_01_collision.DAE
[1.713s] -- Symlinking: /home/dung/ros_ws/install/my_robot_description/share/my_robot_description/models/aws_robomaker_residential_DeskPortraitC_01/meshes/aws_DeskPortraitC_01_visual.DAE
[1.719s] -- Symlinking: /home/dung/ros_ws/install/my_robot_description/share/my_robot_description/models/aws_robomaker_residential_DeskPortraitC_01/model.config
[1.724s] -- Symlinking: /home/dung/ros_ws/install/my_robot_description/share/my_robot_description/models/aws_robomaker_residential_DeskPortraitC_01/model.sdf
[1.731s] -- Symlinking: /home/dung/ros_ws/install/my_robot_description/share/my_robot_description/models/aws_robomaker_residential_DeskPortraitC_02/materials/textures/aws_DeskPortraitC_01.png
[1.737s] -- Symlinking: /home/dung/ros_ws/install/my_robot_description/share/my_robot_description/models/aws_robomaker_residential_DeskPortraitC_02/materials/textures/aws_DeskPortraitC_02.png
[1.743s] -- Symlinking: /home/dung/ros_ws/install/my_robot_description/share/my_robot_description/models/aws_robomaker_residential_DeskPortraitC_02/meshes/aws_DeskPortraitC_01_collision.DAE
[1.749s] -- Symlinking: /home/dung/ros_ws/install/my_robot_description/share/my_robot_description/models/aws_robomaker_residential_DeskPortraitC_02/meshes/aws_DeskPortraitC_01_visual.DAE
[1.754s] -- Symlinking: /home/dung/ros_ws/install/my_robot_description/share/my_robot_description/models/aws_robomaker_residential_DeskPortraitC_02/model.config
[1.760s] -- Symlinking: /home/dung/ros_ws/install/my_robot_description/share/my_robot_description/models/aws_robomaker_residential_DeskPortraitC_02/model.sdf
[1.765s] -- Symlinking: /home/dung/ros_ws/install/my_robot_description/share/my_robot_description/models/aws_robomaker_residential_DeskPortraitD_01/materials/textures/aws_DeskPortraitD_01.png
[1.770s] -- Symlinking: /home/dung/ros_ws/install/my_robot_description/share/my_robot_description/models/aws_robomaker_residential_DeskPortraitD_01/materials/textures/aws_DeskPortraitD_02.png
[1.776s] -- Symlinking: /home/dung/ros_ws/install/my_robot_description/share/my_robot_description/models/aws_robomaker_residential_DeskPortraitD_01/meshes/aws_DeskPortraitD_01_collision.DAE
[1.785s] -- Symlinking: /home/dung/ros_ws/install/my_robot_description/share/my_robot_description/models/aws_robomaker_residential_DeskPortraitD_01/meshes/aws_DeskPortraitD_01_visual.DAE
[1.791s] -- Symlinking: /home/dung/ros_ws/install/my_robot_description/share/my_robot_description/models/aws_robomaker_residential_DeskPortraitD_01/model.config
[1.797s] -- Symlinking: /home/dung/ros_ws/install/my_robot_description/share/my_robot_description/models/aws_robomaker_residential_DeskPortraitD_01/model.sdf
[1.802s] -- Symlinking: /home/dung/ros_ws/install/my_robot_description/share/my_robot_description/models/aws_robomaker_residential_DeskPortraitD_02/materials/textures/aws_DeskPortraitD_01.png
[1.808s] -- Symlinking: /home/dung/ros_ws/install/my_robot_description/share/my_robot_description/models/aws_robomaker_residential_DeskPortraitD_02/materials/textures/aws_DeskPortraitD_02.png
[1.813s] -- Symlinking: /home/dung/ros_ws/install/my_robot_description/share/my_robot_description/models/aws_robomaker_residential_DeskPortraitD_02/meshes/aws_DeskPortraitD_01_collision.DAE
[1.820s] -- Symlinking: /home/dung/ros_ws/install/my_robot_description/share/my_robot_description/models/aws_robomaker_residential_DeskPortraitD_02/meshes/aws_DeskPortraitD_01_visual.DAE
[1.827s] -- Symlinking: /home/dung/ros_ws/install/my_robot_description/share/my_robot_description/models/aws_robomaker_residential_DeskPortraitD_02/model.config
[1.833s] -- Symlinking: /home/dung/ros_ws/install/my_robot_description/share/my_robot_description/models/aws_robomaker_residential_DeskPortraitD_02/model.sdf
[1.839s] -- Symlinking: /home/dung/ros_ws/install/my_robot_description/share/my_robot_description/models/aws_robomaker_residential_DeskPortraitD_03/materials/textures/aws_DeskPortraitD_01.png
[1.844s] -- Symlinking: /home/dung/ros_ws/install/my_robot_description/share/my_robot_description/models/aws_robomaker_residential_DeskPortraitD_03/materials/textures/aws_DeskPortraitD_02.png
[1.850s] -- Symlinking: /home/dung/ros_ws/install/my_robot_description/share/my_robot_description/models/aws_robomaker_residential_DeskPortraitD_03/meshes/aws_DeskPortraitD_01_collision.DAE
[1.856s] -- Symlinking: /home/dung/ros_ws/install/my_robot_description/share/my_robot_description/models/aws_robomaker_residential_DeskPortraitD_03/meshes/aws_DeskPortraitD_01_visual.DAE
[1.861s] -- Symlinking: /home/dung/ros_ws/install/my_robot_description/share/my_robot_description/models/aws_robomaker_residential_DeskPortraitD_03/model.config
[1.868s] -- Symlinking: /home/dung/ros_ws/install/my_robot_description/share/my_robot_description/models/aws_robomaker_residential_DeskPortraitD_03/model.sdf
[1.873s] -- Symlinking: /home/dung/ros_ws/install/my_robot_description/share/my_robot_description/models/aws_robomaker_residential_DeskPortraitD_04/materials/textures/aws_DeskPortraitD_01.png
[1.878s] -- Symlinking: /home/dung/ros_ws/install/my_robot_description/share/my_robot_description/models/aws_robomaker_residential_DeskPortraitD_04/materials/textures/aws_DeskPortraitD_02.png
[1.886s] -- Symlinking: /home/dung/ros_ws/install/my_robot_description/share/my_robot_description/models/aws_robomaker_residential_DeskPortraitD_04/meshes/aws_DeskPortraitD_01_collision.DAE
[1.893s] -- Symlinking: /home/dung/ros_ws/install/my_robot_description/share/my_robot_description/models/aws_robomaker_residential_DeskPortraitD_04/meshes/aws_DeskPortraitD_01_visual.DAE
[1.900s] -- Symlinking: /home/dung/ros_ws/install/my_robot_description/share/my_robot_description/models/aws_robomaker_residential_DeskPortraitD_04/model.config
[1.907s] -- Symlinking: /home/dung/ros_ws/install/my_robot_description/share/my_robot_description/models/aws_robomaker_residential_DeskPortraitD_04/model.sdf
[1.916s] -- Symlinking: /home/dung/ros_ws/install/my_robot_description/share/my_robot_description/models/aws_robomaker_residential_Door_01/materials/textures/aws_Door_01.png
[1.923s] -- Symlinking: /home/dung/ros_ws/install/my_robot_description/share/my_robot_description/models/aws_robomaker_residential_Door_01/meshes/aws_Door_01_collision.DAE
[1.931s] -- Symlinking: /home/dung/ros_ws/install/my_robot_description/share/my_robot_description/models/aws_robomaker_residential_Door_01/meshes/aws_Door_01_visual.DAE
[1.940s] -- Symlinking: /home/dung/ros_ws/install/my_robot_description/share/my_robot_description/models/aws_robomaker_residential_Door_01/model.config
[1.949s] -- Symlinking: /home/dung/ros_ws/install/my_robot_description/share/my_robot_description/models/aws_robomaker_residential_Door_01/model.sdf
[1.957s] -- Symlinking: /home/dung/ros_ws/install/my_robot_description/share/my_robot_description/models/aws_robomaker_residential_Dumbbell_01/materials/textures/aws_Dumbbell_01.png
[1.964s] -- Symlinking: /home/dung/ros_ws/install/my_robot_description/share/my_robot_description/models/aws_robomaker_residential_Dumbbell_01/meshes/aws_Dumbbell_01_collision.DAE
[1.972s] -- Symlinking: /home/dung/ros_ws/install/my_robot_description/share/my_robot_description/models/aws_robomaker_residential_Dumbbell_01/meshes/aws_Dumbbell_01_visual.DAE
[1.979s] -- Symlinking: /home/dung/ros_ws/install/my_robot_description/share/my_robot_description/models/aws_robomaker_residential_Dumbbell_01/model.config
[1.988s] -- Symlinking: /home/dung/ros_ws/install/my_robot_description/share/my_robot_description/models/aws_robomaker_residential_Dumbbell_01/model.sdf
[1.996s] -- Symlinking: /home/dung/ros_ws/install/my_robot_description/share/my_robot_description/models/aws_robomaker_residential_FitnessEquipment_01/materials/textures/aws_FitnessEquipment_01.png
[2.003s] -- Symlinking: /home/dung/ros_ws/install/my_robot_description/share/my_robot_description/models/aws_robomaker_residential_FitnessEquipment_01/meshes/aws_FitnessEquipment_01_collision.DAE
[2.010s] -- Symlinking: /home/dung/ros_ws/install/my_robot_description/share/my_robot_description/models/aws_robomaker_residential_FitnessEquipment_01/meshes/aws_FitnessEquipment_01_visual.DAE
[2.017s] -- Symlinking: /home/dung/ros_ws/install/my_robot_description/share/my_robot_description/models/aws_robomaker_residential_FitnessEquipment_01/model.config
[2.024s] -- Symlinking: /home/dung/ros_ws/install/my_robot_description/share/my_robot_description/models/aws_robomaker_residential_FitnessEquipment_01/model.sdf
[2.031s] -- Symlinking: /home/dung/ros_ws/install/my_robot_description/share/my_robot_description/models/aws_robomaker_residential_FloorB_01/materials/textures/aws_FloorB_01.png
[2.039s] -- Symlinking: /home/dung/ros_ws/install/my_robot_description/share/my_robot_description/models/aws_robomaker_residential_FloorB_01/meshes/aws_FloorB_01_collision.DAE
[2.047s] -- Symlinking: /home/dung/ros_ws/install/my_robot_description/share/my_robot_description/models/aws_robomaker_residential_FloorB_01/meshes/aws_FloorB_01_visual.DAE
[2.055s] -- Symlinking: /home/dung/ros_ws/install/my_robot_description/share/my_robot_description/models/aws_robomaker_residential_FloorB_01/model.config
[2.063s] -- Symlinking: /home/dung/ros_ws/install/my_robot_description/share/my_robot_description/models/aws_robomaker_residential_FloorB_01/model.sdf
[2.075s] -- Symlinking: /home/dung/ros_ws/install/my_robot_description/share/my_robot_description/models/aws_robomaker_residential_FoldingDoor_01/materials/textures/aws_FoldingDoor_01.png
[2.088s] -- Symlinking: /home/dung/ros_ws/install/my_robot_description/share/my_robot_description/models/aws_robomaker_residential_FoldingDoor_01/meshes/aws_FoldingDoor_01_collision.DAE
[2.106s] -- Symlinking: /home/dung/ros_ws/install/my_robot_description/share/my_robot_description/models/aws_robomaker_residential_FoldingDoor_01/meshes/aws_FoldingDoor_01_visual.DAE
[2.130s] -- Symlinking: /home/dung/ros_ws/install/my_robot_description/share/my_robot_description/models/aws_robomaker_residential_FoldingDoor_01/model.config
[2.142s] -- Symlinking: /home/dung/ros_ws/install/my_robot_description/share/my_robot_description/models/aws_robomaker_residential_FoldingDoor_01/model.sdf
[2.154s] -- Symlinking: /home/dung/ros_ws/install/my_robot_description/share/my_robot_description/models/aws_robomaker_residential_FoldingDoor_02/materials/textures/aws_FoldingDoor_02.png
[2.164s] -- Symlinking: /home/dung/ros_ws/install/my_robot_description/share/my_robot_description/models/aws_robomaker_residential_FoldingDoor_02/meshes/aws_FoldingDoor_02_collision.DAE
[2.174s] -- Symlinking: /home/dung/ros_ws/install/my_robot_description/share/my_robot_description/models/aws_robomaker_residential_FoldingDoor_02/meshes/aws_FoldingDoor_02_visual.DAE
[2.183s] -- Symlinking: /home/dung/ros_ws/install/my_robot_description/share/my_robot_description/models/aws_robomaker_residential_FoldingDoor_02/model.config
[2.192s] -- Symlinking: /home/dung/ros_ws/install/my_robot_description/share/my_robot_description/models/aws_robomaker_residential_FoldingDoor_02/model.sdf
[2.200s] -- Symlinking: /home/dung/ros_ws/install/my_robot_description/share/my_robot_description/models/aws_robomaker_residential_Handle_01/materials/textures/aws_Handle_01.png
[2.207s] -- Symlinking: /home/dung/ros_ws/install/my_robot_description/share/my_robot_description/models/aws_robomaker_residential_Handle_01/meshes/aws_ handle_01_collision.DAE
[2.213s] -- Symlinking: /home/dung/ros_ws/install/my_robot_description/share/my_robot_description/models/aws_robomaker_residential_Handle_01/meshes/aws_Handle_01_collision.DAE
[2.221s] -- Symlinking: /home/dung/ros_ws/install/my_robot_description/share/my_robot_description/models/aws_robomaker_residential_Handle_01/meshes/aws_Handle_01_visual.DAE
[2.229s] -- Symlinking: /home/dung/ros_ws/install/my_robot_description/share/my_robot_description/models/aws_robomaker_residential_Handle_01/model.config
[2.238s] -- Symlinking: /home/dung/ros_ws/install/my_robot_description/share/my_robot_description/models/aws_robomaker_residential_Handle_01/model.sdf
[2.248s] -- Symlinking: /home/dung/ros_ws/install/my_robot_description/share/my_robot_description/models/aws_robomaker_residential_HouseWallB_01/materials/textures/aws_HouseWallB_01.png
[2.255s] -- Symlinking: /home/dung/ros_ws/install/my_robot_description/share/my_robot_description/models/aws_robomaker_residential_HouseWallB_01/meshes/aws_HouseWallB_01_collision.DAE
[2.263s] -- Symlinking: /home/dung/ros_ws/install/my_robot_description/share/my_robot_description/models/aws_robomaker_residential_HouseWallB_01/meshes/aws_HouseWallB_01_visual.DAE
[2.269s] -- Symlinking: /home/dung/ros_ws/install/my_robot_description/share/my_robot_description/models/aws_robomaker_residential_HouseWallB_01/model.config
[2.275s] -- Symlinking: /home/dung/ros_ws/install/my_robot_description/share/my_robot_description/models/aws_robomaker_residential_HouseWallB_01/model.sdf
[2.282s] -- Symlinking: /home/dung/ros_ws/install/my_robot_description/share/my_robot_description/models/aws_robomaker_residential_KitchenCabinet_01/materials/textures/aws_KitchenCabinet_01.png
[2.290s] -- Symlinking: /home/dung/ros_ws/install/my_robot_description/share/my_robot_description/models/aws_robomaker_residential_KitchenCabinet_01/meshes/aws_KitchenCabinet_01_collision.DAE
[2.297s] -- Symlinking: /home/dung/ros_ws/install/my_robot_description/share/my_robot_description/models/aws_robomaker_residential_KitchenCabinet_01/meshes/aws_KitchenCabinet_01_visual.DAE
[2.305s] -- Symlinking: /home/dung/ros_ws/install/my_robot_description/share/my_robot_description/models/aws_robomaker_residential_KitchenCabinet_01/model.config
[2.314s] -- Symlinking: /home/dung/ros_ws/install/my_robot_description/share/my_robot_description/models/aws_robomaker_residential_KitchenCabinet_01/model.sdf
[2.323s] -- Symlinking: /home/dung/ros_ws/install/my_robot_description/share/my_robot_description/models/aws_robomaker_residential_KitchenTable_01/materials/textures/aws_KitchenTable_01.png
[2.333s] -- Symlinking: /home/dung/ros_ws/install/my_robot_description/share/my_robot_description/models/aws_robomaker_residential_KitchenTable_01/meshes/aws_KitchenTable_01_collision.DAE
[2.344s] -- Symlinking: /home/dung/ros_ws/install/my_robot_description/share/my_robot_description/models/aws_robomaker_residential_KitchenTable_01/meshes/aws_KitchenTable_01_visual.DAE
[2.354s] -- Symlinking: /home/dung/ros_ws/install/my_robot_description/share/my_robot_description/models/aws_robomaker_residential_KitchenTable_01/model.config
[2.363s] -- Symlinking: /home/dung/ros_ws/install/my_robot_description/share/my_robot_description/models/aws_robomaker_residential_KitchenTable_01/model.sdf
[2.372s] -- Symlinking: /home/dung/ros_ws/install/my_robot_description/share/my_robot_description/models/aws_robomaker_residential_KitchenUtensils_01/materials/textures/aws_KitchenUtensils_01.png
[2.384s] -- Symlinking: /home/dung/ros_ws/install/my_robot_description/share/my_robot_description/models/aws_robomaker_residential_KitchenUtensils_01/meshes/aws_KitchenUtensils_01_collision.DAE
[2.394s] -- Symlinking: /home/dung/ros_ws/install/my_robot_description/share/my_robot_description/models/aws_robomaker_residential_KitchenUtensils_01/meshes/aws_KitchenUtensils_01_visual.DAE
[2.403s] -- Symlinking: /home/dung/ros_ws/install/my_robot_description/share/my_robot_description/models/aws_robomaker_residential_KitchenUtensils_01/model.config
[2.414s] -- Symlinking: /home/dung/ros_ws/install/my_robot_description/share/my_robot_description/models/aws_robomaker_residential_KitchenUtensils_01/model.sdf
[2.425s] -- Symlinking: /home/dung/ros_ws/install/my_robot_description/share/my_robot_description/models/aws_robomaker_residential_LightC_01/materials/textures/aws_LightC_01.png
[2.431s] -- Symlinking: /home/dung/ros_ws/install/my_robot_description/share/my_robot_description/models/aws_robomaker_residential_LightC_01/meshes/aws_LightC_01_collision.DAE
[2.438s] -- Symlinking: /home/dung/ros_ws/install/my_robot_description/share/my_robot_description/models/aws_robomaker_residential_LightC_01/meshes/aws_LightC_01_visual.DAE
[2.445s] -- Symlinking: /home/dung/ros_ws/install/my_robot_description/share/my_robot_description/models/aws_robomaker_residential_LightC_01/model.config
[2.454s] -- Symlinking: /home/dung/ros_ws/install/my_robot_description/share/my_robot_description/models/aws_robomaker_residential_LightC_01/model.sdf
[2.465s] -- Symlinking: /home/dung/ros_ws/install/my_robot_description/share/my_robot_description/models/aws_robomaker_residential_NightStand_01/materials/textures/aws_NightStand_01.png
[2.476s] -- Symlinking: /home/dung/ros_ws/install/my_robot_description/share/my_robot_description/models/aws_robomaker_residential_NightStand_01/meshes/aws_NightStand_01_collision.DAE
[2.485s] -- Symlinking: /home/dung/ros_ws/install/my_robot_description/share/my_robot_description/models/aws_robomaker_residential_NightStand_01/meshes/aws_NightStand_01_visual.DAE
[2.494s] -- Symlinking: /home/dung/ros_ws/install/my_robot_description/share/my_robot_description/models/aws_robomaker_residential_NightStand_01/model.config
[2.503s] -- Symlinking: /home/dung/ros_ws/install/my_robot_description/share/my_robot_description/models/aws_robomaker_residential_NightStand_01/model.sdf
[2.514s] -- Symlinking: /home/dung/ros_ws/install/my_robot_description/share/my_robot_description/models/aws_robomaker_residential_Pillow_01/materials/textures/aws_Pillow_01.png
[2.526s] -- Symlinking: /home/dung/ros_ws/install/my_robot_description/share/my_robot_description/models/aws_robomaker_residential_Pillow_01/meshes/aws_Pillow_01_collision.DAE
[2.537s] -- Symlinking: /home/dung/ros_ws/install/my_robot_description/share/my_robot_description/models/aws_robomaker_residential_Pillow_01/meshes/aws_Pillow_01_visual.DAE
[2.551s] -- Symlinking: /home/dung/ros_ws/install/my_robot_description/share/my_robot_description/models/aws_robomaker_residential_Pillow_01/model.config
[2.565s] -- Symlinking: /home/dung/ros_ws/install/my_robot_description/share/my_robot_description/models/aws_robomaker_residential_Pillow_01/model.sdf
[2.580s] -- Symlinking: /home/dung/ros_ws/install/my_robot_description/share/my_robot_description/models/aws_robomaker_residential_PortraitA_01/materials/textures/aws_PortraitA_01.png
[2.594s] -- Symlinking: /home/dung/ros_ws/install/my_robot_description/share/my_robot_description/models/aws_robomaker_residential_PortraitA_01/materials/textures/aws_PortraitA_02.png
[2.605s] -- Symlinking: /home/dung/ros_ws/install/my_robot_description/share/my_robot_description/models/aws_robomaker_residential_PortraitA_01/meshes/aws_PortraitA_01_collision.DAE
[2.617s] -- Symlinking: /home/dung/ros_ws/install/my_robot_description/share/my_robot_description/models/aws_robomaker_residential_PortraitA_01/meshes/aws_PortraitA_01_visual.DAE
[2.629s] -- Symlinking: /home/dung/ros_ws/install/my_robot_description/share/my_robot_description/models/aws_robomaker_residential_PortraitA_01/model.config
[2.646s] -- Symlinking: /home/dung/ros_ws/install/my_robot_description/share/my_robot_description/models/aws_robomaker_residential_PortraitA_01/model.sdf
[2.653s] -- Symlinking: /home/dung/ros_ws/install/my_robot_description/share/my_robot_description/models/aws_robomaker_residential_PortraitA_02/materials/textures/aws_PortraitA_01.png
[2.664s] -- Symlinking: /home/dung/ros_ws/install/my_robot_description/share/my_robot_description/models/aws_robomaker_residential_PortraitA_02/materials/textures/aws_PortraitA_02.png
[2.674s] -- Symlinking: /home/dung/ros_ws/install/my_robot_description/share/my_robot_description/models/aws_robomaker_residential_PortraitA_02/meshes/aws_PortraitA_01_collision.DAE
[2.685s] -- Symlinking: /home/dung/ros_ws/install/my_robot_description/share/my_robot_description/models/aws_robomaker_residential_PortraitA_02/meshes/aws_PortraitA_01_visual.DAE
[2.695s] -- Symlinking: /home/dung/ros_ws/install/my_robot_description/share/my_robot_description/models/aws_robomaker_residential_PortraitA_02/model.config
[2.706s] -- Symlinking: /home/dung/ros_ws/install/my_robot_description/share/my_robot_description/models/aws_robomaker_residential_PortraitA_02/model.sdf
[2.713s] -- Symlinking: /home/dung/ros_ws/install/my_robot_description/share/my_robot_description/models/aws_robomaker_residential_PortraitB_01/materials/textures/aws_PortraitB_01.png
[2.721s] -- Symlinking: /home/dung/ros_ws/install/my_robot_description/share/my_robot_description/models/aws_robomaker_residential_PortraitB_01/materials/textures/aws_PortraitB_02.png
[2.728s] -- Symlinking: /home/dung/ros_ws/install/my_robot_description/share/my_robot_description/models/aws_robomaker_residential_PortraitB_01/meshes/aws_PortraitB_01_collision.DAE
[2.738s] -- Symlinking: /home/dung/ros_ws/install/my_robot_description/share/my_robot_description/models/aws_robomaker_residential_PortraitB_01/meshes/aws_PortraitB_01_visual.DAE
[2.746s] -- Symlinking: /home/dung/ros_ws/install/my_robot_description/share/my_robot_description/models/aws_robomaker_residential_PortraitB_01/model.config
[2.754s] -- Symlinking: /home/dung/ros_ws/install/my_robot_description/share/my_robot_description/models/aws_robomaker_residential_PortraitB_01/model.sdf
[2.762s] -- Symlinking: /home/dung/ros_ws/install/my_robot_description/share/my_robot_description/models/aws_robomaker_residential_PortraitB_02/materials/textures/aws_PortraitB_01.png
[2.770s] -- Symlinking: /home/dung/ros_ws/install/my_robot_description/share/my_robot_description/models/aws_robomaker_residential_PortraitB_02/materials/textures/aws_PortraitB_02.png
[2.778s] -- Symlinking: /home/dung/ros_ws/install/my_robot_description/share/my_robot_description/models/aws_robomaker_residential_PortraitB_02/meshes/aws_PortraitB_01_collision.DAE
[2.786s] -- Symlinking: /home/dung/ros_ws/install/my_robot_description/share/my_robot_description/models/aws_robomaker_residential_PortraitB_02/meshes/aws_PortraitB_01_visual.DAE
[2.794s] -- Symlinking: /home/dung/ros_ws/install/my_robot_description/share/my_robot_description/models/aws_robomaker_residential_PortraitB_02/model.config
[2.802s] -- Symlinking: /home/dung/ros_ws/install/my_robot_description/share/my_robot_description/models/aws_robomaker_residential_PortraitB_02/model.sdf
[2.810s] -- Symlinking: /home/dung/ros_ws/install/my_robot_description/share/my_robot_description/models/aws_robomaker_residential_PortraitB_03/materials/textures/aws_PortraitB_01.png
[2.818s] -- Symlinking: /home/dung/ros_ws/install/my_robot_description/share/my_robot_description/models/aws_robomaker_residential_PortraitB_03/materials/textures/aws_PortraitB_02.png
[2.826s] -- Symlinking: /home/dung/ros_ws/install/my_robot_description/share/my_robot_description/models/aws_robomaker_residential_PortraitB_03/meshes/aws_PortraitB_01_collision.DAE
[2.833s] -- Symlinking: /home/dung/ros_ws/install/my_robot_description/share/my_robot_description/models/aws_robomaker_residential_PortraitB_03/meshes/aws_PortraitB_01_visual.DAE
[2.840s] -- Symlinking: /home/dung/ros_ws/install/my_robot_description/share/my_robot_description/models/aws_robomaker_residential_PortraitB_03/model.config
[2.848s] -- Symlinking: /home/dung/ros_ws/install/my_robot_description/share/my_robot_description/models/aws_robomaker_residential_PortraitB_03/model.sdf
[2.858s] -- Symlinking: /home/dung/ros_ws/install/my_robot_description/share/my_robot_description/models/aws_robomaker_residential_PortraitC_01/materials/textures/aws_PortraitC_01.png
[2.867s] -- Symlinking: /home/dung/ros_ws/install/my_robot_description/share/my_robot_description/models/aws_robomaker_residential_PortraitC_01/materials/textures/aws_PortraitC_02.png
[2.877s] -- Symlinking: /home/dung/ros_ws/install/my_robot_description/share/my_robot_description/models/aws_robomaker_residential_PortraitC_01/meshes/aws_PortraitC_01_collision.DAE
[2.886s] -- Symlinking: /home/dung/ros_ws/install/my_robot_description/share/my_robot_description/models/aws_robomaker_residential_PortraitC_01/meshes/aws_PortraitC_01_visual.DAE
[2.894s] -- Symlinking: /home/dung/ros_ws/install/my_robot_description/share/my_robot_description/models/aws_robomaker_residential_PortraitC_01/model.config
[2.902s] -- Symlinking: /home/dung/ros_ws/install/my_robot_description/share/my_robot_description/models/aws_robomaker_residential_PortraitC_01/model.sdf
[2.910s] -- Symlinking: /home/dung/ros_ws/install/my_robot_description/share/my_robot_description/models/aws_robomaker_residential_PortraitD_01/materials/textures/aws_PortraitD_01.png
[2.920s] -- Symlinking: /home/dung/ros_ws/install/my_robot_description/share/my_robot_description/models/aws_robomaker_residential_PortraitD_01/materials/textures/aws_PortraitD_02.png
[2.931s] -- Symlinking: /home/dung/ros_ws/install/my_robot_description/share/my_robot_description/models/aws_robomaker_residential_PortraitD_01/meshes/aws_PortraitD_01_collision.DAE
[2.941s] -- Symlinking: /home/dung/ros_ws/install/my_robot_description/share/my_robot_description/models/aws_robomaker_residential_PortraitD_01/meshes/aws_PortraitD_01_visual.DAE
[2.953s] -- Symlinking: /home/dung/ros_ws/install/my_robot_description/share/my_robot_description/models/aws_robomaker_residential_PortraitD_01/model.config
[2.962s] -- Symlinking: /home/dung/ros_ws/install/my_robot_description/share/my_robot_description/models/aws_robomaker_residential_PortraitD_01/model.sdf
[2.970s] -- Symlinking: /home/dung/ros_ws/install/my_robot_description/share/my_robot_description/models/aws_robomaker_residential_PortraitD_02/materials/textures/aws_PortraitD_01.png
[2.977s] -- Symlinking: /home/dung/ros_ws/install/my_robot_description/share/my_robot_description/models/aws_robomaker_residential_PortraitD_02/materials/textures/aws_PortraitD_02.png
[2.983s] -- Symlinking: /home/dung/ros_ws/install/my_robot_description/share/my_robot_description/models/aws_robomaker_residential_PortraitD_02/meshes/aws_PortraitD_01_collision.DAE
[2.989s] -- Symlinking: /home/dung/ros_ws/install/my_robot_description/share/my_robot_description/models/aws_robomaker_residential_PortraitD_02/meshes/aws_PortraitD_01_visual.DAE
[2.995s] -- Symlinking: /home/dung/ros_ws/install/my_robot_description/share/my_robot_description/models/aws_robomaker_residential_PortraitD_02/model.config
[3.001s] -- Symlinking: /home/dung/ros_ws/install/my_robot_description/share/my_robot_description/models/aws_robomaker_residential_PortraitD_02/model.sdf
[3.007s] -- Symlinking: /home/dung/ros_ws/install/my_robot_description/share/my_robot_description/models/aws_robomaker_residential_PortraitE_01/materials/textures/aws_PortraitE_01.png
[3.014s] -- Symlinking: /home/dung/ros_ws/install/my_robot_description/share/my_robot_description/models/aws_robomaker_residential_PortraitE_01/materials/textures/aws_PortraitE_02.png
[3.020s] -- Symlinking: /home/dung/ros_ws/install/my_robot_description/share/my_robot_description/models/aws_robomaker_residential_PortraitE_01/meshes/aws_PortraitE_01_collision.DAE
[3.026s] -- Symlinking: /home/dung/ros_ws/install/my_robot_description/share/my_robot_description/models/aws_robomaker_residential_PortraitE_01/meshes/aws_PortraitE_01_visual.DAE
[3.033s] -- Symlinking: /home/dung/ros_ws/install/my_robot_description/share/my_robot_description/models/aws_robomaker_residential_PortraitE_01/model.config
[3.039s] -- Symlinking: /home/dung/ros_ws/install/my_robot_description/share/my_robot_description/models/aws_robomaker_residential_PortraitE_01/model.sdf
[3.045s] -- Symlinking: /home/dung/ros_ws/install/my_robot_description/share/my_robot_description/models/aws_robomaker_residential_PortraitE_02/materials/textures/aws_PortraitE_01.png
[3.052s] -- Symlinking: /home/dung/ros_ws/install/my_robot_description/share/my_robot_description/models/aws_robomaker_residential_PortraitE_02/materials/textures/aws_PortraitE_02.png
[3.058s] -- Symlinking: /home/dung/ros_ws/install/my_robot_description/share/my_robot_description/models/aws_robomaker_residential_PortraitE_02/meshes/aws_PortraitE_01_collision.DAE
[3.064s] -- Symlinking: /home/dung/ros_ws/install/my_robot_description/share/my_robot_description/models/aws_robomaker_residential_PortraitE_02/meshes/aws_PortraitE_01_visual.DAE
[3.071s] -- Symlinking: /home/dung/ros_ws/install/my_robot_description/share/my_robot_description/models/aws_robomaker_residential_PortraitE_02/model.config
[3.078s] -- Symlinking: /home/dung/ros_ws/install/my_robot_description/share/my_robot_description/models/aws_robomaker_residential_PortraitE_02/model.sdf
[3.084s] -- Symlinking: /home/dung/ros_ws/install/my_robot_description/share/my_robot_description/models/aws_robomaker_residential_Quilt_01/materials/textures/aws_Quilt_01.png
[3.090s] -- Symlinking: /home/dung/ros_ws/install/my_robot_description/share/my_robot_description/models/aws_robomaker_residential_Quilt_01/meshes/aws_Quilt_01_collision.DAE
[3.096s] -- Symlinking: /home/dung/ros_ws/install/my_robot_description/share/my_robot_description/models/aws_robomaker_residential_Quilt_01/meshes/aws_Quilt_01_visual.DAE
[3.103s] -- Symlinking: /home/dung/ros_ws/install/my_robot_description/share/my_robot_description/models/aws_robomaker_residential_Quilt_01/model.config
[3.109s] -- Symlinking: /home/dung/ros_ws/install/my_robot_description/share/my_robot_description/models/aws_robomaker_residential_Quilt_01/model.sdf
[3.116s] -- Symlinking: /home/dung/ros_ws/install/my_robot_description/share/my_robot_description/models/aws_robomaker_residential_Rangehood_01/materials/textures/aws_Rangehood_01.png
[3.122s] -- Symlinking: /home/dung/ros_ws/install/my_robot_description/share/my_robot_description/models/aws_robomaker_residential_Rangehood_01/meshes/aws_Rangehood_01_collision.DAE
[3.127s] -- Symlinking: /home/dung/ros_ws/install/my_robot_description/share/my_robot_description/models/aws_robomaker_residential_Rangehood_01/meshes/aws_Rangehood_01_visual.DAE
[3.134s] -- Symlinking: /home/dung/ros_ws/install/my_robot_description/share/my_robot_description/models/aws_robomaker_residential_Rangehood_01/model.config
[3.140s] -- Symlinking: /home/dung/ros_ws/install/my_robot_description/share/my_robot_description/models/aws_robomaker_residential_Rangehood_01/model.sdf
[3.146s] -- Symlinking: /home/dung/ros_ws/install/my_robot_description/share/my_robot_description/models/aws_robomaker_residential_ReadingDesk_01/materials/textures/aws_ReadingDesk_01.png
[3.153s] -- Symlinking: /home/dung/ros_ws/install/my_robot_description/share/my_robot_description/models/aws_robomaker_residential_ReadingDesk_01/meshes/aws_ReadingDesk_01_collision.DAE
[3.159s] -- Symlinking: /home/dung/ros_ws/install/my_robot_description/share/my_robot_description/models/aws_robomaker_residential_ReadingDesk_01/meshes/aws_ReadingDesk_01_visual.DAE
[3.165s] -- Symlinking: /home/dung/ros_ws/install/my_robot_description/share/my_robot_description/models/aws_robomaker_residential_ReadingDesk_01/model.config
[3.171s] -- Symlinking: /home/dung/ros_ws/install/my_robot_description/share/my_robot_description/models/aws_robomaker_residential_ReadingDesk_01/model.sdf
[3.177s] -- Symlinking: /home/dung/ros_ws/install/my_robot_description/share/my_robot_description/models/aws_robomaker_residential_Refrigerator_01/materials/textures/aws_Refrigerator_01.png
[3.183s] -- Symlinking: /home/dung/ros_ws/install/my_robot_description/share/my_robot_description/models/aws_robomaker_residential_Refrigerator_01/materials/textures/aws_Refrigerator_02.png
[3.189s] -- Symlinking: /home/dung/ros_ws/install/my_robot_description/share/my_robot_description/models/aws_robomaker_residential_Refrigerator_01/meshes/aws_Refrigerator_01.DAE
[3.195s] -- Symlinking: /home/dung/ros_ws/install/my_robot_description/share/my_robot_description/models/aws_robomaker_residential_Refrigerator_01/meshes/aws_Refrigerator_01_collision.DAE
[3.201s] -- Symlinking: /home/dung/ros_ws/install/my_robot_description/share/my_robot_description/models/aws_robomaker_residential_Refrigerator_01/meshes/aws_Refrigerator_01_visual.DAE
[3.207s] -- Symlinking: /home/dung/ros_ws/install/my_robot_description/share/my_robot_description/models/aws_robomaker_residential_Refrigerator_01/model.config
[3.213s] -- Symlinking: /home/dung/ros_ws/install/my_robot_description/share/my_robot_description/models/aws_robomaker_residential_Refrigerator_01/model.sdf
[3.220s] -- Symlinking: /home/dung/ros_ws/install/my_robot_description/share/my_robot_description/models/aws_robomaker_residential_RoomCeiling_01/materials/textures/aws_RoomCeiling_01.png
[3.225s] -- Symlinking: /home/dung/ros_ws/install/my_robot_description/share/my_robot_description/models/aws_robomaker_residential_RoomCeiling_01/meshes/aws_RoomCeiling_01_collision.DAE
[3.231s] -- Symlinking: /home/dung/ros_ws/install/my_robot_description/share/my_robot_description/models/aws_robomaker_residential_RoomCeiling_01/meshes/aws_RoomCeiling_01_visual.DAE
[3.237s] -- Symlinking: /home/dung/ros_ws/install/my_robot_description/share/my_robot_description/models/aws_robomaker_residential_RoomCeiling_01/model.config
[3.244s] -- Symlinking: /home/dung/ros_ws/install/my_robot_description/share/my_robot_description/models/aws_robomaker_residential_RoomCeiling_01/model.sdf
[3.251s] -- Symlinking: /home/dung/ros_ws/install/my_robot_description/share/my_robot_description/models/aws_robomaker_residential_RoomWall_01/materials/textures/aws_RoomWall_01.png
[3.259s] -- Symlinking: /home/dung/ros_ws/install/my_robot_description/share/my_robot_description/models/aws_robomaker_residential_RoomWall_01/meshes/aws_RoomWall_01_collision.DAE
[3.266s] -- Symlinking: /home/dung/ros_ws/install/my_robot_description/share/my_robot_description/models/aws_robomaker_residential_RoomWall_01/meshes/aws_RoomWall_01_visual.DAE
[3.272s] -- Symlinking: /home/dung/ros_ws/install/my_robot_description/share/my_robot_description/models/aws_robomaker_residential_RoomWall_01/model.config
[3.278s] -- Symlinking: /home/dung/ros_ws/install/my_robot_description/share/my_robot_description/models/aws_robomaker_residential_RoomWall_01/model.sdf
[3.284s] -- Symlinking: /home/dung/ros_ws/install/my_robot_description/share/my_robot_description/models/aws_robomaker_residential_RoomWindow_01/materials/textures/aws_RoomWindow_01.png
[3.290s] -- Symlinking: /home/dung/ros_ws/install/my_robot_description/share/my_robot_description/models/aws_robomaker_residential_RoomWindow_01/meshes/aws_RoomWindow_01_collision.DAE
[3.295s] -- Symlinking: /home/dung/ros_ws/install/my_robot_description/share/my_robot_description/models/aws_robomaker_residential_RoomWindow_01/meshes/aws_RoomWindow_01_visual.DAE
[3.302s] -- Symlinking: /home/dung/ros_ws/install/my_robot_description/share/my_robot_description/models/aws_robomaker_residential_RoomWindow_01/model.config
[3.307s] -- Symlinking: /home/dung/ros_ws/install/my_robot_description/share/my_robot_description/models/aws_robomaker_residential_RoomWindow_01/model.sdf
[3.314s] -- Symlinking: /home/dung/ros_ws/install/my_robot_description/share/my_robot_description/models/aws_robomaker_residential_SeasoningBox_01/materials/textures/aws_SeasoningBox_01.png
[3.321s] -- Symlinking: /home/dung/ros_ws/install/my_robot_description/share/my_robot_description/models/aws_robomaker_residential_SeasoningBox_01/meshes/aws_SeasoningBox_01_collision.DAE
[3.327s] -- Symlinking: /home/dung/ros_ws/install/my_robot_description/share/my_robot_description/models/aws_robomaker_residential_SeasoningBox_01/meshes/aws_SeasoningBox_01_visual.DAE
[3.334s] -- Symlinking: /home/dung/ros_ws/install/my_robot_description/share/my_robot_description/models/aws_robomaker_residential_SeasoningBox_01/model.config
[3.340s] -- Symlinking: /home/dung/ros_ws/install/my_robot_description/share/my_robot_description/models/aws_robomaker_residential_SeasoningBox_01/model.sdf
[3.346s] -- Symlinking: /home/dung/ros_ws/install/my_robot_description/share/my_robot_description/models/aws_robomaker_residential_SecurityCamera_01/materials/textures/aws_SecurityCamera_01.png
[3.353s] -- Symlinking: /home/dung/ros_ws/install/my_robot_description/share/my_robot_description/models/aws_robomaker_residential_SecurityCamera_01/meshes/aws_SecurityCamera_01_collision.DAE
[3.359s] -- Symlinking: /home/dung/ros_ws/install/my_robot_description/share/my_robot_description/models/aws_robomaker_residential_SecurityCamera_01/meshes/aws_SecurityCamera_01_visual.DAE
[3.366s] -- Symlinking: /home/dung/ros_ws/install/my_robot_description/share/my_robot_description/models/aws_robomaker_residential_SecurityCamera_01/model.config
[3.372s] -- Symlinking: /home/dung/ros_ws/install/my_robot_description/share/my_robot_description/models/aws_robomaker_residential_SecurityCamera_01/model.sdf
[3.378s] -- Symlinking: /home/dung/ros_ws/install/my_robot_description/share/my_robot_description/models/aws_robomaker_residential_ShoeRack_01/materials/textures/aws_ShoeRack_01.png
[3.385s] -- Symlinking: /home/dung/ros_ws/install/my_robot_description/share/my_robot_description/models/aws_robomaker_residential_ShoeRack_01/meshes/aws_ShoeRack_01_collision.DAE
[3.391s] -- Symlinking: /home/dung/ros_ws/install/my_robot_description/share/my_robot_description/models/aws_robomaker_residential_ShoeRack_01/meshes/aws_ShoeRack_01_visual.DAE
[3.397s] -- Symlinking: /home/dung/ros_ws/install/my_robot_description/share/my_robot_description/models/aws_robomaker_residential_ShoeRack_01/model.config
[3.403s] -- Symlinking: /home/dung/ros_ws/install/my_robot_description/share/my_robot_description/models/aws_robomaker_residential_ShoeRack_01/model.sdf
[3.410s] -- Symlinking: /home/dung/ros_ws/install/my_robot_description/share/my_robot_description/models/aws_robomaker_residential_SofaB_01/materials/textures/aws_SofaB_01.png
[3.418s] -- Symlinking: /home/dung/ros_ws/install/my_robot_description/share/my_robot_description/models/aws_robomaker_residential_SofaB_01/meshes/aws_SofaB_01_collision.DAE
[3.427s] -- Symlinking: /home/dung/ros_ws/install/my_robot_description/share/my_robot_description/models/aws_robomaker_residential_SofaB_01/meshes/aws_SofaB_01_visual.DAE
[3.436s] -- Symlinking: /home/dung/ros_ws/install/my_robot_description/share/my_robot_description/models/aws_robomaker_residential_SofaB_01/model.config
[3.444s] -- Symlinking: /home/dung/ros_ws/install/my_robot_description/share/my_robot_description/models/aws_robomaker_residential_SofaB_01/model.sdf
[3.454s] -- Symlinking: /home/dung/ros_ws/install/my_robot_description/share/my_robot_description/models/aws_robomaker_residential_SofaC_01/materials/textures/aws_SofaC_01.png
[3.463s] -- Symlinking: /home/dung/ros_ws/install/my_robot_description/share/my_robot_description/models/aws_robomaker_residential_SofaC_01/meshes/aws_SofaC_01_collision.DAE
[3.474s] -- Symlinking: /home/dung/ros_ws/install/my_robot_description/share/my_robot_description/models/aws_robomaker_residential_SofaC_01/meshes/aws_SofaC_01_visual.DAE
[3.484s] -- Symlinking: /home/dung/ros_ws/install/my_robot_description/share/my_robot_description/models/aws_robomaker_residential_SofaC_01/model.config
[3.492s] -- Symlinking: /home/dung/ros_ws/install/my_robot_description/share/my_robot_description/models/aws_robomaker_residential_SofaC_01/model.sdf
[3.502s] -- Symlinking: /home/dung/ros_ws/install/my_robot_description/share/my_robot_description/models/aws_robomaker_residential_Sofa_01/materials/textures/aws_Sofa_01.png
[3.510s] -- Symlinking: /home/dung/ros_ws/install/my_robot_description/share/my_robot_description/models/aws_robomaker_residential_Sofa_01/meshes/aws_Sofa_01.DAE
[3.517s] -- Symlinking: /home/dung/ros_ws/install/my_robot_description/share/my_robot_description/models/aws_robomaker_residential_Sofa_01/meshes/aws_Sofa_01_collision.DAE
[3.523s] -- Symlinking: /home/dung/ros_ws/install/my_robot_description/share/my_robot_description/models/aws_robomaker_residential_Sofa_01/meshes/aws_Sofa_01_visual.DAE
[3.530s] -- Symlinking: /home/dung/ros_ws/install/my_robot_description/share/my_robot_description/models/aws_robomaker_residential_Sofa_01/model.config
[3.537s] -- Symlinking: /home/dung/ros_ws/install/my_robot_description/share/my_robot_description/models/aws_robomaker_residential_Sofa_01/model.sdf
[3.543s] -- Symlinking: /home/dung/ros_ws/install/my_robot_description/share/my_robot_description/models/aws_robomaker_residential_TVCabinet_01/materials/textures/aws_TVCabinet_01.png
[3.549s] -- Symlinking: /home/dung/ros_ws/install/my_robot_description/share/my_robot_description/models/aws_robomaker_residential_TVCabinet_01/meshes/aws_TVCabinet_01_collision.DAE
[3.556s] -- Symlinking: /home/dung/ros_ws/install/my_robot_description/share/my_robot_description/models/aws_robomaker_residential_TVCabinet_01/meshes/aws_TVCabinet_01_visual.DAE
[3.562s] -- Symlinking: /home/dung/ros_ws/install/my_robot_description/share/my_robot_description/models/aws_robomaker_residential_TVCabinet_01/model.config
[3.568s] -- Symlinking: /home/dung/ros_ws/install/my_robot_description/share/my_robot_description/models/aws_robomaker_residential_TVCabinet_01/model.sdf
[3.575s] -- Symlinking: /home/dung/ros_ws/install/my_robot_description/share/my_robot_description/models/aws_robomaker_residential_TV_01/materials/textures/aws_TV_01.png
[3.581s] -- Symlinking: /home/dung/ros_ws/install/my_robot_description/share/my_robot_description/models/aws_robomaker_residential_TV_01/meshes/aws_TV_01_collision.DAE
[3.587s] -- Symlinking: /home/dung/ros_ws/install/my_robot_description/share/my_robot_description/models/aws_robomaker_residential_TV_01/meshes/aws_TV_01_visual.DAE
[3.593s] -- Symlinking: /home/dung/ros_ws/install/my_robot_description/share/my_robot_description/models/aws_robomaker_residential_TV_01/model.config
[3.599s] -- Symlinking: /home/dung/ros_ws/install/my_robot_description/share/my_robot_description/models/aws_robomaker_residential_TV_01/model.sdf
[3.605s] -- Symlinking: /home/dung/ros_ws/install/my_robot_description/share/my_robot_description/models/aws_robomaker_residential_TV_02/materials/textures/aws_TV_01.png
[3.612s] -- Symlinking: /home/dung/ros_ws/install/my_robot_description/share/my_robot_description/models/aws_robomaker_residential_TV_02/meshes/aws_TV_01_collision.DAE
[3.618s] -- Symlinking: /home/dung/ros_ws/install/my_robot_description/share/my_robot_description/models/aws_robomaker_residential_TV_02/meshes/aws_TV_01_visual.DAE
[3.624s] -- Symlinking: /home/dung/ros_ws/install/my_robot_description/share/my_robot_description/models/aws_robomaker_residential_TV_02/model.config
[3.631s] -- Symlinking: /home/dung/ros_ws/install/my_robot_description/share/my_robot_description/models/aws_robomaker_residential_TV_02/model.sdf
[3.638s] -- Symlinking: /home/dung/ros_ws/install/my_robot_description/share/my_robot_description/models/aws_robomaker_residential_Tablet_01/materials/textures/aws_Tablet_01_nologo.png
[3.644s] -- Symlinking: /home/dung/ros_ws/install/my_robot_description/share/my_robot_description/models/aws_robomaker_residential_Tablet_01/meshes/aws_Tablet_01_collision.DAE
[3.650s] -- Symlinking: /home/dung/ros_ws/install/my_robot_description/share/my_robot_description/models/aws_robomaker_residential_Tablet_01/meshes/aws_Tablet_01_visual.DAE
[3.657s] -- Symlinking: /home/dung/ros_ws/install/my_robot_description/share/my_robot_description/models/aws_robomaker_residential_Tablet_01/model.config
[3.663s] -- Symlinking: /home/dung/ros_ws/install/my_robot_description/share/my_robot_description/models/aws_robomaker_residential_Tablet_01/model.sdf
[3.669s] -- Symlinking: /home/dung/ros_ws/install/my_robot_description/share/my_robot_description/models/aws_robomaker_residential_Tableware_01/materials/textures/aws_Tableware_01.png
[3.676s] -- Symlinking: /home/dung/ros_ws/install/my_robot_description/share/my_robot_description/models/aws_robomaker_residential_Tableware_01/meshes/aws_Tableware_01_collision.DAE
[3.682s] -- Symlinking: /home/dung/ros_ws/install/my_robot_description/share/my_robot_description/models/aws_robomaker_residential_Tableware_01/meshes/aws_Tableware_01_visual.DAE
[3.688s] -- Symlinking: /home/dung/ros_ws/install/my_robot_description/share/my_robot_description/models/aws_robomaker_residential_Tableware_01/model.config
[3.695s] -- Symlinking: /home/dung/ros_ws/install/my_robot_description/share/my_robot_description/models/aws_robomaker_residential_Tableware_01/model.sdf
[3.701s] -- Symlinking: /home/dung/ros_ws/install/my_robot_description/share/my_robot_description/models/aws_robomaker_residential_Trash_01/materials/textures/aws_Trash_01.png
[3.707s] -- Symlinking: /home/dung/ros_ws/install/my_robot_description/share/my_robot_description/models/aws_robomaker_residential_Trash_01/meshes/aws_Trash_01_collision.DAE
[3.714s] -- Symlinking: /home/dung/ros_ws/install/my_robot_description/share/my_robot_description/models/aws_robomaker_residential_Trash_01/meshes/aws_Trash_01_visual.DAE
[3.720s] -- Symlinking: /home/dung/ros_ws/install/my_robot_description/share/my_robot_description/models/aws_robomaker_residential_Trash_01/model.config
[3.726s] -- Symlinking: /home/dung/ros_ws/install/my_robot_description/share/my_robot_description/models/aws_robomaker_residential_Trash_01/model.sdf
[3.733s] -- Symlinking: /home/dung/ros_ws/install/my_robot_description/share/my_robot_description/models/aws_robomaker_residential_Vase_01/materials/textures/aws_Vase_01.png
[3.740s] -- Symlinking: /home/dung/ros_ws/install/my_robot_description/share/my_robot_description/models/aws_robomaker_residential_Vase_01/meshes/aws_Vase_01_collision.DAE
[3.746s] -- Symlinking: /home/dung/ros_ws/install/my_robot_description/share/my_robot_description/models/aws_robomaker_residential_Vase_01/meshes/aws_Vase_01_visual.DAE
[3.752s] -- Symlinking: /home/dung/ros_ws/install/my_robot_description/share/my_robot_description/models/aws_robomaker_residential_Vase_01/model.config
[3.759s] -- Symlinking: /home/dung/ros_ws/install/my_robot_description/share/my_robot_description/models/aws_robomaker_residential_Vase_01/model.sdf
[3.765s] -- Symlinking: /home/dung/ros_ws/install/my_robot_description/share/my_robot_description/models/aws_robomaker_residential_Wardrobe_01/materials/textures/aws_Wardrobe_01.png
[3.772s] -- Symlinking: /home/dung/ros_ws/install/my_robot_description/share/my_robot_description/models/aws_robomaker_residential_Wardrobe_01/meshes/aws_Wardrobe_01_collision.DAE
[3.779s] -- Symlinking: /home/dung/ros_ws/install/my_robot_description/share/my_robot_description/models/aws_robomaker_residential_Wardrobe_01/meshes/aws_Wardrobe_01_visual.DAE
[3.785s] -- Symlinking: /home/dung/ros_ws/install/my_robot_description/share/my_robot_description/models/aws_robomaker_residential_Wardrobe_01/model.config
[3.791s] -- Symlinking: /home/dung/ros_ws/install/my_robot_description/share/my_robot_description/models/aws_robomaker_residential_Wardrobe_01/model.sdf
[3.798s] -- Symlinking: /home/dung/ros_ws/install/my_robot_description/share/my_robot_description/models/aws_robomaker_warehouse_Bucket_01/.DS_Store
[3.804s] -- Symlinking: /home/dung/ros_ws/install/my_robot_description/share/my_robot_description/models/aws_robomaker_warehouse_Bucket_01/materials/.DS_Store
[3.811s] -- Symlinking: /home/dung/ros_ws/install/my_robot_description/share/my_robot_description/models/aws_robomaker_warehouse_Bucket_01/materials/textures/aws_robomaker_warehouse_Bucket_01.png
[3.817s] -- Symlinking: /home/dung/ros_ws/install/my_robot_description/share/my_robot_description/models/aws_robomaker_warehouse_Bucket_01/meshes/aws_robomaker_warehouse_Bucket_01_collision.DAE
[3.824s] -- Symlinking: /home/dung/ros_ws/install/my_robot_description/share/my_robot_description/models/aws_robomaker_warehouse_Bucket_01/meshes/aws_robomaker_warehouse_Bucket_01_visual.DAE
[3.831s] -- Symlinking: /home/dung/ros_ws/install/my_robot_description/share/my_robot_description/models/aws_robomaker_warehouse_Bucket_01/model.config
[3.838s] -- Symlinking: /home/dung/ros_ws/install/my_robot_description/share/my_robot_description/models/aws_robomaker_warehouse_Bucket_01/model.sdf
[3.845s] -- Symlinking: /home/dung/ros_ws/install/my_robot_description/share/my_robot_description/models/aws_robomaker_warehouse_ClutteringA_01/.DS_Store
[3.851s] -- Symlinking: /home/dung/ros_ws/install/my_robot_description/share/my_robot_description/models/aws_robomaker_warehouse_ClutteringA_01/materials/.DS_Store
[3.858s] -- Symlinking: /home/dung/ros_ws/install/my_robot_description/share/my_robot_description/models/aws_robomaker_warehouse_ClutteringA_01/materials/textures/.DS_Store
[3.865s] -- Symlinking: /home/dung/ros_ws/install/my_robot_description/share/my_robot_description/models/aws_robomaker_warehouse_ClutteringA_01/materials/textures/aws_robomaker_warehouse_ClutteringA_01.png
[3.872s] -- Symlinking: /home/dung/ros_ws/install/my_robot_description/share/my_robot_description/models/aws_robomaker_warehouse_ClutteringA_01/materials/textures/aws_robomaker_warehouse_ClutteringA_02.png
[3.879s] -- Symlinking: /home/dung/ros_ws/install/my_robot_description/share/my_robot_description/models/aws_robomaker_warehouse_ClutteringA_01/materials/textures/aws_robomaker_warehouse_ClutteringA_03.png
[3.885s] -- Symlinking: /home/dung/ros_ws/install/my_robot_description/share/my_robot_description/models/aws_robomaker_warehouse_ClutteringA_01/meshes/aws_robomaker_warehouse_ClutteringA_01_collision.DAE
[3.892s] -- Symlinking: /home/dung/ros_ws/install/my_robot_description/share/my_robot_description/models/aws_robomaker_warehouse_ClutteringA_01/meshes/aws_robomaker_warehouse_ClutteringA_01_visual.DAE
[3.899s] -- Symlinking: /home/dung/ros_ws/install/my_robot_description/share/my_robot_description/models/aws_robomaker_warehouse_ClutteringA_01/model.config
[3.907s] -- Symlinking: /home/dung/ros_ws/install/my_robot_description/share/my_robot_description/models/aws_robomaker_warehouse_ClutteringA_01/model.sdf
[3.914s] -- Symlinking: /home/dung/ros_ws/install/my_robot_description/share/my_robot_description/models/aws_robomaker_warehouse_ClutteringC_01/materials/textures/aws_robomaker_warehouse_ClutteringC_01.png
[3.921s] -- Symlinking: /home/dung/ros_ws/install/my_robot_description/share/my_robot_description/models/aws_robomaker_warehouse_ClutteringC_01/materials/textures/aws_robomaker_warehouse_ClutteringC_02.png
[3.928s] -- Symlinking: /home/dung/ros_ws/install/my_robot_description/share/my_robot_description/models/aws_robomaker_warehouse_ClutteringC_01/meshes/aws_robomaker_warehouse_ClutteringC_01_collision.DAE
[3.935s] -- Symlinking: /home/dung/ros_ws/install/my_robot_description/share/my_robot_description/models/aws_robomaker_warehouse_ClutteringC_01/meshes/aws_robomaker_warehouse_ClutteringC_01_visual.DAE
[3.942s] -- Symlinking: /home/dung/ros_ws/install/my_robot_description/share/my_robot_description/models/aws_robomaker_warehouse_ClutteringC_01/model.config
[3.948s] -- Symlinking: /home/dung/ros_ws/install/my_robot_description/share/my_robot_description/models/aws_robomaker_warehouse_ClutteringC_01/model.sdf
[3.956s] -- Symlinking: /home/dung/ros_ws/install/my_robot_description/share/my_robot_description/models/aws_robomaker_warehouse_ClutteringD_01/materials/textures/aws_robomaker_warehouse_ClutteringD_01.png
[3.962s] -- Symlinking: /home/dung/ros_ws/install/my_robot_description/share/my_robot_description/models/aws_robomaker_warehouse_ClutteringD_01/materials/textures/aws_robomaker_warehouse_ClutteringD_02.png
[3.969s] -- Symlinking: /home/dung/ros_ws/install/my_robot_description/share/my_robot_description/models/aws_robomaker_warehouse_ClutteringD_01/meshes/aws_robomaker_warehouse_ClutteringD_01_collision.DAE
[3.975s] -- Symlinking: /home/dung/ros_ws/install/my_robot_description/share/my_robot_description/models/aws_robomaker_warehouse_ClutteringD_01/meshes/aws_robomaker_warehouse_ClutteringD_01_visual.DAE
[3.982s] -- Symlinking: /home/dung/ros_ws/install/my_robot_description/share/my_robot_description/models/aws_robomaker_warehouse_ClutteringD_01/model.config
[3.988s] -- Symlinking: /home/dung/ros_ws/install/my_robot_description/share/my_robot_description/models/aws_robomaker_warehouse_ClutteringD_01/model.sdf
[3.995s] -- Symlinking: /home/dung/ros_ws/install/my_robot_description/share/my_robot_description/models/aws_robomaker_warehouse_DeskC_01/materials/.DS_Store
[4.002s] -- Symlinking: /home/dung/ros_ws/install/my_robot_description/share/my_robot_description/models/aws_robomaker_warehouse_DeskC_01/materials/textures/aws_robomaker_warehouse_DeskC_01.png
[4.009s] -- Symlinking: /home/dung/ros_ws/install/my_robot_description/share/my_robot_description/models/aws_robomaker_warehouse_DeskC_01/materials/textures/aws_robomaker_warehouse_DeskC_02.png
[4.016s] -- Symlinking: /home/dung/ros_ws/install/my_robot_description/share/my_robot_description/models/aws_robomaker_warehouse_DeskC_01/materials/textures/aws_robomaker_warehouse_DeskC_03.png
[4.022s] -- Symlinking: /home/dung/ros_ws/install/my_robot_description/share/my_robot_description/models/aws_robomaker_warehouse_DeskC_01/materials/textures/aws_robomaker_warehouse_DeskC_03.psd
[4.029s] -- Symlinking: /home/dung/ros_ws/install/my_robot_description/share/my_robot_description/models/aws_robomaker_warehouse_DeskC_01/materials/textures/aws_robomaker_warehouse_DeskC_04.png
[4.035s] -- Symlinking: /home/dung/ros_ws/install/my_robot_description/share/my_robot_description/models/aws_robomaker_warehouse_DeskC_01/meshes/aws_robomaker_warehouse_DeskC_01_collision.DAE
[4.042s] -- Symlinking: /home/dung/ros_ws/install/my_robot_description/share/my_robot_description/models/aws_robomaker_warehouse_DeskC_01/meshes/aws_robomaker_warehouse_DeskC_01_visual.DAE
[4.048s] -- Symlinking: /home/dung/ros_ws/install/my_robot_description/share/my_robot_description/models/aws_robomaker_warehouse_DeskC_01/model.config
[4.055s] -- Symlinking: /home/dung/ros_ws/install/my_robot_description/share/my_robot_description/models/aws_robomaker_warehouse_DeskC_01/model.sdf
[4.061s] -- Symlinking: /home/dung/ros_ws/install/my_robot_description/share/my_robot_description/models/aws_robomaker_warehouse_GroundB_01/materials/textures/aws_robomaker_warehouse_GroundB_01.png
[4.067s] -- Symlinking: /home/dung/ros_ws/install/my_robot_description/share/my_robot_description/models/aws_robomaker_warehouse_GroundB_01/materials/textures/aws_robomaker_warehouse_GroundB_02.png
[4.075s] -- Symlinking: /home/dung/ros_ws/install/my_robot_description/share/my_robot_description/models/aws_robomaker_warehouse_GroundB_01/meshes/aws_robomaker_warehouse_GroundB_01_collision.DAE
[4.082s] -- Symlinking: /home/dung/ros_ws/install/my_robot_description/share/my_robot_description/models/aws_robomaker_warehouse_GroundB_01/meshes/aws_robomaker_warehouse_GroundB_01_visual.DAE
[4.089s] -- Symlinking: /home/dung/ros_ws/install/my_robot_description/share/my_robot_description/models/aws_robomaker_warehouse_GroundB_01/model.config
[4.095s] -- Symlinking: /home/dung/ros_ws/install/my_robot_description/share/my_robot_description/models/aws_robomaker_warehouse_GroundB_01/model.sdf
[4.101s] -- Symlinking: /home/dung/ros_ws/install/my_robot_description/share/my_robot_description/models/aws_robomaker_warehouse_Lamp_01/materials/textures/aws_robomaker_warehouse_Lamp_01.png
[4.107s] -- Symlinking: /home/dung/ros_ws/install/my_robot_description/share/my_robot_description/models/aws_robomaker_warehouse_Lamp_01/meshes/aws_robomaker_warehouse_Lamp_01_collision.DAE
[4.112s] -- Symlinking: /home/dung/ros_ws/install/my_robot_description/share/my_robot_description/models/aws_robomaker_warehouse_Lamp_01/meshes/aws_robomaker_warehouse_Lamp_01_visual.DAE
[4.118s] -- Symlinking: /home/dung/ros_ws/install/my_robot_description/share/my_robot_description/models/aws_robomaker_warehouse_Lamp_01/model.config
[4.124s] -- Symlinking: /home/dung/ros_ws/install/my_robot_description/share/my_robot_description/models/aws_robomaker_warehouse_Lamp_01/model.sdf
[4.130s] -- Symlinking: /home/dung/ros_ws/install/my_robot_description/share/my_robot_description/models/aws_robomaker_warehouse_PalletJackB_01/.DS_Store
[4.137s] -- Symlinking: /home/dung/ros_ws/install/my_robot_description/share/my_robot_description/models/aws_robomaker_warehouse_PalletJackB_01/materials/.DS_Store
[4.143s] -- Symlinking: /home/dung/ros_ws/install/my_robot_description/share/my_robot_description/models/aws_robomaker_warehouse_PalletJackB_01/materials/textures/aws_robomaker_warehouse_PalletJackB_01.png
[4.149s] -- Symlinking: /home/dung/ros_ws/install/my_robot_description/share/my_robot_description/models/aws_robomaker_warehouse_PalletJackB_01/materials/textures/aws_robomaker_warehouse_PalletJackB_02.png
[4.154s] -- Symlinking: /home/dung/ros_ws/install/my_robot_description/share/my_robot_description/models/aws_robomaker_warehouse_PalletJackB_01/meshes/aws_robomaker_warehouse_PalletJackB_01_collision.DAE
[4.160s] -- Symlinking: /home/dung/ros_ws/install/my_robot_description/share/my_robot_description/models/aws_robomaker_warehouse_PalletJackB_01/meshes/aws_robomaker_warehouse_PalletJackB_01_visual.DAE
[4.166s] -- Symlinking: /home/dung/ros_ws/install/my_robot_description/share/my_robot_description/models/aws_robomaker_warehouse_PalletJackB_01/model.config
[4.172s] -- Symlinking: /home/dung/ros_ws/install/my_robot_description/share/my_robot_description/models/aws_robomaker_warehouse_PalletJackB_01/model.sdf
[4.179s] -- Symlinking: /home/dung/ros_ws/install/my_robot_description/share/my_robot_description/models/aws_robomaker_warehouse_RoofB_01/materials/textures/aws_robomaker_warehouse_RoofB_01.png
[4.185s] -- Symlinking: /home/dung/ros_ws/install/my_robot_description/share/my_robot_description/models/aws_robomaker_warehouse_RoofB_01/meshes/aws_robomaker_warehouse_RoofB_01_collision.DAE
[4.191s] -- Symlinking: /home/dung/ros_ws/install/my_robot_description/share/my_robot_description/models/aws_robomaker_warehouse_RoofB_01/meshes/aws_robomaker_warehouse_RoofB_01_visual.DAE
[4.198s] -- Symlinking: /home/dung/ros_ws/install/my_robot_description/share/my_robot_description/models/aws_robomaker_warehouse_RoofB_01/model.config
[4.205s] -- Symlinking: /home/dung/ros_ws/install/my_robot_description/share/my_robot_description/models/aws_robomaker_warehouse_RoofB_01/model.sdf
[4.212s] -- Symlinking: /home/dung/ros_ws/install/my_robot_description/share/my_robot_description/models/aws_robomaker_warehouse_ShelfD_01/materials/textures/aws_robomaker_warehouse_ShelfD_01.png
[4.219s] -- Symlinking: /home/dung/ros_ws/install/my_robot_description/share/my_robot_description/models/aws_robomaker_warehouse_ShelfD_01/materials/textures/aws_robomaker_warehouse_ShelfD_02.png
[4.225s] -- Symlinking: /home/dung/ros_ws/install/my_robot_description/share/my_robot_description/models/aws_robomaker_warehouse_ShelfD_01/materials/textures/aws_robomaker_warehouse_ShelfD_03.png
[4.231s] -- Symlinking: /home/dung/ros_ws/install/my_robot_description/share/my_robot_description/models/aws_robomaker_warehouse_ShelfD_01/materials/textures/aws_robomaker_warehouse_ShelfD_04.png
[4.239s] -- Symlinking: /home/dung/ros_ws/install/my_robot_description/share/my_robot_description/models/aws_robomaker_warehouse_ShelfD_01/meshes/aws_robomaker_warehouse_ShelfD_01_collision.DAE
[4.248s] -- Symlinking: /home/dung/ros_ws/install/my_robot_description/share/my_robot_description/models/aws_robomaker_warehouse_ShelfD_01/meshes/aws_robomaker_warehouse_ShelfD_01_visual.DAE
[4.257s] -- Symlinking: /home/dung/ros_ws/install/my_robot_description/share/my_robot_description/models/aws_robomaker_warehouse_ShelfD_01/model.config
[4.263s] -- Symlinking: /home/dung/ros_ws/install/my_robot_description/share/my_robot_description/models/aws_robomaker_warehouse_ShelfD_01/model.sdf
[4.272s] -- Symlinking: /home/dung/ros_ws/install/my_robot_description/share/my_robot_description/models/aws_robomaker_warehouse_ShelfE_01/.DS_Store
[4.278s] -- Symlinking: /home/dung/ros_ws/install/my_robot_description/share/my_robot_description/models/aws_robomaker_warehouse_ShelfE_01/materials/.DS_Store
[4.285s] -- Symlinking: /home/dung/ros_ws/install/my_robot_description/share/my_robot_description/models/aws_robomaker_warehouse_ShelfE_01/materials/textures/aws_robomaker_warehouse_ShelfE_01.png
[4.291s] -- Symlinking: /home/dung/ros_ws/install/my_robot_description/share/my_robot_description/models/aws_robomaker_warehouse_ShelfE_01/materials/textures/aws_robomaker_warehouse_ShelfE_02.png
[4.297s] -- Symlinking: /home/dung/ros_ws/install/my_robot_description/share/my_robot_description/models/aws_robomaker_warehouse_ShelfE_01/materials/textures/aws_robomaker_warehouse_ShelfE_03.png
[4.304s] -- Symlinking: /home/dung/ros_ws/install/my_robot_description/share/my_robot_description/models/aws_robomaker_warehouse_ShelfE_01/materials/textures/aws_robomaker_warehouse_ShelfE_04.png
[4.310s] -- Symlinking: /home/dung/ros_ws/install/my_robot_description/share/my_robot_description/models/aws_robomaker_warehouse_ShelfE_01/meshes/aws_robomaker_warehouse_ShelfE_01_collision.DAE
[4.316s] -- Symlinking: /home/dung/ros_ws/install/my_robot_description/share/my_robot_description/models/aws_robomaker_warehouse_ShelfE_01/meshes/aws_robomaker_warehouse_ShelfE_01_visual.DAE
[4.322s] -- Symlinking: /home/dung/ros_ws/install/my_robot_description/share/my_robot_description/models/aws_robomaker_warehouse_ShelfE_01/model.config
[4.328s] -- Symlinking: /home/dung/ros_ws/install/my_robot_description/share/my_robot_description/models/aws_robomaker_warehouse_ShelfE_01/model.sdf
[4.334s] -- Symlinking: /home/dung/ros_ws/install/my_robot_description/share/my_robot_description/models/aws_robomaker_warehouse_ShelfF_01/materials/textures/aws_robomaker_warehouse_ShelfF_01.png
[4.341s] -- Symlinking: /home/dung/ros_ws/install/my_robot_description/share/my_robot_description/models/aws_robomaker_warehouse_ShelfF_01/materials/textures/aws_robomaker_warehouse_ShelfF_02.png
[4.348s] -- Symlinking: /home/dung/ros_ws/install/my_robot_description/share/my_robot_description/models/aws_robomaker_warehouse_ShelfF_01/materials/textures/aws_robomaker_warehouse_ShelfF_03.png
[4.354s] -- Symlinking: /home/dung/ros_ws/install/my_robot_description/share/my_robot_description/models/aws_robomaker_warehouse_ShelfF_01/meshes/aws_robomaker_warehouse_ShelfF_01_collision.DAE
[4.360s] -- Symlinking: /home/dung/ros_ws/install/my_robot_description/share/my_robot_description/models/aws_robomaker_warehouse_ShelfF_01/meshes/aws_robomaker_warehouse_ShelfF_01_visual.DAE
[4.366s] -- Symlinking: /home/dung/ros_ws/install/my_robot_description/share/my_robot_description/models/aws_robomaker_warehouse_ShelfF_01/model.config
[4.372s] -- Symlinking: /home/dung/ros_ws/install/my_robot_description/share/my_robot_description/models/aws_robomaker_warehouse_ShelfF_01/model.sdf
[4.378s] -- Symlinking: /home/dung/ros_ws/install/my_robot_description/share/my_robot_description/models/aws_robomaker_warehouse_TrashCanC_01/materials/textures/aws_robomaker_warehouse_TrashCanC_01.png
[4.384s] -- Symlinking: /home/dung/ros_ws/install/my_robot_description/share/my_robot_description/models/aws_robomaker_warehouse_TrashCanC_01/meshes/aws_robomaker_warehouse_TrashCanC_01_collision.DAE
[4.389s] -- Symlinking: /home/dung/ros_ws/install/my_robot_description/share/my_robot_description/models/aws_robomaker_warehouse_TrashCanC_01/meshes/aws_robomaker_warehouse_TrashCanC_01_visual.DAE
[4.395s] -- Symlinking: /home/dung/ros_ws/install/my_robot_description/share/my_robot_description/models/aws_robomaker_warehouse_TrashCanC_01/model.config
[4.402s] -- Symlinking: /home/dung/ros_ws/install/my_robot_description/share/my_robot_description/models/aws_robomaker_warehouse_TrashCanC_01/model.sdf
[4.409s] -- Symlinking: /home/dung/ros_ws/install/my_robot_description/share/my_robot_description/models/aws_robomaker_warehouse_WallB_01/materials/textures/aws_robomaker_warehouse_WallB_01.png
[4.416s] -- Symlinking: /home/dung/ros_ws/install/my_robot_description/share/my_robot_description/models/aws_robomaker_warehouse_WallB_01/meshes/aws_robomaker_warehouse_WallB_01_collision.DAE
[4.423s] -- Symlinking: /home/dung/ros_ws/install/my_robot_description/share/my_robot_description/models/aws_robomaker_warehouse_WallB_01/meshes/aws_robomaker_warehouse_WallB_01_visual.DAE
[4.430s] -- Symlinking: /home/dung/ros_ws/install/my_robot_description/share/my_robot_description/models/aws_robomaker_warehouse_WallB_01/model.config
[4.437s] -- Symlinking: /home/dung/ros_ws/install/my_robot_description/share/my_robot_description/models/aws_robomaker_warehouse_WallB_01/model.sdf
[4.444s] -- Symlinking: /home/dung/ros_ws/install/my_robot_description/share/my_robot_description/worlds/empty.world
[4.452s] -- Symlinking: /home/dung/ros_ws/install/my_robot_description/share/my_robot_description/worlds/small_house.world
[4.460s] -- Symlinking: /home/dung/ros_ws/install/my_robot_description/share/my_robot_description/worlds/small_warehouse.world
[4.468s] -- Symlinking: /home/dung/ros_ws/install/my_robot_description/share/my_robot_description/photos/DeskPortraitA_01.jpg
[4.475s] -- Symlinking: /home/dung/ros_ws/install/my_robot_description/share/my_robot_description/photos/DeskPortraitA_02.jpg
[4.482s] -- Symlinking: /home/dung/ros_ws/install/my_robot_description/share/my_robot_description/photos/DeskPortraitB_01.jpg
[4.488s] -- Symlinking: /home/dung/ros_ws/install/my_robot_description/share/my_robot_description/photos/DeskPortraitB_02.jpg
[4.495s] -- Symlinking: /home/dung/ros_ws/install/my_robot_description/share/my_robot_description/photos/DeskPortraitC_01.jpg
[4.502s] -- Symlinking: /home/dung/ros_ws/install/my_robot_description/share/my_robot_description/photos/DeskPortraitC_02.jpg
[4.508s] -- Symlinking: /home/dung/ros_ws/install/my_robot_description/share/my_robot_description/photos/DeskPortraitD_01.jpg
[4.515s] -- Symlinking: /home/dung/ros_ws/install/my_robot_description/share/my_robot_description/photos/DeskPortraitD_02.jpg
[4.521s] -- Symlinking: /home/dung/ros_ws/install/my_robot_description/share/my_robot_description/photos/DeskPortraitD_03.jpg
[4.528s] -- Symlinking: /home/dung/ros_ws/install/my_robot_description/share/my_robot_description/photos/DeskPortraitD_04.jpg
[4.535s] -- Symlinking: /home/dung/ros_ws/install/my_robot_description/share/my_robot_description/photos/PortraitA_01.jpg
[4.541s] -- Symlinking: /home/dung/ros_ws/install/my_robot_description/share/my_robot_description/photos/PortraitA_02.jpg
[4.548s] -- Symlinking: /home/dung/ros_ws/install/my_robot_description/share/my_robot_description/photos/PortraitB_01.jpg
[4.555s] -- Symlinking: /home/dung/ros_ws/install/my_robot_description/share/my_robot_description/photos/PortraitB_02.jpg
[4.561s] -- Symlinking: /home/dung/ros_ws/install/my_robot_description/share/my_robot_description/photos/PortraitB_03.jpg
[4.568s] -- Symlinking: /home/dung/ros_ws/install/my_robot_description/share/my_robot_description/photos/PortraitC_01.jpg
[4.577s] -- Symlinking: /home/dung/ros_ws/install/my_robot_description/share/my_robot_description/photos/PortraitD_01.jpg
[4.585s] -- Symlinking: /home/dung/ros_ws/install/my_robot_description/share/my_robot_description/photos/PortraitD_02.jpg
[4.592s] -- Symlinking: /home/dung/ros_ws/install/my_robot_description/share/my_robot_description/photos/PortraitE_01.jpg
[4.599s] -- Symlinking: /home/dung/ros_ws/install/my_robot_description/share/my_robot_description/photos/PortraitE_02.jpg
[4.605s] -- Symlinking: /home/dung/ros_ws/install/my_robot_description/share/my_robot_description/meshes/RP-lidar-A1.STL
[4.612s] -- Symlinking: /home/dung/ros_ws/install/my_robot_description/share/my_robot_description/meshes/banhdahuongsau.STL
[4.619s] -- Symlinking: /home/dung/ros_ws/install/my_robot_description/share/my_robot_description/meshes/banhdahuongtruoc.STL
[4.626s] -- Symlinking: /home/dung/ros_ws/install/my_robot_description/share/my_robot_description/meshes/banhphai.STL
[4.633s] -- Symlinking: /home/dung/ros_ws/install/my_robot_description/share/my_robot_description/meshes/banhtrai.STL
[4.640s] -- Symlinking: /home/dung/ros_ws/install/my_robot_description/share/my_robot_description/meshes/than.STL
[4.647s] -- Symlinking: /home/dung/ros_ws/install/my_robot_description/share/ament_index/resource_index/package_run_dependencies/my_robot_description
[4.654s] -- Symlinking: /home/dung/ros_ws/install/my_robot_description/share/ament_index/resource_index/parent_prefix_path/my_robot_description
[4.660s] -- Symlinking: /home/dung/ros_ws/install/my_robot_description/share/my_robot_description/environment/ament_prefix_path.sh
[4.667s] -- Symlinking: /home/dung/ros_ws/install/my_robot_description/share/my_robot_description/environment/ament_prefix_path.dsv
[4.674s] -- Symlinking: /home/dung/ros_ws/install/my_robot_description/share/my_robot_description/environment/path.sh
[4.681s] -- Symlinking: /home/dung/ros_ws/install/my_robot_description/share/my_robot_description/environment/path.dsv
[4.687s] -- Symlinking: /home/dung/ros_ws/install/my_robot_description/share/my_robot_description/local_setup.bash
[4.693s] -- Symlinking: /home/dung/ros_ws/install/my_robot_description/share/my_robot_description/local_setup.sh
[4.700s] -- Symlinking: /home/dung/ros_ws/install/my_robot_description/share/my_robot_description/local_setup.zsh
[4.706s] -- Symlinking: /home/dung/ros_ws/install/my_robot_description/share/my_robot_description/local_setup.dsv
[4.712s] -- Symlinking: /home/dung/ros_ws/install/my_robot_description/share/my_robot_description/package.dsv
[4.719s] -- Symlinking: /home/dung/ros_ws/install/my_robot_description/share/ament_index/resource_index/packages/my_robot_description
[4.725s] -- Symlinking: /home/dung/ros_ws/install/my_robot_description/share/my_robot_description/cmake/my_robot_descriptionConfig.cmake
[4.731s] -- Symlinking: /home/dung/ros_ws/install/my_robot_description/share/my_robot_description/cmake/my_robot_descriptionConfig-version.cmake
[4.737s] -- Symlinking: /home/dung/ros_ws/install/my_robot_description/share/my_robot_description/package.xml
[4.745s] Invoked command in '/home/dung/ros_ws/build/my_robot_description' returned '0': CMAKE_PREFIX_PATH=${CMAKE_PREFIX_PATH}:/home/dung/ros_ws/install/keyboard_teleop:/opt/ros/humble /usr/bin/cmake --install /home/dung/ros_ws/build/my_robot_description
