[0.036s] Invoking command in '/home/dung/ros_ws/build/my_robot_mapping': CMAKE_PREFIX_PATH=${CMAKE_PREFIX_PATH}:/home/dung/ros_ws/install/keyboard_teleop:/opt/ros/humble /usr/bin/cmake --build /home/dung/ros_ws/build/my_robot_mapping -- -j12 -l12
[0.130s] Invoked command in '/home/dung/ros_ws/build/my_robot_mapping' returned '0': CMAKE_PREFIX_PATH=${CMAKE_PREFIX_PATH}:/home/dung/ros_ws/install/keyboard_teleop:/opt/ros/humble /usr/bin/cmake --build /home/dung/ros_ws/build/my_robot_mapping -- -j12 -l12
[0.131s] Invoking command in '/home/dung/ros_ws/build/my_robot_mapping': CMAKE_PREFIX_PATH=${CMAKE_PREFIX_PATH}:/home/dung/ros_ws/install/keyboard_teleop:/opt/ros/humble /usr/bin/cmake --install /home/dung/ros_ws/build/my_robot_mapping
[0.230s] -- Install configuration: ""
[0.230s] -- Execute custom install script
[0.230s] -- Up-to-date symlink: /home/dung/ros_ws/install/my_robot_mapping/share/my_robot_mapping/config/slam_toolbox.yaml
[0.230s] -- Up-to-date symlink: /home/dung/ros_ws/install/my_robot_mapping/share/my_robot_mapping/launch/slam.launch.py
[0.230s] -- Up-to-date symlink: /home/dung/ros_ws/install/my_robot_mapping/share/my_robot_mapping/maps/map/map.pgm
[0.230s] -- Up-to-date symlink: /home/dung/ros_ws/install/my_robot_mapping/share/my_robot_mapping/maps/map/map.yaml
[0.230s] -- Up-to-date symlink: /home/dung/ros_ws/install/my_robot_mapping/share/my_robot_mapping/maps/map/ttt.pgm
[0.230s] -- Up-to-date symlink: /home/dung/ros_ws/install/my_robot_mapping/share/my_robot_mapping/maps/map/ttt.yaml
[0.230s] -- Up-to-date symlink: /home/dung/ros_ws/install/my_robot_mapping/share/ament_index/resource_index/package_run_dependencies/my_robot_mapping
[0.230s] -- Up-to-date symlink: /home/dung/ros_ws/install/my_robot_mapping/share/ament_index/resource_index/parent_prefix_path/my_robot_mapping
[0.230s] -- Up-to-date symlink: /home/dung/ros_ws/install/my_robot_mapping/share/my_robot_mapping/environment/ament_prefix_path.sh
[0.230s] -- Up-to-date symlink: /home/dung/ros_ws/install/my_robot_mapping/share/my_robot_mapping/environment/ament_prefix_path.dsv
[0.230s] -- Up-to-date symlink: /home/dung/ros_ws/install/my_robot_mapping/share/my_robot_mapping/environment/path.sh
[0.233s] -- Up-to-date symlink: /home/dung/ros_ws/install/my_robot_mapping/share/my_robot_mapping/environment/path.dsv
[0.233s] -- Up-to-date symlink: /home/dung/ros_ws/install/my_robot_mapping/share/my_robot_mapping/local_setup.bash
[0.233s] -- Up-to-date symlink: /home/dung/ros_ws/install/my_robot_mapping/share/my_robot_mapping/local_setup.sh
[0.233s] -- Up-to-date symlink: /home/dung/ros_ws/install/my_robot_mapping/share/my_robot_mapping/local_setup.zsh
[0.233s] -- Up-to-date symlink: /home/dung/ros_ws/install/my_robot_mapping/share/my_robot_mapping/local_setup.dsv
[0.233s] -- Symlinking: /home/dung/ros_ws/install/my_robot_mapping/share/my_robot_mapping/package.dsv
[0.233s] -- Up-to-date symlink: /home/dung/ros_ws/install/my_robot_mapping/share/ament_index/resource_index/packages/my_robot_mapping
[0.233s] -- Up-to-date symlink: /home/dung/ros_ws/install/my_robot_mapping/share/my_robot_mapping/cmake/my_robot_mappingConfig.cmake
[0.233s] -- Up-to-date symlink: /home/dung/ros_ws/install/my_robot_mapping/share/my_robot_mapping/cmake/my_robot_mappingConfig-version.cmake
[0.233s] -- Up-to-date symlink: /home/dung/ros_ws/install/my_robot_mapping/share/my_robot_mapping/package.xml
[0.264s] Invoked command in '/home/dung/ros_ws/build/my_robot_mapping' returned '0': CMAKE_PREFIX_PATH=${CMAKE_PREFIX_PATH}:/home/dung/ros_ws/install/keyboard_teleop:/opt/ros/humble /usr/bin/cmake --install /home/dung/ros_ws/build/my_robot_mapping
