-- Found ament_cmake: 1.3.12 (/opt/ros/humble/share/ament_cmake/cmake)
-- Found rclcpp: 16.0.14 (/opt/ros/humble/share/rclcpp/cmake)
-- Found rosidl_generator_c: 3.1.7 (/opt/ros/humble/share/rosidl_generator_c/cmake)
-- Found rosidl_adapter: 3.1.7 (/opt/ros/humble/share/rosidl_adapter/cmake)
-- Found rosidl_generator_cpp: 3.1.7 (/opt/ros/humble/share/rosidl_generator_cpp/cmake)
-- Using all available rosidl_typesupport_c: rosidl_typesupport_fastrtps_c;rosidl_typesupport_introspection_c
-- Using all available rosidl_typesupport_cpp: rosidl_typesupport_fastrtps_cpp;rosidl_typesupport_introspection_cpp
-- Found rmw_implementation_cmake: 6.1.2 (/opt/ros/humble/share/rmw_implementation_cmake/cmake)
-- Found rmw_fastrtps_cpp: 6.2.8 (/opt/ros/humble/share/rmw_fastrtps_cpp/cmake)
-- Using RMW implementation 'rmw_fastrtps_cpp' as default
-- Found rclcpp_action: 16.0.14 (/opt/ros/humble/share/rclcpp_action/cmake)
-- Found rclpy: 3.3.17 (/opt/ros/humble/share/rclpy/cmake)
-- Found nav_msgs: 4.9.0 (/opt/ros/humble/share/nav_msgs/cmake)
-- Found tf2_ros: 0.25.16 (/opt/ros/humble/share/tf2_ros/cmake)
-- Found nav2_core: 1.1.19 (/opt/ros/humble/share/nav2_core/cmake)
-- Ensuring Eigen3 include directory is part of orocos-kdl CMake target
-- Found ament_lint_auto: 0.12.14 (/opt/ros/humble/share/ament_lint_auto/cmake)
-- Added test 'cppcheck' to perform static code analysis on C / C++ code
-- Configured cppcheck include dirs: /home/dung/ros_ws/src/my_robot_planning/include
-- Configured cppcheck exclude dirs and/or files: 
-- Added test 'flake8' to check Python code syntax and style conventions
-- Added test 'lint_cmake' to check CMake code style
-- Added test 'pep257' to check Python code against some of the docstring style conventions in PEP 257
-- Added test 'uncrustify' to check C / C++ code style
-- Configured uncrustify additional arguments: 
-- Added test 'xmllint' to check XML markup files
-- Configuring done
-- Generating done
-- Build files have been written to: /home/dung/ros_ws/build/my_robot_planning
[35m[1mConsolidate compiler generated dependencies of target a_star[0m
[35m[1mConsolidate compiler generated dependencies of target dijkstra_planner[0m
[ 50%] Built target a_star
[100%] Built target dijkstra_planner
[100%] Built target ament_cmake_python_copy_my_robot_planning
running egg_info
writing my_robot_planning.egg-info/PKG-INFO
writing dependency_links to my_robot_planning.egg-info/dependency_links.txt
writing top-level names to my_robot_planning.egg-info/top_level.txt
reading manifest file 'my_robot_planning.egg-info/SOURCES.txt'
writing manifest file 'my_robot_planning.egg-info/SOURCES.txt'
[100%] Built target ament_cmake_python_build_my_robot_planning_egg
-- Install configuration: ""
-- Up-to-date: /home/dung/ros_ws/install/my_robot_planning/share/my_robot_planning/environment/pythonpath.sh
-- Installing: /home/dung/ros_ws/install/my_robot_planning/share/my_robot_planning/environment/pythonpath.dsv
-- Up-to-date: /home/dung/ros_ws/install/my_robot_planning/local/lib/python3.10/dist-packages/my_robot_planning-0.0.0-py3.10.egg-info
-- Installing: /home/dung/ros_ws/install/my_robot_planning/local/lib/python3.10/dist-packages/my_robot_planning-0.0.0-py3.10.egg-info/dependency_links.txt
-- Installing: /home/dung/ros_ws/install/my_robot_planning/local/lib/python3.10/dist-packages/my_robot_planning-0.0.0-py3.10.egg-info/SOURCES.txt
-- Installing: /home/dung/ros_ws/install/my_robot_planning/local/lib/python3.10/dist-packages/my_robot_planning-0.0.0-py3.10.egg-info/top_level.txt
-- Installing: /home/dung/ros_ws/install/my_robot_planning/local/lib/python3.10/dist-packages/my_robot_planning-0.0.0-py3.10.egg-info/PKG-INFO
-- Up-to-date: /home/dung/ros_ws/install/my_robot_planning/local/lib/python3.10/dist-packages/my_robot_planning
-- Up-to-date: /home/dung/ros_ws/install/my_robot_planning/local/lib/python3.10/dist-packages/my_robot_planning/dijkstra_planner.py
-- Up-to-date: /home/dung/ros_ws/install/my_robot_planning/local/lib/python3.10/dist-packages/my_robot_planning/__init__.py
-- Up-to-date: /home/dung/ros_ws/install/my_robot_planning/local/lib/python3.10/dist-packages/my_robot_planning/a_star.py
Listing '/home/dung/ros_ws/install/my_robot_planning/local/lib/python3.10/dist-packages/my_robot_planning'...
-- Up-to-date: /home/dung/ros_ws/install/my_robot_planning/share/my_robot_planning/global_planner_plugins.xml
-- Up-to-date: /home/dung/ros_ws/install/my_robot_planning/lib/my_robot_planning/dijkstra_planner.py
-- Up-to-date: /home/dung/ros_ws/install/my_robot_planning/lib/my_robot_planning/a_star.py
-- Up-to-date: /home/dung/ros_ws/install/my_robot_planning/include/include
-- Up-to-date: /home/dung/ros_ws/install/my_robot_planning/include/include/my_robot_planning
-- Up-to-date: /home/dung/ros_ws/install/my_robot_planning/include/include/my_robot_planning/a_star.hpp
-- Up-to-date: /home/dung/ros_ws/install/my_robot_planning/include/include/my_robot_planning/dijkstra_planner.hpp
-- Installing: /home/dung/ros_ws/install/my_robot_planning/lib/my_robot_planning/libdijkstra_planner.so
-- Set runtime path of "/home/dung/ros_ws/install/my_robot_planning/lib/my_robot_planning/libdijkstra_planner.so" to ""
-- Installing: /home/dung/ros_ws/install/my_robot_planning/lib/my_robot_planning/liba_star.so
-- Set runtime path of "/home/dung/ros_ws/install/my_robot_planning/lib/my_robot_planning/liba_star.so" to ""
-- Up-to-date: /home/dung/ros_ws/install/my_robot_planning/share/my_robot_planning/global_planner_plugins.xml
-- Up-to-date: /home/dung/ros_ws/install/my_robot_planning/share/ament_index/resource_index/package_run_dependencies/my_robot_planning
-- Up-to-date: /home/dung/ros_ws/install/my_robot_planning/share/ament_index/resource_index/parent_prefix_path/my_robot_planning
-- Up-to-date: /home/dung/ros_ws/install/my_robot_planning/share/my_robot_planning/environment/ament_prefix_path.sh
-- Installing: /home/dung/ros_ws/install/my_robot_planning/share/my_robot_planning/environment/ament_prefix_path.dsv
-- Up-to-date: /home/dung/ros_ws/install/my_robot_planning/share/my_robot_planning/environment/path.sh
-- Installing: /home/dung/ros_ws/install/my_robot_planning/share/my_robot_planning/environment/path.dsv
-- Up-to-date: /home/dung/ros_ws/install/my_robot_planning/share/my_robot_planning/local_setup.bash
-- Up-to-date: /home/dung/ros_ws/install/my_robot_planning/share/my_robot_planning/local_setup.sh
-- Up-to-date: /home/dung/ros_ws/install/my_robot_planning/share/my_robot_planning/local_setup.zsh
-- Installing: /home/dung/ros_ws/install/my_robot_planning/share/my_robot_planning/local_setup.dsv
-- Installing: /home/dung/ros_ws/install/my_robot_planning/share/my_robot_planning/package.dsv
-- Up-to-date: /home/dung/ros_ws/install/my_robot_planning/share/ament_index/resource_index/packages/my_robot_planning
-- Up-to-date: /home/dung/ros_ws/install/my_robot_planning/share/ament_index/resource_index/nav2_core__pluginlib__plugin/my_robot_planning
-- Up-to-date: /home/dung/ros_ws/install/my_robot_planning/share/my_robot_planning/cmake/ament_cmake_export_include_directories-extras.cmake
-- Up-to-date: /home/dung/ros_ws/install/my_robot_planning/share/my_robot_planning/cmake/ament_cmake_export_dependencies-extras.cmake
-- Up-to-date: /home/dung/ros_ws/install/my_robot_planning/share/my_robot_planning/cmake/my_robot_planningConfig.cmake
-- Up-to-date: /home/dung/ros_ws/install/my_robot_planning/share/my_robot_planning/cmake/my_robot_planningConfig-version.cmake
-- Up-to-date: /home/dung/ros_ws/install/my_robot_planning/share/my_robot_planning/package.xml
