[0.028s] Invoking command in '/home/dung/ros_ws/build/my_robot_planning': CMAKE_PREFIX_PATH=${CMAKE_PREFIX_PATH}:/home/dung/ros_ws/install/keyboard_teleop:/opt/ros/humble /usr/bin/cmake --build /home/dung/ros_ws/build/my_robot_planning -- -j6 -l6
[0.060s] -- Found ament_cmake: 1.3.12 (/opt/ros/humble/share/ament_cmake/cmake)
[0.183s] -- Found rclcpp: 16.0.14 (/opt/ros/humble/share/rclcpp/cmake)
[0.213s] -- Found rosidl_generator_c: 3.1.7 (/opt/ros/humble/share/rosidl_generator_c/cmake)
[0.217s] -- Found rosidl_adapter: 3.1.7 (/opt/ros/humble/share/rosidl_adapter/cmake)
[0.238s] -- Found rosidl_generator_cpp: 3.1.7 (/opt/ros/humble/share/rosidl_generator_cpp/cmake)
[0.239s] -- Using all available rosidl_typesupport_c: rosidl_typesupport_fastrtps_c;rosidl_typesupport_introspection_c
[0.256s] -- Using all available rosidl_typesupport_cpp: rosidl_typesupport_fastrtps_cpp;rosidl_typesupport_introspection_cpp
[0.289s] -- Found rmw_implementation_cmake: 6.1.2 (/opt/ros/humble/share/rmw_implementation_cmake/cmake)
[0.290s] -- Found rmw_fastrtps_cpp: 6.2.8 (/opt/ros/humble/share/rmw_fastrtps_cpp/cmake)
[0.416s] -- Using RMW implementation 'rmw_fastrtps_cpp' as default
[0.473s] -- Found rclcpp_action: 16.0.14 (/opt/ros/humble/share/rclcpp_action/cmake)
[0.493s] -- Found rclpy: 3.3.17 (/opt/ros/humble/share/rclpy/cmake)
[0.493s] -- Found nav_msgs: 4.9.0 (/opt/ros/humble/share/nav_msgs/cmake)
[0.516s] -- Found tf2_ros: 0.25.16 (/opt/ros/humble/share/tf2_ros/cmake)
[0.554s] -- Found nav2_core: 1.1.19 (/opt/ros/humble/share/nav2_core/cmake)
[0.633s] -- Ensuring Eigen3 include directory is part of orocos-kdl CMake target
[0.870s] -- Found ament_lint_auto: 0.12.14 (/opt/ros/humble/share/ament_lint_auto/cmake)
[0.978s] -- Added test 'cppcheck' to perform static code analysis on C / C++ code
[0.978s] -- Configured cppcheck include dirs: /home/dung/ros_ws/src/my_robot_planning/include
[0.978s] -- Configured cppcheck exclude dirs and/or files: 
[0.978s] -- Added test 'flake8' to check Python code syntax and style conventions
[0.981s] -- Added test 'lint_cmake' to check CMake code style
[0.981s] -- Added test 'pep257' to check Python code against some of the docstring style conventions in PEP 257
[0.981s] -- Added test 'uncrustify' to check C / C++ code style
[0.981s] -- Configured uncrustify additional arguments: 
[0.981s] -- Added test 'xmllint' to check XML markup files
[0.981s] -- Configuring done
[1.078s] -- Generating done
[1.091s] -- Build files have been written to: /home/dung/ros_ws/build/my_robot_planning
[1.129s] [35m[1mConsolidate compiler generated dependencies of target a_star[0m
[1.129s] [35m[1mConsolidate compiler generated dependencies of target dijkstra_planner[0m
[1.162s] [ 50%] Built target a_star
[1.163s] [100%] Built target dijkstra_planner
[1.176s] [100%] Built target ament_cmake_python_copy_my_robot_planning
[1.388s] running egg_info
[1.389s] writing my_robot_planning.egg-info/PKG-INFO
[1.389s] writing dependency_links to my_robot_planning.egg-info/dependency_links.txt
[1.389s] writing top-level names to my_robot_planning.egg-info/top_level.txt
[1.391s] reading manifest file 'my_robot_planning.egg-info/SOURCES.txt'
[1.391s] writing manifest file 'my_robot_planning.egg-info/SOURCES.txt'
[1.423s] [100%] Built target ament_cmake_python_build_my_robot_planning_egg
[1.445s] Invoked command in '/home/dung/ros_ws/build/my_robot_planning' returned '0': CMAKE_PREFIX_PATH=${CMAKE_PREFIX_PATH}:/home/dung/ros_ws/install/keyboard_teleop:/opt/ros/humble /usr/bin/cmake --build /home/dung/ros_ws/build/my_robot_planning -- -j6 -l6
[1.445s] Invoking command in '/home/dung/ros_ws/build/my_robot_planning': CMAKE_PREFIX_PATH=${CMAKE_PREFIX_PATH}:/home/dung/ros_ws/install/keyboard_teleop:/opt/ros/humble /usr/bin/cmake --install /home/dung/ros_ws/build/my_robot_planning
[1.454s] -- Install configuration: ""
[1.455s] -- Up-to-date: /home/dung/ros_ws/install/my_robot_planning/share/my_robot_planning/environment/pythonpath.sh
[1.455s] -- Installing: /home/dung/ros_ws/install/my_robot_planning/share/my_robot_planning/environment/pythonpath.dsv
[1.455s] -- Up-to-date: /home/dung/ros_ws/install/my_robot_planning/local/lib/python3.10/dist-packages/my_robot_planning-0.0.0-py3.10.egg-info
[1.455s] -- Installing: /home/dung/ros_ws/install/my_robot_planning/local/lib/python3.10/dist-packages/my_robot_planning-0.0.0-py3.10.egg-info/dependency_links.txt
[1.455s] -- Installing: /home/dung/ros_ws/install/my_robot_planning/local/lib/python3.10/dist-packages/my_robot_planning-0.0.0-py3.10.egg-info/SOURCES.txt
[1.455s] -- Installing: /home/dung/ros_ws/install/my_robot_planning/local/lib/python3.10/dist-packages/my_robot_planning-0.0.0-py3.10.egg-info/top_level.txt
[1.455s] -- Installing: /home/dung/ros_ws/install/my_robot_planning/local/lib/python3.10/dist-packages/my_robot_planning-0.0.0-py3.10.egg-info/PKG-INFO
[1.455s] -- Up-to-date: /home/dung/ros_ws/install/my_robot_planning/local/lib/python3.10/dist-packages/my_robot_planning
[1.455s] -- Up-to-date: /home/dung/ros_ws/install/my_robot_planning/local/lib/python3.10/dist-packages/my_robot_planning/dijkstra_planner.py
[1.455s] -- Up-to-date: /home/dung/ros_ws/install/my_robot_planning/local/lib/python3.10/dist-packages/my_robot_planning/__init__.py
[1.455s] -- Up-to-date: /home/dung/ros_ws/install/my_robot_planning/local/lib/python3.10/dist-packages/my_robot_planning/a_star.py
[1.491s] Listing '/home/dung/ros_ws/install/my_robot_planning/local/lib/python3.10/dist-packages/my_robot_planning'...
[1.496s] -- Up-to-date: /home/dung/ros_ws/install/my_robot_planning/share/my_robot_planning/global_planner_plugins.xml
[1.496s] -- Up-to-date: /home/dung/ros_ws/install/my_robot_planning/lib/my_robot_planning/dijkstra_planner.py
[1.496s] -- Up-to-date: /home/dung/ros_ws/install/my_robot_planning/lib/my_robot_planning/a_star.py
[1.496s] -- Up-to-date: /home/dung/ros_ws/install/my_robot_planning/include/include
[1.496s] -- Up-to-date: /home/dung/ros_ws/install/my_robot_planning/include/include/my_robot_planning
[1.496s] -- Up-to-date: /home/dung/ros_ws/install/my_robot_planning/include/include/my_robot_planning/a_star.hpp
[1.496s] -- Up-to-date: /home/dung/ros_ws/install/my_robot_planning/include/include/my_robot_planning/dijkstra_planner.hpp
[1.497s] -- Installing: /home/dung/ros_ws/install/my_robot_planning/lib/my_robot_planning/libdijkstra_planner.so
[1.497s] -- Set runtime path of "/home/dung/ros_ws/install/my_robot_planning/lib/my_robot_planning/libdijkstra_planner.so" to ""
[1.497s] -- Installing: /home/dung/ros_ws/install/my_robot_planning/lib/my_robot_planning/liba_star.so
[1.498s] -- Set runtime path of "/home/dung/ros_ws/install/my_robot_planning/lib/my_robot_planning/liba_star.so" to ""
[1.498s] -- Up-to-date: /home/dung/ros_ws/install/my_robot_planning/share/my_robot_planning/global_planner_plugins.xml
[1.498s] -- Up-to-date: /home/dung/ros_ws/install/my_robot_planning/share/ament_index/resource_index/package_run_dependencies/my_robot_planning
[1.498s] -- Up-to-date: /home/dung/ros_ws/install/my_robot_planning/share/ament_index/resource_index/parent_prefix_path/my_robot_planning
[1.498s] -- Up-to-date: /home/dung/ros_ws/install/my_robot_planning/share/my_robot_planning/environment/ament_prefix_path.sh
[1.498s] -- Installing: /home/dung/ros_ws/install/my_robot_planning/share/my_robot_planning/environment/ament_prefix_path.dsv
[1.498s] -- Up-to-date: /home/dung/ros_ws/install/my_robot_planning/share/my_robot_planning/environment/path.sh
[1.498s] -- Installing: /home/dung/ros_ws/install/my_robot_planning/share/my_robot_planning/environment/path.dsv
[1.498s] -- Up-to-date: /home/dung/ros_ws/install/my_robot_planning/share/my_robot_planning/local_setup.bash
[1.498s] -- Up-to-date: /home/dung/ros_ws/install/my_robot_planning/share/my_robot_planning/local_setup.sh
[1.498s] -- Up-to-date: /home/dung/ros_ws/install/my_robot_planning/share/my_robot_planning/local_setup.zsh
[1.498s] -- Installing: /home/dung/ros_ws/install/my_robot_planning/share/my_robot_planning/local_setup.dsv
[1.499s] -- Installing: /home/dung/ros_ws/install/my_robot_planning/share/my_robot_planning/package.dsv
[1.499s] -- Up-to-date: /home/dung/ros_ws/install/my_robot_planning/share/ament_index/resource_index/packages/my_robot_planning
[1.499s] -- Up-to-date: /home/dung/ros_ws/install/my_robot_planning/share/ament_index/resource_index/nav2_core__pluginlib__plugin/my_robot_planning
[1.499s] -- Up-to-date: /home/dung/ros_ws/install/my_robot_planning/share/my_robot_planning/cmake/ament_cmake_export_include_directories-extras.cmake
[1.499s] -- Up-to-date: /home/dung/ros_ws/install/my_robot_planning/share/my_robot_planning/cmake/ament_cmake_export_dependencies-extras.cmake
[1.499s] -- Up-to-date: /home/dung/ros_ws/install/my_robot_planning/share/my_robot_planning/cmake/my_robot_planningConfig.cmake
[1.499s] -- Up-to-date: /home/dung/ros_ws/install/my_robot_planning/share/my_robot_planning/cmake/my_robot_planningConfig-version.cmake
[1.499s] -- Up-to-date: /home/dung/ros_ws/install/my_robot_planning/share/my_robot_planning/package.xml
[1.506s] Invoked command in '/home/dung/ros_ws/build/my_robot_planning' returned '0': CMAKE_PREFIX_PATH=${CMAKE_PREFIX_PATH}:/home/dung/ros_ws/install/keyboard_teleop:/opt/ros/humble /usr/bin/cmake --install /home/dung/ros_ws/build/my_robot_planning
