[0.039s] Invoking command in '/home/dung/ros_ws/build/my_robot_navi': CMAKE_PREFIX_PATH=${CMAKE_PREFIX_PATH}:/home/dung/ros_ws/install/keyboard_teleop:/opt/ros/humble /usr/bin/cmake --build /home/dung/ros_ws/build/my_robot_navi -- -j12 -l12
[0.064s] -- Found ament_cmake: 1.3.12 (/opt/ros/humble/share/ament_cmake/cmake)
[0.212s] -- Override CMake install command with custom implementation using symlinks instead of copying resources
[0.218s] -- Found rclpy: 3.3.19 (/opt/ros/humble/share/rclpy/cmake)
[0.218s] -- Found std_msgs: 4.9.0 (/opt/ros/humble/share/std_msgs/cmake)
[0.241s] -- Found rosidl_generator_c: 3.1.7 (/opt/ros/humble/share/rosidl_generator_c/cmake)
[0.244s] -- Found rosidl_adapter: 3.1.7 (/opt/ros/humble/share/rosidl_adapter/cmake)
[0.250s] -- Found rosidl_generator_cpp: 3.1.7 (/opt/ros/humble/share/rosidl_generator_cpp/cmake)
[0.259s] -- Using all available rosidl_typesupport_c: rosidl_typesupport_fastrtps_c;rosidl_typesupport_introspection_c
[0.271s] -- Using all available rosidl_typesupport_cpp: rosidl_typesupport_fastrtps_cpp;rosidl_typesupport_introspection_cpp
[0.290s] -- Found geometry_msgs: 4.9.0 (/opt/ros/humble/share/geometry_msgs/cmake)
[0.299s] -- Found nav2_msgs: 1.1.20 (/opt/ros/humble/share/nav2_msgs/cmake)
[0.342s] -- Found visualization_msgs: 4.9.0 (/opt/ros/humble/share/visualization_msgs/cmake)
[0.460s] -- Found ament_lint_auto: 0.12.14 (/opt/ros/humble/share/ament_lint_auto/cmake)
[0.533s] -- Added test 'flake8' to check Python code syntax and style conventions
[0.533s] -- Added test 'lint_cmake' to check CMake code style
[0.534s] -- Added test 'pep257' to check Python code against some of the docstring style conventions in PEP 257
[0.536s] -- Added test 'xmllint' to check XML markup files
[0.536s] -- Configuring done
[0.539s] -- Generating done
[0.541s] -- Build files have been written to: /home/dung/ros_ws/build/my_robot_navi
[0.571s] Built target ament_cmake_python_symlink_my_robot_navi
[0.756s] running egg_info
[0.757s] writing my_robot_navi.egg-info/PKG-INFO
[0.757s] writing dependency_links to my_robot_navi.egg-info/dependency_links.txt
[0.758s] writing top-level names to my_robot_navi.egg-info/top_level.txt
[0.759s] reading manifest file 'my_robot_navi.egg-info/SOURCES.txt'
[0.759s] writing manifest file 'my_robot_navi.egg-info/SOURCES.txt'
[0.777s] Built target ament_cmake_python_build_my_robot_navi_egg
[0.789s] Invoked command in '/home/dung/ros_ws/build/my_robot_navi' returned '0': CMAKE_PREFIX_PATH=${CMAKE_PREFIX_PATH}:/home/dung/ros_ws/install/keyboard_teleop:/opt/ros/humble /usr/bin/cmake --build /home/dung/ros_ws/build/my_robot_navi -- -j12 -l12
[0.791s] Invoking command in '/home/dung/ros_ws/build/my_robot_navi': CMAKE_PREFIX_PATH=${CMAKE_PREFIX_PATH}:/home/dung/ros_ws/install/keyboard_teleop:/opt/ros/humble /usr/bin/cmake --install /home/dung/ros_ws/build/my_robot_navi
[0.796s] -- Install configuration: ""
[0.796s] -- Execute custom install script
[0.797s] -- Up-to-date symlink: /home/dung/ros_ws/install/my_robot_navi/share/my_robot_navi/environment/pythonpath.sh
[0.797s] -- Up-to-date symlink: /home/dung/ros_ws/install/my_robot_navi/share/my_robot_navi/environment/pythonpath.dsv
[0.797s] -- Up-to-date symlink: /home/dung/ros_ws/install/my_robot_navi/local/lib/python3.10/dist-packages/my_robot_navi-0.0.0-py3.10.egg-info/PKG-INFO
[0.797s] -- Up-to-date symlink: /home/dung/ros_ws/install/my_robot_navi/local/lib/python3.10/dist-packages/my_robot_navi-0.0.0-py3.10.egg-info/SOURCES.txt
[0.797s] -- Up-to-date symlink: /home/dung/ros_ws/install/my_robot_navi/local/lib/python3.10/dist-packages/my_robot_navi-0.0.0-py3.10.egg-info/dependency_links.txt
[0.797s] -- Up-to-date symlink: /home/dung/ros_ws/install/my_robot_navi/local/lib/python3.10/dist-packages/my_robot_navi-0.0.0-py3.10.egg-info/top_level.txt
[0.798s] [33mCMake Warning (dev) at ament_cmake_symlink_install/ament_cmake_symlink_install.cmake:62 (file):
[0.798s]   Policy CMP0009 is not set: FILE GLOB_RECURSE calls should not follow
[0.798s]   symlinks by default.  Run "cmake --help-policy CMP0009" for policy details.
[0.798s]   Use the cmake_policy command to set the policy and suppress this warning.
[0.798s] Call Stack (most recent call first):
[0.798s]   ament_cmake_symlink_install/ament_cmake_symlink_install.cmake:323 (ament_cmake_symlink_install_directory)
[0.798s]   cmake_install.cmake:46 (include)
[0.798s] This warning is for project developers.  Use -Wno-dev to suppress it.
[0.798s] [0m
[0.798s] [33mCMake Warning (dev) at ament_cmake_symlink_install/ament_cmake_symlink_install.cmake:73 (file):
[0.798s]   Policy CMP0009 is not set: FILE GLOB_RECURSE calls should not follow
[0.798s]   symlinks by default.  Run "cmake --help-policy CMP0009" for policy details.
[0.798s]   Use the cmake_policy command to set the policy and suppress this warning.
[0.798s] Call Stack (most recent call first):
[0.798s]   ament_cmake_symlink_install/ament_cmake_symlink_install.cmake:323 (ament_cmake_symlink_install_directory)
[0.799s]   cmake_install.cmake:46 (include)
[0.799s] This warning is for project developers.  Use -Wno-dev to suppress it.
[0.799s] [0m
[0.799s] [33mCMake Warning (dev) at ament_cmake_symlink_install/ament_cmake_symlink_install.cmake:73 (file):
[0.799s]   Policy CMP0009 is not set: FILE GLOB_RECURSE calls should not follow
[0.799s]   symlinks by default.  Run "cmake --help-policy CMP0009" for policy details.
[0.799s]   Use the cmake_policy command to set the policy and suppress this warning.
[0.799s] Call Stack (most recent call first):
[0.799s]   ament_cmake_symlink_install/ament_cmake_symlink_install.cmake:323 (ament_cmake_symlink_install_directory)
[0.799s]   cmake_install.cmake:46 (include)
[0.799s] This warning is for project developers.  Use -Wno-dev to suppress it.
[0.799s] [0m
[0.799s] -- Up-to-date symlink: /home/dung/ros_ws/install/my_robot_navi/local/lib/python3.10/dist-packages/my_robot_navi/__init__.py
[0.799s] -- Up-to-date symlink: /home/dung/ros_ws/install/my_robot_navi/local/lib/python3.10/dist-packages/my_robot_navi/build/.built_by
[0.799s] -- Up-to-date symlink: /home/dung/ros_ws/install/my_robot_navi/local/lib/python3.10/dist-packages/my_robot_navi/build/COLCON_IGNORE
[0.799s] -- Up-to-date symlink: /home/dung/ros_ws/install/my_robot_navi/local/lib/python3.10/dist-packages/my_robot_navi/install/.colcon_install_layout
[0.799s] -- Up-to-date symlink: /home/dung/ros_ws/install/my_robot_navi/local/lib/python3.10/dist-packages/my_robot_navi/install/COLCON_IGNORE
[0.799s] -- Up-to-date symlink: /home/dung/ros_ws/install/my_robot_navi/local/lib/python3.10/dist-packages/my_robot_navi/install/_local_setup_util_ps1.py
[0.800s] -- Up-to-date symlink: /home/dung/ros_ws/install/my_robot_navi/local/lib/python3.10/dist-packages/my_robot_navi/install/_local_setup_util_sh.py
[0.800s] -- Up-to-date symlink: /home/dung/ros_ws/install/my_robot_navi/local/lib/python3.10/dist-packages/my_robot_navi/install/local_setup.bash
[0.800s] -- Up-to-date symlink: /home/dung/ros_ws/install/my_robot_navi/local/lib/python3.10/dist-packages/my_robot_navi/install/local_setup.ps1
[0.800s] -- Up-to-date symlink: /home/dung/ros_ws/install/my_robot_navi/local/lib/python3.10/dist-packages/my_robot_navi/install/local_setup.sh
[0.800s] -- Up-to-date symlink: /home/dung/ros_ws/install/my_robot_navi/local/lib/python3.10/dist-packages/my_robot_navi/install/local_setup.zsh
[0.800s] -- Up-to-date symlink: /home/dung/ros_ws/install/my_robot_navi/local/lib/python3.10/dist-packages/my_robot_navi/install/setup.bash
[0.800s] -- Up-to-date symlink: /home/dung/ros_ws/install/my_robot_navi/local/lib/python3.10/dist-packages/my_robot_navi/install/setup.ps1
[0.800s] -- Up-to-date symlink: /home/dung/ros_ws/install/my_robot_navi/local/lib/python3.10/dist-packages/my_robot_navi/install/setup.sh
[0.800s] -- Up-to-date symlink: /home/dung/ros_ws/install/my_robot_navi/local/lib/python3.10/dist-packages/my_robot_navi/install/setup.zsh
[0.800s] -- Up-to-date symlink: /home/dung/ros_ws/install/my_robot_navi/local/lib/python3.10/dist-packages/my_robot_navi/log/COLCON_IGNORE
[0.800s] -- Up-to-date symlink: /home/dung/ros_ws/install/my_robot_navi/local/lib/python3.10/dist-packages/my_robot_navi/log/build_2025-12-06_18-35-59/events.log
[0.800s] -- Up-to-date symlink: /home/dung/ros_ws/install/my_robot_navi/local/lib/python3.10/dist-packages/my_robot_navi/log/build_2025-12-06_18-35-59/logger_all.log
[0.800s] -- Up-to-date symlink: /home/dung/ros_ws/install/my_robot_navi/local/lib/python3.10/dist-packages/my_robot_navi/log/latest/events.log
[0.800s] -- Up-to-date symlink: /home/dung/ros_ws/install/my_robot_navi/local/lib/python3.10/dist-packages/my_robot_navi/log/latest/logger_all.log
[0.800s] -- Up-to-date symlink: /home/dung/ros_ws/install/my_robot_navi/local/lib/python3.10/dist-packages/my_robot_navi/log/latest_build/events.log
[0.800s] -- Up-to-date symlink: /home/dung/ros_ws/install/my_robot_navi/local/lib/python3.10/dist-packages/my_robot_navi/log/latest_build/logger_all.log
[0.800s] -- Up-to-date symlink: /home/dung/ros_ws/install/my_robot_navi/local/lib/python3.10/dist-packages/my_robot_navi/simple_goal_get.py
[0.800s] -- Up-to-date symlink: /home/dung/ros_ws/install/my_robot_navi/local/lib/python3.10/dist-packages/my_robot_navi/simple_goal_pub.py
[0.800s] -- Up-to-date symlink: /home/dung/ros_ws/install/my_robot_navi/share/my_robot_navi/config/behavior_server.yaml
[0.801s] -- Up-to-date symlink: /home/dung/ros_ws/install/my_robot_navi/share/my_robot_navi/config/bt_navigation.yaml
[0.801s] -- Up-to-date symlink: /home/dung/ros_ws/install/my_robot_navi/share/my_robot_navi/config/controller_server.yaml
[0.801s] -- Up-to-date symlink: /home/dung/ros_ws/install/my_robot_navi/share/my_robot_navi/config/costmap.yaml
[0.801s] -- Up-to-date symlink: /home/dung/ros_ws/install/my_robot_navi/share/my_robot_navi/config/planner_server.yaml
[0.801s] -- Up-to-date symlink: /home/dung/ros_ws/install/my_robot_navi/share/my_robot_navi/config/smoother_server.yaml
[0.801s] -- Up-to-date symlink: /home/dung/ros_ws/install/my_robot_navi/share/my_robot_navi/launch/navigation.launch.py
[0.801s] -- Up-to-date symlink: /home/dung/ros_ws/install/my_robot_navi/share/my_robot_navi/behavior_tree/simple_navigation.xml
[0.801s] -- Up-to-date symlink: /home/dung/ros_ws/install/my_robot_navi/share/my_robot_navi/behavior_tree/simple_navigation_2.xml
[0.801s] -- Up-to-date symlink: /home/dung/ros_ws/install/my_robot_navi/lib/my_robot_navi/simple_goal_get.py
[0.801s] -- Up-to-date symlink: /home/dung/ros_ws/install/my_robot_navi/lib/my_robot_navi/simple_goal_pub.py
[0.801s] -- Up-to-date symlink: /home/dung/ros_ws/install/my_robot_navi/share/ament_index/resource_index/package_run_dependencies/my_robot_navi
[0.801s] -- Up-to-date symlink: /home/dung/ros_ws/install/my_robot_navi/share/ament_index/resource_index/parent_prefix_path/my_robot_navi
[0.801s] -- Up-to-date symlink: /home/dung/ros_ws/install/my_robot_navi/share/my_robot_navi/environment/ament_prefix_path.sh
[0.801s] -- Up-to-date symlink: /home/dung/ros_ws/install/my_robot_navi/share/my_robot_navi/environment/ament_prefix_path.dsv
[0.801s] -- Up-to-date symlink: /home/dung/ros_ws/install/my_robot_navi/share/my_robot_navi/environment/path.sh
[0.801s] -- Up-to-date symlink: /home/dung/ros_ws/install/my_robot_navi/share/my_robot_navi/environment/path.dsv
[0.801s] -- Up-to-date symlink: /home/dung/ros_ws/install/my_robot_navi/share/my_robot_navi/local_setup.bash
[0.801s] -- Up-to-date symlink: /home/dung/ros_ws/install/my_robot_navi/share/my_robot_navi/local_setup.sh
[0.801s] -- Up-to-date symlink: /home/dung/ros_ws/install/my_robot_navi/share/my_robot_navi/local_setup.zsh
[0.801s] -- Up-to-date symlink: /home/dung/ros_ws/install/my_robot_navi/share/my_robot_navi/local_setup.dsv
[0.801s] -- Symlinking: /home/dung/ros_ws/install/my_robot_navi/share/my_robot_navi/package.dsv
[0.806s] -- Up-to-date symlink: /home/dung/ros_ws/install/my_robot_navi/share/ament_index/resource_index/packages/my_robot_navi
[0.806s] -- Up-to-date symlink: /home/dung/ros_ws/install/my_robot_navi/share/my_robot_navi/cmake/my_robot_naviConfig.cmake
[0.806s] -- Up-to-date symlink: /home/dung/ros_ws/install/my_robot_navi/share/my_robot_navi/cmake/my_robot_naviConfig-version.cmake
[0.806s] -- Up-to-date symlink: /home/dung/ros_ws/install/my_robot_navi/share/my_robot_navi/package.xml
[0.833s] Listing '/home/dung/ros_ws/install/my_robot_navi/local/lib/python3.10/dist-packages/my_robot_navi'...
[0.833s] Listing '/home/dung/ros_ws/install/my_robot_navi/local/lib/python3.10/dist-packages/my_robot_navi/build'...
[0.833s] Listing '/home/dung/ros_ws/install/my_robot_navi/local/lib/python3.10/dist-packages/my_robot_navi/install'...
[0.833s] Listing '/home/dung/ros_ws/install/my_robot_navi/local/lib/python3.10/dist-packages/my_robot_navi/log'...
[0.833s] Listing '/home/dung/ros_ws/install/my_robot_navi/local/lib/python3.10/dist-packages/my_robot_navi/log/build_2025-12-06_18-35-59'...
[0.833s] Listing '/home/dung/ros_ws/install/my_robot_navi/local/lib/python3.10/dist-packages/my_robot_navi/log/latest'...
[0.833s] Listing '/home/dung/ros_ws/install/my_robot_navi/local/lib/python3.10/dist-packages/my_robot_navi/log/latest_build'...
[0.837s] Invoked command in '/home/dung/ros_ws/build/my_robot_navi' returned '0': CMAKE_PREFIX_PATH=${CMAKE_PREFIX_PATH}:/home/dung/ros_ws/install/keyboard_teleop:/opt/ros/humble /usr/bin/cmake --install /home/dung/ros_ws/build/my_robot_navi
