[0.052s] Invoking command in '/home/dung/ros_ws/build/myrobot_controller': CMAKE_PREFIX_PATH=${CMAKE_PREFIX_PATH}:/home/dung/ros_ws/install/keyboard_teleop:/opt/ros/humble /usr/bin/cmake /home/dung/ros_ws/src/myrobot_controller -DAMENT_CMAKE_SYMLINK_INSTALL=1 -DCMAKE_INSTALL_PREFIX=/home/dung/ros_ws/install/myrobot_controller
[0.376s] -- Found ament_cmake: 1.3.12 (/opt/ros/humble/share/ament_cmake/cmake)
[0.376s] -- Override CMake install command with custom implementation using symlinks instead of copying resources
[0.376s] -- Found rclpy: 3.3.19 (/opt/ros/humble/share/rclpy/cmake)
[0.376s] -- Found std_msgs: 4.9.0 (/opt/ros/humble/share/std_msgs/cmake)
[0.376s] -- Found rosidl_generator_c: 3.1.7 (/opt/ros/humble/share/rosidl_generator_c/cmake)
[0.376s] -- Found rosidl_adapter: 3.1.7 (/opt/ros/humble/share/rosidl_adapter/cmake)
[0.377s] -- Found rosidl_generator_cpp: 3.1.7 (/opt/ros/humble/share/rosidl_generator_cpp/cmake)
[0.377s] -- Using all available rosidl_typesupport_c: rosidl_typesupport_fastrtps_c;rosidl_typesupport_introspection_c
[0.398s] -- Using all available rosidl_typesupport_cpp: rosidl_typesupport_fastrtps_cpp;rosidl_typesupport_introspection_cpp
[0.435s] -- Found geometry_msgs: 4.9.0 (/opt/ros/humble/share/geometry_msgs/cmake)
[0.451s] -- Found sensor_msgs: 4.9.0 (/opt/ros/humble/share/sensor_msgs/cmake)
[0.473s] -- Found nav_msgs: 4.9.0 (/opt/ros/humble/share/nav_msgs/cmake)
[0.495s] -- Found tf2: 0.25.17 (/opt/ros/humble/share/tf2/cmake)
[0.502s] -- Found tf2_ros: 0.25.17 (/opt/ros/humble/share/tf2_ros/cmake)
[0.590s] -- Found rmw_implementation_cmake: 6.1.2 (/opt/ros/humble/share/rmw_implementation_cmake/cmake)
[0.591s] -- Found rmw_fastrtps_cpp: 6.2.9 (/opt/ros/humble/share/rmw_fastrtps_cpp/cmake)
[0.740s] -- Using RMW implementation 'rmw_fastrtps_cpp' as default
[0.982s] -- Found ament_lint_auto: 0.12.14 (/opt/ros/humble/share/ament_lint_auto/cmake)
[1.101s] -- Added test 'flake8' to check Python code syntax and style conventions
[1.103s] -- Added test 'lint_cmake' to check CMake code style
[1.104s] -- Added test 'pep257' to check Python code against some of the docstring style conventions in PEP 257
[1.104s] -- Added test 'xmllint' to check XML markup files
[1.106s] -- Configuring done
[1.127s] -- Generating done
[1.129s] -- Build files have been written to: /home/dung/ros_ws/build/myrobot_controller
[1.162s] Invoked command in '/home/dung/ros_ws/build/myrobot_controller' returned '0': CMAKE_PREFIX_PATH=${CMAKE_PREFIX_PATH}:/home/dung/ros_ws/install/keyboard_teleop:/opt/ros/humble /usr/bin/cmake /home/dung/ros_ws/src/myrobot_controller -DAMENT_CMAKE_SYMLINK_INSTALL=1 -DCMAKE_INSTALL_PREFIX=/home/dung/ros_ws/install/myrobot_controller
[1.163s] Invoking command in '/home/dung/ros_ws/build/myrobot_controller': CMAKE_PREFIX_PATH=${CMAKE_PREFIX_PATH}:/home/dung/ros_ws/install/keyboard_teleop:/opt/ros/humble /usr/bin/cmake --build /home/dung/ros_ws/build/myrobot_controller -- -j12 -l12
[1.250s] Built target ament_cmake_python_symlink_myrobot_controller
[1.613s] running egg_info
[1.613s] writing myrobot_controller.egg-info/PKG-INFO
[1.614s] writing dependency_links to myrobot_controller.egg-info/dependency_links.txt
[1.615s] writing top-level names to myrobot_controller.egg-info/top_level.txt
[1.620s] reading manifest file 'myrobot_controller.egg-info/SOURCES.txt'
[1.620s] writing manifest file 'myrobot_controller.egg-info/SOURCES.txt'
[1.711s] Built target ament_cmake_python_build_myrobot_controller_egg
[1.733s] Invoked command in '/home/dung/ros_ws/build/myrobot_controller' returned '0': CMAKE_PREFIX_PATH=${CMAKE_PREFIX_PATH}:/home/dung/ros_ws/install/keyboard_teleop:/opt/ros/humble /usr/bin/cmake --build /home/dung/ros_ws/build/myrobot_controller -- -j12 -l12
[1.735s] Invoking command in '/home/dung/ros_ws/build/myrobot_controller': CMAKE_PREFIX_PATH=${CMAKE_PREFIX_PATH}:/home/dung/ros_ws/install/keyboard_teleop:/opt/ros/humble /usr/bin/cmake --install /home/dung/ros_ws/build/myrobot_controller
[1.746s] -- Install configuration: ""
[1.747s] -- Execute custom install script
[1.747s] -- Up-to-date symlink: /home/dung/ros_ws/install/myrobot_controller/share/myrobot_controller/environment/pythonpath.sh
[1.747s] -- Up-to-date symlink: /home/dung/ros_ws/install/myrobot_controller/share/myrobot_controller/environment/pythonpath.dsv
[1.751s] -- Up-to-date symlink: /home/dung/ros_ws/install/myrobot_controller/local/lib/python3.10/dist-packages/myrobot_controller-0.0.0-py3.10.egg-info/PKG-INFO
[1.751s] -- Up-to-date symlink: /home/dung/ros_ws/install/myrobot_controller/local/lib/python3.10/dist-packages/myrobot_controller-0.0.0-py3.10.egg-info/SOURCES.txt
[1.751s] -- Up-to-date symlink: /home/dung/ros_ws/install/myrobot_controller/local/lib/python3.10/dist-packages/myrobot_controller-0.0.0-py3.10.egg-info/dependency_links.txt
[1.751s] -- Up-to-date symlink: /home/dung/ros_ws/install/myrobot_controller/local/lib/python3.10/dist-packages/myrobot_controller-0.0.0-py3.10.egg-info/top_level.txt
[1.751s] -- Up-to-date symlink: /home/dung/ros_ws/install/myrobot_controller/local/lib/python3.10/dist-packages/myrobot_controller/__init__.py
[1.751s] -- Up-to-date symlink: /home/dung/ros_ws/install/myrobot_controller/local/lib/python3.10/dist-packages/myrobot_controller/noisy_controller.py
[1.751s] -- Up-to-date symlink: /home/dung/ros_ws/install/myrobot_controller/local/lib/python3.10/dist-packages/myrobot_controller/simple_controller.py
[1.751s] -- Up-to-date symlink: /home/dung/ros_ws/install/myrobot_controller/local/lib/python3.10/dist-packages/myrobot_controller/twist_relay.py
[1.751s] -- Up-to-date symlink: /home/dung/ros_ws/install/myrobot_controller/share/myrobot_controller//config/myrobot_config.yaml
[1.751s] -- Up-to-date symlink: /home/dung/ros_ws/install/myrobot_controller/share/myrobot_controller//config/twist_mux_key.yaml
[1.751s] -- Up-to-date symlink: /home/dung/ros_ws/install/myrobot_controller/share/myrobot_controller//config/twist_mux_locks.yaml
[1.751s] -- Up-to-date symlink: /home/dung/ros_ws/install/myrobot_controller/share/myrobot_controller//config/twist_mux_topics.yaml
[1.752s] -- Up-to-date symlink: /home/dung/ros_ws/install/myrobot_controller/share/myrobot_controller//launch/keyboard.launch.py
[1.752s] -- Up-to-date symlink: /home/dung/ros_ws/install/myrobot_controller/share/myrobot_controller//launch/my_robot_controller.launch.py
[1.752s] -- Up-to-date symlink: /home/dung/ros_ws/install/myrobot_controller/lib/myrobot_controller/simple_controller.py
[1.752s] -- Up-to-date symlink: /home/dung/ros_ws/install/myrobot_controller/lib/myrobot_controller/noisy_controller.py
[1.752s] -- Up-to-date symlink: /home/dung/ros_ws/install/myrobot_controller/lib/myrobot_controller/twist_relay.py
[1.752s] -- Up-to-date symlink: /home/dung/ros_ws/install/myrobot_controller/share/ament_index/resource_index/package_run_dependencies/myrobot_controller
[1.752s] -- Up-to-date symlink: /home/dung/ros_ws/install/myrobot_controller/share/ament_index/resource_index/parent_prefix_path/myrobot_controller
[1.752s] -- Up-to-date symlink: /home/dung/ros_ws/install/myrobot_controller/share/myrobot_controller/environment/ament_prefix_path.sh
[1.752s] -- Up-to-date symlink: /home/dung/ros_ws/install/myrobot_controller/share/myrobot_controller/environment/ament_prefix_path.dsv
[1.752s] -- Up-to-date symlink: /home/dung/ros_ws/install/myrobot_controller/share/myrobot_controller/environment/path.sh
[1.752s] -- Up-to-date symlink: /home/dung/ros_ws/install/myrobot_controller/share/myrobot_controller/environment/path.dsv
[1.752s] -- Up-to-date symlink: /home/dung/ros_ws/install/myrobot_controller/share/myrobot_controller/local_setup.bash
[1.752s] -- Up-to-date symlink: /home/dung/ros_ws/install/myrobot_controller/share/myrobot_controller/local_setup.sh
[1.752s] -- Up-to-date symlink: /home/dung/ros_ws/install/myrobot_controller/share/myrobot_controller/local_setup.zsh
[1.753s] -- Up-to-date symlink: /home/dung/ros_ws/install/myrobot_controller/share/myrobot_controller/local_setup.dsv
[1.753s] -- Symlinking: /home/dung/ros_ws/install/myrobot_controller/share/myrobot_controller/package.dsv
[1.765s] -- Up-to-date symlink: /home/dung/ros_ws/install/myrobot_controller/share/ament_index/resource_index/packages/myrobot_controller
[1.765s] -- Up-to-date symlink: /home/dung/ros_ws/install/myrobot_controller/share/myrobot_controller/cmake/myrobot_controllerConfig.cmake
[1.765s] -- Up-to-date symlink: /home/dung/ros_ws/install/myrobot_controller/share/myrobot_controller/cmake/myrobot_controllerConfig-version.cmake
[1.765s] -- Up-to-date symlink: /home/dung/ros_ws/install/myrobot_controller/share/myrobot_controller/package.xml
[1.818s] Listing '/home/dung/ros_ws/install/myrobot_controller/local/lib/python3.10/dist-packages/myrobot_controller'...
[1.831s] Invoked command in '/home/dung/ros_ws/build/myrobot_controller' returned '0': CMAKE_PREFIX_PATH=${CMAKE_PREFIX_PATH}:/home/dung/ros_ws/install/keyboard_teleop:/opt/ros/humble /usr/bin/cmake --install /home/dung/ros_ws/build/myrobot_controller
