[0.025s] Invoking command in '/home/dung/ros_ws/build/my_robot_motion': CMAKE_PREFIX_PATH=/opt/ros/humble /usr/bin/cmake /home/dung/ros_ws/src/my_robot_motion -DCMAKE_INSTALL_PREFIX=/home/dung/ros_ws/install/my_robot_motion
[0.054s] -- Found ament_cmake: 1.3.12 (/opt/ros/humble/share/ament_cmake/cmake)
[0.228s] -- Found Python3: /usr/bin/python3 (found version "3.10.12") found components: Interpreter 
[0.346s] -- Found rclcpp: 16.0.15 (/opt/ros/humble/share/rclcpp/cmake)
[0.386s] -- Found rosidl_generator_c: 3.1.7 (/opt/ros/humble/share/rosidl_generator_c/cmake)
[0.392s] -- Found rosidl_adapter: 3.1.7 (/opt/ros/humble/share/rosidl_adapter/cmake)
[0.402s] -- Found rosidl_generator_cpp: 3.1.7 (/opt/ros/humble/share/rosidl_generator_cpp/cmake)
[0.416s] -- Using all available rosidl_typesupport_c: rosidl_typesupport_fastrtps_c;rosidl_typesupport_introspection_c
[0.441s] -- Using all available rosidl_typesupport_cpp: rosidl_typesupport_fastrtps_cpp;rosidl_typesupport_introspection_cpp
[0.485s] -- Found rmw_implementation_cmake: 6.1.2 (/opt/ros/humble/share/rmw_implementation_cmake/cmake)
[0.490s] -- Found rmw_fastrtps_cpp: 6.2.8 (/opt/ros/humble/share/rmw_fastrtps_cpp/cmake)
[0.607s] -- Found OpenSSL: /usr/lib/x86_64-linux-gnu/libcrypto.so (found version "3.0.2")  
[0.635s] -- Found FastRTPS: /opt/ros/humble/include  
[0.677s] -- Using RMW implementation 'rmw_fastrtps_cpp' as default
[0.685s] -- Looking for pthread.h
[0.761s] -- Looking for pthread.h - found
[0.763s] -- Performing Test CMAKE_HAVE_LIBC_PTHREAD
[0.845s] -- Performing Test CMAKE_HAVE_LIBC_PTHREAD - Success
[0.847s] -- Found Threads: TRUE  
[0.928s] -- Found rclpy: 3.3.17 (/opt/ros/humble/share/rclpy/cmake)
[0.930s] -- Found nav_msgs: 4.9.0 (/opt/ros/humble/share/nav_msgs/cmake)
[0.975s] -- Found tf2_ros: 0.25.16 (/opt/ros/humble/share/tf2_ros/cmake)
[1.082s] -- Found tf2_geometry_msgs: 0.25.16 (/opt/ros/humble/share/tf2_geometry_msgs/cmake)
[1.097s] -- Found eigen3_cmake_module: 0.1.1 (/opt/ros/humble/share/eigen3_cmake_module/cmake)
[1.099s] -- Found Eigen3: TRUE (found version "3.4.0") 
[1.099s] -- Ensuring Eigen3 include directory is part of orocos-kdl CMake target
[1.102s] -- Found nav2_core: 1.1.18 (/opt/ros/humble/share/nav2_core/cmake)
[1.364s] -- Found ament_lint_auto: 0.12.14 (/opt/ros/humble/share/ament_lint_auto/cmake)
[1.425s] -- Added test 'cppcheck' to perform static code analysis on C / C++ code
[1.426s] -- Configured cppcheck include dirs: /home/dung/ros_ws/src/my_robot_motion/include
[1.426s] -- Configured cppcheck exclude dirs and/or files: 
[1.426s] -- Added test 'flake8' to check Python code syntax and style conventions
[1.427s] -- Added test 'lint_cmake' to check CMake code style
[1.427s] -- Added test 'pep257' to check Python code against some of the docstring style conventions in PEP 257
[1.428s] -- Added test 'uncrustify' to check C / C++ code style
[1.428s] -- Configured uncrustify additional arguments: 
[1.428s] -- Added test 'xmllint' to check XML markup files
[1.431s] -- Configuring done
[1.581s] -- Generating done
[1.585s] -- Build files have been written to: /home/dung/ros_ws/build/my_robot_motion
[1.597s] Invoked command in '/home/dung/ros_ws/build/my_robot_motion' returned '0': CMAKE_PREFIX_PATH=/opt/ros/humble /usr/bin/cmake /home/dung/ros_ws/src/my_robot_motion -DCMAKE_INSTALL_PREFIX=/home/dung/ros_ws/install/my_robot_motion
[1.598s] Invoking command in '/home/dung/ros_ws/build/my_robot_motion': CMAKE_PREFIX_PATH=/opt/ros/humble /usr/bin/cmake --build /home/dung/ros_ws/build/my_robot_motion -- -j12 -l12
[1.648s] [ 50%] [32mBuilding CXX object CMakeFiles/pd_motion_planner.dir/src/pd_motion_planner.cpp.o[0m
[4.332s] [01m[K/home/dung/ros_ws/src/my_robot_motion/src/pd_motion_planner.cpp:[m[K In member function ‘[01m[Kvirtual void my_robot_motion::PDMotionPlanner::setSpeedLimit(const double&, const bool&)[m[K’:
[4.333s] [01m[K/home/dung/ros_ws/src/my_robot_motion/src/pd_motion_planner.cpp:137:52:[m[K [01;35m[Kwarning: [m[Kunused parameter ‘[01m[Kspeed_limit[m[K’ [[01;35m[K]8;;https://gcc.gnu.org/onlinedocs/gcc/Warning-Options.html#index-Wunused-parameter-Wunused-parameter]8;;[m[K]
[4.333s]   137 | void PDMotionPlanner::setSpeedLimit([01;35m[Kconst double & speed_limit[m[K, const bool & percentage)
[4.333s]       |                                     [01;35m[K~~~~~~~~~~~~~~~^~~~~~~~~~~[m[K
[4.333s] [01m[K/home/dung/ros_ws/src/my_robot_motion/src/pd_motion_planner.cpp:137:78:[m[K [01;35m[Kwarning: [m[Kunused parameter ‘[01m[Kpercentage[m[K’ [[01;35m[K]8;;https://gcc.gnu.org/onlinedocs/gcc/Warning-Options.html#index-Wunused-parameter-Wunused-parameter]8;;[m[K]
[4.333s]   137 | void PDMotionPlanner::setSpeedLimit(const double & speed_limit, [01;35m[Kconst bool & percentage[m[K)
[4.333s]       |                                                                 [01;35m[K~~~~~~~~~~~~~^~~~~~~~~~[m[K
[6.362s] [100%] [32m[1mLinking CXX shared library libpd_motion_planner.so[0m
[6.640s] [100%] Built target pd_motion_planner
[6.646s] Invoked command in '/home/dung/ros_ws/build/my_robot_motion' returned '0': CMAKE_PREFIX_PATH=/opt/ros/humble /usr/bin/cmake --build /home/dung/ros_ws/build/my_robot_motion -- -j12 -l12
[6.647s] Invoking command in '/home/dung/ros_ws/build/my_robot_motion': CMAKE_PREFIX_PATH=/opt/ros/humble /usr/bin/cmake --install /home/dung/ros_ws/build/my_robot_motion
[6.652s] -- Install configuration: ""
[6.652s] -- Installing: /home/dung/ros_ws/install/my_robot_motion/share/my_robot_motion/motion_planner_plugins.xml
[6.652s] -- Installing: /home/dung/ros_ws/install/my_robot_motion/lib/my_robot_motion/pd_motion_planner.py
[6.652s] -- Installing: /home/dung/ros_ws/install/my_robot_motion/lib/my_robot_motion/pure_pursuit.py
[6.652s] -- Installing: /home/dung/ros_ws/install/my_robot_motion/include/include
[6.652s] -- Installing: /home/dung/ros_ws/install/my_robot_motion/include/include/my_robot_motion
[6.652s] -- Installing: /home/dung/ros_ws/install/my_robot_motion/include/include/my_robot_motion/pd_motion_planner.hpp
[6.652s] -- Installing: /home/dung/ros_ws/install/my_robot_motion/lib/libpd_motion_planner.so
[6.653s] -- Set runtime path of "/home/dung/ros_ws/install/my_robot_motion/lib/libpd_motion_planner.so" to ""
[6.653s] -- Up-to-date: /home/dung/ros_ws/install/my_robot_motion/share/my_robot_motion/motion_planner_plugins.xml
[6.653s] -- Installing: /home/dung/ros_ws/install/my_robot_motion/share/my_robot_motion/environment/library_path.sh
[6.653s] -- Installing: /home/dung/ros_ws/install/my_robot_motion/share/my_robot_motion/environment/library_path.dsv
[6.653s] -- Installing: /home/dung/ros_ws/install/my_robot_motion/share/ament_index/resource_index/package_run_dependencies/my_robot_motion
[6.653s] -- Installing: /home/dung/ros_ws/install/my_robot_motion/share/ament_index/resource_index/parent_prefix_path/my_robot_motion
[6.654s] -- Installing: /home/dung/ros_ws/install/my_robot_motion/share/my_robot_motion/environment/ament_prefix_path.sh
[6.654s] -- Installing: /home/dung/ros_ws/install/my_robot_motion/share/my_robot_motion/environment/ament_prefix_path.dsv
[6.654s] -- Installing: /home/dung/ros_ws/install/my_robot_motion/share/my_robot_motion/environment/path.sh
[6.654s] -- Installing: /home/dung/ros_ws/install/my_robot_motion/share/my_robot_motion/environment/path.dsv
[6.654s] -- Installing: /home/dung/ros_ws/install/my_robot_motion/share/my_robot_motion/local_setup.bash
[6.654s] -- Installing: /home/dung/ros_ws/install/my_robot_motion/share/my_robot_motion/local_setup.sh
[6.654s] -- Installing: /home/dung/ros_ws/install/my_robot_motion/share/my_robot_motion/local_setup.zsh
[6.654s] -- Installing: /home/dung/ros_ws/install/my_robot_motion/share/my_robot_motion/local_setup.dsv
[6.654s] -- Installing: /home/dung/ros_ws/install/my_robot_motion/share/my_robot_motion/package.dsv
[6.654s] -- Installing: /home/dung/ros_ws/install/my_robot_motion/share/ament_index/resource_index/packages/my_robot_motion
[6.655s] -- Installing: /home/dung/ros_ws/install/my_robot_motion/share/ament_index/resource_index/nav2_core__pluginlib__plugin/my_robot_motion
[6.655s] -- Installing: /home/dung/ros_ws/install/my_robot_motion/share/my_robot_motion/cmake/ament_cmake_export_include_directories-extras.cmake
[6.655s] -- Installing: /home/dung/ros_ws/install/my_robot_motion/share/my_robot_motion/cmake/ament_cmake_export_dependencies-extras.cmake
[6.655s] -- Installing: /home/dung/ros_ws/install/my_robot_motion/share/my_robot_motion/cmake/ament_cmake_export_libraries-extras.cmake
[6.655s] -- Installing: /home/dung/ros_ws/install/my_robot_motion/share/my_robot_motion/cmake/my_robot_motionConfig.cmake
[6.655s] -- Installing: /home/dung/ros_ws/install/my_robot_motion/share/my_robot_motion/cmake/my_robot_motionConfig-version.cmake
[6.655s] -- Installing: /home/dung/ros_ws/install/my_robot_motion/share/my_robot_motion/package.xml
[6.662s] Invoked command in '/home/dung/ros_ws/build/my_robot_motion' returned '0': CMAKE_PREFIX_PATH=/opt/ros/humble /usr/bin/cmake --install /home/dung/ros_ws/build/my_robot_motion
