[0.033s] Invoking command in '/home/dung/ros_ws/build/my_robot_utils': /usr/bin/cmake --build /home/dung/ros_ws/build/my_robot_utils -- -j12 -l12
[0.103s] Built target ament_cmake_python_copy_my_robot_utils
[0.313s] running egg_info
[0.314s] writing my_robot_utils.egg-info/PKG-INFO
[0.314s] writing dependency_links to my_robot_utils.egg-info/dependency_links.txt
[0.314s] writing top-level names to my_robot_utils.egg-info/top_level.txt
[0.320s] reading manifest file 'my_robot_utils.egg-info/SOURCES.txt'
[0.321s] writing manifest file 'my_robot_utils.egg-info/SOURCES.txt'
[0.374s] Built target ament_cmake_python_build_my_robot_utils_egg
[0.391s] Invoked command in '/home/dung/ros_ws/build/my_robot_utils' returned '0': /usr/bin/cmake --build /home/dung/ros_ws/build/my_robot_utils -- -j12 -l12
[0.393s] Invoking command in '/home/dung/ros_ws/build/my_robot_utils': /usr/bin/cmake --install /home/dung/ros_ws/build/my_robot_utils
[0.404s] -- Install configuration: ""
[0.404s] -- Up-to-date: /home/dung/ros_ws/install/my_robot_utils/share/my_robot_utils/environment/pythonpath.sh
[0.404s] -- Up-to-date: /home/dung/ros_ws/install/my_robot_utils/share/my_robot_utils/environment/pythonpath.dsv
[0.404s] -- Up-to-date: /home/dung/ros_ws/install/my_robot_utils/local/lib/python3.10/dist-packages/my_robot_utils-0.0.0-py3.10.egg-info
[0.404s] -- Installing: /home/dung/ros_ws/install/my_robot_utils/local/lib/python3.10/dist-packages/my_robot_utils-0.0.0-py3.10.egg-info/dependency_links.txt
[0.404s] -- Installing: /home/dung/ros_ws/install/my_robot_utils/local/lib/python3.10/dist-packages/my_robot_utils-0.0.0-py3.10.egg-info/PKG-INFO
[0.404s] -- Installing: /home/dung/ros_ws/install/my_robot_utils/local/lib/python3.10/dist-packages/my_robot_utils-0.0.0-py3.10.egg-info/top_level.txt
[0.404s] -- Installing: /home/dung/ros_ws/install/my_robot_utils/local/lib/python3.10/dist-packages/my_robot_utils-0.0.0-py3.10.egg-info/SOURCES.txt
[0.404s] -- Up-to-date: /home/dung/ros_ws/install/my_robot_utils/local/lib/python3.10/dist-packages/my_robot_utils
[0.404s] -- Up-to-date: /home/dung/ros_ws/install/my_robot_utils/local/lib/python3.10/dist-packages/my_robot_utils/__init__.py
[0.404s] -- Up-to-date: /home/dung/ros_ws/install/my_robot_utils/local/lib/python3.10/dist-packages/my_robot_utils/safety_stop.py
[0.432s] Listing '/home/dung/ros_ws/install/my_robot_utils/local/lib/python3.10/dist-packages/my_robot_utils'...
[0.435s] -- Up-to-date: /home/dung/ros_ws/install/my_robot_utils/lib/my_robot_utils/safety_stop.py
[0.435s] -- Up-to-date: /home/dung/ros_ws/install/my_robot_utils/share/ament_index/resource_index/package_run_dependencies/my_robot_utils
[0.435s] -- Up-to-date: /home/dung/ros_ws/install/my_robot_utils/share/ament_index/resource_index/parent_prefix_path/my_robot_utils
[0.435s] -- Up-to-date: /home/dung/ros_ws/install/my_robot_utils/share/my_robot_utils/environment/ament_prefix_path.sh
[0.436s] -- Up-to-date: /home/dung/ros_ws/install/my_robot_utils/share/my_robot_utils/environment/ament_prefix_path.dsv
[0.436s] -- Up-to-date: /home/dung/ros_ws/install/my_robot_utils/share/my_robot_utils/environment/path.sh
[0.440s] -- Up-to-date: /home/dung/ros_ws/install/my_robot_utils/share/my_robot_utils/environment/path.dsv
[0.440s] -- Up-to-date: /home/dung/ros_ws/install/my_robot_utils/share/my_robot_utils/local_setup.bash
[0.440s] -- Up-to-date: /home/dung/ros_ws/install/my_robot_utils/share/my_robot_utils/local_setup.sh
[0.440s] -- Up-to-date: /home/dung/ros_ws/install/my_robot_utils/share/my_robot_utils/local_setup.zsh
[0.440s] -- Up-to-date: /home/dung/ros_ws/install/my_robot_utils/share/my_robot_utils/local_setup.dsv
[0.440s] -- Installing: /home/dung/ros_ws/install/my_robot_utils/share/my_robot_utils/package.dsv
[0.441s] -- Up-to-date: /home/dung/ros_ws/install/my_robot_utils/share/ament_index/resource_index/packages/my_robot_utils
[0.441s] -- Up-to-date: /home/dung/ros_ws/install/my_robot_utils/share/my_robot_utils/cmake/my_robot_utilsConfig.cmake
[0.441s] -- Up-to-date: /home/dung/ros_ws/install/my_robot_utils/share/my_robot_utils/cmake/my_robot_utilsConfig-version.cmake
[0.441s] -- Up-to-date: /home/dung/ros_ws/install/my_robot_utils/share/my_robot_utils/package.xml
[0.468s] Invoked command in '/home/dung/ros_ws/build/my_robot_utils' returned '0': /usr/bin/cmake --install /home/dung/ros_ws/build/my_robot_utils
