[0.128s] Invoking command in '/home/dung/ros_ws/build/my_robot_planning': CMAKE_PREFIX_PATH=${CMAKE_PREFIX_PATH}:/home/dung/ros_ws/install/keyboard_teleop:/opt/ros/humble /usr/bin/cmake --build /home/dung/ros_ws/build/my_robot_planning -- -j6 -l6
[0.254s] -- Found ament_cmake: 1.3.12 (/opt/ros/humble/share/ament_cmake/cmake)
[0.802s] -- Override CMake install command with custom implementation using symlinks instead of copying resources
[0.844s] -- Found rclcpp: 16.0.14 (/opt/ros/humble/share/rclcpp/cmake)
[0.960s] -- Found rosidl_generator_c: 3.1.7 (/opt/ros/humble/share/rosidl_generator_c/cmake)
[0.962s] -- Found rosidl_adapter: 3.1.7 (/opt/ros/humble/share/rosidl_adapter/cmake)
[0.984s] -- Found rosidl_generator_cpp: 3.1.7 (/opt/ros/humble/share/rosidl_generator_cpp/cmake)
[1.000s] -- Using all available rosidl_typesupport_c: rosidl_typesupport_fastrtps_c;rosidl_typesupport_introspection_c
[1.029s] -- Using all available rosidl_typesupport_cpp: rosidl_typesupport_fastrtps_cpp;rosidl_typesupport_introspection_cpp
[1.161s] -- Found rmw_implementation_cmake: 6.1.2 (/opt/ros/humble/share/rmw_implementation_cmake/cmake)
[1.167s] -- Found rmw_fastrtps_cpp: 6.2.8 (/opt/ros/humble/share/rmw_fastrtps_cpp/cmake)
[1.349s] -- Using RMW implementation 'rmw_fastrtps_cpp' as default
[1.457s] -- Found rclpy: 3.3.17 (/opt/ros/humble/share/rclpy/cmake)
[1.458s] -- Found nav_msgs: 4.9.0 (/opt/ros/humble/share/nav_msgs/cmake)
[1.513s] -- Found tf2_ros: 0.25.16 (/opt/ros/humble/share/tf2_ros/cmake)
[1.666s] -- Found nav2_core: 1.1.19 (/opt/ros/humble/share/nav2_core/cmake)
[1.807s] -- Ensuring Eigen3 include directory is part of orocos-kdl CMake target
[2.177s] -- Found ament_lint_auto: 0.12.14 (/opt/ros/humble/share/ament_lint_auto/cmake)
[2.265s] -- Added test 'cppcheck' to perform static code analysis on C / C++ code
[2.265s] -- Configured cppcheck include dirs: /home/dung/ros_ws/src/my_robot_planning/include
[2.265s] -- Configured cppcheck exclude dirs and/or files: 
[2.265s] -- Added test 'flake8' to check Python code syntax and style conventions
[2.266s] -- Added test 'lint_cmake' to check CMake code style
[2.266s] -- Added test 'pep257' to check Python code against some of the docstring style conventions in PEP 257
[2.267s] -- Added test 'uncrustify' to check C / C++ code style
[2.267s] -- Configured uncrustify additional arguments: 
[2.268s] -- Added test 'xmllint' to check XML markup files
[2.272s] -- Configuring done
[2.438s] -- Generating done
[2.445s] -- Build files have been written to: /home/dung/ros_ws/build/my_robot_planning
[2.508s] [ 25%] [32mBuilding CXX object CMakeFiles/dijkstra_planner.dir/src/dijkstra_planner.cpp.o[0m
[2.530s] [01m[K/home/dung/ros_ws/src/my_robot_planning/src/dijkstra_planner.cpp:1:10:[m[K [01;31m[Kfatal error: [m[Kmy_robot_planning/dijktra_planner.hpp: No such file or directory
[2.530s]     1 | #include [01;31m[K"my_robot_planning/dijktra_planner.hpp"[m[K
[2.530s]       |          [01;31m[K^~~~~~~~~~~~~~~~~~~~~~~~~~~~~~~~~~~~~~~[m[K
[2.530s] compilation terminated.
[2.530s] gmake[2]: *** [CMakeFiles/dijkstra_planner.dir/build.make:76: CMakeFiles/dijkstra_planner.dir/src/dijkstra_planner.cpp.o] Error 1
[2.530s] gmake[1]: *** [CMakeFiles/Makefile2:142: CMakeFiles/dijkstra_planner.dir/all] Error 2
[2.531s] gmake: *** [Makefile:146: all] Error 2
[2.534s] Invoked command in '/home/dung/ros_ws/build/my_robot_planning' returned '2': CMAKE_PREFIX_PATH=${CMAKE_PREFIX_PATH}:/home/dung/ros_ws/install/keyboard_teleop:/opt/ros/humble /usr/bin/cmake --build /home/dung/ros_ws/build/my_robot_planning -- -j6 -l6
