[0.017s] Invoking command in '/home/dung/ros_ws/build/my_robot_localization': /usr/bin/cmake --build /home/dung/ros_ws/build/my_robot_localization -- -j12 -l12
[0.079s] Built target ament_cmake_python_copy_my_robot_localization
[0.311s] running egg_info
[0.312s] writing my_robot_localization.egg-info/PKG-INFO
[0.312s] writing dependency_links to my_robot_localization.egg-info/dependency_links.txt
[0.313s] writing top-level names to my_robot_localization.egg-info/top_level.txt
[0.318s] reading manifest file 'my_robot_localization.egg-info/SOURCES.txt'
[0.318s] writing manifest file 'my_robot_localization.egg-info/SOURCES.txt'
[0.381s] Built target ament_cmake_python_build_my_robot_localization_egg
[0.404s] Invoked command in '/home/dung/ros_ws/build/my_robot_localization' returned '0': /usr/bin/cmake --build /home/dung/ros_ws/build/my_robot_localization -- -j12 -l12
[0.408s] Invoking command in '/home/dung/ros_ws/build/my_robot_localization': /usr/bin/cmake --install /home/dung/ros_ws/build/my_robot_localization
[0.414s] -- Install configuration: ""
[0.414s] -- Up-to-date: /home/dung/ros_ws/install/my_robot_localization/share/my_robot_localization/environment/pythonpath.sh
[0.414s] -- Up-to-date: /home/dung/ros_ws/install/my_robot_localization/share/my_robot_localization/environment/pythonpath.dsv
[0.414s] -- Up-to-date: /home/dung/ros_ws/install/my_robot_localization/local/lib/python3.10/dist-packages/my_robot_localization-0.0.0-py3.10.egg-info
[0.414s] -- Installing: /home/dung/ros_ws/install/my_robot_localization/local/lib/python3.10/dist-packages/my_robot_localization-0.0.0-py3.10.egg-info/dependency_links.txt
[0.414s] -- Installing: /home/dung/ros_ws/install/my_robot_localization/local/lib/python3.10/dist-packages/my_robot_localization-0.0.0-py3.10.egg-info/PKG-INFO
[0.414s] -- Installing: /home/dung/ros_ws/install/my_robot_localization/local/lib/python3.10/dist-packages/my_robot_localization-0.0.0-py3.10.egg-info/top_level.txt
[0.415s] -- Installing: /home/dung/ros_ws/install/my_robot_localization/local/lib/python3.10/dist-packages/my_robot_localization-0.0.0-py3.10.egg-info/SOURCES.txt
[0.415s] -- Up-to-date: /home/dung/ros_ws/install/my_robot_localization/local/lib/python3.10/dist-packages/my_robot_localization
[0.415s] -- Up-to-date: /home/dung/ros_ws/install/my_robot_localization/local/lib/python3.10/dist-packages/my_robot_localization/__init__.py
[0.415s] -- Up-to-date: /home/dung/ros_ws/install/my_robot_localization/local/lib/python3.10/dist-packages/my_robot_localization/odom_motion.py
[0.415s] -- Up-to-date: /home/dung/ros_ws/install/my_robot_localization/local/lib/python3.10/dist-packages/my_robot_localization/kalma_filter.py
[0.415s] -- Up-to-date: /home/dung/ros_ws/install/my_robot_localization/local/lib/python3.10/dist-packages/my_robot_localization/imu_republisher.py
[0.447s] Listing '/home/dung/ros_ws/install/my_robot_localization/local/lib/python3.10/dist-packages/my_robot_localization'...
[0.448s] -- Up-to-date: /home/dung/ros_ws/install/my_robot_localization/lib/my_robot_localization/kalma_filter.py
[0.449s] -- Up-to-date: /home/dung/ros_ws/install/my_robot_localization/lib/my_robot_localization/imu_republisher.py
[0.449s] -- Up-to-date: /home/dung/ros_ws/install/my_robot_localization/lib/my_robot_localization/odom_motion.py
[0.449s] -- Up-to-date: /home/dung/ros_ws/install/my_robot_localization/share/my_robot_localization/launch
[0.449s] -- Up-to-date: /home/dung/ros_ws/install/my_robot_localization/share/my_robot_localization/launch/local_localization.launch.py
[0.449s] -- Up-to-date: /home/dung/ros_ws/install/my_robot_localization/share/my_robot_localization/launch/global_localization.launch.py
[0.449s] -- Up-to-date: /home/dung/ros_ws/install/my_robot_localization/share/my_robot_localization/config
[0.449s] -- Up-to-date: /home/dung/ros_ws/install/my_robot_localization/share/my_robot_localization/config/amcl.yaml
[0.449s] -- Up-to-date: /home/dung/ros_ws/install/my_robot_localization/share/my_robot_localization/config/ekf.yaml
[0.450s] -- Up-to-date: /home/dung/ros_ws/install/my_robot_localization/share/ament_index/resource_index/package_run_dependencies/my_robot_localization
[0.450s] -- Up-to-date: /home/dung/ros_ws/install/my_robot_localization/share/ament_index/resource_index/parent_prefix_path/my_robot_localization
[0.450s] -- Up-to-date: /home/dung/ros_ws/install/my_robot_localization/share/my_robot_localization/environment/ament_prefix_path.sh
[0.450s] -- Up-to-date: /home/dung/ros_ws/install/my_robot_localization/share/my_robot_localization/environment/ament_prefix_path.dsv
[0.450s] -- Up-to-date: /home/dung/ros_ws/install/my_robot_localization/share/my_robot_localization/environment/path.sh
[0.450s] -- Up-to-date: /home/dung/ros_ws/install/my_robot_localization/share/my_robot_localization/environment/path.dsv
[0.451s] -- Up-to-date: /home/dung/ros_ws/install/my_robot_localization/share/my_robot_localization/local_setup.bash
[0.451s] -- Up-to-date: /home/dung/ros_ws/install/my_robot_localization/share/my_robot_localization/local_setup.sh
[0.451s] -- Up-to-date: /home/dung/ros_ws/install/my_robot_localization/share/my_robot_localization/local_setup.zsh
[0.451s] -- Up-to-date: /home/dung/ros_ws/install/my_robot_localization/share/my_robot_localization/local_setup.dsv
[0.451s] -- Installing: /home/dung/ros_ws/install/my_robot_localization/share/my_robot_localization/package.dsv
[0.451s] -- Up-to-date: /home/dung/ros_ws/install/my_robot_localization/share/ament_index/resource_index/packages/my_robot_localization
[0.451s] -- Up-to-date: /home/dung/ros_ws/install/my_robot_localization/share/my_robot_localization/cmake/my_robot_localizationConfig.cmake
[0.451s] -- Up-to-date: /home/dung/ros_ws/install/my_robot_localization/share/my_robot_localization/cmake/my_robot_localizationConfig-version.cmake
[0.451s] -- Up-to-date: /home/dung/ros_ws/install/my_robot_localization/share/my_robot_localization/package.xml
[0.466s] Invoked command in '/home/dung/ros_ws/build/my_robot_localization' returned '0': /usr/bin/cmake --install /home/dung/ros_ws/build/my_robot_localization
