[0.033s] Invoking command in '/home/dung/ros_ws/build/my_robot_planning': CMAKE_PREFIX_PATH=/opt/ros/humble /usr/bin/cmake /home/dung/ros_ws/src/my_robot_planning -DCMAKE_INSTALL_PREFIX=/home/dung/ros_ws/install/my_robot_planning
[0.050s] -- Found ament_cmake: 1.3.12 (/opt/ros/humble/share/ament_cmake/cmake)
[0.224s] -- Found Python3: /usr/bin/python3 (found version "3.10.12") found components: Interpreter 
[0.333s] -- Found rclcpp: 16.0.15 (/opt/ros/humble/share/rclcpp/cmake)
[0.370s] -- Found rosidl_generator_c: 3.1.7 (/opt/ros/humble/share/rosidl_generator_c/cmake)
[0.374s] -- Found rosidl_adapter: 3.1.7 (/opt/ros/humble/share/rosidl_adapter/cmake)
[0.383s] -- Found rosidl_generator_cpp: 3.1.7 (/opt/ros/humble/share/rosidl_generator_cpp/cmake)
[0.395s] -- Using all available rosidl_typesupport_c: rosidl_typesupport_fastrtps_c;rosidl_typesupport_introspection_c
[0.412s] -- Using all available rosidl_typesupport_cpp: rosidl_typesupport_fastrtps_cpp;rosidl_typesupport_introspection_cpp
[0.478s] -- Found rmw_implementation_cmake: 6.1.2 (/opt/ros/humble/share/rmw_implementation_cmake/cmake)
[0.481s] -- Found rmw_fastrtps_cpp: 6.2.8 (/opt/ros/humble/share/rmw_fastrtps_cpp/cmake)
[0.592s] -- Found OpenSSL: /usr/lib/x86_64-linux-gnu/libcrypto.so (found version "3.0.2")  
[0.616s] -- Found FastRTPS: /opt/ros/humble/include  
[0.662s] -- Using RMW implementation 'rmw_fastrtps_cpp' as default
[0.676s] -- Looking for pthread.h
[0.750s] -- Looking for pthread.h - found
[0.751s] -- Performing Test CMAKE_HAVE_LIBC_PTHREAD
[0.824s] -- Performing Test CMAKE_HAVE_LIBC_PTHREAD - Success
[0.826s] -- Found Threads: TRUE  
[0.898s] -- Found rclcpp_action: 16.0.15 (/opt/ros/humble/share/rclcpp_action/cmake)
[0.934s] -- Found rclpy: 3.3.17 (/opt/ros/humble/share/rclpy/cmake)
[0.936s] -- Found nav_msgs: 4.9.0 (/opt/ros/humble/share/nav_msgs/cmake)
[0.962s] -- Found tf2_ros: 0.25.16 (/opt/ros/humble/share/tf2_ros/cmake)
[1.030s] -- Found nav2_core: 1.1.18 (/opt/ros/humble/share/nav2_core/cmake)
[1.163s] -- Found Eigen3: TRUE (found version "3.4.0") 
[1.163s] -- Ensuring Eigen3 include directory is part of orocos-kdl CMake target
[1.479s] -- Found ament_lint_auto: 0.12.14 (/opt/ros/humble/share/ament_lint_auto/cmake)
[1.551s] -- Added test 'cppcheck' to perform static code analysis on C / C++ code
[1.552s] -- Configured cppcheck include dirs: /home/dung/ros_ws/src/my_robot_planning/include
[1.552s] -- Configured cppcheck exclude dirs and/or files: 
[1.553s] -- Added test 'flake8' to check Python code syntax and style conventions
[1.553s] -- Added test 'lint_cmake' to check CMake code style
[1.553s] -- Added test 'pep257' to check Python code against some of the docstring style conventions in PEP 257
[1.554s] -- Added test 'uncrustify' to check C / C++ code style
[1.554s] -- Configured uncrustify additional arguments: 
[1.554s] -- Added test 'xmllint' to check XML markup files
[1.556s] -- Configuring done
[1.637s] -- Generating done
[1.647s] -- Build files have been written to: /home/dung/ros_ws/build/my_robot_planning
[1.655s] Invoked command in '/home/dung/ros_ws/build/my_robot_planning' returned '0': CMAKE_PREFIX_PATH=/opt/ros/humble /usr/bin/cmake /home/dung/ros_ws/src/my_robot_planning -DCMAKE_INSTALL_PREFIX=/home/dung/ros_ws/install/my_robot_planning
[1.657s] Invoking command in '/home/dung/ros_ws/build/my_robot_planning': CMAKE_PREFIX_PATH=/opt/ros/humble /usr/bin/cmake --build /home/dung/ros_ws/build/my_robot_planning -- -j12 -l12
[1.704s] [ 25%] [32mBuilding CXX object CMakeFiles/a_star.dir/src/a_star.cpp.o[0m
[1.708s] [ 50%] [32mBuilding CXX object CMakeFiles/dijkstra_planner.dir/src/dijkstra_planner.cpp.o[0m
[1.725s] [ 50%] Built target ament_cmake_python_copy_my_robot_planning
[1.944s] running egg_info
[1.945s] creating my_robot_planning.egg-info
[1.945s] writing my_robot_planning.egg-info/PKG-INFO
[1.946s] writing dependency_links to my_robot_planning.egg-info/dependency_links.txt
[1.946s] writing top-level names to my_robot_planning.egg-info/top_level.txt
[1.947s] writing manifest file 'my_robot_planning.egg-info/SOURCES.txt'
[1.948s] reading manifest file 'my_robot_planning.egg-info/SOURCES.txt'
[1.948s] writing manifest file 'my_robot_planning.egg-info/SOURCES.txt'
[1.995s] [ 50%] Built target ament_cmake_python_build_my_robot_planning_egg
[5.634s] [ 75%] [32m[1mLinking CXX shared library liba_star.so[0m
[5.862s] [ 75%] Built target a_star
[6.344s] [100%] [32m[1mLinking CXX shared library libdijkstra_planner.so[0m
[6.600s] [100%] Built target dijkstra_planner
[6.612s] Invoked command in '/home/dung/ros_ws/build/my_robot_planning' returned '0': CMAKE_PREFIX_PATH=/opt/ros/humble /usr/bin/cmake --build /home/dung/ros_ws/build/my_robot_planning -- -j12 -l12
[6.612s] Invoking command in '/home/dung/ros_ws/build/my_robot_planning': CMAKE_PREFIX_PATH=/opt/ros/humble /usr/bin/cmake --install /home/dung/ros_ws/build/my_robot_planning
[6.615s] -- Install configuration: ""
[6.616s] -- Installing: /home/dung/ros_ws/install/my_robot_planning/share/my_robot_planning/environment/pythonpath.sh
[6.616s] -- Installing: /home/dung/ros_ws/install/my_robot_planning/share/my_robot_planning/environment/pythonpath.dsv
[6.616s] -- Installing: /home/dung/ros_ws/install/my_robot_planning/local/lib/python3.10/dist-packages/my_robot_planning-0.0.0-py3.10.egg-info
[6.616s] -- Installing: /home/dung/ros_ws/install/my_robot_planning/local/lib/python3.10/dist-packages/my_robot_planning-0.0.0-py3.10.egg-info/dependency_links.txt
[6.616s] -- Installing: /home/dung/ros_ws/install/my_robot_planning/local/lib/python3.10/dist-packages/my_robot_planning-0.0.0-py3.10.egg-info/PKG-INFO
[6.616s] -- Installing: /home/dung/ros_ws/install/my_robot_planning/local/lib/python3.10/dist-packages/my_robot_planning-0.0.0-py3.10.egg-info/top_level.txt
[6.616s] -- Installing: /home/dung/ros_ws/install/my_robot_planning/local/lib/python3.10/dist-packages/my_robot_planning-0.0.0-py3.10.egg-info/SOURCES.txt
[6.616s] -- Installing: /home/dung/ros_ws/install/my_robot_planning/local/lib/python3.10/dist-packages/my_robot_planning
[6.616s] -- Installing: /home/dung/ros_ws/install/my_robot_planning/local/lib/python3.10/dist-packages/my_robot_planning/__init__.py
[6.616s] -- Installing: /home/dung/ros_ws/install/my_robot_planning/local/lib/python3.10/dist-packages/my_robot_planning/dijkstra_planner.py
[6.616s] -- Installing: /home/dung/ros_ws/install/my_robot_planning/local/lib/python3.10/dist-packages/my_robot_planning/a_star.py
[6.641s] Listing '/home/dung/ros_ws/install/my_robot_planning/local/lib/python3.10/dist-packages/my_robot_planning'...
[6.641s] Compiling '/home/dung/ros_ws/install/my_robot_planning/local/lib/python3.10/dist-packages/my_robot_planning/__init__.py'...
[6.641s] Compiling '/home/dung/ros_ws/install/my_robot_planning/local/lib/python3.10/dist-packages/my_robot_planning/a_star.py'...
[6.641s] Compiling '/home/dung/ros_ws/install/my_robot_planning/local/lib/python3.10/dist-packages/my_robot_planning/dijkstra_planner.py'...
[6.643s] -- Installing: /home/dung/ros_ws/install/my_robot_planning/share/my_robot_planning/global_planner_plugins.xml
[6.644s] -- Installing: /home/dung/ros_ws/install/my_robot_planning/lib/my_robot_planning/dijkstra_planner.py
[6.644s] -- Installing: /home/dung/ros_ws/install/my_robot_planning/lib/my_robot_planning/a_star.py
[6.644s] -- Installing: /home/dung/ros_ws/install/my_robot_planning/include/include
[6.644s] -- Installing: /home/dung/ros_ws/install/my_robot_planning/include/include/my_robot_planning
[6.644s] -- Installing: /home/dung/ros_ws/install/my_robot_planning/include/include/my_robot_planning/a_star.hpp
[6.644s] -- Installing: /home/dung/ros_ws/install/my_robot_planning/include/include/my_robot_planning/dijkstra_planner.hpp
[6.644s] -- Installing: /home/dung/ros_ws/install/my_robot_planning/lib/my_robot_planning/libdijkstra_planner.so
[6.645s] -- Set runtime path of "/home/dung/ros_ws/install/my_robot_planning/lib/my_robot_planning/libdijkstra_planner.so" to ""
[6.645s] -- Installing: /home/dung/ros_ws/install/my_robot_planning/lib/my_robot_planning/liba_star.so
[6.645s] -- Set runtime path of "/home/dung/ros_ws/install/my_robot_planning/lib/my_robot_planning/liba_star.so" to ""
[6.645s] -- Up-to-date: /home/dung/ros_ws/install/my_robot_planning/share/my_robot_planning/global_planner_plugins.xml
[6.645s] -- Installing: /home/dung/ros_ws/install/my_robot_planning/share/ament_index/resource_index/package_run_dependencies/my_robot_planning
[6.645s] -- Installing: /home/dung/ros_ws/install/my_robot_planning/share/ament_index/resource_index/parent_prefix_path/my_robot_planning
[6.645s] -- Installing: /home/dung/ros_ws/install/my_robot_planning/share/my_robot_planning/environment/ament_prefix_path.sh
[6.646s] -- Installing: /home/dung/ros_ws/install/my_robot_planning/share/my_robot_planning/environment/ament_prefix_path.dsv
[6.646s] -- Installing: /home/dung/ros_ws/install/my_robot_planning/share/my_robot_planning/environment/path.sh
[6.646s] -- Installing: /home/dung/ros_ws/install/my_robot_planning/share/my_robot_planning/environment/path.dsv
[6.646s] -- Installing: /home/dung/ros_ws/install/my_robot_planning/share/my_robot_planning/local_setup.bash
[6.646s] -- Installing: /home/dung/ros_ws/install/my_robot_planning/share/my_robot_planning/local_setup.sh
[6.646s] -- Installing: /home/dung/ros_ws/install/my_robot_planning/share/my_robot_planning/local_setup.zsh
[6.646s] -- Installing: /home/dung/ros_ws/install/my_robot_planning/share/my_robot_planning/local_setup.dsv
[6.646s] -- Installing: /home/dung/ros_ws/install/my_robot_planning/share/my_robot_planning/package.dsv
[6.646s] -- Installing: /home/dung/ros_ws/install/my_robot_planning/share/ament_index/resource_index/packages/my_robot_planning
[6.646s] -- Installing: /home/dung/ros_ws/install/my_robot_planning/share/ament_index/resource_index/nav2_core__pluginlib__plugin/my_robot_planning
[6.646s] -- Installing: /home/dung/ros_ws/install/my_robot_planning/share/my_robot_planning/cmake/ament_cmake_export_include_directories-extras.cmake
[6.646s] -- Installing: /home/dung/ros_ws/install/my_robot_planning/share/my_robot_planning/cmake/ament_cmake_export_dependencies-extras.cmake
[6.646s] -- Installing: /home/dung/ros_ws/install/my_robot_planning/share/my_robot_planning/cmake/my_robot_planningConfig.cmake
[6.646s] -- Installing: /home/dung/ros_ws/install/my_robot_planning/share/my_robot_planning/cmake/my_robot_planningConfig-version.cmake
[6.646s] -- Installing: /home/dung/ros_ws/install/my_robot_planning/share/my_robot_planning/package.xml
[6.648s] Invoked command in '/home/dung/ros_ws/build/my_robot_planning' returned '0': CMAKE_PREFIX_PATH=/opt/ros/humble /usr/bin/cmake --install /home/dung/ros_ws/build/my_robot_planning
