[0.054s] Invoking command in '/home/dung/ros_ws/build/my_robot_localization': CMAKE_PREFIX_PATH=${CMAKE_PREFIX_PATH}:/home/dung/ros_ws/install/keyboard_teleop:/opt/ros/humble /usr/bin/cmake --build /home/dung/ros_ws/build/my_robot_localization -- -j6 -l6
[0.392s] Built target ament_cmake_python_copy_my_robot_localization
[1.298s] running egg_info
[1.298s] writing my_robot_localization.egg-info/PKG-INFO
[1.304s] writing dependency_links to my_robot_localization.egg-info/dependency_links.txt
[1.304s] writing top-level names to my_robot_localization.egg-info/top_level.txt
[1.326s] reading manifest file 'my_robot_localization.egg-info/SOURCES.txt'
[1.327s] writing manifest file 'my_robot_localization.egg-info/SOURCES.txt'
[1.583s] Built target ament_cmake_python_build_my_robot_localization_egg
[1.652s] Invoked command in '/home/dung/ros_ws/build/my_robot_localization' returned '0': CMAKE_PREFIX_PATH=${CMAKE_PREFIX_PATH}:/home/dung/ros_ws/install/keyboard_teleop:/opt/ros/humble /usr/bin/cmake --build /home/dung/ros_ws/build/my_robot_localization -- -j6 -l6
[1.656s] Invoking command in '/home/dung/ros_ws/build/my_robot_localization': CMAKE_PREFIX_PATH=${CMAKE_PREFIX_PATH}:/home/dung/ros_ws/install/keyboard_teleop:/opt/ros/humble /usr/bin/cmake --install /home/dung/ros_ws/build/my_robot_localization
[1.795s] -- Install configuration: ""
[1.795s] -- Up-to-date: /home/dung/ros_ws/install/my_robot_localization/share/my_robot_localization/environment/pythonpath.sh
[1.795s] -- Up-to-date: /home/dung/ros_ws/install/my_robot_localization/share/my_robot_localization/environment/pythonpath.dsv
[1.795s] -- Up-to-date: /home/dung/ros_ws/install/my_robot_localization/local/lib/python3.10/dist-packages/my_robot_localization-0.0.0-py3.10.egg-info
[1.795s] -- Installing: /home/dung/ros_ws/install/my_robot_localization/local/lib/python3.10/dist-packages/my_robot_localization-0.0.0-py3.10.egg-info/dependency_links.txt
[1.795s] -- Installing: /home/dung/ros_ws/install/my_robot_localization/local/lib/python3.10/dist-packages/my_robot_localization-0.0.0-py3.10.egg-info/SOURCES.txt
[1.795s] -- Installing: /home/dung/ros_ws/install/my_robot_localization/local/lib/python3.10/dist-packages/my_robot_localization-0.0.0-py3.10.egg-info/top_level.txt
[1.795s] -- Installing: /home/dung/ros_ws/install/my_robot_localization/local/lib/python3.10/dist-packages/my_robot_localization-0.0.0-py3.10.egg-info/PKG-INFO
[1.795s] -- Up-to-date: /home/dung/ros_ws/install/my_robot_localization/local/lib/python3.10/dist-packages/my_robot_localization
[1.795s] -- Up-to-date: /home/dung/ros_ws/install/my_robot_localization/local/lib/python3.10/dist-packages/my_robot_localization/imu_republisher.py
[1.795s] -- Up-to-date: /home/dung/ros_ws/install/my_robot_localization/local/lib/python3.10/dist-packages/my_robot_localization/__init__.py
[1.795s] -- Up-to-date: /home/dung/ros_ws/install/my_robot_localization/local/lib/python3.10/dist-packages/my_robot_localization/kalma_filter.py
[1.795s] -- Up-to-date: /home/dung/ros_ws/install/my_robot_localization/local/lib/python3.10/dist-packages/my_robot_localization/odom_motion.py
[1.826s] Listing '/home/dung/ros_ws/install/my_robot_localization/local/lib/python3.10/dist-packages/my_robot_localization'...
[1.850s] -- Up-to-date: /home/dung/ros_ws/install/my_robot_localization/lib/my_robot_localization/kalma_filter.py
[1.850s] -- Up-to-date: /home/dung/ros_ws/install/my_robot_localization/lib/my_robot_localization/imu_republisher.py
[1.850s] -- Up-to-date: /home/dung/ros_ws/install/my_robot_localization/lib/my_robot_localization/odom_motion.py
[1.850s] -- Up-to-date: /home/dung/ros_ws/install/my_robot_localization/share/my_robot_localization/launch
[1.850s] -- Up-to-date: /home/dung/ros_ws/install/my_robot_localization/share/my_robot_localization/launch/global_localization.launch.py
[1.850s] -- Up-to-date: /home/dung/ros_ws/install/my_robot_localization/share/my_robot_localization/launch/local_localization.launch.py
[1.850s] -- Up-to-date: /home/dung/ros_ws/install/my_robot_localization/share/my_robot_localization/config
[1.850s] -- Up-to-date: /home/dung/ros_ws/install/my_robot_localization/share/my_robot_localization/config/ekf.yaml
[1.850s] -- Up-to-date: /home/dung/ros_ws/install/my_robot_localization/share/my_robot_localization/config/amcl.yaml
[1.850s] -- Up-to-date: /home/dung/ros_ws/install/my_robot_localization/share/ament_index/resource_index/package_run_dependencies/my_robot_localization
[1.850s] -- Up-to-date: /home/dung/ros_ws/install/my_robot_localization/share/ament_index/resource_index/parent_prefix_path/my_robot_localization
[1.850s] -- Up-to-date: /home/dung/ros_ws/install/my_robot_localization/share/my_robot_localization/environment/ament_prefix_path.sh
[1.850s] -- Up-to-date: /home/dung/ros_ws/install/my_robot_localization/share/my_robot_localization/environment/ament_prefix_path.dsv
[1.850s] -- Up-to-date: /home/dung/ros_ws/install/my_robot_localization/share/my_robot_localization/environment/path.sh
[1.850s] -- Up-to-date: /home/dung/ros_ws/install/my_robot_localization/share/my_robot_localization/environment/path.dsv
[1.851s] -- Up-to-date: /home/dung/ros_ws/install/my_robot_localization/share/my_robot_localization/local_setup.bash
[1.851s] -- Up-to-date: /home/dung/ros_ws/install/my_robot_localization/share/my_robot_localization/local_setup.sh
[1.851s] -- Up-to-date: /home/dung/ros_ws/install/my_robot_localization/share/my_robot_localization/local_setup.zsh
[1.851s] -- Up-to-date: /home/dung/ros_ws/install/my_robot_localization/share/my_robot_localization/local_setup.dsv
[1.851s] -- Installing: /home/dung/ros_ws/install/my_robot_localization/share/my_robot_localization/package.dsv
[1.851s] -- Up-to-date: /home/dung/ros_ws/install/my_robot_localization/share/ament_index/resource_index/packages/my_robot_localization
[1.851s] -- Up-to-date: /home/dung/ros_ws/install/my_robot_localization/share/my_robot_localization/cmake/my_robot_localizationConfig.cmake
[1.851s] -- Up-to-date: /home/dung/ros_ws/install/my_robot_localization/share/my_robot_localization/cmake/my_robot_localizationConfig-version.cmake
[1.851s] -- Up-to-date: /home/dung/ros_ws/install/my_robot_localization/share/my_robot_localization/package.xml
[1.902s] Invoked command in '/home/dung/ros_ws/build/my_robot_localization' returned '0': CMAKE_PREFIX_PATH=${CMAKE_PREFIX_PATH}:/home/dung/ros_ws/install/keyboard_teleop:/opt/ros/humble /usr/bin/cmake --install /home/dung/ros_ws/build/my_robot_localization
