[0.024s] Invoking command in '/home/dung/ros_ws/build/my_robot_firmware': CMAKE_PREFIX_PATH=${CMAKE_PREFIX_PATH}:/home/dung/ros_ws/install/keyboard_teleop:/opt/ros/humble /usr/bin/cmake --build /home/dung/ros_ws/build/my_robot_firmware -- -j12 -l12
[0.069s] Built target ament_cmake_python_symlink_my_robot_firmware
[0.299s] running egg_info
[0.299s] writing my_robot_firmware.egg-info/PKG-INFO
[0.299s] writing dependency_links to my_robot_firmware.egg-info/dependency_links.txt
[0.300s] writing top-level names to my_robot_firmware.egg-info/top_level.txt
[0.303s] reading manifest file 'my_robot_firmware.egg-info/SOURCES.txt'
[0.303s] writing manifest file 'my_robot_firmware.egg-info/SOURCES.txt'
[0.327s] Built target ament_cmake_python_build_my_robot_firmware_egg
[0.334s] Invoked command in '/home/dung/ros_ws/build/my_robot_firmware' returned '0': CMAKE_PREFIX_PATH=${CMAKE_PREFIX_PATH}:/home/dung/ros_ws/install/keyboard_teleop:/opt/ros/humble /usr/bin/cmake --build /home/dung/ros_ws/build/my_robot_firmware -- -j12 -l12
[0.336s] Invoking command in '/home/dung/ros_ws/build/my_robot_firmware': CMAKE_PREFIX_PATH=${CMAKE_PREFIX_PATH}:/home/dung/ros_ws/install/keyboard_teleop:/opt/ros/humble /usr/bin/cmake --install /home/dung/ros_ws/build/my_robot_firmware
[0.341s] -- Install configuration: ""
[0.342s] -- Execute custom install script
[0.342s] -- Up-to-date symlink: /home/dung/ros_ws/install/my_robot_firmware/share/my_robot_firmware/environment/pythonpath.sh
[0.342s] -- Up-to-date symlink: /home/dung/ros_ws/install/my_robot_firmware/share/my_robot_firmware/environment/pythonpath.dsv
[0.343s] -- Up-to-date symlink: /home/dung/ros_ws/install/my_robot_firmware/local/lib/python3.10/dist-packages/my_robot_firmware-0.0.0-py3.10.egg-info/PKG-INFO
[0.343s] -- Up-to-date symlink: /home/dung/ros_ws/install/my_robot_firmware/local/lib/python3.10/dist-packages/my_robot_firmware-0.0.0-py3.10.egg-info/SOURCES.txt
[0.343s] -- Up-to-date symlink: /home/dung/ros_ws/install/my_robot_firmware/local/lib/python3.10/dist-packages/my_robot_firmware-0.0.0-py3.10.egg-info/dependency_links.txt
[0.343s] -- Up-to-date symlink: /home/dung/ros_ws/install/my_robot_firmware/local/lib/python3.10/dist-packages/my_robot_firmware-0.0.0-py3.10.egg-info/top_level.txt
[0.343s] -- Up-to-date symlink: /home/dung/ros_ws/install/my_robot_firmware/local/lib/python3.10/dist-packages/my_robot_firmware/__init__.py
[0.343s] -- Up-to-date symlink: /home/dung/ros_ws/install/my_robot_firmware/local/lib/python3.10/dist-packages/my_robot_firmware/simple_serial_send.py
[0.343s] -- Up-to-date symlink: /home/dung/ros_ws/install/my_robot_firmware/lib/my_robot_firmware/simple_serial_send.py
[0.343s] -- Up-to-date symlink: /home/dung/ros_ws/install/my_robot_firmware/share/ament_index/resource_index/package_run_dependencies/my_robot_firmware
[0.344s] -- Up-to-date symlink: /home/dung/ros_ws/install/my_robot_firmware/share/ament_index/resource_index/parent_prefix_path/my_robot_firmware
[0.344s] -- Up-to-date symlink: /home/dung/ros_ws/install/my_robot_firmware/share/my_robot_firmware/environment/ament_prefix_path.sh
[0.344s] -- Up-to-date symlink: /home/dung/ros_ws/install/my_robot_firmware/share/my_robot_firmware/environment/ament_prefix_path.dsv
[0.344s] -- Up-to-date symlink: /home/dung/ros_ws/install/my_robot_firmware/share/my_robot_firmware/environment/path.sh
[0.344s] -- Up-to-date symlink: /home/dung/ros_ws/install/my_robot_firmware/share/my_robot_firmware/environment/path.dsv
[0.344s] -- Up-to-date symlink: /home/dung/ros_ws/install/my_robot_firmware/share/my_robot_firmware/local_setup.bash
[0.344s] -- Up-to-date symlink: /home/dung/ros_ws/install/my_robot_firmware/share/my_robot_firmware/local_setup.sh
[0.344s] -- Up-to-date symlink: /home/dung/ros_ws/install/my_robot_firmware/share/my_robot_firmware/local_setup.zsh
[0.345s] -- Up-to-date symlink: /home/dung/ros_ws/install/my_robot_firmware/share/my_robot_firmware/local_setup.dsv
[0.345s] -- Symlinking: /home/dung/ros_ws/install/my_robot_firmware/share/my_robot_firmware/package.dsv
[0.354s] -- Up-to-date symlink: /home/dung/ros_ws/install/my_robot_firmware/share/ament_index/resource_index/packages/my_robot_firmware
[0.355s] -- Up-to-date symlink: /home/dung/ros_ws/install/my_robot_firmware/share/my_robot_firmware/cmake/my_robot_firmwareConfig.cmake
[0.355s] -- Up-to-date symlink: /home/dung/ros_ws/install/my_robot_firmware/share/my_robot_firmware/cmake/my_robot_firmwareConfig-version.cmake
[0.355s] -- Up-to-date symlink: /home/dung/ros_ws/install/my_robot_firmware/share/my_robot_firmware/package.xml
[0.388s] Listing '/home/dung/ros_ws/install/my_robot_firmware/local/lib/python3.10/dist-packages/my_robot_firmware'...
[0.398s] Invoked command in '/home/dung/ros_ws/build/my_robot_firmware' returned '0': CMAKE_PREFIX_PATH=${CMAKE_PREFIX_PATH}:/home/dung/ros_ws/install/keyboard_teleop:/opt/ros/humble /usr/bin/cmake --install /home/dung/ros_ws/build/my_robot_firmware
