[0.022s] Invoking command in '/home/dung/ros_ws/build/my_robot_localization': CMAKE_PREFIX_PATH=${CMAKE_PREFIX_PATH}:/home/dung/ros_ws/install/keyboard_teleop:/opt/ros/humble /usr/bin/cmake /home/dung/ros_ws/src/my_robot_localization -DAMENT_CMAKE_SYMLINK_INSTALL=1 -DCMAKE_INSTALL_PREFIX=/home/dung/ros_ws/install/my_robot_localization
[0.125s] -- The C compiler identification is GNU 11.4.0
[0.202s] -- The CXX compiler identification is GNU 11.4.0
[0.212s] -- Detecting C compiler ABI info
[0.282s] -- Detecting C compiler ABI info - done
[0.288s] -- Check for working C compiler: /usr/bin/cc - skipped
[0.288s] -- Detecting C compile features
[0.288s] -- Detecting C compile features - done
[0.291s] -- Detecting CXX compiler ABI info
[0.386s] -- Detecting CXX compiler ABI info - done
[0.393s] -- Check for working CXX compiler: /usr/bin/c++ - skipped
[0.393s] -- Detecting CXX compile features
[0.393s] -- Detecting CXX compile features - done
[0.395s] -- Found ament_cmake: 1.3.12 (/opt/ros/humble/share/ament_cmake/cmake)
[0.577s] -- Found Python3: /usr/bin/python3 (found version "3.10.12") found components: Interpreter 
[0.663s] -- Override CMake install command with custom implementation using symlinks instead of copying resources
[0.684s] -- Found rclpy: 3.3.17 (/opt/ros/humble/share/rclpy/cmake)
[0.686s] -- Found nav_msgs: 4.9.0 (/opt/ros/humble/share/nav_msgs/cmake)
[0.717s] -- Found rosidl_generator_c: 3.1.7 (/opt/ros/humble/share/rosidl_generator_c/cmake)
[0.721s] -- Found rosidl_adapter: 3.1.7 (/opt/ros/humble/share/rosidl_adapter/cmake)
[0.730s] -- Found rosidl_generator_cpp: 3.1.7 (/opt/ros/humble/share/rosidl_generator_cpp/cmake)
[0.743s] -- Using all available rosidl_typesupport_c: rosidl_typesupport_fastrtps_c;rosidl_typesupport_introspection_c
[0.762s] -- Using all available rosidl_typesupport_cpp: rosidl_typesupport_fastrtps_cpp;rosidl_typesupport_introspection_cpp
[0.809s] -- Found sensor_msgs: 4.9.0 (/opt/ros/humble/share/sensor_msgs/cmake)
[0.904s] -- Found ament_lint_auto: 0.12.14 (/opt/ros/humble/share/ament_lint_auto/cmake)
[0.990s] -- Added test 'flake8' to check Python code syntax and style conventions
[0.990s] -- Added test 'lint_cmake' to check CMake code style
[0.991s] -- Added test 'pep257' to check Python code against some of the docstring style conventions in PEP 257
[0.992s] -- Added test 'xmllint' to check XML markup files
[0.994s] -- Configuring done
[0.998s] -- Generating done
[1.001s] -- Build files have been written to: /home/dung/ros_ws/build/my_robot_localization
[1.019s] Invoked command in '/home/dung/ros_ws/build/my_robot_localization' returned '0': CMAKE_PREFIX_PATH=${CMAKE_PREFIX_PATH}:/home/dung/ros_ws/install/keyboard_teleop:/opt/ros/humble /usr/bin/cmake /home/dung/ros_ws/src/my_robot_localization -DAMENT_CMAKE_SYMLINK_INSTALL=1 -DCMAKE_INSTALL_PREFIX=/home/dung/ros_ws/install/my_robot_localization
[1.020s] Invoking command in '/home/dung/ros_ws/build/my_robot_localization': CMAKE_PREFIX_PATH=${CMAKE_PREFIX_PATH}:/home/dung/ros_ws/install/keyboard_teleop:/opt/ros/humble /usr/bin/cmake --build /home/dung/ros_ws/build/my_robot_localization -- -j12 -l12
[1.076s] Built target ament_cmake_python_symlink_my_robot_localization
[1.290s] running egg_info
[1.291s] creating my_robot_localization.egg-info
[1.291s] writing my_robot_localization.egg-info/PKG-INFO
[1.291s] writing dependency_links to my_robot_localization.egg-info/dependency_links.txt
[1.291s] writing top-level names to my_robot_localization.egg-info/top_level.txt
[1.291s] writing manifest file 'my_robot_localization.egg-info/SOURCES.txt'
[1.293s] reading manifest file 'my_robot_localization.egg-info/SOURCES.txt'
[1.293s] writing manifest file 'my_robot_localization.egg-info/SOURCES.txt'
[1.321s] Built target ament_cmake_python_build_my_robot_localization_egg
[1.332s] Invoked command in '/home/dung/ros_ws/build/my_robot_localization' returned '0': CMAKE_PREFIX_PATH=${CMAKE_PREFIX_PATH}:/home/dung/ros_ws/install/keyboard_teleop:/opt/ros/humble /usr/bin/cmake --build /home/dung/ros_ws/build/my_robot_localization -- -j12 -l12
[1.334s] Invoking command in '/home/dung/ros_ws/build/my_robot_localization': CMAKE_PREFIX_PATH=${CMAKE_PREFIX_PATH}:/home/dung/ros_ws/install/keyboard_teleop:/opt/ros/humble /usr/bin/cmake --install /home/dung/ros_ws/build/my_robot_localization
[1.381s] -- Install configuration: ""
[1.382s] -- Execute custom install script
[1.382s] -- Symlinking: /home/dung/ros_ws/install/my_robot_localization/share/my_robot_localization/environment/pythonpath.sh
[1.382s] -- Symlinking: /home/dung/ros_ws/install/my_robot_localization/share/my_robot_localization/environment/pythonpath.dsv
[1.382s] -- Symlinking: /home/dung/ros_ws/install/my_robot_localization/local/lib/python3.10/dist-packages/my_robot_localization-0.0.0-py3.10.egg-info/PKG-INFO
[1.382s] -- Symlinking: /home/dung/ros_ws/install/my_robot_localization/local/lib/python3.10/dist-packages/my_robot_localization-0.0.0-py3.10.egg-info/SOURCES.txt
[1.382s] -- Symlinking: /home/dung/ros_ws/install/my_robot_localization/local/lib/python3.10/dist-packages/my_robot_localization-0.0.0-py3.10.egg-info/dependency_links.txt
[1.382s] -- Symlinking: /home/dung/ros_ws/install/my_robot_localization/local/lib/python3.10/dist-packages/my_robot_localization-0.0.0-py3.10.egg-info/top_level.txt
[1.389s] -- Symlinking: /home/dung/ros_ws/install/my_robot_localization/local/lib/python3.10/dist-packages/my_robot_localization/__init__.py
[1.399s] -- Symlinking: /home/dung/ros_ws/install/my_robot_localization/local/lib/python3.10/dist-packages/my_robot_localization/imu_republisher.py
[1.409s] -- Symlinking: /home/dung/ros_ws/install/my_robot_localization/local/lib/python3.10/dist-packages/my_robot_localization/kalma_filter.py
[1.416s] -- Symlinking: /home/dung/ros_ws/install/my_robot_localization/local/lib/python3.10/dist-packages/my_robot_localization/odom_motion.py
[1.423s] -- Symlinking: /home/dung/ros_ws/install/my_robot_localization/lib/my_robot_localization/kalma_filter.py
[1.431s] -- Symlinking: /home/dung/ros_ws/install/my_robot_localization/lib/my_robot_localization/imu_republisher.py
[1.436s] -- Symlinking: /home/dung/ros_ws/install/my_robot_localization/lib/my_robot_localization/odom_motion.py
[1.444s] -- Symlinking: /home/dung/ros_ws/install/my_robot_localization/share/my_robot_localization/launch/global_localization.launch.py
[1.451s] -- Symlinking: /home/dung/ros_ws/install/my_robot_localization/share/my_robot_localization/launch/local_localization.launch.py
[1.459s] -- Symlinking: /home/dung/ros_ws/install/my_robot_localization/share/my_robot_localization/config/amcl.yaml
[1.467s] -- Symlinking: /home/dung/ros_ws/install/my_robot_localization/share/my_robot_localization/config/ekf.yaml
[1.475s] -- Symlinking: /home/dung/ros_ws/install/my_robot_localization/share/ament_index/resource_index/package_run_dependencies/my_robot_localization
[1.481s] -- Symlinking: /home/dung/ros_ws/install/my_robot_localization/share/ament_index/resource_index/parent_prefix_path/my_robot_localization
[1.487s] -- Symlinking: /home/dung/ros_ws/install/my_robot_localization/share/my_robot_localization/environment/ament_prefix_path.sh
[1.494s] -- Symlinking: /home/dung/ros_ws/install/my_robot_localization/share/my_robot_localization/environment/ament_prefix_path.dsv
[1.501s] -- Symlinking: /home/dung/ros_ws/install/my_robot_localization/share/my_robot_localization/environment/path.sh
[1.508s] -- Symlinking: /home/dung/ros_ws/install/my_robot_localization/share/my_robot_localization/environment/path.dsv
[1.515s] -- Symlinking: /home/dung/ros_ws/install/my_robot_localization/share/my_robot_localization/local_setup.bash
[1.522s] -- Symlinking: /home/dung/ros_ws/install/my_robot_localization/share/my_robot_localization/local_setup.sh
[1.528s] -- Symlinking: /home/dung/ros_ws/install/my_robot_localization/share/my_robot_localization/local_setup.zsh
[1.535s] -- Symlinking: /home/dung/ros_ws/install/my_robot_localization/share/my_robot_localization/local_setup.dsv
[1.543s] -- Symlinking: /home/dung/ros_ws/install/my_robot_localization/share/my_robot_localization/package.dsv
[1.556s] -- Symlinking: /home/dung/ros_ws/install/my_robot_localization/share/ament_index/resource_index/packages/my_robot_localization
[1.558s] -- Symlinking: /home/dung/ros_ws/install/my_robot_localization/share/my_robot_localization/cmake/my_robot_localizationConfig.cmake
[1.566s] -- Symlinking: /home/dung/ros_ws/install/my_robot_localization/share/my_robot_localization/cmake/my_robot_localizationConfig-version.cmake
[1.574s] -- Symlinking: /home/dung/ros_ws/install/my_robot_localization/share/my_robot_localization/package.xml
[1.618s] Listing '/home/dung/ros_ws/install/my_robot_localization/local/lib/python3.10/dist-packages/my_robot_localization'...
[1.618s] Compiling '/home/dung/ros_ws/install/my_robot_localization/local/lib/python3.10/dist-packages/my_robot_localization/__init__.py'...
[1.618s] Compiling '/home/dung/ros_ws/install/my_robot_localization/local/lib/python3.10/dist-packages/my_robot_localization/imu_republisher.py'...
[1.618s] Compiling '/home/dung/ros_ws/install/my_robot_localization/local/lib/python3.10/dist-packages/my_robot_localization/kalma_filter.py'...
[1.618s] Compiling '/home/dung/ros_ws/install/my_robot_localization/local/lib/python3.10/dist-packages/my_robot_localization/odom_motion.py'...
[1.625s] Invoked command in '/home/dung/ros_ws/build/my_robot_localization' returned '0': CMAKE_PREFIX_PATH=${CMAKE_PREFIX_PATH}:/home/dung/ros_ws/install/keyboard_teleop:/opt/ros/humble /usr/bin/cmake --install /home/dung/ros_ws/build/my_robot_localization
