[0.036s] Invoking command in '/home/dung/ros_ws/build/my_robot_utils': CMAKE_PREFIX_PATH=${CMAKE_PREFIX_PATH}:/home/dung/ros_ws/install/keyboard_teleop:/opt/ros/humble /usr/bin/cmake --build /home/dung/ros_ws/build/my_robot_utils -- -j6 -l6
[0.251s] Built target ament_cmake_python_copy_my_robot_utils
[1.104s] running egg_info
[1.104s] writing my_robot_utils.egg-info/PKG-INFO
[1.106s] writing dependency_links to my_robot_utils.egg-info/dependency_links.txt
[1.107s] writing top-level names to my_robot_utils.egg-info/top_level.txt
[1.131s] reading manifest file 'my_robot_utils.egg-info/SOURCES.txt'
[1.131s] writing manifest file 'my_robot_utils.egg-info/SOURCES.txt'
[1.400s] Built target ament_cmake_python_build_my_robot_utils_egg
[1.445s] Invoked command in '/home/dung/ros_ws/build/my_robot_utils' returned '0': CMAKE_PREFIX_PATH=${CMAKE_PREFIX_PATH}:/home/dung/ros_ws/install/keyboard_teleop:/opt/ros/humble /usr/bin/cmake --build /home/dung/ros_ws/build/my_robot_utils -- -j6 -l6
[1.455s] Invoking command in '/home/dung/ros_ws/build/my_robot_utils': CMAKE_PREFIX_PATH=${CMAKE_PREFIX_PATH}:/home/dung/ros_ws/install/keyboard_teleop:/opt/ros/humble /usr/bin/cmake --install /home/dung/ros_ws/build/my_robot_utils
[1.501s] -- Install configuration: ""
[1.501s] -- Up-to-date: /home/dung/ros_ws/install/my_robot_utils/share/my_robot_utils/environment/pythonpath.sh
[1.501s] -- Up-to-date: /home/dung/ros_ws/install/my_robot_utils/share/my_robot_utils/environment/pythonpath.dsv
[1.501s] -- Up-to-date: /home/dung/ros_ws/install/my_robot_utils/local/lib/python3.10/dist-packages/my_robot_utils-0.0.0-py3.10.egg-info
[1.501s] -- Installing: /home/dung/ros_ws/install/my_robot_utils/local/lib/python3.10/dist-packages/my_robot_utils-0.0.0-py3.10.egg-info/dependency_links.txt
[1.501s] -- Installing: /home/dung/ros_ws/install/my_robot_utils/local/lib/python3.10/dist-packages/my_robot_utils-0.0.0-py3.10.egg-info/SOURCES.txt
[1.501s] -- Installing: /home/dung/ros_ws/install/my_robot_utils/local/lib/python3.10/dist-packages/my_robot_utils-0.0.0-py3.10.egg-info/top_level.txt
[1.501s] -- Installing: /home/dung/ros_ws/install/my_robot_utils/local/lib/python3.10/dist-packages/my_robot_utils-0.0.0-py3.10.egg-info/PKG-INFO
[1.501s] -- Up-to-date: /home/dung/ros_ws/install/my_robot_utils/local/lib/python3.10/dist-packages/my_robot_utils
[1.501s] -- Up-to-date: /home/dung/ros_ws/install/my_robot_utils/local/lib/python3.10/dist-packages/my_robot_utils/__init__.py
[1.501s] -- Up-to-date: /home/dung/ros_ws/install/my_robot_utils/local/lib/python3.10/dist-packages/my_robot_utils/safety_stop.py
[1.662s] Listing '/home/dung/ros_ws/install/my_robot_utils/local/lib/python3.10/dist-packages/my_robot_utils'...
[1.671s] -- Up-to-date: /home/dung/ros_ws/install/my_robot_utils/lib/my_robot_utils/safety_stop.py
[1.671s] -- Up-to-date: /home/dung/ros_ws/install/my_robot_utils/share/ament_index/resource_index/package_run_dependencies/my_robot_utils
[1.671s] -- Up-to-date: /home/dung/ros_ws/install/my_robot_utils/share/ament_index/resource_index/parent_prefix_path/my_robot_utils
[1.671s] -- Up-to-date: /home/dung/ros_ws/install/my_robot_utils/share/my_robot_utils/environment/ament_prefix_path.sh
[1.672s] -- Up-to-date: /home/dung/ros_ws/install/my_robot_utils/share/my_robot_utils/environment/ament_prefix_path.dsv
[1.672s] -- Up-to-date: /home/dung/ros_ws/install/my_robot_utils/share/my_robot_utils/environment/path.sh
[1.672s] -- Up-to-date: /home/dung/ros_ws/install/my_robot_utils/share/my_robot_utils/environment/path.dsv
[1.672s] -- Up-to-date: /home/dung/ros_ws/install/my_robot_utils/share/my_robot_utils/local_setup.bash
[1.672s] -- Up-to-date: /home/dung/ros_ws/install/my_robot_utils/share/my_robot_utils/local_setup.sh
[1.672s] -- Up-to-date: /home/dung/ros_ws/install/my_robot_utils/share/my_robot_utils/local_setup.zsh
[1.683s] -- Up-to-date: /home/dung/ros_ws/install/my_robot_utils/share/my_robot_utils/local_setup.dsv
[1.684s] -- Installing: /home/dung/ros_ws/install/my_robot_utils/share/my_robot_utils/package.dsv
[1.684s] -- Up-to-date: /home/dung/ros_ws/install/my_robot_utils/share/ament_index/resource_index/packages/my_robot_utils
[1.684s] -- Up-to-date: /home/dung/ros_ws/install/my_robot_utils/share/my_robot_utils/cmake/my_robot_utilsConfig.cmake
[1.684s] -- Up-to-date: /home/dung/ros_ws/install/my_robot_utils/share/my_robot_utils/cmake/my_robot_utilsConfig-version.cmake
[1.684s] -- Up-to-date: /home/dung/ros_ws/install/my_robot_utils/share/my_robot_utils/package.xml
[1.695s] Invoked command in '/home/dung/ros_ws/build/my_robot_utils' returned '0': CMAKE_PREFIX_PATH=${CMAKE_PREFIX_PATH}:/home/dung/ros_ws/install/keyboard_teleop:/opt/ros/humble /usr/bin/cmake --install /home/dung/ros_ws/build/my_robot_utils
