[0.563s] Invoking command in '/home/dung/ros_ws/src/keyboard_teleop': AMENT_PREFIX_PATH=/home/dung/ros_ws/install/my_robot_msgs:${AMENT_PREFIX_PATH} CMAKE_PREFIX_PATH=/home/dung/ros_ws/install/my_robot_msgs LD_LIBRARY_PATH=/home/dung/ros_ws/install/my_robot_msgs/lib:${LD_LIBRARY_PATH} PYTHONPATH=/home/dung/ros_ws/build/keyboard_teleop/prefix_override:/usr/lib/python3/dist-packages/colcon_core/task/python/colcon_distutils_commands:/home/dung/ros_ws/install/keyboard_teleop/lib/python3.10/site-packages:/home/dung/ros_ws/install/my_robot_msgs/local/lib/python3.10/dist-packages:${PYTHONPATH} /usr/bin/python3 -W ignore:setup.py install is deprecated -W ignore:easy_install command is deprecated setup.py egg_info --egg-base ../../build/keyboard_teleop build --build-base /home/dung/ros_ws/build/keyboard_teleop/build install --record /home/dung/ros_ws/build/keyboard_teleop/install.log --single-version-externally-managed install_data
[0.718s] running egg_info
[0.718s] creating ../../build/keyboard_teleop/keyboard_teleop.egg-info
[0.718s] writing ../../build/keyboard_teleop/keyboard_teleop.egg-info/PKG-INFO
[0.718s] writing dependency_links to ../../build/keyboard_teleop/keyboard_teleop.egg-info/dependency_links.txt
[0.718s] writing entry points to ../../build/keyboard_teleop/keyboard_teleop.egg-info/entry_points.txt
[0.718s] writing requirements to ../../build/keyboard_teleop/keyboard_teleop.egg-info/requires.txt
[0.718s] writing top-level names to ../../build/keyboard_teleop/keyboard_teleop.egg-info/top_level.txt
[0.718s] writing manifest file '../../build/keyboard_teleop/keyboard_teleop.egg-info/SOURCES.txt'
[0.720s] reading manifest file '../../build/keyboard_teleop/keyboard_teleop.egg-info/SOURCES.txt'
[0.721s] writing manifest file '../../build/keyboard_teleop/keyboard_teleop.egg-info/SOURCES.txt'
[0.721s] running build
[0.721s] running build_py
[0.721s] creating /home/dung/ros_ws/build/keyboard_teleop/build
[0.721s] creating /home/dung/ros_ws/build/keyboard_teleop/build/lib
[0.721s] creating /home/dung/ros_ws/build/keyboard_teleop/build/lib/keyboard_teleop
[0.721s] copying keyboard_teleop/Control_Keyboard.py -> /home/dung/ros_ws/build/keyboard_teleop/build/lib/keyboard_teleop
[0.721s] copying keyboard_teleop/__init__.py -> /home/dung/ros_ws/build/keyboard_teleop/build/lib/keyboard_teleop
[0.721s] creating /home/dung/ros_ws/build/keyboard_teleop/build/lib/dung_py_ex
[0.721s] copying dung_py_ex/parameter_py.py -> /home/dung/ros_ws/build/keyboard_teleop/build/lib/dung_py_ex
[0.722s] copying dung_py_ex/turtlesim_kinematic.py -> /home/dung/ros_ws/build/keyboard_teleop/build/lib/dung_py_ex
[0.722s] copying dung_py_ex/__init__.py -> /home/dung/ros_ws/build/keyboard_teleop/build/lib/dung_py_ex
[0.722s] copying dung_py_ex/simple_tf_kinematic.py -> /home/dung/ros_ws/build/keyboard_teleop/build/lib/dung_py_ex
[0.722s] running install
[0.722s] running install_lib
[0.722s] creating /home/dung/ros_ws/install/keyboard_teleop/lib/python3.10/site-packages/keyboard_teleop
[0.722s] copying /home/dung/ros_ws/build/keyboard_teleop/build/lib/keyboard_teleop/Control_Keyboard.py -> /home/dung/ros_ws/install/keyboard_teleop/lib/python3.10/site-packages/keyboard_teleop
[0.722s] copying /home/dung/ros_ws/build/keyboard_teleop/build/lib/keyboard_teleop/__init__.py -> /home/dung/ros_ws/install/keyboard_teleop/lib/python3.10/site-packages/keyboard_teleop
[0.722s] creating /home/dung/ros_ws/install/keyboard_teleop/lib/python3.10/site-packages/dung_py_ex
[0.722s] copying /home/dung/ros_ws/build/keyboard_teleop/build/lib/dung_py_ex/parameter_py.py -> /home/dung/ros_ws/install/keyboard_teleop/lib/python3.10/site-packages/dung_py_ex
[0.723s] copying /home/dung/ros_ws/build/keyboard_teleop/build/lib/dung_py_ex/turtlesim_kinematic.py -> /home/dung/ros_ws/install/keyboard_teleop/lib/python3.10/site-packages/dung_py_ex
[0.723s] copying /home/dung/ros_ws/build/keyboard_teleop/build/lib/dung_py_ex/__init__.py -> /home/dung/ros_ws/install/keyboard_teleop/lib/python3.10/site-packages/dung_py_ex
[0.723s] copying /home/dung/ros_ws/build/keyboard_teleop/build/lib/dung_py_ex/simple_tf_kinematic.py -> /home/dung/ros_ws/install/keyboard_teleop/lib/python3.10/site-packages/dung_py_ex
[0.723s] byte-compiling /home/dung/ros_ws/install/keyboard_teleop/lib/python3.10/site-packages/keyboard_teleop/Control_Keyboard.py to Control_Keyboard.cpython-310.pyc
[0.723s] byte-compiling /home/dung/ros_ws/install/keyboard_teleop/lib/python3.10/site-packages/keyboard_teleop/__init__.py to __init__.cpython-310.pyc
[0.723s] byte-compiling /home/dung/ros_ws/install/keyboard_teleop/lib/python3.10/site-packages/dung_py_ex/parameter_py.py to parameter_py.cpython-310.pyc
[0.724s] byte-compiling /home/dung/ros_ws/install/keyboard_teleop/lib/python3.10/site-packages/dung_py_ex/turtlesim_kinematic.py to turtlesim_kinematic.cpython-310.pyc
[0.724s] byte-compiling /home/dung/ros_ws/install/keyboard_teleop/lib/python3.10/site-packages/dung_py_ex/__init__.py to __init__.cpython-310.pyc
[0.724s] byte-compiling /home/dung/ros_ws/install/keyboard_teleop/lib/python3.10/site-packages/dung_py_ex/simple_tf_kinematic.py to simple_tf_kinematic.cpython-310.pyc
[0.724s] running install_data
[0.724s] creating /home/dung/ros_ws/install/keyboard_teleop/share/ament_index
[0.724s] creating /home/dung/ros_ws/install/keyboard_teleop/share/ament_index/resource_index
[0.724s] creating /home/dung/ros_ws/install/keyboard_teleop/share/ament_index/resource_index/packages
[0.725s] copying resource/keyboard_teleop -> /home/dung/ros_ws/install/keyboard_teleop/share/ament_index/resource_index/packages
[0.725s] copying package.xml -> /home/dung/ros_ws/install/keyboard_teleop/share/keyboard_teleop
[0.725s] running install_egg_info
[0.726s] Copying ../../build/keyboard_teleop/keyboard_teleop.egg-info to /home/dung/ros_ws/install/keyboard_teleop/lib/python3.10/site-packages/keyboard_teleop-0.0.0-py3.10.egg-info
[0.726s] running install_scripts
[0.741s] Installing control_keyboard script to /home/dung/ros_ws/install/keyboard_teleop/lib/keyboard_teleop
[0.742s] Installing simple_parameter script to /home/dung/ros_ws/install/keyboard_teleop/lib/keyboard_teleop
[0.742s] Installing simple_tf_kinematic script to /home/dung/ros_ws/install/keyboard_teleop/lib/keyboard_teleop
[0.742s] writing list of installed files to '/home/dung/ros_ws/build/keyboard_teleop/install.log'
[0.766s] Invoked command in '/home/dung/ros_ws/src/keyboard_teleop' returned '0': AMENT_PREFIX_PATH=/home/dung/ros_ws/install/my_robot_msgs:${AMENT_PREFIX_PATH} CMAKE_PREFIX_PATH=/home/dung/ros_ws/install/my_robot_msgs LD_LIBRARY_PATH=/home/dung/ros_ws/install/my_robot_msgs/lib:${LD_LIBRARY_PATH} PYTHONPATH=/home/dung/ros_ws/build/keyboard_teleop/prefix_override:/usr/lib/python3/dist-packages/colcon_core/task/python/colcon_distutils_commands:/home/dung/ros_ws/install/keyboard_teleop/lib/python3.10/site-packages:/home/dung/ros_ws/install/my_robot_msgs/local/lib/python3.10/dist-packages:${PYTHONPATH} /usr/bin/python3 -W ignore:setup.py install is deprecated -W ignore:easy_install command is deprecated setup.py egg_info --egg-base ../../build/keyboard_teleop build --build-base /home/dung/ros_ws/build/keyboard_teleop/build install --record /home/dung/ros_ws/build/keyboard_teleop/install.log --single-version-externally-managed install_data
