[0.055s] Invoking command in '/home/dung/ros_ws/build/my_robot_planning': CMAKE_PREFIX_PATH=${CMAKE_PREFIX_PATH}:/home/dung/ros_ws/install/keyboard_teleop:/opt/ros/humble /usr/bin/cmake --build /home/dung/ros_ws/build/my_robot_planning -- -j6 -l6
[0.199s] [ 50%] Built target dijkstra_planner
[0.275s] [ 50%] Built target ament_cmake_python_symlink_my_robot_planning
[0.310s] [ 75%] [32mBuilding CXX object CMakeFiles/a_star.dir/src/a_star.cpp.o[0m
[5.139s] [100%] [32m[1mLinking CXX shared library liba_star.so[0m
[5.360s] [100%] Built target a_star
[5.569s] running egg_info
[5.570s] writing my_robot_planning.egg-info/PKG-INFO
[5.570s] writing dependency_links to my_robot_planning.egg-info/dependency_links.txt
[5.570s] writing top-level names to my_robot_planning.egg-info/top_level.txt
[5.573s] reading manifest file 'my_robot_planning.egg-info/SOURCES.txt'
[5.573s] writing manifest file 'my_robot_planning.egg-info/SOURCES.txt'
[5.604s] [100%] Built target ament_cmake_python_build_my_robot_planning_egg
[5.625s] Invoked command in '/home/dung/ros_ws/build/my_robot_planning' returned '0': CMAKE_PREFIX_PATH=${CMAKE_PREFIX_PATH}:/home/dung/ros_ws/install/keyboard_teleop:/opt/ros/humble /usr/bin/cmake --build /home/dung/ros_ws/build/my_robot_planning -- -j6 -l6
[5.630s] Invoking command in '/home/dung/ros_ws/build/my_robot_planning': CMAKE_PREFIX_PATH=${CMAKE_PREFIX_PATH}:/home/dung/ros_ws/install/keyboard_teleop:/opt/ros/humble /usr/bin/cmake --install /home/dung/ros_ws/build/my_robot_planning
[5.639s] -- Install configuration: ""
[5.639s] -- Execute custom install script
[5.639s] -- Up-to-date symlink: /home/dung/ros_ws/install/my_robot_planning/share/my_robot_planning/environment/pythonpath.sh
[5.639s] -- Up-to-date symlink: /home/dung/ros_ws/install/my_robot_planning/share/my_robot_planning/environment/pythonpath.dsv
[5.639s] -- Up-to-date symlink: /home/dung/ros_ws/install/my_robot_planning/local/lib/python3.10/dist-packages/my_robot_planning-0.0.0-py3.10.egg-info/PKG-INFO
[5.639s] -- Up-to-date symlink: /home/dung/ros_ws/install/my_robot_planning/local/lib/python3.10/dist-packages/my_robot_planning-0.0.0-py3.10.egg-info/SOURCES.txt
[5.640s] -- Up-to-date symlink: /home/dung/ros_ws/install/my_robot_planning/local/lib/python3.10/dist-packages/my_robot_planning-0.0.0-py3.10.egg-info/dependency_links.txt
[5.640s] -- Up-to-date symlink: /home/dung/ros_ws/install/my_robot_planning/local/lib/python3.10/dist-packages/my_robot_planning-0.0.0-py3.10.egg-info/top_level.txt
[5.640s] -- Up-to-date symlink: /home/dung/ros_ws/install/my_robot_planning/local/lib/python3.10/dist-packages/my_robot_planning/__init__.py
[5.641s] -- Up-to-date symlink: /home/dung/ros_ws/install/my_robot_planning/local/lib/python3.10/dist-packages/my_robot_planning/a_star.py
[5.641s] -- Up-to-date symlink: /home/dung/ros_ws/install/my_robot_planning/local/lib/python3.10/dist-packages/my_robot_planning/dijkstra_planner.py
[5.641s] -- Up-to-date symlink: /home/dung/ros_ws/install/my_robot_planning/share/my_robot_planning//global_planner_plugins.xml
[5.641s] -- Up-to-date symlink: /home/dung/ros_ws/install/my_robot_planning/lib/my_robot_planning/dijkstra_planner.py
[5.641s] -- Up-to-date symlink: /home/dung/ros_ws/install/my_robot_planning/lib/my_robot_planning/a_star.py
[5.641s] -- Up-to-date symlink: /home/dung/ros_ws/install/my_robot_planning/include/include/my_robot_planning/a_star.hpp
[5.641s] -- Up-to-date symlink: /home/dung/ros_ws/install/my_robot_planning/include/include/my_robot_planning/dijkstra_planner.hpp
[5.641s] -- Up-to-date symlink: /home/dung/ros_ws/install/my_robot_planning/lib/libdijkstra_planner.so
[5.641s] -- Up-to-date symlink: /home/dung/ros_ws/install/my_robot_planning/lib/liba_star.so
[5.641s] -- Up-to-date symlink: /home/dung/ros_ws/install/my_robot_planning/share/my_robot_planning/global_planner_plugins.xml
[5.641s] -- Up-to-date symlink: /home/dung/ros_ws/install/my_robot_planning/share/ament_index/resource_index/package_run_dependencies/my_robot_planning
[5.641s] -- Up-to-date symlink: /home/dung/ros_ws/install/my_robot_planning/share/ament_index/resource_index/parent_prefix_path/my_robot_planning
[5.641s] -- Up-to-date symlink: /home/dung/ros_ws/install/my_robot_planning/share/my_robot_planning/environment/ament_prefix_path.sh
[5.641s] -- Up-to-date symlink: /home/dung/ros_ws/install/my_robot_planning/share/my_robot_planning/environment/ament_prefix_path.dsv
[5.641s] -- Up-to-date symlink: /home/dung/ros_ws/install/my_robot_planning/share/my_robot_planning/environment/path.sh
[5.641s] -- Up-to-date symlink: /home/dung/ros_ws/install/my_robot_planning/share/my_robot_planning/environment/path.dsv
[5.641s] -- Up-to-date symlink: /home/dung/ros_ws/install/my_robot_planning/share/my_robot_planning/local_setup.bash
[5.641s] -- Up-to-date symlink: /home/dung/ros_ws/install/my_robot_planning/share/my_robot_planning/local_setup.sh
[5.641s] -- Up-to-date symlink: /home/dung/ros_ws/install/my_robot_planning/share/my_robot_planning/local_setup.zsh
[5.641s] -- Up-to-date symlink: /home/dung/ros_ws/install/my_robot_planning/share/my_robot_planning/local_setup.dsv
[5.641s] -- Symlinking: /home/dung/ros_ws/install/my_robot_planning/share/my_robot_planning/package.dsv
[5.651s] -- Up-to-date symlink: /home/dung/ros_ws/install/my_robot_planning/share/ament_index/resource_index/packages/my_robot_planning
[5.651s] -- Up-to-date symlink: /home/dung/ros_ws/install/my_robot_planning/share/ament_index/resource_index/nav2_core__pluginlib__plugin/my_robot_planning
[5.651s] -- Up-to-date symlink: /home/dung/ros_ws/install/my_robot_planning/share/my_robot_planning/cmake/ament_cmake_export_include_directories-extras.cmake
[5.651s] -- Up-to-date symlink: /home/dung/ros_ws/install/my_robot_planning/share/my_robot_planning/cmake/ament_cmake_export_dependencies-extras.cmake
[5.651s] -- Up-to-date symlink: /home/dung/ros_ws/install/my_robot_planning/share/my_robot_planning/cmake/my_robot_planningConfig.cmake
[5.651s] -- Up-to-date symlink: /home/dung/ros_ws/install/my_robot_planning/share/my_robot_planning/cmake/my_robot_planningConfig-version.cmake
[5.651s] -- Up-to-date symlink: /home/dung/ros_ws/install/my_robot_planning/share/my_robot_planning/package.xml
[5.683s] Listing '/home/dung/ros_ws/install/my_robot_planning/local/lib/python3.10/dist-packages/my_robot_planning'...
[5.691s] Invoked command in '/home/dung/ros_ws/build/my_robot_planning' returned '0': CMAKE_PREFIX_PATH=${CMAKE_PREFIX_PATH}:/home/dung/ros_ws/install/keyboard_teleop:/opt/ros/humble /usr/bin/cmake --install /home/dung/ros_ws/build/my_robot_planning
