[0.024s] Invoking command in '/home/dung/ros_ws/build/my_robot_firmware': CMAKE_PREFIX_PATH=${CMAKE_PREFIX_PATH}:/home/dung/ros_ws/install/keyboard_teleop:/opt/ros/humble /usr/bin/cmake /home/dung/ros_ws/src/my_robot_firmware -DAMENT_CMAKE_SYMLINK_INSTALL=1 -DCMAKE_INSTALL_PREFIX=/home/dung/ros_ws/install/my_robot_firmware
[0.127s] -- The C compiler identification is GNU 11.4.0
[0.220s] -- The CXX compiler identification is GNU 11.4.0
[0.229s] -- Detecting C compiler ABI info
[0.301s] -- Detecting C compiler ABI info - done
[0.307s] -- Check for working C compiler: /usr/bin/cc - skipped
[0.307s] -- Detecting C compile features
[0.309s] -- Detecting C compile features - done
[0.312s] -- Detecting CXX compiler ABI info
[0.399s] -- Detecting CXX compiler ABI info - done
[0.407s] -- Check for working CXX compiler: /usr/bin/c++ - skipped
[0.407s] -- Detecting CXX compile features
[0.407s] -- Detecting CXX compile features - done
[0.410s] -- Found ament_cmake: 1.3.12 (/opt/ros/humble/share/ament_cmake/cmake)
[0.595s] -- Found Python3: /usr/bin/python3 (found version "3.10.12") found components: Interpreter 
[0.674s] -- Override CMake install command with custom implementation using symlinks instead of copying resources
[0.696s] -- Found rclpy: 3.3.17 (/opt/ros/humble/share/rclpy/cmake)
[0.780s] -- Found ament_lint_auto: 0.12.14 (/opt/ros/humble/share/ament_lint_auto/cmake)
[0.845s] -- Added test 'flake8' to check Python code syntax and style conventions
[0.846s] -- Added test 'lint_cmake' to check CMake code style
[0.846s] -- Added test 'pep257' to check Python code against some of the docstring style conventions in PEP 257
[0.847s] -- Added test 'xmllint' to check XML markup files
[0.848s] -- Configuring done
[0.850s] -- Generating done
[0.851s] -- Build files have been written to: /home/dung/ros_ws/build/my_robot_firmware
[0.857s] Invoked command in '/home/dung/ros_ws/build/my_robot_firmware' returned '0': CMAKE_PREFIX_PATH=${CMAKE_PREFIX_PATH}:/home/dung/ros_ws/install/keyboard_teleop:/opt/ros/humble /usr/bin/cmake /home/dung/ros_ws/src/my_robot_firmware -DAMENT_CMAKE_SYMLINK_INSTALL=1 -DCMAKE_INSTALL_PREFIX=/home/dung/ros_ws/install/my_robot_firmware
[0.859s] Invoking command in '/home/dung/ros_ws/build/my_robot_firmware': CMAKE_PREFIX_PATH=${CMAKE_PREFIX_PATH}:/home/dung/ros_ws/install/keyboard_teleop:/opt/ros/humble /usr/bin/cmake --build /home/dung/ros_ws/build/my_robot_firmware -- -j12 -l12
[0.910s] Built target ament_cmake_python_symlink_my_robot_firmware
[1.152s] running egg_info
[1.153s] creating my_robot_firmware.egg-info
[1.153s] writing my_robot_firmware.egg-info/PKG-INFO
[1.153s] writing dependency_links to my_robot_firmware.egg-info/dependency_links.txt
[1.153s] writing top-level names to my_robot_firmware.egg-info/top_level.txt
[1.153s] writing manifest file 'my_robot_firmware.egg-info/SOURCES.txt'
[1.155s] reading manifest file 'my_robot_firmware.egg-info/SOURCES.txt'
[1.155s] writing manifest file 'my_robot_firmware.egg-info/SOURCES.txt'
[1.185s] Built target ament_cmake_python_build_my_robot_firmware_egg
[1.193s] Invoked command in '/home/dung/ros_ws/build/my_robot_firmware' returned '0': CMAKE_PREFIX_PATH=${CMAKE_PREFIX_PATH}:/home/dung/ros_ws/install/keyboard_teleop:/opt/ros/humble /usr/bin/cmake --build /home/dung/ros_ws/build/my_robot_firmware -- -j12 -l12
[1.194s] Invoking command in '/home/dung/ros_ws/build/my_robot_firmware': CMAKE_PREFIX_PATH=${CMAKE_PREFIX_PATH}:/home/dung/ros_ws/install/keyboard_teleop:/opt/ros/humble /usr/bin/cmake --install /home/dung/ros_ws/build/my_robot_firmware
[1.333s] -- Install configuration: ""
[1.333s] -- Execute custom install script
[1.333s] -- Symlinking: /home/dung/ros_ws/install/my_robot_firmware/share/my_robot_firmware/environment/pythonpath.sh
[1.333s] -- Symlinking: /home/dung/ros_ws/install/my_robot_firmware/share/my_robot_firmware/environment/pythonpath.dsv
[1.333s] -- Symlinking: /home/dung/ros_ws/install/my_robot_firmware/local/lib/python3.10/dist-packages/my_robot_firmware-0.0.0-py3.10.egg-info/PKG-INFO
[1.333s] -- Symlinking: /home/dung/ros_ws/install/my_robot_firmware/local/lib/python3.10/dist-packages/my_robot_firmware-0.0.0-py3.10.egg-info/SOURCES.txt
[1.334s] -- Symlinking: /home/dung/ros_ws/install/my_robot_firmware/local/lib/python3.10/dist-packages/my_robot_firmware-0.0.0-py3.10.egg-info/dependency_links.txt
[1.334s] -- Symlinking: /home/dung/ros_ws/install/my_robot_firmware/local/lib/python3.10/dist-packages/my_robot_firmware-0.0.0-py3.10.egg-info/top_level.txt
[1.334s] -- Symlinking: /home/dung/ros_ws/install/my_robot_firmware/local/lib/python3.10/dist-packages/my_robot_firmware/__init__.py
[1.334s] -- Symlinking: /home/dung/ros_ws/install/my_robot_firmware/local/lib/python3.10/dist-packages/my_robot_firmware/simple_serial_send.py
[1.334s] -- Symlinking: /home/dung/ros_ws/install/my_robot_firmware/lib/my_robot_firmware/simple_serial_send.py
[1.334s] -- Symlinking: /home/dung/ros_ws/install/my_robot_firmware/share/ament_index/resource_index/package_run_dependencies/my_robot_firmware
[1.334s] -- Symlinking: /home/dung/ros_ws/install/my_robot_firmware/share/ament_index/resource_index/parent_prefix_path/my_robot_firmware
[1.334s] -- Symlinking: /home/dung/ros_ws/install/my_robot_firmware/share/my_robot_firmware/environment/ament_prefix_path.sh
[1.334s] -- Symlinking: /home/dung/ros_ws/install/my_robot_firmware/share/my_robot_firmware/environment/ament_prefix_path.dsv
[1.334s] -- Symlinking: /home/dung/ros_ws/install/my_robot_firmware/share/my_robot_firmware/environment/path.sh
[1.334s] -- Symlinking: /home/dung/ros_ws/install/my_robot_firmware/share/my_robot_firmware/environment/path.dsv
[1.334s] -- Symlinking: /home/dung/ros_ws/install/my_robot_firmware/share/my_robot_firmware/local_setup.bash
[1.334s] -- Symlinking: /home/dung/ros_ws/install/my_robot_firmware/share/my_robot_firmware/local_setup.sh
[1.334s] -- Symlinking: /home/dung/ros_ws/install/my_robot_firmware/share/my_robot_firmware/local_setup.zsh
[1.334s] -- Symlinking: /home/dung/ros_ws/install/my_robot_firmware/share/my_robot_firmware/local_setup.dsv
[1.334s] -- Symlinking: /home/dung/ros_ws/install/my_robot_firmware/share/my_robot_firmware/package.dsv
[1.334s] -- Symlinking: /home/dung/ros_ws/install/my_robot_firmware/share/ament_index/resource_index/packages/my_robot_firmware
[1.340s] -- Symlinking: /home/dung/ros_ws/install/my_robot_firmware/share/my_robot_firmware/cmake/my_robot_firmwareConfig.cmake
[1.348s] -- Symlinking: /home/dung/ros_ws/install/my_robot_firmware/share/my_robot_firmware/cmake/my_robot_firmwareConfig-version.cmake
[1.358s] -- Symlinking: /home/dung/ros_ws/install/my_robot_firmware/share/my_robot_firmware/package.xml
[1.396s] Listing '/home/dung/ros_ws/install/my_robot_firmware/local/lib/python3.10/dist-packages/my_robot_firmware'...
[1.396s] Compiling '/home/dung/ros_ws/install/my_robot_firmware/local/lib/python3.10/dist-packages/my_robot_firmware/__init__.py'...
[1.396s] Compiling '/home/dung/ros_ws/install/my_robot_firmware/local/lib/python3.10/dist-packages/my_robot_firmware/simple_serial_send.py'...
[1.407s] Invoked command in '/home/dung/ros_ws/build/my_robot_firmware' returned '0': CMAKE_PREFIX_PATH=${CMAKE_PREFIX_PATH}:/home/dung/ros_ws/install/keyboard_teleop:/opt/ros/humble /usr/bin/cmake --install /home/dung/ros_ws/build/my_robot_firmware
