[0.028s] Invoking command in '/home/dung/ros_ws/build/my_robot_motion': CMAKE_PREFIX_PATH=${CMAKE_PREFIX_PATH}:/home/dung/ros_ws/install/keyboard_teleop:/opt/ros/humble /usr/bin/cmake /home/dung/ros_ws/src/my_robot_motion -DCMAKE_INSTALL_PREFIX=/home/dung/ros_ws/install/my_robot_motion
[0.600s] -- The C compiler identification is GNU 11.4.0
[0.600s] -- The CXX compiler identification is GNU 11.4.0
[0.600s] -- Detecting C compiler ABI info
[0.600s] -- Detecting C compiler ABI info - done
[0.601s] -- Check for working C compiler: /usr/bin/cc - skipped
[0.601s] -- Detecting C compile features
[0.601s] -- Detecting C compile features - done
[0.601s] -- Detecting CXX compiler ABI info
[0.601s] -- Detecting CXX compiler ABI info - done
[0.601s] -- Check for working CXX compiler: /usr/bin/c++ - skipped
[0.601s] -- Detecting CXX compile features
[0.601s] -- Detecting CXX compile features - done
[0.601s] -- Found ament_cmake: 1.3.12 (/opt/ros/humble/share/ament_cmake/cmake)
[0.601s] -- Found Python3: /usr/bin/python3 (found version "3.10.12") found components: Interpreter 
[0.613s] -- Found rclpy: 3.3.17 (/opt/ros/humble/share/rclpy/cmake)
[0.614s] -- Found nav_msgs: 4.9.0 (/opt/ros/humble/share/nav_msgs/cmake)
[0.643s] -- Found rosidl_generator_c: 3.1.7 (/opt/ros/humble/share/rosidl_generator_c/cmake)
[0.646s] -- Found rosidl_adapter: 3.1.7 (/opt/ros/humble/share/rosidl_adapter/cmake)
[0.655s] -- Found rosidl_generator_cpp: 3.1.7 (/opt/ros/humble/share/rosidl_generator_cpp/cmake)
[0.662s] -- Using all available rosidl_typesupport_c: rosidl_typesupport_fastrtps_c;rosidl_typesupport_introspection_c
[0.677s] -- Using all available rosidl_typesupport_cpp: rosidl_typesupport_fastrtps_cpp;rosidl_typesupport_introspection_cpp
[0.751s] -- Found tf2_ros: 0.25.16 (/opt/ros/humble/share/tf2_ros/cmake)
[0.811s] -- Found rmw_implementation_cmake: 6.1.2 (/opt/ros/humble/share/rmw_implementation_cmake/cmake)
[0.811s] -- Found rmw_fastrtps_cpp: 6.2.8 (/opt/ros/humble/share/rmw_fastrtps_cpp/cmake)
[0.902s] -- Found OpenSSL: /usr/lib/x86_64-linux-gnu/libcrypto.so (found version "3.0.2")  
[0.950s] -- Found FastRTPS: /opt/ros/humble/include  
[0.985s] -- Using RMW implementation 'rmw_fastrtps_cpp' as default
[0.990s] -- Looking for pthread.h
[1.073s] -- Looking for pthread.h - found
[1.074s] -- Performing Test CMAKE_HAVE_LIBC_PTHREAD
[1.162s] -- Performing Test CMAKE_HAVE_LIBC_PTHREAD - Success
[1.163s] -- Found Threads: TRUE  
[1.258s] -- Found ament_lint_auto: 0.12.14 (/opt/ros/humble/share/ament_lint_auto/cmake)
[1.325s] -- Added test 'flake8' to check Python code syntax and style conventions
[1.326s] -- Added test 'lint_cmake' to check CMake code style
[1.326s] -- Added test 'pep257' to check Python code against some of the docstring style conventions in PEP 257
[1.327s] -- Added test 'xmllint' to check XML markup files
[1.329s] -- Configuring done
[1.334s] -- Generating done
[1.336s] -- Build files have been written to: /home/dung/ros_ws/build/my_robot_motion
[1.350s] Invoked command in '/home/dung/ros_ws/build/my_robot_motion' returned '0': CMAKE_PREFIX_PATH=${CMAKE_PREFIX_PATH}:/home/dung/ros_ws/install/keyboard_teleop:/opt/ros/humble /usr/bin/cmake /home/dung/ros_ws/src/my_robot_motion -DCMAKE_INSTALL_PREFIX=/home/dung/ros_ws/install/my_robot_motion
[1.350s] Invoking command in '/home/dung/ros_ws/build/my_robot_motion': CMAKE_PREFIX_PATH=${CMAKE_PREFIX_PATH}:/home/dung/ros_ws/install/keyboard_teleop:/opt/ros/humble /usr/bin/cmake --build /home/dung/ros_ws/build/my_robot_motion -- -j6 -l6
[1.419s] Invoked command in '/home/dung/ros_ws/build/my_robot_motion' returned '0': CMAKE_PREFIX_PATH=${CMAKE_PREFIX_PATH}:/home/dung/ros_ws/install/keyboard_teleop:/opt/ros/humble /usr/bin/cmake --build /home/dung/ros_ws/build/my_robot_motion -- -j6 -l6
[1.419s] Invoking command in '/home/dung/ros_ws/build/my_robot_motion': CMAKE_PREFIX_PATH=${CMAKE_PREFIX_PATH}:/home/dung/ros_ws/install/keyboard_teleop:/opt/ros/humble /usr/bin/cmake --install /home/dung/ros_ws/build/my_robot_motion
[1.421s] -- Install configuration: ""
[1.422s] -- Installing: /home/dung/ros_ws/install/my_robot_motion/lib/my_robot_motion/pd_motion_planner.py
[1.422s] -- Installing: /home/dung/ros_ws/install/my_robot_motion/lib/my_robot_motion/pure_pursuit.py
[1.422s] -- Installing: /home/dung/ros_ws/install/my_robot_motion/share/ament_index/resource_index/package_run_dependencies/my_robot_motion
[1.422s] -- Installing: /home/dung/ros_ws/install/my_robot_motion/share/ament_index/resource_index/parent_prefix_path/my_robot_motion
[1.422s] -- Installing: /home/dung/ros_ws/install/my_robot_motion/share/my_robot_motion/environment/ament_prefix_path.sh
[1.422s] -- Installing: /home/dung/ros_ws/install/my_robot_motion/share/my_robot_motion/environment/ament_prefix_path.dsv
[1.424s] -- Installing: /home/dung/ros_ws/install/my_robot_motion/share/my_robot_motion/environment/path.sh
[1.424s] -- Installing: /home/dung/ros_ws/install/my_robot_motion/share/my_robot_motion/environment/path.dsv
[1.424s] -- Installing: /home/dung/ros_ws/install/my_robot_motion/share/my_robot_motion/local_setup.bash
[1.424s] -- Installing: /home/dung/ros_ws/install/my_robot_motion/share/my_robot_motion/local_setup.sh
[1.424s] -- Installing: /home/dung/ros_ws/install/my_robot_motion/share/my_robot_motion/local_setup.zsh
[1.424s] -- Installing: /home/dung/ros_ws/install/my_robot_motion/share/my_robot_motion/local_setup.dsv
[1.424s] -- Installing: /home/dung/ros_ws/install/my_robot_motion/share/my_robot_motion/package.dsv
[1.424s] -- Installing: /home/dung/ros_ws/install/my_robot_motion/share/ament_index/resource_index/packages/my_robot_motion
[1.424s] -- Installing: /home/dung/ros_ws/install/my_robot_motion/share/my_robot_motion/cmake/my_robot_motionConfig.cmake
[1.424s] -- Installing: /home/dung/ros_ws/install/my_robot_motion/share/my_robot_motion/cmake/my_robot_motionConfig-version.cmake
[1.424s] -- Installing: /home/dung/ros_ws/install/my_robot_motion/share/my_robot_motion/package.xml
[1.429s] Invoked command in '/home/dung/ros_ws/build/my_robot_motion' returned '0': CMAKE_PREFIX_PATH=${CMAKE_PREFIX_PATH}:/home/dung/ros_ws/install/keyboard_teleop:/opt/ros/humble /usr/bin/cmake --install /home/dung/ros_ws/build/my_robot_motion
