[0.021s] Invoking command in '/home/dung/ros_ws/build/my_robot_navi': /usr/bin/cmake --build /home/dung/ros_ws/build/my_robot_navi -- -j12 -l12
[0.087s] Invoked command in '/home/dung/ros_ws/build/my_robot_navi' returned '0': /usr/bin/cmake --build /home/dung/ros_ws/build/my_robot_navi -- -j12 -l12
[0.097s] Invoking command in '/home/dung/ros_ws/build/my_robot_navi': /usr/bin/cmake --install /home/dung/ros_ws/build/my_robot_navi
[0.172s] -- Install configuration: ""
[0.173s] -- Up-to-date: /home/dung/ros_ws/install/my_robot_navi/share/my_robot_navi/config
[0.173s] -- Up-to-date: /home/dung/ros_ws/install/my_robot_navi/share/my_robot_navi/config/controller_server.yaml
[0.173s] -- Up-to-date: /home/dung/ros_ws/install/my_robot_navi/share/my_robot_navi/config/bt_navigation.yaml
[0.173s] -- Up-to-date: /home/dung/ros_ws/install/my_robot_navi/share/my_robot_navi/config/planner_server.yaml
[0.173s] -- Up-to-date: /home/dung/ros_ws/install/my_robot_navi/share/my_robot_navi/config/smoother_server.yaml
[0.173s] -- Up-to-date: /home/dung/ros_ws/install/my_robot_navi/share/my_robot_navi/config/behavior_server.yaml
[0.173s] -- Up-to-date: /home/dung/ros_ws/install/my_robot_navi/share/my_robot_navi/config/costmap.yaml
[0.173s] -- Up-to-date: /home/dung/ros_ws/install/my_robot_navi/share/my_robot_navi/launch
[0.173s] -- Up-to-date: /home/dung/ros_ws/install/my_robot_navi/share/my_robot_navi/launch/navigation.launch.py
[0.173s] -- Up-to-date: /home/dung/ros_ws/install/my_robot_navi/share/my_robot_navi/behavior_tree
[0.173s] -- Up-to-date: /home/dung/ros_ws/install/my_robot_navi/share/my_robot_navi/behavior_tree/simple_navigation_2.xml
[0.173s] -- Up-to-date: /home/dung/ros_ws/install/my_robot_navi/share/my_robot_navi/behavior_tree/simple_navigation.xml
[0.173s] -- Up-to-date: /home/dung/ros_ws/install/my_robot_navi/share/ament_index/resource_index/package_run_dependencies/my_robot_navi
[0.173s] -- Up-to-date: /home/dung/ros_ws/install/my_robot_navi/share/ament_index/resource_index/parent_prefix_path/my_robot_navi
[0.173s] -- Up-to-date: /home/dung/ros_ws/install/my_robot_navi/share/my_robot_navi/environment/ament_prefix_path.sh
[0.173s] -- Up-to-date: /home/dung/ros_ws/install/my_robot_navi/share/my_robot_navi/environment/ament_prefix_path.dsv
[0.174s] -- Up-to-date: /home/dung/ros_ws/install/my_robot_navi/share/my_robot_navi/environment/path.sh
[0.174s] -- Up-to-date: /home/dung/ros_ws/install/my_robot_navi/share/my_robot_navi/environment/path.dsv
[0.174s] -- Up-to-date: /home/dung/ros_ws/install/my_robot_navi/share/my_robot_navi/local_setup.bash
[0.174s] -- Up-to-date: /home/dung/ros_ws/install/my_robot_navi/share/my_robot_navi/local_setup.sh
[0.174s] -- Up-to-date: /home/dung/ros_ws/install/my_robot_navi/share/my_robot_navi/local_setup.zsh
[0.174s] -- Up-to-date: /home/dung/ros_ws/install/my_robot_navi/share/my_robot_navi/local_setup.dsv
[0.174s] -- Installing: /home/dung/ros_ws/install/my_robot_navi/share/my_robot_navi/package.dsv
[0.174s] -- Up-to-date: /home/dung/ros_ws/install/my_robot_navi/share/ament_index/resource_index/packages/my_robot_navi
[0.174s] -- Up-to-date: /home/dung/ros_ws/install/my_robot_navi/share/my_robot_navi/cmake/my_robot_naviConfig.cmake
[0.174s] -- Up-to-date: /home/dung/ros_ws/install/my_robot_navi/share/my_robot_navi/cmake/my_robot_naviConfig-version.cmake
[0.174s] -- Up-to-date: /home/dung/ros_ws/install/my_robot_navi/share/my_robot_navi/package.xml
[0.198s] Invoked command in '/home/dung/ros_ws/build/my_robot_navi' returned '0': /usr/bin/cmake --install /home/dung/ros_ws/build/my_robot_navi
