[0.017s] Invoking command in '/home/dung/ros_ws/build/my_robot_navi': CMAKE_PREFIX_PATH=${CMAKE_PREFIX_PATH}:/home/dung/ros_ws/install/keyboard_teleop:/opt/ros/humble /usr/bin/cmake /home/dung/ros_ws/src/my_robot_navi -DCMAKE_INSTALL_PREFIX=/home/dung/ros_ws/install/my_robot_navi
[0.121s] -- The C compiler identification is GNU 11.4.0
[0.234s] -- The CXX compiler identification is GNU 11.4.0
[0.238s] -- Detecting C compiler ABI info
[0.311s] -- Detecting C compiler ABI info - done
[0.320s] -- Check for working C compiler: /usr/bin/cc - skipped
[0.320s] -- Detecting C compile features
[0.320s] -- Detecting C compile features - done
[0.323s] -- Detecting CXX compiler ABI info
[0.453s] -- Detecting CXX compiler ABI info - done
[0.459s] -- Check for working CXX compiler: /usr/bin/c++ - skipped
[0.460s] -- Detecting CXX compile features
[0.460s] -- Detecting CXX compile features - done
[0.461s] -- Found ament_cmake: 1.3.12 (/opt/ros/humble/share/ament_cmake/cmake)
[0.607s] -- Found Python3: /usr/bin/python3 (found version "3.10.12") found components: Interpreter 
[0.733s] -- Found ament_lint_auto: 0.12.14 (/opt/ros/humble/share/ament_lint_auto/cmake)
[0.823s] -- Added test 'flake8' to check Python code syntax and style conventions
[0.823s] -- Added test 'lint_cmake' to check CMake code style
[0.823s] -- Added test 'pep257' to check Python code against some of the docstring style conventions in PEP 257
[0.824s] -- Added test 'xmllint' to check XML markup files
[0.829s] -- Configuring done
[0.830s] -- Generating done
[0.834s] -- Build files have been written to: /home/dung/ros_ws/build/my_robot_navi
[0.846s] Invoked command in '/home/dung/ros_ws/build/my_robot_navi' returned '0': CMAKE_PREFIX_PATH=${CMAKE_PREFIX_PATH}:/home/dung/ros_ws/install/keyboard_teleop:/opt/ros/humble /usr/bin/cmake /home/dung/ros_ws/src/my_robot_navi -DCMAKE_INSTALL_PREFIX=/home/dung/ros_ws/install/my_robot_navi
[0.846s] Invoking command in '/home/dung/ros_ws/build/my_robot_navi': CMAKE_PREFIX_PATH=${CMAKE_PREFIX_PATH}:/home/dung/ros_ws/install/keyboard_teleop:/opt/ros/humble /usr/bin/cmake --build /home/dung/ros_ws/build/my_robot_navi -- -j6 -l6
[0.982s] Invoked command in '/home/dung/ros_ws/build/my_robot_navi' returned '0': CMAKE_PREFIX_PATH=${CMAKE_PREFIX_PATH}:/home/dung/ros_ws/install/keyboard_teleop:/opt/ros/humble /usr/bin/cmake --build /home/dung/ros_ws/build/my_robot_navi -- -j6 -l6
[0.985s] Invoking command in '/home/dung/ros_ws/build/my_robot_navi': CMAKE_PREFIX_PATH=${CMAKE_PREFIX_PATH}:/home/dung/ros_ws/install/keyboard_teleop:/opt/ros/humble /usr/bin/cmake --install /home/dung/ros_ws/build/my_robot_navi
[0.995s] -- Install configuration: ""
[0.998s] -- Installing: /home/dung/ros_ws/install/my_robot_navi/share/my_robot_navi/config
[0.998s] -- Installing: /home/dung/ros_ws/install/my_robot_navi/share/my_robot_navi/config/planner_server.yaml
[0.999s] -- Installing: /home/dung/ros_ws/install/my_robot_navi/share/my_robot_navi/config/bt_navigation.yaml
[0.999s] -- Installing: /home/dung/ros_ws/install/my_robot_navi/share/my_robot_navi/config/smoother_server.yaml
[0.999s] -- Installing: /home/dung/ros_ws/install/my_robot_navi/share/my_robot_navi/config/controller_server.yaml
[0.999s] -- Installing: /home/dung/ros_ws/install/my_robot_navi/share/my_robot_navi/config/costmap.yaml
[0.999s] -- Installing: /home/dung/ros_ws/install/my_robot_navi/share/my_robot_navi/launch
[0.999s] -- Installing: /home/dung/ros_ws/install/my_robot_navi/share/my_robot_navi/launch/navigation.launch.py
[0.999s] -- Installing: /home/dung/ros_ws/install/my_robot_navi/share/my_robot_navi/behavior_tree
[0.999s] -- Installing: /home/dung/ros_ws/install/my_robot_navi/share/my_robot_navi/behavior_tree/simple_navigation.xml
[0.999s] -- Installing: /home/dung/ros_ws/install/my_robot_navi/share/ament_index/resource_index/package_run_dependencies/my_robot_navi
[0.999s] -- Installing: /home/dung/ros_ws/install/my_robot_navi/share/ament_index/resource_index/parent_prefix_path/my_robot_navi
[0.999s] -- Installing: /home/dung/ros_ws/install/my_robot_navi/share/my_robot_navi/environment/ament_prefix_path.sh
[0.999s] -- Installing: /home/dung/ros_ws/install/my_robot_navi/share/my_robot_navi/environment/ament_prefix_path.dsv
[0.999s] -- Installing: /home/dung/ros_ws/install/my_robot_navi/share/my_robot_navi/environment/path.sh
[1.000s] -- Installing: /home/dung/ros_ws/install/my_robot_navi/share/my_robot_navi/environment/path.dsv
[1.000s] -- Installing: /home/dung/ros_ws/install/my_robot_navi/share/my_robot_navi/local_setup.bash
[1.000s] -- Installing: /home/dung/ros_ws/install/my_robot_navi/share/my_robot_navi/local_setup.sh
[1.000s] -- Installing: /home/dung/ros_ws/install/my_robot_navi/share/my_robot_navi/local_setup.zsh
[1.000s] -- Installing: /home/dung/ros_ws/install/my_robot_navi/share/my_robot_navi/local_setup.dsv
[1.000s] -- Installing: /home/dung/ros_ws/install/my_robot_navi/share/my_robot_navi/package.dsv
[1.000s] -- Installing: /home/dung/ros_ws/install/my_robot_navi/share/ament_index/resource_index/packages/my_robot_navi
[1.000s] -- Installing: /home/dung/ros_ws/install/my_robot_navi/share/my_robot_navi/cmake/my_robot_naviConfig.cmake
[1.000s] -- Installing: /home/dung/ros_ws/install/my_robot_navi/share/my_robot_navi/cmake/my_robot_naviConfig-version.cmake
[1.000s] -- Installing: /home/dung/ros_ws/install/my_robot_navi/share/my_robot_navi/package.xml
[1.005s] Invoked command in '/home/dung/ros_ws/build/my_robot_navi' returned '0': CMAKE_PREFIX_PATH=${CMAKE_PREFIX_PATH}:/home/dung/ros_ws/install/keyboard_teleop:/opt/ros/humble /usr/bin/cmake --install /home/dung/ros_ws/build/my_robot_navi
