[0.025s] Invoking command in '/home/dung/ros_ws/build/my_robot_msgs': CMAKE_PREFIX_PATH=${CMAKE_PREFIX_PATH}:/home/dung/ros_ws/install/keyboard_teleop:/opt/ros/humble /usr/bin/cmake /home/dung/ros_ws/src/my_robot_msgs -DAMENT_CMAKE_SYMLINK_INSTALL=1 -DCMAKE_INSTALL_PREFIX=/home/dung/ros_ws/install/my_robot_msgs
[0.120s] -- The C compiler identification is GNU 11.4.0
[0.220s] -- The CXX compiler identification is GNU 11.4.0
[0.229s] -- Detecting C compiler ABI info
[0.297s] -- Detecting C compiler ABI info - done
[0.304s] -- Check for working C compiler: /usr/bin/cc - skipped
[0.305s] -- Detecting C compile features
[0.305s] -- Detecting C compile features - done
[0.309s] -- Detecting CXX compiler ABI info
[0.396s] -- Detecting CXX compiler ABI info - done
[0.404s] -- Check for working CXX compiler: /usr/bin/c++ - skipped
[0.404s] -- Detecting CXX compile features
[0.404s] -- Detecting CXX compile features - done
[0.405s] -- Found ament_cmake: 1.3.12 (/opt/ros/humble/share/ament_cmake/cmake)
[0.580s] -- Found Python3: /usr/bin/python3 (found version "3.10.12") found components: Interpreter 
[0.668s] -- Override CMake install command with custom implementation using symlinks instead of copying resources
[0.688s] -- Found std_msgs: 4.9.0 (/opt/ros/humble/share/std_msgs/cmake)
[0.720s] -- Found rosidl_generator_c: 3.1.7 (/opt/ros/humble/share/rosidl_generator_c/cmake)
[0.725s] -- Found rosidl_adapter: 3.1.7 (/opt/ros/humble/share/rosidl_adapter/cmake)
[0.733s] -- Found rosidl_generator_cpp: 3.1.7 (/opt/ros/humble/share/rosidl_generator_cpp/cmake)
[0.745s] -- Using all available rosidl_typesupport_c: rosidl_typesupport_fastrtps_c;rosidl_typesupport_introspection_c
[0.761s] -- Using all available rosidl_typesupport_cpp: rosidl_typesupport_fastrtps_cpp;rosidl_typesupport_introspection_cpp
[0.788s] -- Found geometry_msgs: 4.9.0 (/opt/ros/humble/share/geometry_msgs/cmake)
[0.802s] -- Found rosidl_default_generators: 1.2.0 (/opt/ros/humble/share/rosidl_default_generators/cmake)
[1.129s] -- Found ament_cmake_ros: 0.10.0 (/opt/ros/humble/share/ament_cmake_ros/cmake)
[1.516s] -- Using all available rosidl_typesupport_c: rosidl_typesupport_fastrtps_c;rosidl_typesupport_introspection_c
[1.680s] -- Using all available rosidl_typesupport_cpp: rosidl_typesupport_fastrtps_cpp;rosidl_typesupport_introspection_cpp
[1.699s] -- Found PythonInterp: /usr/bin/python3 (found suitable version "3.10.12", minimum required is "3.6") 
[1.701s] -- Found python_cmake_module: 0.10.0 (/opt/ros/humble/share/python_cmake_module/cmake)
[1.728s] -- Found PythonLibs: /usr/lib/x86_64-linux-gnu/libpython3.10.so (found suitable version "3.10.12", minimum required is "3.5") 
[1.728s] -- Using PYTHON_EXECUTABLE: /usr/bin/python3
[1.728s] -- Using PYTHON_INCLUDE_DIRS: /usr/include/python3.10
[1.728s] -- Using PYTHON_LIBRARIES: /usr/lib/x86_64-linux-gnu/libpython3.10.so
[1.744s] -- Found PythonExtra: .so  
[1.791s] -- Found ament_lint_auto: 0.12.14 (/opt/ros/humble/share/ament_lint_auto/cmake)
[1.805s] -- Added test 'lint_cmake' to check CMake code style
[1.806s] -- Added test 'xmllint' to check XML markup files
[1.808s] -- Configuring done
[1.831s] -- Generating done
[1.840s] -- Build files have been written to: /home/dung/ros_ws/build/my_robot_msgs
[1.847s] Invoked command in '/home/dung/ros_ws/build/my_robot_msgs' returned '0': CMAKE_PREFIX_PATH=${CMAKE_PREFIX_PATH}:/home/dung/ros_ws/install/keyboard_teleop:/opt/ros/humble /usr/bin/cmake /home/dung/ros_ws/src/my_robot_msgs -DAMENT_CMAKE_SYMLINK_INSTALL=1 -DCMAKE_INSTALL_PREFIX=/home/dung/ros_ws/install/my_robot_msgs
[1.848s] Invoking command in '/home/dung/ros_ws/build/my_robot_msgs': CMAKE_PREFIX_PATH=${CMAKE_PREFIX_PATH}:/home/dung/ros_ws/install/keyboard_teleop:/opt/ros/humble /usr/bin/cmake --build /home/dung/ros_ws/build/my_robot_msgs -- -j12 -l12
[1.873s] [  3%] [34m[1mGenerating C code for ROS interfaces[0m
[1.880s] [  6%] [34m[1mGenerating C++ code for ROS interfaces[0m
[1.886s] [  6%] Built target ament_cmake_python_symlink_my_robot_msgs
[2.080s] running egg_info
[2.080s] creating my_robot_msgs.egg-info
[2.080s] writing my_robot_msgs.egg-info/PKG-INFO
[2.080s] writing dependency_links to my_robot_msgs.egg-info/dependency_links.txt
[2.080s] writing top-level names to my_robot_msgs.egg-info/top_level.txt
[2.081s] writing manifest file 'my_robot_msgs.egg-info/SOURCES.txt'
[2.083s] reading manifest file 'my_robot_msgs.egg-info/SOURCES.txt'
[2.084s] writing manifest file 'my_robot_msgs.egg-info/SOURCES.txt'
[2.134s] [  6%] Built target ament_cmake_python_build_my_robot_msgs_egg
[2.177s] [  9%] [32mBuilding C object CMakeFiles/my_robot_msgs__rosidl_generator_c.dir/rosidl_generator_c/my_robot_msgs/srv/detail/get_tranform__functions.c.o[0m
[2.188s] [  9%] Built target my_robot_msgs__cpp
[2.195s] [ 12%] [34m[1mGenerating C++ type support dispatch for ROS interfaces[0m
[2.195s] [ 16%] [34m[1mGenerating C++ type support for eProsima Fast-RTPS[0m
[2.197s] [ 19%] [34m[1mGenerating C++ introspection for ROS interfaces[0m
[2.243s] [ 22%] [32m[1mLinking C shared library libmy_robot_msgs__rosidl_generator_c.so[0m
[2.269s] [ 22%] Built target my_robot_msgs__rosidl_generator_c
[2.277s] [ 29%] [34m[1mGenerating C type support for eProsima Fast-RTPS[0m
[2.278s] [ 29%] [34m[1mGenerating C introspection for ROS interfaces[0m
[2.278s] [ 32%] [34m[1mGenerating C type support dispatch for ROS interfaces[0m
[2.403s] [ 35%] [32mBuilding CXX object CMakeFiles/my_robot_msgs__rosidl_typesupport_cpp.dir/rosidl_typesupport_cpp/my_robot_msgs/srv/get_tranform__type_support.cpp.o[0m
[2.438s] [ 38%] [32mBuilding CXX object CMakeFiles/my_robot_msgs__rosidl_typesupport_fastrtps_cpp.dir/rosidl_typesupport_fastrtps_cpp/my_robot_msgs/srv/detail/dds_fastrtps/get_tranform__type_support.cpp.o[0m
[2.497s] [ 41%] [32mBuilding CXX object CMakeFiles/my_robot_msgs__rosidl_typesupport_introspection_cpp.dir/rosidl_typesupport_introspection_cpp/my_robot_msgs/srv/detail/get_tranform__type_support.cpp.o[0m
[2.593s] [ 45%] [32mBuilding CXX object CMakeFiles/my_robot_msgs__rosidl_typesupport_fastrtps_c.dir/rosidl_typesupport_fastrtps_c/my_robot_msgs/srv/detail/get_tranform__type_support_c.cpp.o[0m
[2.611s] [ 48%] [32mBuilding CXX object CMakeFiles/my_robot_msgs__rosidl_typesupport_c.dir/rosidl_typesupport_c/my_robot_msgs/srv/get_tranform__type_support.cpp.o[0m
[2.629s] [ 51%] [32mBuilding C object CMakeFiles/my_robot_msgs__rosidl_typesupport_introspection_c.dir/rosidl_typesupport_introspection_c/my_robot_msgs/srv/detail/get_tranform__type_support.c.o[0m
[2.643s] [ 54%] [32m[1mLinking CXX shared library libmy_robot_msgs__rosidl_typesupport_cpp.so[0m
[2.649s] [ 58%] [32m[1mLinking CXX shared library libmy_robot_msgs__rosidl_typesupport_c.so[0m
[2.668s] [ 61%] [32m[1mLinking C shared library libmy_robot_msgs__rosidl_typesupport_introspection_c.so[0m
[2.691s] [ 61%] Built target my_robot_msgs__rosidl_typesupport_cpp
[2.691s] [ 61%] Built target my_robot_msgs__rosidl_typesupport_c
[2.700s] [ 61%] Built target my_robot_msgs__rosidl_typesupport_introspection_c
[2.827s] [ 64%] [32m[1mLinking CXX shared library libmy_robot_msgs__rosidl_typesupport_introspection_cpp.so[0m
[2.877s] [ 67%] [32m[1mLinking CXX shared library libmy_robot_msgs__rosidl_typesupport_fastrtps_c.so[0m
[2.889s] [ 67%] Built target my_robot_msgs__rosidl_typesupport_introspection_cpp
[2.895s] [ 70%] [32m[1mLinking CXX shared library libmy_robot_msgs__rosidl_typesupport_fastrtps_cpp.so[0m
[2.964s] [ 70%] Built target my_robot_msgs__rosidl_typesupport_fastrtps_c
[2.974s] [ 70%] Built target my_robot_msgs__rosidl_typesupport_fastrtps_cpp
[2.988s] [ 70%] Built target my_robot_msgs
[3.003s] [ 74%] [34m[1mGenerating Python code for ROS interfaces[0m
[3.263s] [ 74%] Built target my_robot_msgs__py
[3.276s] [ 77%] [32mBuilding C object CMakeFiles/my_robot_msgs__rosidl_generator_py.dir/rosidl_generator_py/my_robot_msgs/srv/_get_tranform_s.c.o[0m
[3.368s] [ 80%] [32m[1mLinking C shared library rosidl_generator_py/my_robot_msgs/libmy_robot_msgs__rosidl_generator_py.so[0m
[3.397s] [ 80%] Built target my_robot_msgs__rosidl_generator_py
[3.412s] [ 87%] [32mBuilding C object CMakeFiles/my_robot_msgs__rosidl_typesupport_introspection_c__pyext.dir/rosidl_generator_py/my_robot_msgs/_my_robot_msgs_s.ep.rosidl_typesupport_introspection_c.c.o[0m
[3.412s] [ 87%] [32mBuilding C object CMakeFiles/my_robot_msgs__rosidl_typesupport_c__pyext.dir/rosidl_generator_py/my_robot_msgs/_my_robot_msgs_s.ep.rosidl_typesupport_c.c.o[0m
[3.413s] [ 90%] [32mBuilding C object CMakeFiles/my_robot_msgs__rosidl_typesupport_fastrtps_c__pyext.dir/rosidl_generator_py/my_robot_msgs/_my_robot_msgs_s.ep.rosidl_typesupport_fastrtps_c.c.o[0m
[3.480s] [ 96%] [32m[1mLinking C shared library rosidl_generator_py/my_robot_msgs/my_robot_msgs_s__rosidl_typesupport_c.cpython-310-x86_64-linux-gnu.so[0m
[3.480s] [ 96%] [32m[1mLinking C shared library rosidl_generator_py/my_robot_msgs/my_robot_msgs_s__rosidl_typesupport_introspection_c.cpython-310-x86_64-linux-gnu.so[0m
[3.510s] [100%] [32m[1mLinking C shared library rosidl_generator_py/my_robot_msgs/my_robot_msgs_s__rosidl_typesupport_fastrtps_c.cpython-310-x86_64-linux-gnu.so[0m
[3.510s] [100%] Built target my_robot_msgs__rosidl_typesupport_c__pyext
[3.510s] [100%] Built target my_robot_msgs__rosidl_typesupport_introspection_c__pyext
[3.538s] [100%] Built target my_robot_msgs__rosidl_typesupport_fastrtps_c__pyext
[3.547s] Invoked command in '/home/dung/ros_ws/build/my_robot_msgs' returned '0': CMAKE_PREFIX_PATH=${CMAKE_PREFIX_PATH}:/home/dung/ros_ws/install/keyboard_teleop:/opt/ros/humble /usr/bin/cmake --build /home/dung/ros_ws/build/my_robot_msgs -- -j12 -l12
[3.548s] Invoking command in '/home/dung/ros_ws/build/my_robot_msgs': CMAKE_PREFIX_PATH=${CMAKE_PREFIX_PATH}:/home/dung/ros_ws/install/keyboard_teleop:/opt/ros/humble /usr/bin/cmake --install /home/dung/ros_ws/build/my_robot_msgs
[3.553s] -- Install configuration: ""
[3.553s] -- Execute custom install script
[3.554s] -- Symlinking: /home/dung/ros_ws/install/my_robot_msgs/share/ament_index/resource_index/rosidl_interfaces/my_robot_msgs
[3.560s] -- Symlinking: /home/dung/ros_ws/install/my_robot_msgs/include/my_robot_msgs/my_robot_msgs/msg/rosidl_generator_c__visibility_control.h
[3.566s] -- Symlinking: /home/dung/ros_ws/install/my_robot_msgs/include/my_robot_msgs/my_robot_msgs/srv/detail/get_tranform__functions.h
[3.572s] -- Symlinking: /home/dung/ros_ws/install/my_robot_msgs/include/my_robot_msgs/my_robot_msgs/srv/detail/get_tranform__struct.h
[3.578s] -- Symlinking: /home/dung/ros_ws/install/my_robot_msgs/include/my_robot_msgs/my_robot_msgs/srv/detail/get_tranform__type_support.h
[3.584s] -- Symlinking: /home/dung/ros_ws/install/my_robot_msgs/include/my_robot_msgs/my_robot_msgs/srv/get_tranform.h
[3.590s] -- Symlinking: /home/dung/ros_ws/install/my_robot_msgs/share/my_robot_msgs/environment/library_path.sh
[3.595s] -- Symlinking: /home/dung/ros_ws/install/my_robot_msgs/share/my_robot_msgs/environment/library_path.dsv
[3.601s] -- Symlinking: /home/dung/ros_ws/install/my_robot_msgs/include/my_robot_msgs/my_robot_msgs/msg/rosidl_typesupport_fastrtps_c__visibility_control.h
[3.607s] -- Symlinking: /home/dung/ros_ws/install/my_robot_msgs/include/my_robot_msgs/my_robot_msgs/srv/detail/get_tranform__rosidl_typesupport_fastrtps_c.h
[3.614s] -- Symlinking: /home/dung/ros_ws/install/my_robot_msgs/include/my_robot_msgs/my_robot_msgs/msg/rosidl_generator_cpp__visibility_control.hpp
[3.620s] -- Symlinking: /home/dung/ros_ws/install/my_robot_msgs/include/my_robot_msgs/my_robot_msgs/srv/detail/get_tranform__builder.hpp
[3.626s] -- Symlinking: /home/dung/ros_ws/install/my_robot_msgs/include/my_robot_msgs/my_robot_msgs/srv/detail/get_tranform__struct.hpp
[3.633s] -- Symlinking: /home/dung/ros_ws/install/my_robot_msgs/include/my_robot_msgs/my_robot_msgs/srv/detail/get_tranform__traits.hpp
[3.639s] -- Symlinking: /home/dung/ros_ws/install/my_robot_msgs/include/my_robot_msgs/my_robot_msgs/srv/detail/get_tranform__type_support.hpp
[3.646s] -- Symlinking: /home/dung/ros_ws/install/my_robot_msgs/include/my_robot_msgs/my_robot_msgs/srv/get_tranform.hpp
[3.652s] -- Symlinking: /home/dung/ros_ws/install/my_robot_msgs/include/my_robot_msgs/my_robot_msgs/msg/rosidl_typesupport_fastrtps_cpp__visibility_control.h
[3.658s] -- Symlinking: /home/dung/ros_ws/install/my_robot_msgs/include/my_robot_msgs/my_robot_msgs/srv/detail/get_tranform__rosidl_typesupport_fastrtps_cpp.hpp
[3.665s] -- Symlinking: /home/dung/ros_ws/install/my_robot_msgs/include/my_robot_msgs/my_robot_msgs/msg/rosidl_typesupport_introspection_c__visibility_control.h
[3.671s] -- Symlinking: /home/dung/ros_ws/install/my_robot_msgs/include/my_robot_msgs/my_robot_msgs/srv/detail/get_tranform__rosidl_typesupport_introspection_c.h
[3.677s] -- Symlinking: /home/dung/ros_ws/install/my_robot_msgs/include/my_robot_msgs/my_robot_msgs/srv/detail/get_tranform__rosidl_typesupport_introspection_cpp.hpp
[3.684s] -- Symlinking: /home/dung/ros_ws/install/my_robot_msgs/share/my_robot_msgs/environment/pythonpath.sh
[3.690s] -- Symlinking: /home/dung/ros_ws/install/my_robot_msgs/share/my_robot_msgs/environment/pythonpath.dsv
[3.697s] -- Symlinking: /home/dung/ros_ws/install/my_robot_msgs/local/lib/python3.10/dist-packages/my_robot_msgs-0.0.0-py3.10.egg-info/PKG-INFO
[3.703s] -- Symlinking: /home/dung/ros_ws/install/my_robot_msgs/local/lib/python3.10/dist-packages/my_robot_msgs-0.0.0-py3.10.egg-info/SOURCES.txt
[3.709s] -- Symlinking: /home/dung/ros_ws/install/my_robot_msgs/local/lib/python3.10/dist-packages/my_robot_msgs-0.0.0-py3.10.egg-info/dependency_links.txt
[3.715s] -- Symlinking: /home/dung/ros_ws/install/my_robot_msgs/local/lib/python3.10/dist-packages/my_robot_msgs-0.0.0-py3.10.egg-info/top_level.txt
[3.722s] -- Symlinking: /home/dung/ros_ws/install/my_robot_msgs/local/lib/python3.10/dist-packages/my_robot_msgs/__init__.py
[3.728s] -- Symlinking: /home/dung/ros_ws/install/my_robot_msgs/local/lib/python3.10/dist-packages/my_robot_msgs/_my_robot_msgs_s.ep.rosidl_typesupport_c.c
[3.735s] -- Symlinking: /home/dung/ros_ws/install/my_robot_msgs/local/lib/python3.10/dist-packages/my_robot_msgs/_my_robot_msgs_s.ep.rosidl_typesupport_fastrtps_c.c
[3.741s] -- Symlinking: /home/dung/ros_ws/install/my_robot_msgs/local/lib/python3.10/dist-packages/my_robot_msgs/_my_robot_msgs_s.ep.rosidl_typesupport_introspection_c.c
[3.748s] -- Symlinking: /home/dung/ros_ws/install/my_robot_msgs/local/lib/python3.10/dist-packages/my_robot_msgs/libmy_robot_msgs__rosidl_generator_py.so
[3.754s] -- Symlinking: /home/dung/ros_ws/install/my_robot_msgs/local/lib/python3.10/dist-packages/my_robot_msgs/my_robot_msgs_s__rosidl_typesupport_c.cpython-310-x86_64-linux-gnu.so
[3.761s] -- Symlinking: /home/dung/ros_ws/install/my_robot_msgs/local/lib/python3.10/dist-packages/my_robot_msgs/my_robot_msgs_s__rosidl_typesupport_fastrtps_c.cpython-310-x86_64-linux-gnu.so
[3.767s] -- Symlinking: /home/dung/ros_ws/install/my_robot_msgs/local/lib/python3.10/dist-packages/my_robot_msgs/my_robot_msgs_s__rosidl_typesupport_introspection_c.cpython-310-x86_64-linux-gnu.so
[3.774s] -- Symlinking: /home/dung/ros_ws/install/my_robot_msgs/local/lib/python3.10/dist-packages/my_robot_msgs/srv/__init__.py
[3.780s] -- Symlinking: /home/dung/ros_ws/install/my_robot_msgs/local/lib/python3.10/dist-packages/my_robot_msgs/srv/_get_tranform.py
[3.787s] -- Symlinking: /home/dung/ros_ws/install/my_robot_msgs/local/lib/python3.10/dist-packages/my_robot_msgs/srv/_get_tranform_s.c
[3.793s] -- Up-to-date symlink: /home/dung/ros_ws/install/my_robot_msgs/local/lib/python3.10/dist-packages/my_robot_msgs/my_robot_msgs_s__rosidl_typesupport_fastrtps_c.cpython-310-x86_64-linux-gnu.so
[3.793s] -- Up-to-date symlink: /home/dung/ros_ws/install/my_robot_msgs/local/lib/python3.10/dist-packages/my_robot_msgs/my_robot_msgs_s__rosidl_typesupport_introspection_c.cpython-310-x86_64-linux-gnu.so
[3.793s] -- Up-to-date symlink: /home/dung/ros_ws/install/my_robot_msgs/local/lib/python3.10/dist-packages/my_robot_msgs/my_robot_msgs_s__rosidl_typesupport_c.cpython-310-x86_64-linux-gnu.so
[3.794s] -- Symlinking: /home/dung/ros_ws/install/my_robot_msgs/share/my_robot_msgs/srv/GetTranform.idl
[3.800s] -- Symlinking: /home/dung/ros_ws/install/my_robot_msgs/share/my_robot_msgs/srv/GetTranform.srv
[3.806s] -- Symlinking: /home/dung/ros_ws/install/my_robot_msgs/share/my_robot_msgs/srv/GetTranform_Request.msg
[3.813s] -- Symlinking: /home/dung/ros_ws/install/my_robot_msgs/share/my_robot_msgs/srv/GetTranform_Response.msg
[3.820s] -- Symlinking: /home/dung/ros_ws/install/my_robot_msgs/share/ament_index/resource_index/package_run_dependencies/my_robot_msgs
[3.827s] -- Symlinking: /home/dung/ros_ws/install/my_robot_msgs/share/ament_index/resource_index/parent_prefix_path/my_robot_msgs
[3.834s] -- Symlinking: /home/dung/ros_ws/install/my_robot_msgs/share/my_robot_msgs/environment/ament_prefix_path.sh
[3.840s] -- Symlinking: /home/dung/ros_ws/install/my_robot_msgs/share/my_robot_msgs/environment/ament_prefix_path.dsv
[3.847s] -- Symlinking: /home/dung/ros_ws/install/my_robot_msgs/share/my_robot_msgs/environment/path.sh
[3.854s] -- Symlinking: /home/dung/ros_ws/install/my_robot_msgs/share/my_robot_msgs/environment/path.dsv
[3.861s] -- Symlinking: /home/dung/ros_ws/install/my_robot_msgs/share/my_robot_msgs/local_setup.bash
[3.867s] -- Symlinking: /home/dung/ros_ws/install/my_robot_msgs/share/my_robot_msgs/local_setup.sh
[3.874s] -- Symlinking: /home/dung/ros_ws/install/my_robot_msgs/share/my_robot_msgs/local_setup.zsh
[3.881s] -- Symlinking: /home/dung/ros_ws/install/my_robot_msgs/share/my_robot_msgs/local_setup.dsv
[3.888s] -- Symlinking: /home/dung/ros_ws/install/my_robot_msgs/share/my_robot_msgs/package.dsv
[3.895s] -- Symlinking: /home/dung/ros_ws/install/my_robot_msgs/share/ament_index/resource_index/packages/my_robot_msgs
[3.902s] -- Symlinking: /home/dung/ros_ws/install/my_robot_msgs/share/my_robot_msgs/cmake/rosidl_cmake-extras.cmake
[3.909s] -- Symlinking: /home/dung/ros_ws/install/my_robot_msgs/share/my_robot_msgs/cmake/ament_cmake_export_dependencies-extras.cmake
[3.916s] -- Symlinking: /home/dung/ros_ws/install/my_robot_msgs/share/my_robot_msgs/cmake/ament_cmake_export_include_directories-extras.cmake
[3.923s] -- Symlinking: /home/dung/ros_ws/install/my_robot_msgs/share/my_robot_msgs/cmake/ament_cmake_export_libraries-extras.cmake
[3.931s] -- Symlinking: /home/dung/ros_ws/install/my_robot_msgs/share/my_robot_msgs/cmake/ament_cmake_export_targets-extras.cmake
[3.937s] -- Symlinking: /home/dung/ros_ws/install/my_robot_msgs/share/my_robot_msgs/cmake/rosidl_cmake_export_typesupport_targets-extras.cmake
[3.944s] -- Symlinking: /home/dung/ros_ws/install/my_robot_msgs/share/my_robot_msgs/cmake/rosidl_cmake_export_typesupport_libraries-extras.cmake
[3.951s] -- Symlinking: /home/dung/ros_ws/install/my_robot_msgs/share/my_robot_msgs/cmake/my_robot_msgsConfig.cmake
[3.958s] -- Symlinking: /home/dung/ros_ws/install/my_robot_msgs/share/my_robot_msgs/cmake/my_robot_msgsConfig-version.cmake
[3.964s] -- Symlinking: /home/dung/ros_ws/install/my_robot_msgs/share/my_robot_msgs/package.xml
[3.971s] -- Installing: /home/dung/ros_ws/install/my_robot_msgs/lib/libmy_robot_msgs__rosidl_generator_c.so
[3.971s] -- Set runtime path of "/home/dung/ros_ws/install/my_robot_msgs/lib/libmy_robot_msgs__rosidl_generator_c.so" to ""
[3.971s] -- Installing: /home/dung/ros_ws/install/my_robot_msgs/lib/libmy_robot_msgs__rosidl_typesupport_fastrtps_c.so
[3.972s] -- Set runtime path of "/home/dung/ros_ws/install/my_robot_msgs/lib/libmy_robot_msgs__rosidl_typesupport_fastrtps_c.so" to ""
[3.972s] -- Installing: /home/dung/ros_ws/install/my_robot_msgs/lib/libmy_robot_msgs__rosidl_typesupport_fastrtps_cpp.so
[3.972s] -- Set runtime path of "/home/dung/ros_ws/install/my_robot_msgs/lib/libmy_robot_msgs__rosidl_typesupport_fastrtps_cpp.so" to ""
[3.972s] -- Installing: /home/dung/ros_ws/install/my_robot_msgs/lib/libmy_robot_msgs__rosidl_typesupport_introspection_c.so
[3.972s] -- Set runtime path of "/home/dung/ros_ws/install/my_robot_msgs/lib/libmy_robot_msgs__rosidl_typesupport_introspection_c.so" to ""
[3.972s] -- Installing: /home/dung/ros_ws/install/my_robot_msgs/lib/libmy_robot_msgs__rosidl_typesupport_c.so
[3.973s] -- Set runtime path of "/home/dung/ros_ws/install/my_robot_msgs/lib/libmy_robot_msgs__rosidl_typesupport_c.so" to ""
[3.973s] -- Installing: /home/dung/ros_ws/install/my_robot_msgs/lib/libmy_robot_msgs__rosidl_typesupport_introspection_cpp.so
[3.973s] -- Set runtime path of "/home/dung/ros_ws/install/my_robot_msgs/lib/libmy_robot_msgs__rosidl_typesupport_introspection_cpp.so" to ""
[3.973s] -- Installing: /home/dung/ros_ws/install/my_robot_msgs/lib/libmy_robot_msgs__rosidl_typesupport_cpp.so
[3.973s] -- Set runtime path of "/home/dung/ros_ws/install/my_robot_msgs/lib/libmy_robot_msgs__rosidl_typesupport_cpp.so" to ""
[4.000s] Listing '/home/dung/ros_ws/install/my_robot_msgs/local/lib/python3.10/dist-packages/my_robot_msgs'...
[4.001s] Compiling '/home/dung/ros_ws/install/my_robot_msgs/local/lib/python3.10/dist-packages/my_robot_msgs/__init__.py'...
[4.001s] Listing '/home/dung/ros_ws/install/my_robot_msgs/local/lib/python3.10/dist-packages/my_robot_msgs/srv'...
[4.001s] Compiling '/home/dung/ros_ws/install/my_robot_msgs/local/lib/python3.10/dist-packages/my_robot_msgs/srv/__init__.py'...
[4.001s] Compiling '/home/dung/ros_ws/install/my_robot_msgs/local/lib/python3.10/dist-packages/my_robot_msgs/srv/_get_tranform.py'...
[4.005s] -- Installing: /home/dung/ros_ws/install/my_robot_msgs/lib/libmy_robot_msgs__rosidl_generator_py.so
[4.005s] -- Set runtime path of "/home/dung/ros_ws/install/my_robot_msgs/lib/libmy_robot_msgs__rosidl_generator_py.so" to ""
[4.005s] -- Installing: /home/dung/ros_ws/install/my_robot_msgs/share/my_robot_msgs/cmake/export_my_robot_msgs__rosidl_generator_cExport.cmake
[4.005s] -- Installing: /home/dung/ros_ws/install/my_robot_msgs/share/my_robot_msgs/cmake/export_my_robot_msgs__rosidl_generator_cExport-noconfig.cmake
[4.005s] -- Installing: /home/dung/ros_ws/install/my_robot_msgs/share/my_robot_msgs/cmake/export_my_robot_msgs__rosidl_typesupport_fastrtps_cExport.cmake
[4.006s] -- Installing: /home/dung/ros_ws/install/my_robot_msgs/share/my_robot_msgs/cmake/export_my_robot_msgs__rosidl_typesupport_fastrtps_cExport-noconfig.cmake
[4.006s] -- Installing: /home/dung/ros_ws/install/my_robot_msgs/share/my_robot_msgs/cmake/export_my_robot_msgs__rosidl_generator_cppExport.cmake
[4.006s] -- Installing: /home/dung/ros_ws/install/my_robot_msgs/share/my_robot_msgs/cmake/export_my_robot_msgs__rosidl_typesupport_fastrtps_cppExport.cmake
[4.006s] -- Installing: /home/dung/ros_ws/install/my_robot_msgs/share/my_robot_msgs/cmake/export_my_robot_msgs__rosidl_typesupport_fastrtps_cppExport-noconfig.cmake
[4.006s] -- Installing: /home/dung/ros_ws/install/my_robot_msgs/share/my_robot_msgs/cmake/my_robot_msgs__rosidl_typesupport_introspection_cExport.cmake
[4.006s] -- Installing: /home/dung/ros_ws/install/my_robot_msgs/share/my_robot_msgs/cmake/my_robot_msgs__rosidl_typesupport_introspection_cExport-noconfig.cmake
[4.006s] -- Installing: /home/dung/ros_ws/install/my_robot_msgs/share/my_robot_msgs/cmake/my_robot_msgs__rosidl_typesupport_cExport.cmake
[4.006s] -- Installing: /home/dung/ros_ws/install/my_robot_msgs/share/my_robot_msgs/cmake/my_robot_msgs__rosidl_typesupport_cExport-noconfig.cmake
[4.006s] -- Installing: /home/dung/ros_ws/install/my_robot_msgs/share/my_robot_msgs/cmake/my_robot_msgs__rosidl_typesupport_introspection_cppExport.cmake
[4.006s] -- Installing: /home/dung/ros_ws/install/my_robot_msgs/share/my_robot_msgs/cmake/my_robot_msgs__rosidl_typesupport_introspection_cppExport-noconfig.cmake
[4.006s] -- Installing: /home/dung/ros_ws/install/my_robot_msgs/share/my_robot_msgs/cmake/my_robot_msgs__rosidl_typesupport_cppExport.cmake
[4.007s] -- Installing: /home/dung/ros_ws/install/my_robot_msgs/share/my_robot_msgs/cmake/my_robot_msgs__rosidl_typesupport_cppExport-noconfig.cmake
[4.007s] -- Installing: /home/dung/ros_ws/install/my_robot_msgs/share/my_robot_msgs/cmake/export_my_robot_msgs__rosidl_generator_pyExport.cmake
[4.007s] -- Installing: /home/dung/ros_ws/install/my_robot_msgs/share/my_robot_msgs/cmake/export_my_robot_msgs__rosidl_generator_pyExport-noconfig.cmake
[4.010s] Invoked command in '/home/dung/ros_ws/build/my_robot_msgs' returned '0': CMAKE_PREFIX_PATH=${CMAKE_PREFIX_PATH}:/home/dung/ros_ws/install/keyboard_teleop:/opt/ros/humble /usr/bin/cmake --install /home/dung/ros_ws/build/my_robot_msgs
