[ 50%] Built target a_star
[ 50%] Built target ament_cmake_python_copy_my_robot_planning
[100%] Built target dijkstra_planner
running egg_info
writing my_robot_planning.egg-info/PKG-INFO
writing dependency_links to my_robot_planning.egg-info/dependency_links.txt
writing top-level names to my_robot_planning.egg-info/top_level.txt
reading manifest file 'my_robot_planning.egg-info/SOURCES.txt'
writing manifest file 'my_robot_planning.egg-info/SOURCES.txt'
[100%] Built target ament_cmake_python_build_my_robot_planning_egg
-- Install configuration: ""
-- Up-to-date: /home/dung/ros_ws/install/my_robot_planning/share/my_robot_planning/environment/pythonpath.sh
-- Up-to-date: /home/dung/ros_ws/install/my_robot_planning/share/my_robot_planning/environment/pythonpath.dsv
-- Up-to-date: /home/dung/ros_ws/install/my_robot_planning/local/lib/python3.10/dist-packages/my_robot_planning-0.0.0-py3.10.egg-info
-- Installing: /home/dung/ros_ws/install/my_robot_planning/local/lib/python3.10/dist-packages/my_robot_planning-0.0.0-py3.10.egg-info/dependency_links.txt
-- Installing: /home/dung/ros_ws/install/my_robot_planning/local/lib/python3.10/dist-packages/my_robot_planning-0.0.0-py3.10.egg-info/SOURCES.txt
-- Installing: /home/dung/ros_ws/install/my_robot_planning/local/lib/python3.10/dist-packages/my_robot_planning-0.0.0-py3.10.egg-info/top_level.txt
-- Installing: /home/dung/ros_ws/install/my_robot_planning/local/lib/python3.10/dist-packages/my_robot_planning-0.0.0-py3.10.egg-info/PKG-INFO
-- Up-to-date: /home/dung/ros_ws/install/my_robot_planning/local/lib/python3.10/dist-packages/my_robot_planning
-- Up-to-date: /home/dung/ros_ws/install/my_robot_planning/local/lib/python3.10/dist-packages/my_robot_planning/dijkstra_planner.py
-- Up-to-date: /home/dung/ros_ws/install/my_robot_planning/local/lib/python3.10/dist-packages/my_robot_planning/__init__.py
-- Up-to-date: /home/dung/ros_ws/install/my_robot_planning/local/lib/python3.10/dist-packages/my_robot_planning/a_star.py
Listing '/home/dung/ros_ws/install/my_robot_planning/local/lib/python3.10/dist-packages/my_robot_planning'...
-- Up-to-date: /home/dung/ros_ws/install/my_robot_planning/share/my_robot_planning/global_planner_plugins.xml
-- Up-to-date: /home/dung/ros_ws/install/my_robot_planning/lib/my_robot_planning/dijkstra_planner.py
-- Up-to-date: /home/dung/ros_ws/install/my_robot_planning/lib/my_robot_planning/a_star.py
-- Up-to-date: /home/dung/ros_ws/install/my_robot_planning/include/include
-- Up-to-date: /home/dung/ros_ws/install/my_robot_planning/include/include/my_robot_planning
-- Up-to-date: /home/dung/ros_ws/install/my_robot_planning/include/include/my_robot_planning/a_star.hpp
-- Up-to-date: /home/dung/ros_ws/install/my_robot_planning/include/include/my_robot_planning/dijkstra_planner.hpp
-- Up-to-date: /home/dung/ros_ws/install/my_robot_planning/lib/my_robot_planning/libdijkstra_planner.so
-- Up-to-date: /home/dung/ros_ws/install/my_robot_planning/lib/my_robot_planning/liba_star.so
-- Up-to-date: /home/dung/ros_ws/install/my_robot_planning/share/my_robot_planning/global_planner_plugins.xml
-- Up-to-date: /home/dung/ros_ws/install/my_robot_planning/share/ament_index/resource_index/package_run_dependencies/my_robot_planning
-- Up-to-date: /home/dung/ros_ws/install/my_robot_planning/share/ament_index/resource_index/parent_prefix_path/my_robot_planning
-- Up-to-date: /home/dung/ros_ws/install/my_robot_planning/share/my_robot_planning/environment/ament_prefix_path.sh
-- Up-to-date: /home/dung/ros_ws/install/my_robot_planning/share/my_robot_planning/environment/ament_prefix_path.dsv
-- Up-to-date: /home/dung/ros_ws/install/my_robot_planning/share/my_robot_planning/environment/path.sh
-- Up-to-date: /home/dung/ros_ws/install/my_robot_planning/share/my_robot_planning/environment/path.dsv
-- Up-to-date: /home/dung/ros_ws/install/my_robot_planning/share/my_robot_planning/local_setup.bash
-- Up-to-date: /home/dung/ros_ws/install/my_robot_planning/share/my_robot_planning/local_setup.sh
-- Up-to-date: /home/dung/ros_ws/install/my_robot_planning/share/my_robot_planning/local_setup.zsh
-- Up-to-date: /home/dung/ros_ws/install/my_robot_planning/share/my_robot_planning/local_setup.dsv
-- Up-to-date: /home/dung/ros_ws/install/my_robot_planning/share/my_robot_planning/package.dsv
-- Up-to-date: /home/dung/ros_ws/install/my_robot_planning/share/ament_index/resource_index/packages/my_robot_planning
-- Up-to-date: /home/dung/ros_ws/install/my_robot_planning/share/ament_index/resource_index/nav2_core__pluginlib__plugin/my_robot_planning
-- Up-to-date: /home/dung/ros_ws/install/my_robot_planning/share/my_robot_planning/cmake/ament_cmake_export_include_directories-extras.cmake
-- Up-to-date: /home/dung/ros_ws/install/my_robot_planning/share/my_robot_planning/cmake/ament_cmake_export_dependencies-extras.cmake
-- Up-to-date: /home/dung/ros_ws/install/my_robot_planning/share/my_robot_planning/cmake/my_robot_planningConfig.cmake
-- Up-to-date: /home/dung/ros_ws/install/my_robot_planning/share/my_robot_planning/cmake/my_robot_planningConfig-version.cmake
-- Up-to-date: /home/dung/ros_ws/install/my_robot_planning/share/my_robot_planning/package.xml
