[0.065s] Invoking command in '/home/dung/ros_ws/build/my_robot_planning': CMAKE_PREFIX_PATH=${CMAKE_PREFIX_PATH}:/home/dung/ros_ws/install/keyboard_teleop:/opt/ros/humble /usr/bin/cmake --build /home/dung/ros_ws/build/my_robot_planning -- -j6 -l6
[0.105s] -- Found ament_cmake: 1.3.12 (/opt/ros/humble/share/ament_cmake/cmake)
[0.268s] -- Override CMake install command with custom implementation using symlinks instead of copying resources
[0.315s] -- Found rclcpp: 16.0.14 (/opt/ros/humble/share/rclcpp/cmake)
[0.362s] -- Found rosidl_generator_c: 3.1.7 (/opt/ros/humble/share/rosidl_generator_c/cmake)
[0.366s] -- Found rosidl_adapter: 3.1.7 (/opt/ros/humble/share/rosidl_adapter/cmake)
[0.383s] -- Found rosidl_generator_cpp: 3.1.7 (/opt/ros/humble/share/rosidl_generator_cpp/cmake)
[0.402s] -- Using all available rosidl_typesupport_c: rosidl_typesupport_fastrtps_c;rosidl_typesupport_introspection_c
[0.418s] -- Using all available rosidl_typesupport_cpp: rosidl_typesupport_fastrtps_cpp;rosidl_typesupport_introspection_cpp
[0.455s] -- Found rmw_implementation_cmake: 6.1.2 (/opt/ros/humble/share/rmw_implementation_cmake/cmake)
[0.458s] -- Found rmw_fastrtps_cpp: 6.2.8 (/opt/ros/humble/share/rmw_fastrtps_cpp/cmake)
[0.556s] -- Using RMW implementation 'rmw_fastrtps_cpp' as default
[0.624s] -- Found rclcpp_action: 16.0.14 (/opt/ros/humble/share/rclcpp_action/cmake)
[0.649s] -- Found rclpy: 3.3.17 (/opt/ros/humble/share/rclpy/cmake)
[0.650s] -- Found nav_msgs: 4.9.0 (/opt/ros/humble/share/nav_msgs/cmake)
[0.674s] -- Found tf2_ros: 0.25.16 (/opt/ros/humble/share/tf2_ros/cmake)
[0.715s] -- Found nav2_core: 1.1.19 (/opt/ros/humble/share/nav2_core/cmake)
[0.780s] -- Ensuring Eigen3 include directory is part of orocos-kdl CMake target
[1.052s] -- Found ament_lint_auto: 0.12.14 (/opt/ros/humble/share/ament_lint_auto/cmake)
[1.107s] -- Added test 'cppcheck' to perform static code analysis on C / C++ code
[1.108s] -- Configured cppcheck include dirs: /home/dung/ros_ws/src/my_robot_planning/include
[1.108s] -- Configured cppcheck exclude dirs and/or files: 
[1.110s] -- Added test 'flake8' to check Python code syntax and style conventions
[1.110s] -- Added test 'lint_cmake' to check CMake code style
[1.110s] -- Added test 'pep257' to check Python code against some of the docstring style conventions in PEP 257
[1.112s] -- Added test 'uncrustify' to check C / C++ code style
[1.112s] -- Configured uncrustify additional arguments: 
[1.112s] -- Added test 'xmllint' to check XML markup files
[1.115s] -- Configuring done
[1.175s] -- Generating done
[1.184s] -- Build files have been written to: /home/dung/ros_ws/build/my_robot_planning
[1.209s] [35m[1mConsolidate compiler generated dependencies of target dijkstra_planner[0m
[1.210s] [35m[1mConsolidate compiler generated dependencies of target a_star[0m
[1.226s] [  0%] Built target ament_cmake_python_symlink_my_robot_planning
[1.227s] [ 50%] Built target a_star
[1.228s] [ 75%] [32mBuilding CXX object CMakeFiles/dijkstra_planner.dir/src/dijkstra_planner.cpp.o[0m
[1.394s] running egg_info
[1.394s] writing my_robot_planning.egg-info/PKG-INFO
[1.394s] writing dependency_links to my_robot_planning.egg-info/dependency_links.txt
[1.394s] writing top-level names to my_robot_planning.egg-info/top_level.txt
[1.396s] reading manifest file 'my_robot_planning.egg-info/SOURCES.txt'
[1.396s] writing manifest file 'my_robot_planning.egg-info/SOURCES.txt'
[1.419s] [ 75%] Built target ament_cmake_python_build_my_robot_planning_egg
[5.739s] [100%] [32m[1mLinking CXX shared library libdijkstra_planner.so[0m
[6.028s] [100%] Built target dijkstra_planner
[6.044s] Invoked command in '/home/dung/ros_ws/build/my_robot_planning' returned '0': CMAKE_PREFIX_PATH=${CMAKE_PREFIX_PATH}:/home/dung/ros_ws/install/keyboard_teleop:/opt/ros/humble /usr/bin/cmake --build /home/dung/ros_ws/build/my_robot_planning -- -j6 -l6
[6.047s] Invoking command in '/home/dung/ros_ws/build/my_robot_planning': CMAKE_PREFIX_PATH=${CMAKE_PREFIX_PATH}:/home/dung/ros_ws/install/keyboard_teleop:/opt/ros/humble /usr/bin/cmake --install /home/dung/ros_ws/build/my_robot_planning
[6.054s] -- Install configuration: ""
[6.054s] -- Execute custom install script
[6.054s] -- Up-to-date symlink: /home/dung/ros_ws/install/my_robot_planning/share/my_robot_planning/environment/pythonpath.sh
[6.055s] -- Up-to-date symlink: /home/dung/ros_ws/install/my_robot_planning/share/my_robot_planning/environment/pythonpath.dsv
[6.055s] -- Up-to-date symlink: /home/dung/ros_ws/install/my_robot_planning/local/lib/python3.10/dist-packages/my_robot_planning-0.0.0-py3.10.egg-info/PKG-INFO
[6.055s] -- Up-to-date symlink: /home/dung/ros_ws/install/my_robot_planning/local/lib/python3.10/dist-packages/my_robot_planning-0.0.0-py3.10.egg-info/SOURCES.txt
[6.055s] -- Up-to-date symlink: /home/dung/ros_ws/install/my_robot_planning/local/lib/python3.10/dist-packages/my_robot_planning-0.0.0-py3.10.egg-info/dependency_links.txt
[6.055s] -- Up-to-date symlink: /home/dung/ros_ws/install/my_robot_planning/local/lib/python3.10/dist-packages/my_robot_planning-0.0.0-py3.10.egg-info/top_level.txt
[6.055s] -- Up-to-date symlink: /home/dung/ros_ws/install/my_robot_planning/local/lib/python3.10/dist-packages/my_robot_planning/__init__.py
[6.055s] -- Up-to-date symlink: /home/dung/ros_ws/install/my_robot_planning/local/lib/python3.10/dist-packages/my_robot_planning/a_star.py
[6.055s] -- Up-to-date symlink: /home/dung/ros_ws/install/my_robot_planning/local/lib/python3.10/dist-packages/my_robot_planning/dijkstra_planner.py
[6.055s] -- Up-to-date symlink: /home/dung/ros_ws/install/my_robot_planning/share/my_robot_planning//global_planner_plugins.xml
[6.055s] -- Up-to-date symlink: /home/dung/ros_ws/install/my_robot_planning/lib/my_robot_planning/dijkstra_planner.py
[6.055s] -- Up-to-date symlink: /home/dung/ros_ws/install/my_robot_planning/lib/my_robot_planning/a_star.py
[6.055s] -- Up-to-date symlink: /home/dung/ros_ws/install/my_robot_planning/include/include/my_robot_planning/a_star.hpp
[6.056s] -- Up-to-date symlink: /home/dung/ros_ws/install/my_robot_planning/include/include/my_robot_planning/dijkstra_planner.hpp
[6.056s] -- Up-to-date symlink: /home/dung/ros_ws/install/my_robot_planning/lib/libdijkstra_planner.so
[6.056s] -- Up-to-date symlink: /home/dung/ros_ws/install/my_robot_planning/lib/liba_star.so
[6.056s] -- Up-to-date symlink: /home/dung/ros_ws/install/my_robot_planning/share/my_robot_planning/global_planner_plugins.xml
[6.056s] -- Up-to-date symlink: /home/dung/ros_ws/install/my_robot_planning/share/ament_index/resource_index/package_run_dependencies/my_robot_planning
[6.056s] -- Up-to-date symlink: /home/dung/ros_ws/install/my_robot_planning/share/ament_index/resource_index/parent_prefix_path/my_robot_planning
[6.056s] -- Up-to-date symlink: /home/dung/ros_ws/install/my_robot_planning/share/my_robot_planning/environment/ament_prefix_path.sh
[6.056s] -- Up-to-date symlink: /home/dung/ros_ws/install/my_robot_planning/share/my_robot_planning/environment/ament_prefix_path.dsv
[6.056s] -- Up-to-date symlink: /home/dung/ros_ws/install/my_robot_planning/share/my_robot_planning/environment/path.sh
[6.057s] -- Up-to-date symlink: /home/dung/ros_ws/install/my_robot_planning/share/my_robot_planning/environment/path.dsv
[6.057s] -- Up-to-date symlink: /home/dung/ros_ws/install/my_robot_planning/share/my_robot_planning/local_setup.bash
[6.057s] -- Up-to-date symlink: /home/dung/ros_ws/install/my_robot_planning/share/my_robot_planning/local_setup.sh
[6.057s] -- Up-to-date symlink: /home/dung/ros_ws/install/my_robot_planning/share/my_robot_planning/local_setup.zsh
[6.057s] -- Up-to-date symlink: /home/dung/ros_ws/install/my_robot_planning/share/my_robot_planning/local_setup.dsv
[6.057s] -- Symlinking: /home/dung/ros_ws/install/my_robot_planning/share/my_robot_planning/package.dsv
[6.065s] -- Up-to-date symlink: /home/dung/ros_ws/install/my_robot_planning/share/ament_index/resource_index/packages/my_robot_planning
[6.065s] -- Up-to-date symlink: /home/dung/ros_ws/install/my_robot_planning/share/ament_index/resource_index/nav2_core__pluginlib__plugin/my_robot_planning
[6.065s] -- Up-to-date symlink: /home/dung/ros_ws/install/my_robot_planning/share/my_robot_planning/cmake/ament_cmake_export_include_directories-extras.cmake
[6.065s] -- Up-to-date symlink: /home/dung/ros_ws/install/my_robot_planning/share/my_robot_planning/cmake/ament_cmake_export_dependencies-extras.cmake
[6.065s] -- Up-to-date symlink: /home/dung/ros_ws/install/my_robot_planning/share/my_robot_planning/cmake/my_robot_planningConfig.cmake
[6.065s] -- Up-to-date symlink: /home/dung/ros_ws/install/my_robot_planning/share/my_robot_planning/cmake/my_robot_planningConfig-version.cmake
[6.065s] -- Up-to-date symlink: /home/dung/ros_ws/install/my_robot_planning/share/my_robot_planning/package.xml
[6.092s] Listing '/home/dung/ros_ws/install/my_robot_planning/local/lib/python3.10/dist-packages/my_robot_planning'...
[6.097s] Invoked command in '/home/dung/ros_ws/build/my_robot_planning' returned '0': CMAKE_PREFIX_PATH=${CMAKE_PREFIX_PATH}:/home/dung/ros_ws/install/keyboard_teleop:/opt/ros/humble /usr/bin/cmake --install /home/dung/ros_ws/build/my_robot_planning
