[0.064s] Invoking command in '/home/dung/ros_ws/build/my_robot_utils': CMAKE_PREFIX_PATH=${CMAKE_PREFIX_PATH}:/home/dung/ros_ws/install/keyboard_teleop:/opt/ros/humble /usr/bin/cmake --build /home/dung/ros_ws/build/my_robot_utils -- -j6 -l6
[0.375s] Built target ament_cmake_python_symlink_my_robot_utils
[1.255s] running egg_info
[1.259s] writing my_robot_utils.egg-info/PKG-INFO
[1.259s] writing dependency_links to my_robot_utils.egg-info/dependency_links.txt
[1.259s] writing top-level names to my_robot_utils.egg-info/top_level.txt
[1.288s] reading manifest file 'my_robot_utils.egg-info/SOURCES.txt'
[1.294s] writing manifest file 'my_robot_utils.egg-info/SOURCES.txt'
[1.419s] Built target ament_cmake_python_build_my_robot_utils_egg
[1.479s] Invoked command in '/home/dung/ros_ws/build/my_robot_utils' returned '0': CMAKE_PREFIX_PATH=${CMAKE_PREFIX_PATH}:/home/dung/ros_ws/install/keyboard_teleop:/opt/ros/humble /usr/bin/cmake --build /home/dung/ros_ws/build/my_robot_utils -- -j6 -l6
[1.481s] Invoking command in '/home/dung/ros_ws/build/my_robot_utils': CMAKE_PREFIX_PATH=${CMAKE_PREFIX_PATH}:/home/dung/ros_ws/install/keyboard_teleop:/opt/ros/humble /usr/bin/cmake --install /home/dung/ros_ws/build/my_robot_utils
[1.518s] -- Install configuration: ""
[1.518s] -- Execute custom install script
[1.519s] -- Up-to-date symlink: /home/dung/ros_ws/install/my_robot_utils/share/my_robot_utils/environment/pythonpath.sh
[1.519s] -- Up-to-date symlink: /home/dung/ros_ws/install/my_robot_utils/share/my_robot_utils/environment/pythonpath.dsv
[1.520s] -- Up-to-date symlink: /home/dung/ros_ws/install/my_robot_utils/local/lib/python3.10/dist-packages/my_robot_utils-0.0.0-py3.10.egg-info/PKG-INFO
[1.520s] -- Up-to-date symlink: /home/dung/ros_ws/install/my_robot_utils/local/lib/python3.10/dist-packages/my_robot_utils-0.0.0-py3.10.egg-info/SOURCES.txt
[1.520s] -- Up-to-date symlink: /home/dung/ros_ws/install/my_robot_utils/local/lib/python3.10/dist-packages/my_robot_utils-0.0.0-py3.10.egg-info/dependency_links.txt
[1.520s] -- Up-to-date symlink: /home/dung/ros_ws/install/my_robot_utils/local/lib/python3.10/dist-packages/my_robot_utils-0.0.0-py3.10.egg-info/top_level.txt
[1.523s] -- Up-to-date symlink: /home/dung/ros_ws/install/my_robot_utils/local/lib/python3.10/dist-packages/my_robot_utils/__init__.py
[1.523s] -- Up-to-date symlink: /home/dung/ros_ws/install/my_robot_utils/local/lib/python3.10/dist-packages/my_robot_utils/safety_stop.py
[1.523s] -- Up-to-date symlink: /home/dung/ros_ws/install/my_robot_utils/lib/my_robot_utils/safety_stop.py
[1.523s] -- Up-to-date symlink: /home/dung/ros_ws/install/my_robot_utils/share/ament_index/resource_index/package_run_dependencies/my_robot_utils
[1.523s] -- Up-to-date symlink: /home/dung/ros_ws/install/my_robot_utils/share/ament_index/resource_index/parent_prefix_path/my_robot_utils
[1.542s] -- Up-to-date symlink: /home/dung/ros_ws/install/my_robot_utils/share/my_robot_utils/environment/ament_prefix_path.sh
[1.543s] -- Up-to-date symlink: /home/dung/ros_ws/install/my_robot_utils/share/my_robot_utils/environment/ament_prefix_path.dsv
[1.543s] -- Up-to-date symlink: /home/dung/ros_ws/install/my_robot_utils/share/my_robot_utils/environment/path.sh
[1.543s] -- Up-to-date symlink: /home/dung/ros_ws/install/my_robot_utils/share/my_robot_utils/environment/path.dsv
[1.550s] -- Up-to-date symlink: /home/dung/ros_ws/install/my_robot_utils/share/my_robot_utils/local_setup.bash
[1.550s] -- Up-to-date symlink: /home/dung/ros_ws/install/my_robot_utils/share/my_robot_utils/local_setup.sh
[1.550s] -- Up-to-date symlink: /home/dung/ros_ws/install/my_robot_utils/share/my_robot_utils/local_setup.zsh
[1.550s] -- Up-to-date symlink: /home/dung/ros_ws/install/my_robot_utils/share/my_robot_utils/local_setup.dsv
[1.550s] -- Symlinking: /home/dung/ros_ws/install/my_robot_utils/share/my_robot_utils/package.dsv
[1.556s] -- Up-to-date symlink: /home/dung/ros_ws/install/my_robot_utils/share/ament_index/resource_index/packages/my_robot_utils
[1.556s] -- Up-to-date symlink: /home/dung/ros_ws/install/my_robot_utils/share/my_robot_utils/cmake/my_robot_utilsConfig.cmake
[1.556s] -- Up-to-date symlink: /home/dung/ros_ws/install/my_robot_utils/share/my_robot_utils/cmake/my_robot_utilsConfig-version.cmake
[1.556s] -- Up-to-date symlink: /home/dung/ros_ws/install/my_robot_utils/share/my_robot_utils/package.xml
[1.671s] Listing '/home/dung/ros_ws/install/my_robot_utils/local/lib/python3.10/dist-packages/my_robot_utils'...
[1.720s] Invoked command in '/home/dung/ros_ws/build/my_robot_utils' returned '0': CMAKE_PREFIX_PATH=${CMAKE_PREFIX_PATH}:/home/dung/ros_ws/install/keyboard_teleop:/opt/ros/humble /usr/bin/cmake --install /home/dung/ros_ws/build/my_robot_utils
