[0.030s] Invoking command in '/home/dung/ros_ws/build/myrobot_controller': CMAKE_PREFIX_PATH=${CMAKE_PREFIX_PATH}:/home/dung/ros_ws/install/keyboard_teleop:/opt/ros/humble /usr/bin/cmake /home/dung/ros_ws/src/myrobot_controller -DAMENT_CMAKE_SYMLINK_INSTALL=1 -DCMAKE_INSTALL_PREFIX=/home/dung/ros_ws/install/myrobot_controller
[0.761s] -- The C compiler identification is GNU 11.4.0
[0.761s] -- The CXX compiler identification is GNU 11.4.0
[0.761s] -- Detecting C compiler ABI info
[0.761s] -- Detecting C compiler ABI info - done
[0.761s] -- Check for working C compiler: /usr/bin/cc - skipped
[0.761s] -- Detecting C compile features
[0.761s] -- Detecting C compile features - done
[0.761s] -- Detecting CXX compiler ABI info
[0.761s] -- Detecting CXX compiler ABI info - done
[0.761s] -- Check for working CXX compiler: /usr/bin/c++ - skipped
[0.761s] -- Detecting CXX compile features
[0.761s] -- Detecting CXX compile features - done
[0.761s] -- Found ament_cmake: 1.3.12 (/opt/ros/humble/share/ament_cmake/cmake)
[0.761s] -- Found Python3: /usr/bin/python3 (found version "3.10.12") found components: Interpreter 
[0.761s] -- Override CMake install command with custom implementation using symlinks instead of copying resources
[0.761s] -- Found rclpy: 3.3.17 (/opt/ros/humble/share/rclpy/cmake)
[0.761s] -- Found std_msgs: 4.9.0 (/opt/ros/humble/share/std_msgs/cmake)
[0.762s] -- Found rosidl_generator_c: 3.1.7 (/opt/ros/humble/share/rosidl_generator_c/cmake)
[0.762s] -- Found rosidl_adapter: 3.1.7 (/opt/ros/humble/share/rosidl_adapter/cmake)
[0.762s] -- Found rosidl_generator_cpp: 3.1.7 (/opt/ros/humble/share/rosidl_generator_cpp/cmake)
[0.762s] -- Using all available rosidl_typesupport_c: rosidl_typesupport_fastrtps_c;rosidl_typesupport_introspection_c
[0.762s] -- Using all available rosidl_typesupport_cpp: rosidl_typesupport_fastrtps_cpp;rosidl_typesupport_introspection_cpp
[0.766s] -- Found geometry_msgs: 4.9.0 (/opt/ros/humble/share/geometry_msgs/cmake)
[0.780s] -- Found sensor_msgs: 4.9.0 (/opt/ros/humble/share/sensor_msgs/cmake)
[0.799s] -- Found nav_msgs: 4.9.0 (/opt/ros/humble/share/nav_msgs/cmake)
[0.818s] -- Found tf2: 0.25.16 (/opt/ros/humble/share/tf2/cmake)
[0.830s] -- Found tf2_ros: 0.25.16 (/opt/ros/humble/share/tf2_ros/cmake)
[0.909s] -- Found rmw_implementation_cmake: 6.1.2 (/opt/ros/humble/share/rmw_implementation_cmake/cmake)
[0.914s] -- Found rmw_fastrtps_cpp: 6.2.9 (/opt/ros/humble/share/rmw_fastrtps_cpp/cmake)
[1.005s] -- Found OpenSSL: /usr/lib/x86_64-linux-gnu/libcrypto.so (found version "3.0.2")  
[1.035s] -- Found FastRTPS: /opt/ros/humble/include  
[1.080s] -- Using RMW implementation 'rmw_fastrtps_cpp' as default
[1.088s] -- Looking for pthread.h
[1.160s] -- Looking for pthread.h - found
[1.160s] -- Performing Test CMAKE_HAVE_LIBC_PTHREAD
[1.223s] -- Performing Test CMAKE_HAVE_LIBC_PTHREAD - Success
[1.224s] -- Found Threads: TRUE  
[1.425s] -- Found ament_lint_auto: 0.12.14 (/opt/ros/humble/share/ament_lint_auto/cmake)
[1.511s] -- Added test 'flake8' to check Python code syntax and style conventions
[1.511s] -- Added test 'lint_cmake' to check CMake code style
[1.512s] -- Added test 'pep257' to check Python code against some of the docstring style conventions in PEP 257
[1.513s] -- Added test 'xmllint' to check XML markup files
[1.515s] -- Configuring done
[1.520s] -- Generating done
[1.522s] -- Build files have been written to: /home/dung/ros_ws/build/myrobot_controller
[1.538s] Invoked command in '/home/dung/ros_ws/build/myrobot_controller' returned '0': CMAKE_PREFIX_PATH=${CMAKE_PREFIX_PATH}:/home/dung/ros_ws/install/keyboard_teleop:/opt/ros/humble /usr/bin/cmake /home/dung/ros_ws/src/myrobot_controller -DAMENT_CMAKE_SYMLINK_INSTALL=1 -DCMAKE_INSTALL_PREFIX=/home/dung/ros_ws/install/myrobot_controller
[1.539s] Invoking command in '/home/dung/ros_ws/build/myrobot_controller': CMAKE_PREFIX_PATH=${CMAKE_PREFIX_PATH}:/home/dung/ros_ws/install/keyboard_teleop:/opt/ros/humble /usr/bin/cmake --build /home/dung/ros_ws/build/myrobot_controller -- -j12 -l12
[1.583s] Built target ament_cmake_python_symlink_myrobot_controller
[1.749s] running egg_info
[1.750s] creating myrobot_controller.egg-info
[1.750s] writing myrobot_controller.egg-info/PKG-INFO
[1.750s] writing dependency_links to myrobot_controller.egg-info/dependency_links.txt
[1.750s] writing top-level names to myrobot_controller.egg-info/top_level.txt
[1.750s] writing manifest file 'myrobot_controller.egg-info/SOURCES.txt'
[1.752s] reading manifest file 'myrobot_controller.egg-info/SOURCES.txt'
[1.752s] writing manifest file 'myrobot_controller.egg-info/SOURCES.txt'
[1.776s] Built target ament_cmake_python_build_myrobot_controller_egg
[1.782s] Invoked command in '/home/dung/ros_ws/build/myrobot_controller' returned '0': CMAKE_PREFIX_PATH=${CMAKE_PREFIX_PATH}:/home/dung/ros_ws/install/keyboard_teleop:/opt/ros/humble /usr/bin/cmake --build /home/dung/ros_ws/build/myrobot_controller -- -j12 -l12
[1.783s] Invoking command in '/home/dung/ros_ws/build/myrobot_controller': CMAKE_PREFIX_PATH=${CMAKE_PREFIX_PATH}:/home/dung/ros_ws/install/keyboard_teleop:/opt/ros/humble /usr/bin/cmake --install /home/dung/ros_ws/build/myrobot_controller
[1.787s] -- Install configuration: ""
[1.787s] -- Execute custom install script
[1.787s] -- Symlinking: /home/dung/ros_ws/install/myrobot_controller/share/myrobot_controller/environment/pythonpath.sh
[1.793s] -- Symlinking: /home/dung/ros_ws/install/myrobot_controller/share/myrobot_controller/environment/pythonpath.dsv
[1.799s] -- Symlinking: /home/dung/ros_ws/install/myrobot_controller/local/lib/python3.10/dist-packages/myrobot_controller-0.0.0-py3.10.egg-info/PKG-INFO
[1.805s] -- Symlinking: /home/dung/ros_ws/install/myrobot_controller/local/lib/python3.10/dist-packages/myrobot_controller-0.0.0-py3.10.egg-info/SOURCES.txt
[1.812s] -- Symlinking: /home/dung/ros_ws/install/myrobot_controller/local/lib/python3.10/dist-packages/myrobot_controller-0.0.0-py3.10.egg-info/dependency_links.txt
[1.817s] -- Symlinking: /home/dung/ros_ws/install/myrobot_controller/local/lib/python3.10/dist-packages/myrobot_controller-0.0.0-py3.10.egg-info/top_level.txt
[1.822s] -- Symlinking: /home/dung/ros_ws/install/myrobot_controller/local/lib/python3.10/dist-packages/myrobot_controller/__init__.py
[1.827s] -- Symlinking: /home/dung/ros_ws/install/myrobot_controller/local/lib/python3.10/dist-packages/myrobot_controller/noisy_controller.py
[1.833s] -- Symlinking: /home/dung/ros_ws/install/myrobot_controller/local/lib/python3.10/dist-packages/myrobot_controller/simple_controller.py
[1.839s] -- Symlinking: /home/dung/ros_ws/install/myrobot_controller/local/lib/python3.10/dist-packages/myrobot_controller/twist_relay.py
[1.844s] -- Symlinking: /home/dung/ros_ws/install/myrobot_controller/share/myrobot_controller//config/myrobot_config.yaml
[1.850s] -- Symlinking: /home/dung/ros_ws/install/myrobot_controller/share/myrobot_controller//config/twist_mux_key.yaml
[1.857s] -- Symlinking: /home/dung/ros_ws/install/myrobot_controller/share/myrobot_controller//config/twist_mux_locks.yaml
[1.864s] -- Symlinking: /home/dung/ros_ws/install/myrobot_controller/share/myrobot_controller//config/twist_mux_topics.yaml
[1.870s] -- Symlinking: /home/dung/ros_ws/install/myrobot_controller/share/myrobot_controller//launch/keyboard.launch.py
[1.878s] -- Symlinking: /home/dung/ros_ws/install/myrobot_controller/share/myrobot_controller//launch/my_robot_controller.launch.py
[1.885s] -- Symlinking: /home/dung/ros_ws/install/myrobot_controller/lib/myrobot_controller/simple_controller.py
[1.894s] -- Symlinking: /home/dung/ros_ws/install/myrobot_controller/lib/myrobot_controller/noisy_controller.py
[1.901s] -- Symlinking: /home/dung/ros_ws/install/myrobot_controller/lib/myrobot_controller/twist_relay.py
[1.909s] -- Symlinking: /home/dung/ros_ws/install/myrobot_controller/share/ament_index/resource_index/package_run_dependencies/myrobot_controller
[1.918s] -- Symlinking: /home/dung/ros_ws/install/myrobot_controller/share/ament_index/resource_index/parent_prefix_path/myrobot_controller
[1.927s] -- Symlinking: /home/dung/ros_ws/install/myrobot_controller/share/myrobot_controller/environment/ament_prefix_path.sh
[1.934s] -- Symlinking: /home/dung/ros_ws/install/myrobot_controller/share/myrobot_controller/environment/ament_prefix_path.dsv
[1.942s] -- Symlinking: /home/dung/ros_ws/install/myrobot_controller/share/myrobot_controller/environment/path.sh
[1.949s] -- Symlinking: /home/dung/ros_ws/install/myrobot_controller/share/myrobot_controller/environment/path.dsv
[1.957s] -- Symlinking: /home/dung/ros_ws/install/myrobot_controller/share/myrobot_controller/local_setup.bash
[1.965s] -- Symlinking: /home/dung/ros_ws/install/myrobot_controller/share/myrobot_controller/local_setup.sh
[1.972s] -- Symlinking: /home/dung/ros_ws/install/myrobot_controller/share/myrobot_controller/local_setup.zsh
[1.980s] -- Symlinking: /home/dung/ros_ws/install/myrobot_controller/share/myrobot_controller/local_setup.dsv
[1.988s] -- Symlinking: /home/dung/ros_ws/install/myrobot_controller/share/myrobot_controller/package.dsv
[1.995s] -- Symlinking: /home/dung/ros_ws/install/myrobot_controller/share/ament_index/resource_index/packages/myrobot_controller
[2.001s] -- Symlinking: /home/dung/ros_ws/install/myrobot_controller/share/myrobot_controller/cmake/myrobot_controllerConfig.cmake
[2.009s] -- Symlinking: /home/dung/ros_ws/install/myrobot_controller/share/myrobot_controller/cmake/myrobot_controllerConfig-version.cmake
[2.016s] -- Symlinking: /home/dung/ros_ws/install/myrobot_controller/share/myrobot_controller/package.xml
[2.059s] Listing '/home/dung/ros_ws/install/myrobot_controller/local/lib/python3.10/dist-packages/myrobot_controller'...
[2.059s] Compiling '/home/dung/ros_ws/install/myrobot_controller/local/lib/python3.10/dist-packages/myrobot_controller/__init__.py'...
[2.059s] Compiling '/home/dung/ros_ws/install/myrobot_controller/local/lib/python3.10/dist-packages/myrobot_controller/noisy_controller.py'...
[2.060s] Compiling '/home/dung/ros_ws/install/myrobot_controller/local/lib/python3.10/dist-packages/myrobot_controller/simple_controller.py'...
[2.060s] Compiling '/home/dung/ros_ws/install/myrobot_controller/local/lib/python3.10/dist-packages/myrobot_controller/twist_relay.py'...
[2.074s] Invoked command in '/home/dung/ros_ws/build/myrobot_controller' returned '0': CMAKE_PREFIX_PATH=${CMAKE_PREFIX_PATH}:/home/dung/ros_ws/install/keyboard_teleop:/opt/ros/humble /usr/bin/cmake --install /home/dung/ros_ws/build/myrobot_controller
