[0.028s] Invoking command in '/home/dung/ros_ws/build/my_robot_mapping': CMAKE_PREFIX_PATH=/opt/ros/humble /usr/bin/cmake /home/dung/ros_ws/src/my_robot_mapping -DCMAKE_INSTALL_PREFIX=/home/dung/ros_ws/install/my_robot_mapping
[0.059s] -- Found ament_cmake: 1.3.12 (/opt/ros/humble/share/ament_cmake/cmake)
[0.250s] -- Found Python3: /usr/bin/python3 (found version "3.10.12") found components: Interpreter 
[0.356s] -- Found ament_lint_auto: 0.12.14 (/opt/ros/humble/share/ament_lint_auto/cmake)
[0.433s] -- Added test 'flake8' to check Python code syntax and style conventions
[0.433s] -- Added test 'lint_cmake' to check CMake code style
[0.433s] -- Added test 'pep257' to check Python code against some of the docstring style conventions in PEP 257
[0.434s] -- Added test 'xmllint' to check XML markup files
[0.436s] -- Configuring done
[0.437s] -- Generating done
[0.439s] -- Build files have been written to: /home/dung/ros_ws/build/my_robot_mapping
[0.452s] Invoked command in '/home/dung/ros_ws/build/my_robot_mapping' returned '0': CMAKE_PREFIX_PATH=/opt/ros/humble /usr/bin/cmake /home/dung/ros_ws/src/my_robot_mapping -DCMAKE_INSTALL_PREFIX=/home/dung/ros_ws/install/my_robot_mapping
[0.453s] Invoking command in '/home/dung/ros_ws/build/my_robot_mapping': CMAKE_PREFIX_PATH=/opt/ros/humble /usr/bin/cmake --build /home/dung/ros_ws/build/my_robot_mapping -- -j12 -l12
[0.489s] Invoked command in '/home/dung/ros_ws/build/my_robot_mapping' returned '0': CMAKE_PREFIX_PATH=/opt/ros/humble /usr/bin/cmake --build /home/dung/ros_ws/build/my_robot_mapping -- -j12 -l12
[0.492s] Invoking command in '/home/dung/ros_ws/build/my_robot_mapping': CMAKE_PREFIX_PATH=/opt/ros/humble /usr/bin/cmake --install /home/dung/ros_ws/build/my_robot_mapping
[0.513s] -- Install configuration: ""
[0.513s] -- Installing: /home/dung/ros_ws/install/my_robot_mapping/share/my_robot_mapping/config
[0.513s] -- Installing: /home/dung/ros_ws/install/my_robot_mapping/share/my_robot_mapping/config/slam_toolbox.yaml
[0.513s] -- Installing: /home/dung/ros_ws/install/my_robot_mapping/share/my_robot_mapping/launch
[0.513s] -- Installing: /home/dung/ros_ws/install/my_robot_mapping/share/my_robot_mapping/launch/slam.launch.py
[0.513s] -- Installing: /home/dung/ros_ws/install/my_robot_mapping/share/my_robot_mapping/maps
[0.513s] -- Installing: /home/dung/ros_ws/install/my_robot_mapping/share/my_robot_mapping/maps/map
[0.513s] -- Installing: /home/dung/ros_ws/install/my_robot_mapping/share/my_robot_mapping/maps/map/map.pgm
[0.514s] -- Installing: /home/dung/ros_ws/install/my_robot_mapping/share/my_robot_mapping/maps/map/map.yaml
[0.514s] -- Installing: /home/dung/ros_ws/install/my_robot_mapping/share/ament_index/resource_index/package_run_dependencies/my_robot_mapping
[0.514s] -- Installing: /home/dung/ros_ws/install/my_robot_mapping/share/ament_index/resource_index/parent_prefix_path/my_robot_mapping
[0.514s] -- Installing: /home/dung/ros_ws/install/my_robot_mapping/share/my_robot_mapping/environment/ament_prefix_path.sh
[0.514s] -- Installing: /home/dung/ros_ws/install/my_robot_mapping/share/my_robot_mapping/environment/ament_prefix_path.dsv
[0.514s] -- Installing: /home/dung/ros_ws/install/my_robot_mapping/share/my_robot_mapping/environment/path.sh
[0.514s] -- Installing: /home/dung/ros_ws/install/my_robot_mapping/share/my_robot_mapping/environment/path.dsv
[0.514s] -- Installing: /home/dung/ros_ws/install/my_robot_mapping/share/my_robot_mapping/local_setup.bash
[0.514s] -- Installing: /home/dung/ros_ws/install/my_robot_mapping/share/my_robot_mapping/local_setup.sh
[0.514s] -- Installing: /home/dung/ros_ws/install/my_robot_mapping/share/my_robot_mapping/local_setup.zsh
[0.514s] -- Installing: /home/dung/ros_ws/install/my_robot_mapping/share/my_robot_mapping/local_setup.dsv
[0.514s] -- Installing: /home/dung/ros_ws/install/my_robot_mapping/share/my_robot_mapping/package.dsv
[0.514s] -- Installing: /home/dung/ros_ws/install/my_robot_mapping/share/ament_index/resource_index/packages/my_robot_mapping
[0.515s] -- Installing: /home/dung/ros_ws/install/my_robot_mapping/share/my_robot_mapping/cmake/my_robot_mappingConfig.cmake
[0.515s] -- Installing: /home/dung/ros_ws/install/my_robot_mapping/share/my_robot_mapping/cmake/my_robot_mappingConfig-version.cmake
[0.515s] -- Installing: /home/dung/ros_ws/install/my_robot_mapping/share/my_robot_mapping/package.xml
[0.529s] Invoked command in '/home/dung/ros_ws/build/my_robot_mapping' returned '0': CMAKE_PREFIX_PATH=/opt/ros/humble /usr/bin/cmake --install /home/dung/ros_ws/build/my_robot_mapping
