[0.013s] Invoking command in '/home/dung/ros_ws/build/my_robot_localization': CMAKE_PREFIX_PATH=${CMAKE_PREFIX_PATH}:/home/dung/ros_ws/install/keyboard_teleop:/opt/ros/humble /usr/bin/cmake /home/dung/ros_ws/src/my_robot_localization -DCMAKE_INSTALL_PREFIX=/home/dung/ros_ws/install/my_robot_localization
[0.062s] -- The C compiler identification is GNU 11.4.0
[0.122s] -- The CXX compiler identification is GNU 11.4.0
[0.129s] -- Detecting C compiler ABI info
[0.192s] -- Detecting C compiler ABI info - done
[0.197s] -- Check for working C compiler: /usr/bin/cc - skipped
[0.198s] -- Detecting C compile features
[0.198s] -- Detecting C compile features - done
[0.200s] -- Detecting CXX compiler ABI info
[0.283s] -- Detecting CXX compiler ABI info - done
[0.291s] -- Check for working CXX compiler: /usr/bin/c++ - skipped
[0.291s] -- Detecting CXX compile features
[0.292s] -- Detecting CXX compile features - done
[0.299s] -- Found ament_cmake: 1.3.12 (/opt/ros/humble/share/ament_cmake/cmake)
[0.450s] -- Found Python3: /usr/bin/python3 (found version "3.10.12") found components: Interpreter 
[0.550s] -- Found rclpy: 3.3.17 (/opt/ros/humble/share/rclpy/cmake)
[0.550s] -- Found nav_msgs: 4.9.0 (/opt/ros/humble/share/nav_msgs/cmake)
[0.580s] -- Found rosidl_generator_c: 3.1.7 (/opt/ros/humble/share/rosidl_generator_c/cmake)
[0.584s] -- Found rosidl_adapter: 3.1.7 (/opt/ros/humble/share/rosidl_adapter/cmake)
[0.590s] -- Found rosidl_generator_cpp: 3.1.7 (/opt/ros/humble/share/rosidl_generator_cpp/cmake)
[0.598s] -- Using all available rosidl_typesupport_c: rosidl_typesupport_fastrtps_c;rosidl_typesupport_introspection_c
[0.611s] -- Using all available rosidl_typesupport_cpp: rosidl_typesupport_fastrtps_cpp;rosidl_typesupport_introspection_cpp
[0.653s] -- Found sensor_msgs: 4.9.0 (/opt/ros/humble/share/sensor_msgs/cmake)
[0.758s] -- Found ament_lint_auto: 0.12.14 (/opt/ros/humble/share/ament_lint_auto/cmake)
[0.828s] -- Added test 'flake8' to check Python code syntax and style conventions
[0.828s] -- Added test 'lint_cmake' to check CMake code style
[0.828s] -- Added test 'pep257' to check Python code against some of the docstring style conventions in PEP 257
[0.828s] -- Added test 'xmllint' to check XML markup files
[0.829s] -- Configuring done
[0.834s] -- Generating done
[0.838s] -- Build files have been written to: /home/dung/ros_ws/build/my_robot_localization
[0.846s] Invoked command in '/home/dung/ros_ws/build/my_robot_localization' returned '0': CMAKE_PREFIX_PATH=${CMAKE_PREFIX_PATH}:/home/dung/ros_ws/install/keyboard_teleop:/opt/ros/humble /usr/bin/cmake /home/dung/ros_ws/src/my_robot_localization -DCMAKE_INSTALL_PREFIX=/home/dung/ros_ws/install/my_robot_localization
[0.852s] Invoking command in '/home/dung/ros_ws/build/my_robot_localization': CMAKE_PREFIX_PATH=${CMAKE_PREFIX_PATH}:/home/dung/ros_ws/install/keyboard_teleop:/opt/ros/humble /usr/bin/cmake --build /home/dung/ros_ws/build/my_robot_localization -- -j6 -l6
[1.192s] Built target ament_cmake_python_copy_my_robot_localization
[1.204s] running egg_info
[1.204s] creating my_robot_localization.egg-info
[1.204s] writing my_robot_localization.egg-info/PKG-INFO
[1.205s] writing dependency_links to my_robot_localization.egg-info/dependency_links.txt
[1.205s] writing top-level names to my_robot_localization.egg-info/top_level.txt
[1.205s] writing manifest file 'my_robot_localization.egg-info/SOURCES.txt'
[1.207s] reading manifest file 'my_robot_localization.egg-info/SOURCES.txt'
[1.207s] writing manifest file 'my_robot_localization.egg-info/SOURCES.txt'
[1.244s] Built target ament_cmake_python_build_my_robot_localization_egg
[1.270s] Invoked command in '/home/dung/ros_ws/build/my_robot_localization' returned '0': CMAKE_PREFIX_PATH=${CMAKE_PREFIX_PATH}:/home/dung/ros_ws/install/keyboard_teleop:/opt/ros/humble /usr/bin/cmake --build /home/dung/ros_ws/build/my_robot_localization -- -j6 -l6
[1.271s] Invoking command in '/home/dung/ros_ws/build/my_robot_localization': CMAKE_PREFIX_PATH=${CMAKE_PREFIX_PATH}:/home/dung/ros_ws/install/keyboard_teleop:/opt/ros/humble /usr/bin/cmake --install /home/dung/ros_ws/build/my_robot_localization
[1.299s] -- Install configuration: ""
[1.299s] -- Installing: /home/dung/ros_ws/install/my_robot_localization/share/my_robot_localization/environment/pythonpath.sh
[1.299s] -- Installing: /home/dung/ros_ws/install/my_robot_localization/share/my_robot_localization/environment/pythonpath.dsv
[1.299s] -- Installing: /home/dung/ros_ws/install/my_robot_localization/local/lib/python3.10/dist-packages/my_robot_localization-0.0.0-py3.10.egg-info
[1.299s] -- Installing: /home/dung/ros_ws/install/my_robot_localization/local/lib/python3.10/dist-packages/my_robot_localization-0.0.0-py3.10.egg-info/dependency_links.txt
[1.299s] -- Installing: /home/dung/ros_ws/install/my_robot_localization/local/lib/python3.10/dist-packages/my_robot_localization-0.0.0-py3.10.egg-info/SOURCES.txt
[1.299s] -- Installing: /home/dung/ros_ws/install/my_robot_localization/local/lib/python3.10/dist-packages/my_robot_localization-0.0.0-py3.10.egg-info/top_level.txt
[1.299s] -- Installing: /home/dung/ros_ws/install/my_robot_localization/local/lib/python3.10/dist-packages/my_robot_localization-0.0.0-py3.10.egg-info/PKG-INFO
[1.300s] -- Installing: /home/dung/ros_ws/install/my_robot_localization/local/lib/python3.10/dist-packages/my_robot_localization
[1.300s] -- Installing: /home/dung/ros_ws/install/my_robot_localization/local/lib/python3.10/dist-packages/my_robot_localization/imu_republisher.py
[1.300s] -- Installing: /home/dung/ros_ws/install/my_robot_localization/local/lib/python3.10/dist-packages/my_robot_localization/__init__.py
[1.300s] -- Installing: /home/dung/ros_ws/install/my_robot_localization/local/lib/python3.10/dist-packages/my_robot_localization/kalma_filter.py
[1.300s] -- Installing: /home/dung/ros_ws/install/my_robot_localization/local/lib/python3.10/dist-packages/my_robot_localization/odom_motion.py
[1.338s] Listing '/home/dung/ros_ws/install/my_robot_localization/local/lib/python3.10/dist-packages/my_robot_localization'...
[1.339s] Compiling '/home/dung/ros_ws/install/my_robot_localization/local/lib/python3.10/dist-packages/my_robot_localization/__init__.py'...
[1.339s] Compiling '/home/dung/ros_ws/install/my_robot_localization/local/lib/python3.10/dist-packages/my_robot_localization/imu_republisher.py'...
[1.339s] Compiling '/home/dung/ros_ws/install/my_robot_localization/local/lib/python3.10/dist-packages/my_robot_localization/kalma_filter.py'...
[1.339s] Compiling '/home/dung/ros_ws/install/my_robot_localization/local/lib/python3.10/dist-packages/my_robot_localization/odom_motion.py'...
[1.346s] -- Installing: /home/dung/ros_ws/install/my_robot_localization/lib/my_robot_localization/kalma_filter.py
[1.346s] -- Installing: /home/dung/ros_ws/install/my_robot_localization/lib/my_robot_localization/imu_republisher.py
[1.347s] -- Installing: /home/dung/ros_ws/install/my_robot_localization/lib/my_robot_localization/odom_motion.py
[1.347s] -- Installing: /home/dung/ros_ws/install/my_robot_localization/share/my_robot_localization/launch
[1.347s] -- Installing: /home/dung/ros_ws/install/my_robot_localization/share/my_robot_localization/launch/global_localization.launch.py
[1.347s] -- Installing: /home/dung/ros_ws/install/my_robot_localization/share/my_robot_localization/launch/local_localization.launch.py
[1.348s] -- Installing: /home/dung/ros_ws/install/my_robot_localization/share/my_robot_localization/config
[1.348s] -- Installing: /home/dung/ros_ws/install/my_robot_localization/share/my_robot_localization/config/ekf.yaml
[1.349s] -- Installing: /home/dung/ros_ws/install/my_robot_localization/share/my_robot_localization/config/amcl.yaml
[1.349s] -- Installing: /home/dung/ros_ws/install/my_robot_localization/share/ament_index/resource_index/package_run_dependencies/my_robot_localization
[1.350s] -- Installing: /home/dung/ros_ws/install/my_robot_localization/share/ament_index/resource_index/parent_prefix_path/my_robot_localization
[1.350s] -- Installing: /home/dung/ros_ws/install/my_robot_localization/share/my_robot_localization/environment/ament_prefix_path.sh
[1.350s] -- Installing: /home/dung/ros_ws/install/my_robot_localization/share/my_robot_localization/environment/ament_prefix_path.dsv
[1.350s] -- Installing: /home/dung/ros_ws/install/my_robot_localization/share/my_robot_localization/environment/path.sh
[1.350s] -- Installing: /home/dung/ros_ws/install/my_robot_localization/share/my_robot_localization/environment/path.dsv
[1.350s] -- Installing: /home/dung/ros_ws/install/my_robot_localization/share/my_robot_localization/local_setup.bash
[1.350s] -- Installing: /home/dung/ros_ws/install/my_robot_localization/share/my_robot_localization/local_setup.sh
[1.350s] -- Installing: /home/dung/ros_ws/install/my_robot_localization/share/my_robot_localization/local_setup.zsh
[1.352s] -- Installing: /home/dung/ros_ws/install/my_robot_localization/share/my_robot_localization/local_setup.dsv
[1.352s] -- Installing: /home/dung/ros_ws/install/my_robot_localization/share/my_robot_localization/package.dsv
[1.352s] -- Installing: /home/dung/ros_ws/install/my_robot_localization/share/ament_index/resource_index/packages/my_robot_localization
[1.352s] -- Installing: /home/dung/ros_ws/install/my_robot_localization/share/my_robot_localization/cmake/my_robot_localizationConfig.cmake
[1.352s] -- Installing: /home/dung/ros_ws/install/my_robot_localization/share/my_robot_localization/cmake/my_robot_localizationConfig-version.cmake
[1.352s] -- Installing: /home/dung/ros_ws/install/my_robot_localization/share/my_robot_localization/package.xml
[1.356s] Invoked command in '/home/dung/ros_ws/build/my_robot_localization' returned '0': CMAKE_PREFIX_PATH=${CMAKE_PREFIX_PATH}:/home/dung/ros_ws/install/keyboard_teleop:/opt/ros/humble /usr/bin/cmake --install /home/dung/ros_ws/build/my_robot_localization
