[0.018s] Invoking command in '/home/dung/ros_ws/build/my_robot_firmware': /usr/bin/cmake /home/dung/ros_ws/src/my_robot_firmware -DCMAKE_INSTALL_PREFIX=/home/dung/ros_ws/install/my_robot_firmware
[0.086s] -- The C compiler identification is GNU 11.4.0
[0.157s] -- The CXX compiler identification is GNU 11.4.0
[0.163s] -- Detecting C compiler ABI info
[0.250s] -- Detecting C compiler ABI info - done
[0.260s] -- Check for working C compiler: /usr/bin/cc - skipped
[0.260s] -- Detecting C compile features
[0.260s] -- Detecting C compile features - done
[0.261s] -- Detecting CXX compiler ABI info
[0.354s] -- Detecting CXX compiler ABI info - done
[0.360s] -- Check for working CXX compiler: /usr/bin/c++ - skipped
[0.361s] -- Detecting CXX compile features
[0.361s] -- Detecting CXX compile features - done
[0.375s] -- Configuring incomplete, errors occurred!
[0.376s] See also "/home/dung/ros_ws/build/my_robot_firmware/CMakeFiles/CMakeOutput.log".
[0.376s] [31mCMake Error at CMakeLists.txt:8 (find_package):
[0.376s]   By not providing "Findament_cmake.cmake" in CMAKE_MODULE_PATH this project
[0.376s]   has asked CMake to find a package configuration file provided by
[0.376s]   "ament_cmake", but CMake did not find one.
[0.376s] 
[0.376s]   Could not find a package configuration file provided by "ament_cmake" with
[0.376s]   any of the following names:
[0.376s] 
[0.376s]     ament_cmakeConfig.cmake
[0.377s]     ament_cmake-config.cmake
[0.377s] 
[0.377s]   Add the installation prefix of "ament_cmake" to CMAKE_PREFIX_PATH or set
[0.377s]   "ament_cmake_DIR" to a directory containing one of the above files.  If
[0.377s]   "ament_cmake" provides a separate development package or SDK, be sure it
[0.377s]   has been installed.
[0.377s] 
[0.377s] [0m
[0.379s] Invoked command in '/home/dung/ros_ws/build/my_robot_firmware' returned '1': /usr/bin/cmake /home/dung/ros_ws/src/my_robot_firmware -DCMAKE_INSTALL_PREFIX=/home/dung/ros_ws/install/my_robot_firmware
