Built target ament_cmake_python_symlink_my_robot_navi
running egg_info
writing my_robot_navi.egg-info/PKG-INFO
writing dependency_links to my_robot_navi.egg-info/dependency_links.txt
writing top-level names to my_robot_navi.egg-info/top_level.txt
reading manifest file 'my_robot_navi.egg-info/SOURCES.txt'
writing manifest file 'my_robot_navi.egg-info/SOURCES.txt'
Built target ament_cmake_python_build_my_robot_navi_egg
-- Install configuration: ""
-- Execute custom install script
-- Up-to-date symlink: /home/dung/ros_ws/install/my_robot_navi/share/my_robot_navi/environment/pythonpath.sh
-- Up-to-date symlink: /home/dung/ros_ws/install/my_robot_navi/share/my_robot_navi/environment/pythonpath.dsv
-- Up-to-date symlink: /home/dung/ros_ws/install/my_robot_navi/local/lib/python3.10/dist-packages/my_robot_navi-0.0.0-py3.10.egg-info/PKG-INFO
-- Up-to-date symlink: /home/dung/ros_ws/install/my_robot_navi/local/lib/python3.10/dist-packages/my_robot_navi-0.0.0-py3.10.egg-info/SOURCES.txt
-- Up-to-date symlink: /home/dung/ros_ws/install/my_robot_navi/local/lib/python3.10/dist-packages/my_robot_navi-0.0.0-py3.10.egg-info/dependency_links.txt
-- Up-to-date symlink: /home/dung/ros_ws/install/my_robot_navi/local/lib/python3.10/dist-packages/my_robot_navi-0.0.0-py3.10.egg-info/top_level.txt
[33mCMake Warning (dev) at ament_cmake_symlink_install/ament_cmake_symlink_install.cmake:62 (file):
  Policy CMP0009 is not set: FILE GLOB_RECURSE calls should not follow
  symlinks by default.  Run "cmake --help-policy CMP0009" for policy details.
  Use the cmake_policy command to set the policy and suppress this warning.
Call Stack (most recent call first):
  ament_cmake_symlink_install/ament_cmake_symlink_install.cmake:323 (ament_cmake_symlink_install_directory)
  cmake_install.cmake:46 (include)
This warning is for project developers.  Use -Wno-dev to suppress it.
[0m
-- Up-to-date symlink: /home/dung/ros_ws/install/my_robot_navi/local/lib/python3.10/dist-packages/my_robot_navi/__init__.py
-- Up-to-date symlink: /home/dung/ros_ws/install/my_robot_navi/local/lib/python3.10/dist-packages/my_robot_navi/build/.built_by
-- Up-to-date symlink: /home/dung/ros_ws/install/my_robot_navi/local/lib/python3.10/dist-packages/my_robot_navi/build/COLCON_IGNORE
-- Up-to-date symlink: /home/dung/ros_ws/install/my_robot_navi/local/lib/python3.10/dist-packages/my_robot_navi/install/.colcon_install_layout
-- Up-to-date symlink: /home/dung/ros_ws/install/my_robot_navi/local/lib/python3.10/dist-packages/my_robot_navi/install/COLCON_IGNORE
[33mCMake Warning (dev) at ament_cmake_symlink_install/ament_cmake_symlink_install.cmake:73 (file):
  Policy CMP0009 is not set: FILE GLOB_RECURSE calls should not follow
  symlinks by default.  Run "cmake --help-policy CMP0009" for policy details.
  Use the cmake_policy command to set the policy and suppress this warning.
Call Stack (most recent call first):
  ament_cmake_symlink_install/ament_cmake_symlink_install.cmake:323 (ament_cmake_symlink_install_directory)
  cmake_install.cmake:46 (include)
This warning is for project developers.  Use -Wno-dev to suppress it.
[0m
[33mCMake Warning (dev) at ament_cmake_symlink_install/ament_cmake_symlink_install.cmake:73 (file):
  Policy CMP0009 is not set: FILE GLOB_RECURSE calls should not follow
  symlinks by default.  Run "cmake --help-policy CMP0009" for policy details.
  Use the cmake_policy command to set the policy and suppress this warning.
Call Stack (most recent call first):
  ament_cmake_symlink_install/ament_cmake_symlink_install.cmake:323 (ament_cmake_symlink_install_directory)
  cmake_install.cmake:46 (include)
This warning is for project developers.  Use -Wno-dev to suppress it.
[0m
-- Up-to-date symlink: /home/dung/ros_ws/install/my_robot_navi/local/lib/python3.10/dist-packages/my_robot_navi/install/_local_setup_util_ps1.py
-- Up-to-date symlink: /home/dung/ros_ws/install/my_robot_navi/local/lib/python3.10/dist-packages/my_robot_navi/install/_local_setup_util_sh.py
-- Up-to-date symlink: /home/dung/ros_ws/install/my_robot_navi/local/lib/python3.10/dist-packages/my_robot_navi/install/local_setup.bash
-- Up-to-date symlink: /home/dung/ros_ws/install/my_robot_navi/local/lib/python3.10/dist-packages/my_robot_navi/install/local_setup.ps1
-- Up-to-date symlink: /home/dung/ros_ws/install/my_robot_navi/local/lib/python3.10/dist-packages/my_robot_navi/install/local_setup.sh
-- Up-to-date symlink: /home/dung/ros_ws/install/my_robot_navi/local/lib/python3.10/dist-packages/my_robot_navi/install/local_setup.zsh
-- Up-to-date symlink: /home/dung/ros_ws/install/my_robot_navi/local/lib/python3.10/dist-packages/my_robot_navi/install/setup.bash
-- Up-to-date symlink: /home/dung/ros_ws/install/my_robot_navi/local/lib/python3.10/dist-packages/my_robot_navi/install/setup.ps1
-- Up-to-date symlink: /home/dung/ros_ws/install/my_robot_navi/local/lib/python3.10/dist-packages/my_robot_navi/install/setup.sh
-- Up-to-date symlink: /home/dung/ros_ws/install/my_robot_navi/local/lib/python3.10/dist-packages/my_robot_navi/install/setup.zsh
-- Up-to-date symlink: /home/dung/ros_ws/install/my_robot_navi/local/lib/python3.10/dist-packages/my_robot_navi/log/COLCON_IGNORE
-- Up-to-date symlink: /home/dung/ros_ws/install/my_robot_navi/local/lib/python3.10/dist-packages/my_robot_navi/log/build_2025-12-06_18-35-59/events.log
-- Up-to-date symlink: /home/dung/ros_ws/install/my_robot_navi/local/lib/python3.10/dist-packages/my_robot_navi/log/build_2025-12-06_18-35-59/logger_all.log
-- Up-to-date symlink: /home/dung/ros_ws/install/my_robot_navi/local/lib/python3.10/dist-packages/my_robot_navi/log/latest/events.log
-- Up-to-date symlink: /home/dung/ros_ws/install/my_robot_navi/local/lib/python3.10/dist-packages/my_robot_navi/log/latest/logger_all.log
-- Up-to-date symlink: /home/dung/ros_ws/install/my_robot_navi/local/lib/python3.10/dist-packages/my_robot_navi/log/latest_build/events.log
-- Up-to-date symlink: /home/dung/ros_ws/install/my_robot_navi/local/lib/python3.10/dist-packages/my_robot_navi/log/latest_build/logger_all.log
-- Up-to-date symlink: /home/dung/ros_ws/install/my_robot_navi/local/lib/python3.10/dist-packages/my_robot_navi/simple_goal_get.py
-- Up-to-date symlink: /home/dung/ros_ws/install/my_robot_navi/local/lib/python3.10/dist-packages/my_robot_navi/simple_goal_pub.py
-- Up-to-date symlink: /home/dung/ros_ws/install/my_robot_navi/share/my_robot_navi/config/behavior_server.yaml
-- Up-to-date symlink: /home/dung/ros_ws/install/my_robot_navi/share/my_robot_navi/config/bt_navigation.yaml
-- Up-to-date symlink: /home/dung/ros_ws/install/my_robot_navi/share/my_robot_navi/config/controller_server.yaml
-- Up-to-date symlink: /home/dung/ros_ws/install/my_robot_navi/share/my_robot_navi/config/costmap.yaml
-- Up-to-date symlink: /home/dung/ros_ws/install/my_robot_navi/share/my_robot_navi/config/planner_server.yaml
-- Up-to-date symlink: /home/dung/ros_ws/install/my_robot_navi/share/my_robot_navi/config/smoother_server.yaml
-- Up-to-date symlink: /home/dung/ros_ws/install/my_robot_navi/share/my_robot_navi/launch/navigation.launch.py
-- Up-to-date symlink: /home/dung/ros_ws/install/my_robot_navi/share/my_robot_navi/behavior_tree/simple_navigation.xml
-- Up-to-date symlink: /home/dung/ros_ws/install/my_robot_navi/share/my_robot_navi/behavior_tree/simple_navigation_2.xml
-- Up-to-date symlink: /home/dung/ros_ws/install/my_robot_navi/lib/my_robot_navi/simple_goal_get.py
-- Up-to-date symlink: /home/dung/ros_ws/install/my_robot_navi/lib/my_robot_navi/simple_goal_pub.py
-- Up-to-date symlink: /home/dung/ros_ws/install/my_robot_navi/share/ament_index/resource_index/package_run_dependencies/my_robot_navi
-- Up-to-date symlink: /home/dung/ros_ws/install/my_robot_navi/share/ament_index/resource_index/parent_prefix_path/my_robot_navi
-- Up-to-date symlink: /home/dung/ros_ws/install/my_robot_navi/share/my_robot_navi/environment/ament_prefix_path.sh
-- Up-to-date symlink: /home/dung/ros_ws/install/my_robot_navi/share/my_robot_navi/environment/ament_prefix_path.dsv
-- Up-to-date symlink: /home/dung/ros_ws/install/my_robot_navi/share/my_robot_navi/environment/path.sh
-- Up-to-date symlink: /home/dung/ros_ws/install/my_robot_navi/share/my_robot_navi/environment/path.dsv
-- Up-to-date symlink: /home/dung/ros_ws/install/my_robot_navi/share/my_robot_navi/local_setup.bash
-- Up-to-date symlink: /home/dung/ros_ws/install/my_robot_navi/share/my_robot_navi/local_setup.sh
-- Up-to-date symlink: /home/dung/ros_ws/install/my_robot_navi/share/my_robot_navi/local_setup.zsh
-- Up-to-date symlink: /home/dung/ros_ws/install/my_robot_navi/share/my_robot_navi/local_setup.dsv
-- Symlinking: /home/dung/ros_ws/install/my_robot_navi/share/my_robot_navi/package.dsv
-- Up-to-date symlink: /home/dung/ros_ws/install/my_robot_navi/share/ament_index/resource_index/packages/my_robot_navi
-- Up-to-date symlink: /home/dung/ros_ws/install/my_robot_navi/share/my_robot_navi/cmake/my_robot_naviConfig.cmake
-- Up-to-date symlink: /home/dung/ros_ws/install/my_robot_navi/share/my_robot_navi/cmake/my_robot_naviConfig-version.cmake
-- Up-to-date symlink: /home/dung/ros_ws/install/my_robot_navi/share/my_robot_navi/package.xml
Listing '/home/dung/ros_ws/install/my_robot_navi/local/lib/python3.10/dist-packages/my_robot_navi'...
Listing '/home/dung/ros_ws/install/my_robot_navi/local/lib/python3.10/dist-packages/my_robot_navi/build'...
Listing '/home/dung/ros_ws/install/my_robot_navi/local/lib/python3.10/dist-packages/my_robot_navi/install'...
Listing '/home/dung/ros_ws/install/my_robot_navi/local/lib/python3.10/dist-packages/my_robot_navi/log'...
Listing '/home/dung/ros_ws/install/my_robot_navi/local/lib/python3.10/dist-packages/my_robot_navi/log/build_2025-12-06_18-35-59'...
Listing '/home/dung/ros_ws/install/my_robot_navi/local/lib/python3.10/dist-packages/my_robot_navi/log/latest'...
Listing '/home/dung/ros_ws/install/my_robot_navi/local/lib/python3.10/dist-packages/my_robot_navi/log/latest_build'...
Compiling '/home/dung/ros_ws/install/my_robot_navi/local/lib/python3.10/dist-packages/my_robot_navi/simple_goal_pub.py'...
