[0.676s] Invoking command in '/home/dung/ros_ws/src/keyboard_teleop': CMAKE_PREFIX_PATH=/home/dung/ros_ws/install/my_robot_msgs:/home/dung/ros_ws/install/myrobot_controller:/home/dung/ros_ws/install/my_robot_utils:/home/dung/ros_ws/install/my_robot_planning:/home/dung/ros_ws/install/my_robot_navi:/home/dung/ros_ws/install/my_robot_motion:/home/dung/ros_ws/install/my_robot_mapping:/home/dung/ros_ws/install/my_robot_localization:/home/dung/ros_ws/install/my_robot_firmware:/home/dung/ros_ws/install/my_robot_bringup:/home/dung/ros_ws/install/my_robot_description LD_LIBRARY_PATH=/home/dung/ros_ws/install/my_robot_msgs/lib:/home/dung/ros_ws/install/my_robot_planning/lib:/home/dung/ros_ws/install/my_robot_motion/lib:/usr/lib/x86_64-linux-gnu/gazebo-11/plugins:/opt/ros/humble/opt/rviz_ogre_vendor/lib:/opt/ros/humble/lib/x86_64-linux-gnu:/opt/ros/humble/lib PYTHONPATH=/home/dung/ros_ws/build/keyboard_teleop/prefix_override:/usr/lib/python3/dist-packages/colcon_core/task/python/colcon_distutils_commands:/home/dung/ros_ws/install/keyboard_teleop/lib/python3.10/site-packages:${PYTHONPATH} /usr/bin/python3 -W ignore:setup.py install is deprecated -W ignore:easy_install command is deprecated setup.py egg_info --egg-base ../../build/keyboard_teleop build --build-base /home/dung/ros_ws/build/keyboard_teleop/build install --record /home/dung/ros_ws/build/keyboard_teleop/install.log --single-version-externally-managed install_data
[0.864s] running egg_info
[0.864s] creating ../../build/keyboard_teleop/keyboard_teleop.egg-info
[0.864s] writing ../../build/keyboard_teleop/keyboard_teleop.egg-info/PKG-INFO
[0.865s] writing dependency_links to ../../build/keyboard_teleop/keyboard_teleop.egg-info/dependency_links.txt
[0.865s] writing entry points to ../../build/keyboard_teleop/keyboard_teleop.egg-info/entry_points.txt
[0.865s] writing requirements to ../../build/keyboard_teleop/keyboard_teleop.egg-info/requires.txt
[0.865s] writing top-level names to ../../build/keyboard_teleop/keyboard_teleop.egg-info/top_level.txt
[0.865s] writing manifest file '../../build/keyboard_teleop/keyboard_teleop.egg-info/SOURCES.txt'
[0.866s] reading manifest file '../../build/keyboard_teleop/keyboard_teleop.egg-info/SOURCES.txt'
[0.867s] writing manifest file '../../build/keyboard_teleop/keyboard_teleop.egg-info/SOURCES.txt'
[0.867s] running build
[0.867s] running build_py
[0.867s] creating /home/dung/ros_ws/build/keyboard_teleop/build
[0.867s] creating /home/dung/ros_ws/build/keyboard_teleop/build/lib
[0.867s] creating /home/dung/ros_ws/build/keyboard_teleop/build/lib/dung_py_ex
[0.867s] copying dung_py_ex/__init__.py -> /home/dung/ros_ws/build/keyboard_teleop/build/lib/dung_py_ex
[0.867s] copying dung_py_ex/simple_tf_kinematic.py -> /home/dung/ros_ws/build/keyboard_teleop/build/lib/dung_py_ex
[0.868s] copying dung_py_ex/turtlesim_kinematic.py -> /home/dung/ros_ws/build/keyboard_teleop/build/lib/dung_py_ex
[0.868s] copying dung_py_ex/parameter_py.py -> /home/dung/ros_ws/build/keyboard_teleop/build/lib/dung_py_ex
[0.868s] creating /home/dung/ros_ws/build/keyboard_teleop/build/lib/keyboard_teleop
[0.868s] copying keyboard_teleop/__init__.py -> /home/dung/ros_ws/build/keyboard_teleop/build/lib/keyboard_teleop
[0.868s] copying keyboard_teleop/Control_Keyboard.py -> /home/dung/ros_ws/build/keyboard_teleop/build/lib/keyboard_teleop
[0.869s] running install
[0.869s] running install_lib
[0.869s] creating /home/dung/ros_ws/install/keyboard_teleop/lib/python3.10/site-packages/dung_py_ex
[0.870s] copying /home/dung/ros_ws/build/keyboard_teleop/build/lib/dung_py_ex/__init__.py -> /home/dung/ros_ws/install/keyboard_teleop/lib/python3.10/site-packages/dung_py_ex
[0.870s] copying /home/dung/ros_ws/build/keyboard_teleop/build/lib/dung_py_ex/simple_tf_kinematic.py -> /home/dung/ros_ws/install/keyboard_teleop/lib/python3.10/site-packages/dung_py_ex
[0.870s] copying /home/dung/ros_ws/build/keyboard_teleop/build/lib/dung_py_ex/turtlesim_kinematic.py -> /home/dung/ros_ws/install/keyboard_teleop/lib/python3.10/site-packages/dung_py_ex
[0.870s] copying /home/dung/ros_ws/build/keyboard_teleop/build/lib/dung_py_ex/parameter_py.py -> /home/dung/ros_ws/install/keyboard_teleop/lib/python3.10/site-packages/dung_py_ex
[0.870s] creating /home/dung/ros_ws/install/keyboard_teleop/lib/python3.10/site-packages/keyboard_teleop
[0.870s] copying /home/dung/ros_ws/build/keyboard_teleop/build/lib/keyboard_teleop/__init__.py -> /home/dung/ros_ws/install/keyboard_teleop/lib/python3.10/site-packages/keyboard_teleop
[0.870s] copying /home/dung/ros_ws/build/keyboard_teleop/build/lib/keyboard_teleop/Control_Keyboard.py -> /home/dung/ros_ws/install/keyboard_teleop/lib/python3.10/site-packages/keyboard_teleop
[0.870s] byte-compiling /home/dung/ros_ws/install/keyboard_teleop/lib/python3.10/site-packages/dung_py_ex/__init__.py to __init__.cpython-310.pyc
[0.871s] byte-compiling /home/dung/ros_ws/install/keyboard_teleop/lib/python3.10/site-packages/dung_py_ex/simple_tf_kinematic.py to simple_tf_kinematic.cpython-310.pyc
[0.872s] byte-compiling /home/dung/ros_ws/install/keyboard_teleop/lib/python3.10/site-packages/dung_py_ex/turtlesim_kinematic.py to turtlesim_kinematic.cpython-310.pyc
[0.872s] byte-compiling /home/dung/ros_ws/install/keyboard_teleop/lib/python3.10/site-packages/dung_py_ex/parameter_py.py to parameter_py.cpython-310.pyc
[0.872s] byte-compiling /home/dung/ros_ws/install/keyboard_teleop/lib/python3.10/site-packages/keyboard_teleop/__init__.py to __init__.cpython-310.pyc
[0.872s] byte-compiling /home/dung/ros_ws/install/keyboard_teleop/lib/python3.10/site-packages/keyboard_teleop/Control_Keyboard.py to Control_Keyboard.cpython-310.pyc
[0.872s] running install_data
[0.872s] creating /home/dung/ros_ws/install/keyboard_teleop/share/ament_index
[0.872s] creating /home/dung/ros_ws/install/keyboard_teleop/share/ament_index/resource_index
[0.873s] creating /home/dung/ros_ws/install/keyboard_teleop/share/ament_index/resource_index/packages
[0.874s] copying resource/keyboard_teleop -> /home/dung/ros_ws/install/keyboard_teleop/share/ament_index/resource_index/packages
[0.874s] copying package.xml -> /home/dung/ros_ws/install/keyboard_teleop/share/keyboard_teleop
[0.874s] running install_egg_info
[0.874s] Copying ../../build/keyboard_teleop/keyboard_teleop.egg-info to /home/dung/ros_ws/install/keyboard_teleop/lib/python3.10/site-packages/keyboard_teleop-0.0.0-py3.10.egg-info
[0.875s] running install_scripts
[0.893s] Installing control_keyboard script to /home/dung/ros_ws/install/keyboard_teleop/lib/keyboard_teleop
[0.893s] Installing simple_parameter script to /home/dung/ros_ws/install/keyboard_teleop/lib/keyboard_teleop
[0.893s] Installing simple_tf_kinematic script to /home/dung/ros_ws/install/keyboard_teleop/lib/keyboard_teleop
[0.893s] writing list of installed files to '/home/dung/ros_ws/build/keyboard_teleop/install.log'
[0.925s] Invoked command in '/home/dung/ros_ws/src/keyboard_teleop' returned '0': CMAKE_PREFIX_PATH=/home/dung/ros_ws/install/my_robot_msgs:/home/dung/ros_ws/install/myrobot_controller:/home/dung/ros_ws/install/my_robot_utils:/home/dung/ros_ws/install/my_robot_planning:/home/dung/ros_ws/install/my_robot_navi:/home/dung/ros_ws/install/my_robot_motion:/home/dung/ros_ws/install/my_robot_mapping:/home/dung/ros_ws/install/my_robot_localization:/home/dung/ros_ws/install/my_robot_firmware:/home/dung/ros_ws/install/my_robot_bringup:/home/dung/ros_ws/install/my_robot_description LD_LIBRARY_PATH=/home/dung/ros_ws/install/my_robot_msgs/lib:/home/dung/ros_ws/install/my_robot_planning/lib:/home/dung/ros_ws/install/my_robot_motion/lib:/usr/lib/x86_64-linux-gnu/gazebo-11/plugins:/opt/ros/humble/opt/rviz_ogre_vendor/lib:/opt/ros/humble/lib/x86_64-linux-gnu:/opt/ros/humble/lib PYTHONPATH=/home/dung/ros_ws/build/keyboard_teleop/prefix_override:/usr/lib/python3/dist-packages/colcon_core/task/python/colcon_distutils_commands:/home/dung/ros_ws/install/keyboard_teleop/lib/python3.10/site-packages:${PYTHONPATH} /usr/bin/python3 -W ignore:setup.py install is deprecated -W ignore:easy_install command is deprecated setup.py egg_info --egg-base ../../build/keyboard_teleop build --build-base /home/dung/ros_ws/build/keyboard_teleop/build install --record /home/dung/ros_ws/build/keyboard_teleop/install.log --single-version-externally-managed install_data
