[0.034s] Invoking command in '/home/dung/ros_ws/build/my_robot_navi': CMAKE_PREFIX_PATH=${CMAKE_PREFIX_PATH}:/home/dung/ros_ws/install/keyboard_teleop:/opt/ros/humble /usr/bin/cmake --build /home/dung/ros_ws/build/my_robot_navi -- -j12 -l12
[0.066s] -- Found ament_cmake: 1.3.12 (/opt/ros/humble/share/ament_cmake/cmake)
[0.199s] -- Override CMake install command with custom implementation using symlinks instead of copying resources
[0.212s] -- Found rclpy: 3.3.19 (/opt/ros/humble/share/rclpy/cmake)
[0.213s] -- Found std_msgs: 4.9.0 (/opt/ros/humble/share/std_msgs/cmake)
[0.244s] -- Found rosidl_generator_c: 3.1.7 (/opt/ros/humble/share/rosidl_generator_c/cmake)
[0.247s] -- Found rosidl_adapter: 3.1.7 (/opt/ros/humble/share/rosidl_adapter/cmake)
[0.257s] -- Found rosidl_generator_cpp: 3.1.7 (/opt/ros/humble/share/rosidl_generator_cpp/cmake)
[0.271s] -- Using all available rosidl_typesupport_c: rosidl_typesupport_fastrtps_c;rosidl_typesupport_introspection_c
[0.288s] -- Using all available rosidl_typesupport_cpp: rosidl_typesupport_fastrtps_cpp;rosidl_typesupport_introspection_cpp
[0.314s] -- Found geometry_msgs: 4.9.0 (/opt/ros/humble/share/geometry_msgs/cmake)
[0.331s] -- Found nav2_msgs: 1.1.20 (/opt/ros/humble/share/nav2_msgs/cmake)
[0.409s] [31mCMake Error at CMakeLists.txt:14 (find_package):
[0.409s]   By not providing "Findtf_transformations.cmake" in CMAKE_MODULE_PATH this
[0.409s]   project has asked CMake to find a package configuration file provided by
[0.409s]   "tf_transformations", but CMake did not find one.
[0.409s] 
[0.409s]   Could not find a package configuration file provided by
[0.409s]   "tf_transformations" with any of the following names:
[0.409s] 
[0.409s]     tf_transformationsConfig.cmake
[0.409s]     tf_transformations-config.cmake
[0.409s] 
[0.409s]   Add the installation prefix of "tf_transformations" to CMAKE_PREFIX_PATH or
[0.409s]   set "tf_transformations_DIR" to a directory containing one of the above
[0.409s]   files.  If "tf_transformations" provides a separate development package or
[0.409s]   SDK, be sure it has been installed.
[0.409s] 
[0.409s] [0m
[0.409s] -- Configuring incomplete, errors occurred!
[0.409s] See also "/home/dung/ros_ws/build/my_robot_navi/CMakeFiles/CMakeOutput.log".
[0.414s] gmake: *** [Makefile:254: cmake_check_build_system] Error 1
[0.416s] Invoked command in '/home/dung/ros_ws/build/my_robot_navi' returned '2': CMAKE_PREFIX_PATH=${CMAKE_PREFIX_PATH}:/home/dung/ros_ws/install/keyboard_teleop:/opt/ros/humble /usr/bin/cmake --build /home/dung/ros_ws/build/my_robot_navi -- -j12 -l12
