[0.018s] Invoking command in '/home/dung/ros_ws/build/my_robot_msgs': CMAKE_PREFIX_PATH=${CMAKE_PREFIX_PATH}:/home/dung/ros_ws/install/keyboard_teleop:/opt/ros/humble /usr/bin/cmake /home/dung/ros_ws/src/my_robot_msgs -DCMAKE_INSTALL_PREFIX=/home/dung/ros_ws/install/my_robot_msgs
[0.073s] -- The C compiler identification is GNU 11.4.0
[0.127s] -- The CXX compiler identification is GNU 11.4.0
[0.128s] -- Detecting C compiler ABI info
[0.198s] -- Detecting C compiler ABI info - done
[0.203s] -- Check for working C compiler: /usr/bin/cc - skipped
[0.203s] -- Detecting C compile features
[0.203s] -- Detecting C compile features - done
[0.206s] -- Detecting CXX compiler ABI info
[0.294s] -- Detecting CXX compiler ABI info - done
[0.308s] -- Check for working CXX compiler: /usr/bin/c++ - skipped
[0.308s] -- Detecting CXX compile features
[0.311s] -- Detecting CXX compile features - done
[0.311s] -- Found ament_cmake: 1.3.12 (/opt/ros/humble/share/ament_cmake/cmake)
[0.465s] -- Found Python3: /usr/bin/python3 (found version "3.10.12") found components: Interpreter 
[0.540s] -- Found std_msgs: 4.9.0 (/opt/ros/humble/share/std_msgs/cmake)
[0.571s] -- Found rosidl_generator_c: 3.1.7 (/opt/ros/humble/share/rosidl_generator_c/cmake)
[0.574s] -- Found rosidl_adapter: 3.1.7 (/opt/ros/humble/share/rosidl_adapter/cmake)
[0.581s] -- Found rosidl_generator_cpp: 3.1.7 (/opt/ros/humble/share/rosidl_generator_cpp/cmake)
[0.592s] -- Using all available rosidl_typesupport_c: rosidl_typesupport_fastrtps_c;rosidl_typesupport_introspection_c
[0.603s] -- Using all available rosidl_typesupport_cpp: rosidl_typesupport_fastrtps_cpp;rosidl_typesupport_introspection_cpp
[0.627s] -- Found geometry_msgs: 4.9.0 (/opt/ros/humble/share/geometry_msgs/cmake)
[0.635s] -- Found rosidl_default_generators: 1.2.0 (/opt/ros/humble/share/rosidl_default_generators/cmake)
[1.009s] -- Found ament_cmake_ros: 0.10.0 (/opt/ros/humble/share/ament_cmake_ros/cmake)
[1.409s] -- Using all available rosidl_typesupport_c: rosidl_typesupport_fastrtps_c;rosidl_typesupport_introspection_c
[1.598s] -- Using all available rosidl_typesupport_cpp: rosidl_typesupport_fastrtps_cpp;rosidl_typesupport_introspection_cpp
[1.619s] -- Found PythonInterp: /usr/bin/python3 (found suitable version "3.10.12", minimum required is "3.6") 
[1.621s] -- Found python_cmake_module: 0.10.0 (/opt/ros/humble/share/python_cmake_module/cmake)
[1.653s] -- Found PythonLibs: /usr/lib/x86_64-linux-gnu/libpython3.10.so (found suitable version "3.10.12", minimum required is "3.5") 
[1.654s] -- Using PYTHON_EXECUTABLE: /usr/bin/python3
[1.654s] -- Using PYTHON_INCLUDE_DIRS: /usr/include/python3.10
[1.657s] -- Using PYTHON_LIBRARIES: /usr/lib/x86_64-linux-gnu/libpython3.10.so
[1.679s] -- Found PythonExtra: .so  
[1.728s] -- Found ament_lint_auto: 0.12.14 (/opt/ros/humble/share/ament_lint_auto/cmake)
[1.755s] -- Added test 'lint_cmake' to check CMake code style
[1.757s] -- Added test 'xmllint' to check XML markup files
[1.761s] -- Configuring done
[1.803s] -- Generating done
[1.803s] -- Build files have been written to: /home/dung/ros_ws/build/my_robot_msgs
[1.803s] Invoked command in '/home/dung/ros_ws/build/my_robot_msgs' returned '0': CMAKE_PREFIX_PATH=${CMAKE_PREFIX_PATH}:/home/dung/ros_ws/install/keyboard_teleop:/opt/ros/humble /usr/bin/cmake /home/dung/ros_ws/src/my_robot_msgs -DCMAKE_INSTALL_PREFIX=/home/dung/ros_ws/install/my_robot_msgs
[1.804s] Invoking command in '/home/dung/ros_ws/build/my_robot_msgs': CMAKE_PREFIX_PATH=${CMAKE_PREFIX_PATH}:/home/dung/ros_ws/install/keyboard_teleop:/opt/ros/humble /usr/bin/cmake --build /home/dung/ros_ws/build/my_robot_msgs -- -j6 -l6
[1.857s] [  3%] [34m[1mGenerating C code for ROS interfaces[0m
[1.871s] [  6%] [34m[1mGenerating C++ code for ROS interfaces[0m
[1.902s] [  6%] Built target ament_cmake_python_copy_my_robot_msgs
[2.172s] running egg_info
[2.172s] creating my_robot_msgs.egg-info
[2.172s] writing my_robot_msgs.egg-info/PKG-INFO
[2.173s] writing dependency_links to my_robot_msgs.egg-info/dependency_links.txt
[2.174s] writing top-level names to my_robot_msgs.egg-info/top_level.txt
[2.174s] writing manifest file 'my_robot_msgs.egg-info/SOURCES.txt'
[2.176s] reading manifest file 'my_robot_msgs.egg-info/SOURCES.txt'
[2.177s] writing manifest file 'my_robot_msgs.egg-info/SOURCES.txt'
[2.229s] [  6%] Built target my_robot_msgs__cpp
[2.235s] [  9%] [32mBuilding C object CMakeFiles/my_robot_msgs__rosidl_generator_c.dir/rosidl_generator_c/my_robot_msgs/srv/detail/get_tranform__functions.c.o[0m
[2.244s] [ 12%] [34m[1mGenerating C++ type support dispatch for ROS interfaces[0m
[2.259s] [ 16%] [34m[1mGenerating C++ introspection for ROS interfaces[0m
[2.260s] [ 19%] [34m[1mGenerating C++ type support for eProsima Fast-RTPS[0m
[2.268s] [ 19%] Built target ament_cmake_python_build_my_robot_msgs_egg
[2.319s] [ 22%] [32m[1mLinking C shared library libmy_robot_msgs__rosidl_generator_c.so[0m
[2.377s] [ 22%] Built target my_robot_msgs__rosidl_generator_c
[2.397s] [ 25%] [34m[1mGenerating C type support for eProsima Fast-RTPS[0m
[2.400s] [ 29%] [34m[1mGenerating C type support dispatch for ROS interfaces[0m
[2.411s] [ 32%] [34m[1mGenerating C introspection for ROS interfaces[0m
[2.663s] [ 35%] [32mBuilding CXX object CMakeFiles/my_robot_msgs__rosidl_typesupport_cpp.dir/rosidl_typesupport_cpp/my_robot_msgs/srv/get_tranform__type_support.cpp.o[0m
[2.734s] [ 38%] [32mBuilding CXX object CMakeFiles/my_robot_msgs__rosidl_typesupport_introspection_cpp.dir/rosidl_typesupport_introspection_cpp/my_robot_msgs/srv/detail/get_tranform__type_support.cpp.o[0m
[2.742s] [ 41%] [32mBuilding CXX object CMakeFiles/my_robot_msgs__rosidl_typesupport_fastrtps_cpp.dir/rosidl_typesupport_fastrtps_cpp/my_robot_msgs/srv/detail/dds_fastrtps/get_tranform__type_support.cpp.o[0m
[2.847s] [ 45%] [32mBuilding CXX object CMakeFiles/my_robot_msgs__rosidl_typesupport_c.dir/rosidl_typesupport_c/my_robot_msgs/srv/get_tranform__type_support.cpp.o[0m
[2.920s] [ 48%] [32mBuilding C object CMakeFiles/my_robot_msgs__rosidl_typesupport_introspection_c.dir/rosidl_typesupport_introspection_c/my_robot_msgs/srv/detail/get_tranform__type_support.c.o[0m
[2.938s] [ 51%] [32m[1mLinking CXX shared library libmy_robot_msgs__rosidl_typesupport_c.so[0m
[2.963s] [ 54%] [32mBuilding CXX object CMakeFiles/my_robot_msgs__rosidl_typesupport_fastrtps_c.dir/rosidl_typesupport_fastrtps_c/my_robot_msgs/srv/detail/get_tranform__type_support_c.cpp.o[0m
[3.050s] [ 58%] [32m[1mLinking C shared library libmy_robot_msgs__rosidl_typesupport_introspection_c.so[0m
[3.050s] [ 58%] Built target my_robot_msgs__rosidl_typesupport_c
[3.082s] [ 61%] [32m[1mLinking CXX shared library libmy_robot_msgs__rosidl_typesupport_cpp.so[0m
[3.121s] [ 61%] Built target my_robot_msgs__rosidl_typesupport_cpp
[3.148s] [ 61%] Built target my_robot_msgs__rosidl_typesupport_introspection_c
[3.302s] [ 64%] [32m[1mLinking CXX shared library libmy_robot_msgs__rosidl_typesupport_introspection_cpp.so[0m
[3.370s] [ 67%] [32m[1mLinking CXX shared library libmy_robot_msgs__rosidl_typesupport_fastrtps_cpp.so[0m
[3.390s] [ 67%] Built target my_robot_msgs__rosidl_typesupport_introspection_cpp
[3.393s] [ 70%] [32m[1mLinking CXX shared library libmy_robot_msgs__rosidl_typesupport_fastrtps_c.so[0m
[3.455s] [ 70%] Built target my_robot_msgs__rosidl_typesupport_fastrtps_cpp
[3.481s] [ 70%] Built target my_robot_msgs__rosidl_typesupport_fastrtps_c
[3.498s] [ 70%] Built target my_robot_msgs
[3.519s] [ 74%] [34m[1mGenerating Python code for ROS interfaces[0m
[3.841s] [ 74%] Built target my_robot_msgs__py
[3.878s] [ 77%] [32mBuilding C object CMakeFiles/my_robot_msgs__rosidl_generator_py.dir/rosidl_generator_py/my_robot_msgs/srv/_get_tranform_s.c.o[0m
[4.072s] [ 80%] [32m[1mLinking C shared library rosidl_generator_py/my_robot_msgs/libmy_robot_msgs__rosidl_generator_py.so[0m
[4.133s] [ 80%] Built target my_robot_msgs__rosidl_generator_py
[4.171s] [ 83%] [32mBuilding C object CMakeFiles/my_robot_msgs__rosidl_typesupport_fastrtps_c__pyext.dir/rosidl_generator_py/my_robot_msgs/_my_robot_msgs_s.ep.rosidl_typesupport_fastrtps_c.c.o[0m
[4.174s] [ 87%] [32mBuilding C object CMakeFiles/my_robot_msgs__rosidl_typesupport_introspection_c__pyext.dir/rosidl_generator_py/my_robot_msgs/_my_robot_msgs_s.ep.rosidl_typesupport_introspection_c.c.o[0m
[4.180s] [ 90%] [32mBuilding C object CMakeFiles/my_robot_msgs__rosidl_typesupport_c__pyext.dir/rosidl_generator_py/my_robot_msgs/_my_robot_msgs_s.ep.rosidl_typesupport_c.c.o[0m
[4.262s] [ 93%] [32m[1mLinking C shared library rosidl_generator_py/my_robot_msgs/my_robot_msgs_s__rosidl_typesupport_fastrtps_c.cpython-310-x86_64-linux-gnu.so[0m
[4.308s] [ 96%] [32m[1mLinking C shared library rosidl_generator_py/my_robot_msgs/my_robot_msgs_s__rosidl_typesupport_c.cpython-310-x86_64-linux-gnu.so[0m
[4.321s] [ 96%] Built target my_robot_msgs__rosidl_typesupport_fastrtps_c__pyext
[4.342s] [100%] [32m[1mLinking C shared library rosidl_generator_py/my_robot_msgs/my_robot_msgs_s__rosidl_typesupport_introspection_c.cpython-310-x86_64-linux-gnu.so[0m
[4.350s] [100%] Built target my_robot_msgs__rosidl_typesupport_c__pyext
[4.380s] [100%] Built target my_robot_msgs__rosidl_typesupport_introspection_c__pyext
[4.394s] Invoked command in '/home/dung/ros_ws/build/my_robot_msgs' returned '0': CMAKE_PREFIX_PATH=${CMAKE_PREFIX_PATH}:/home/dung/ros_ws/install/keyboard_teleop:/opt/ros/humble /usr/bin/cmake --build /home/dung/ros_ws/build/my_robot_msgs -- -j6 -l6
[4.396s] Invoking command in '/home/dung/ros_ws/build/my_robot_msgs': CMAKE_PREFIX_PATH=${CMAKE_PREFIX_PATH}:/home/dung/ros_ws/install/keyboard_teleop:/opt/ros/humble /usr/bin/cmake --install /home/dung/ros_ws/build/my_robot_msgs
[4.403s] -- Install configuration: ""
[4.403s] -- Installing: /home/dung/ros_ws/install/my_robot_msgs/share/ament_index/resource_index/rosidl_interfaces/my_robot_msgs
[4.404s] -- Installing: /home/dung/ros_ws/install/my_robot_msgs/include/my_robot_msgs/my_robot_msgs
[4.404s] -- Installing: /home/dung/ros_ws/install/my_robot_msgs/include/my_robot_msgs/my_robot_msgs/msg
[4.404s] -- Installing: /home/dung/ros_ws/install/my_robot_msgs/include/my_robot_msgs/my_robot_msgs/msg/rosidl_generator_c__visibility_control.h
[4.404s] -- Installing: /home/dung/ros_ws/install/my_robot_msgs/include/my_robot_msgs/my_robot_msgs/srv
[4.404s] -- Installing: /home/dung/ros_ws/install/my_robot_msgs/include/my_robot_msgs/my_robot_msgs/srv/detail
[4.404s] -- Installing: /home/dung/ros_ws/install/my_robot_msgs/include/my_robot_msgs/my_robot_msgs/srv/detail/get_tranform__functions.c
[4.404s] -- Installing: /home/dung/ros_ws/install/my_robot_msgs/include/my_robot_msgs/my_robot_msgs/srv/detail/get_tranform__type_support.h
[4.404s] -- Installing: /home/dung/ros_ws/install/my_robot_msgs/include/my_robot_msgs/my_robot_msgs/srv/detail/get_tranform__functions.h
[4.404s] -- Installing: /home/dung/ros_ws/install/my_robot_msgs/include/my_robot_msgs/my_robot_msgs/srv/detail/get_tranform__struct.h
[4.404s] -- Installing: /home/dung/ros_ws/install/my_robot_msgs/include/my_robot_msgs/my_robot_msgs/srv/get_tranform.h
[4.404s] -- Installing: /home/dung/ros_ws/install/my_robot_msgs/share/my_robot_msgs/environment/library_path.sh
[4.404s] -- Installing: /home/dung/ros_ws/install/my_robot_msgs/share/my_robot_msgs/environment/library_path.dsv
[4.404s] -- Installing: /home/dung/ros_ws/install/my_robot_msgs/lib/libmy_robot_msgs__rosidl_generator_c.so
[4.405s] -- Set runtime path of "/home/dung/ros_ws/install/my_robot_msgs/lib/libmy_robot_msgs__rosidl_generator_c.so" to ""
[4.406s] -- Up-to-date: /home/dung/ros_ws/install/my_robot_msgs/include/my_robot_msgs/my_robot_msgs
[4.406s] -- Up-to-date: /home/dung/ros_ws/install/my_robot_msgs/include/my_robot_msgs/my_robot_msgs/msg
[4.406s] -- Installing: /home/dung/ros_ws/install/my_robot_msgs/include/my_robot_msgs/my_robot_msgs/msg/rosidl_typesupport_fastrtps_c__visibility_control.h
[4.406s] -- Up-to-date: /home/dung/ros_ws/install/my_robot_msgs/include/my_robot_msgs/my_robot_msgs/srv
[4.406s] -- Up-to-date: /home/dung/ros_ws/install/my_robot_msgs/include/my_robot_msgs/my_robot_msgs/srv/detail
[4.406s] -- Installing: /home/dung/ros_ws/install/my_robot_msgs/include/my_robot_msgs/my_robot_msgs/srv/detail/get_tranform__rosidl_typesupport_fastrtps_c.h
[4.406s] -- Installing: /home/dung/ros_ws/install/my_robot_msgs/lib/libmy_robot_msgs__rosidl_typesupport_fastrtps_c.so
[4.406s] -- Set runtime path of "/home/dung/ros_ws/install/my_robot_msgs/lib/libmy_robot_msgs__rosidl_typesupport_fastrtps_c.so" to ""
[4.406s] -- Up-to-date: /home/dung/ros_ws/install/my_robot_msgs/include/my_robot_msgs/my_robot_msgs
[4.406s] -- Up-to-date: /home/dung/ros_ws/install/my_robot_msgs/include/my_robot_msgs/my_robot_msgs/msg
[4.406s] -- Installing: /home/dung/ros_ws/install/my_robot_msgs/include/my_robot_msgs/my_robot_msgs/msg/rosidl_generator_cpp__visibility_control.hpp
[4.406s] -- Up-to-date: /home/dung/ros_ws/install/my_robot_msgs/include/my_robot_msgs/my_robot_msgs/srv
[4.406s] -- Up-to-date: /home/dung/ros_ws/install/my_robot_msgs/include/my_robot_msgs/my_robot_msgs/srv/detail
[4.406s] -- Installing: /home/dung/ros_ws/install/my_robot_msgs/include/my_robot_msgs/my_robot_msgs/srv/detail/get_tranform__struct.hpp
[4.406s] -- Installing: /home/dung/ros_ws/install/my_robot_msgs/include/my_robot_msgs/my_robot_msgs/srv/detail/get_tranform__type_support.hpp
[4.406s] -- Installing: /home/dung/ros_ws/install/my_robot_msgs/include/my_robot_msgs/my_robot_msgs/srv/detail/get_tranform__traits.hpp
[4.406s] -- Installing: /home/dung/ros_ws/install/my_robot_msgs/include/my_robot_msgs/my_robot_msgs/srv/detail/get_tranform__builder.hpp
[4.406s] -- Installing: /home/dung/ros_ws/install/my_robot_msgs/include/my_robot_msgs/my_robot_msgs/srv/get_tranform.hpp
[4.406s] -- Up-to-date: /home/dung/ros_ws/install/my_robot_msgs/include/my_robot_msgs/my_robot_msgs
[4.406s] -- Up-to-date: /home/dung/ros_ws/install/my_robot_msgs/include/my_robot_msgs/my_robot_msgs/msg
[4.406s] -- Installing: /home/dung/ros_ws/install/my_robot_msgs/include/my_robot_msgs/my_robot_msgs/msg/rosidl_typesupport_fastrtps_cpp__visibility_control.h
[4.406s] -- Up-to-date: /home/dung/ros_ws/install/my_robot_msgs/include/my_robot_msgs/my_robot_msgs/srv
[4.406s] -- Up-to-date: /home/dung/ros_ws/install/my_robot_msgs/include/my_robot_msgs/my_robot_msgs/srv/detail
[4.406s] -- Installing: /home/dung/ros_ws/install/my_robot_msgs/include/my_robot_msgs/my_robot_msgs/srv/detail/dds_fastrtps
[4.407s] -- Installing: /home/dung/ros_ws/install/my_robot_msgs/include/my_robot_msgs/my_robot_msgs/srv/detail/get_tranform__rosidl_typesupport_fastrtps_cpp.hpp
[4.407s] -- Installing: /home/dung/ros_ws/install/my_robot_msgs/lib/libmy_robot_msgs__rosidl_typesupport_fastrtps_cpp.so
[4.407s] -- Set runtime path of "/home/dung/ros_ws/install/my_robot_msgs/lib/libmy_robot_msgs__rosidl_typesupport_fastrtps_cpp.so" to ""
[4.407s] -- Up-to-date: /home/dung/ros_ws/install/my_robot_msgs/include/my_robot_msgs/my_robot_msgs
[4.407s] -- Up-to-date: /home/dung/ros_ws/install/my_robot_msgs/include/my_robot_msgs/my_robot_msgs/msg
[4.407s] -- Installing: /home/dung/ros_ws/install/my_robot_msgs/include/my_robot_msgs/my_robot_msgs/msg/rosidl_typesupport_introspection_c__visibility_control.h
[4.407s] -- Up-to-date: /home/dung/ros_ws/install/my_robot_msgs/include/my_robot_msgs/my_robot_msgs/srv
[4.407s] -- Up-to-date: /home/dung/ros_ws/install/my_robot_msgs/include/my_robot_msgs/my_robot_msgs/srv/detail
[4.407s] -- Installing: /home/dung/ros_ws/install/my_robot_msgs/include/my_robot_msgs/my_robot_msgs/srv/detail/get_tranform__rosidl_typesupport_introspection_c.h
[4.407s] -- Installing: /home/dung/ros_ws/install/my_robot_msgs/include/my_robot_msgs/my_robot_msgs/srv/detail/get_tranform__type_support.c
[4.407s] -- Installing: /home/dung/ros_ws/install/my_robot_msgs/lib/libmy_robot_msgs__rosidl_typesupport_introspection_c.so
[4.407s] -- Set runtime path of "/home/dung/ros_ws/install/my_robot_msgs/lib/libmy_robot_msgs__rosidl_typesupport_introspection_c.so" to ""
[4.407s] -- Installing: /home/dung/ros_ws/install/my_robot_msgs/lib/libmy_robot_msgs__rosidl_typesupport_c.so
[4.407s] -- Set runtime path of "/home/dung/ros_ws/install/my_robot_msgs/lib/libmy_robot_msgs__rosidl_typesupport_c.so" to ""
[4.407s] -- Up-to-date: /home/dung/ros_ws/install/my_robot_msgs/include/my_robot_msgs/my_robot_msgs
[4.407s] -- Up-to-date: /home/dung/ros_ws/install/my_robot_msgs/include/my_robot_msgs/my_robot_msgs/srv
[4.407s] -- Up-to-date: /home/dung/ros_ws/install/my_robot_msgs/include/my_robot_msgs/my_robot_msgs/srv/detail
[4.407s] -- Installing: /home/dung/ros_ws/install/my_robot_msgs/include/my_robot_msgs/my_robot_msgs/srv/detail/get_tranform__rosidl_typesupport_introspection_cpp.hpp
[4.407s] -- Installing: /home/dung/ros_ws/install/my_robot_msgs/include/my_robot_msgs/my_robot_msgs/srv/detail/get_tranform__type_support.cpp
[4.408s] -- Installing: /home/dung/ros_ws/install/my_robot_msgs/lib/libmy_robot_msgs__rosidl_typesupport_introspection_cpp.so
[4.408s] -- Set runtime path of "/home/dung/ros_ws/install/my_robot_msgs/lib/libmy_robot_msgs__rosidl_typesupport_introspection_cpp.so" to ""
[4.408s] -- Installing: /home/dung/ros_ws/install/my_robot_msgs/lib/libmy_robot_msgs__rosidl_typesupport_cpp.so
[4.408s] -- Set runtime path of "/home/dung/ros_ws/install/my_robot_msgs/lib/libmy_robot_msgs__rosidl_typesupport_cpp.so" to ""
[4.408s] -- Installing: /home/dung/ros_ws/install/my_robot_msgs/share/my_robot_msgs/environment/pythonpath.sh
[4.408s] -- Installing: /home/dung/ros_ws/install/my_robot_msgs/share/my_robot_msgs/environment/pythonpath.dsv
[4.408s] -- Installing: /home/dung/ros_ws/install/my_robot_msgs/local/lib/python3.10/dist-packages/my_robot_msgs-0.0.0-py3.10.egg-info
[4.408s] -- Installing: /home/dung/ros_ws/install/my_robot_msgs/local/lib/python3.10/dist-packages/my_robot_msgs-0.0.0-py3.10.egg-info/dependency_links.txt
[4.408s] -- Installing: /home/dung/ros_ws/install/my_robot_msgs/local/lib/python3.10/dist-packages/my_robot_msgs-0.0.0-py3.10.egg-info/SOURCES.txt
[4.408s] -- Installing: /home/dung/ros_ws/install/my_robot_msgs/local/lib/python3.10/dist-packages/my_robot_msgs-0.0.0-py3.10.egg-info/top_level.txt
[4.408s] -- Installing: /home/dung/ros_ws/install/my_robot_msgs/local/lib/python3.10/dist-packages/my_robot_msgs-0.0.0-py3.10.egg-info/PKG-INFO
[4.408s] -- Installing: /home/dung/ros_ws/install/my_robot_msgs/local/lib/python3.10/dist-packages/my_robot_msgs
[4.408s] -- Installing: /home/dung/ros_ws/install/my_robot_msgs/local/lib/python3.10/dist-packages/my_robot_msgs/my_robot_msgs_s__rosidl_typesupport_introspection_c.cpython-310-x86_64-linux-gnu.so
[4.408s] -- Installing: /home/dung/ros_ws/install/my_robot_msgs/local/lib/python3.10/dist-packages/my_robot_msgs/__init__.py
[4.408s] -- Installing: /home/dung/ros_ws/install/my_robot_msgs/local/lib/python3.10/dist-packages/my_robot_msgs/libmy_robot_msgs__rosidl_generator_py.so
[4.408s] -- Installing: /home/dung/ros_ws/install/my_robot_msgs/local/lib/python3.10/dist-packages/my_robot_msgs/my_robot_msgs_s__rosidl_typesupport_c.cpython-310-x86_64-linux-gnu.so
[4.408s] -- Installing: /home/dung/ros_ws/install/my_robot_msgs/local/lib/python3.10/dist-packages/my_robot_msgs/_my_robot_msgs_s.ep.rosidl_typesupport_c.c
[4.408s] -- Installing: /home/dung/ros_ws/install/my_robot_msgs/local/lib/python3.10/dist-packages/my_robot_msgs/my_robot_msgs_s__rosidl_typesupport_fastrtps_c.cpython-310-x86_64-linux-gnu.so
[4.408s] -- Installing: /home/dung/ros_ws/install/my_robot_msgs/local/lib/python3.10/dist-packages/my_robot_msgs/_my_robot_msgs_s.ep.rosidl_typesupport_introspection_c.c
[4.409s] -- Installing: /home/dung/ros_ws/install/my_robot_msgs/local/lib/python3.10/dist-packages/my_robot_msgs/_my_robot_msgs_s.ep.rosidl_typesupport_fastrtps_c.c
[4.409s] -- Installing: /home/dung/ros_ws/install/my_robot_msgs/local/lib/python3.10/dist-packages/my_robot_msgs/srv
[4.409s] -- Installing: /home/dung/ros_ws/install/my_robot_msgs/local/lib/python3.10/dist-packages/my_robot_msgs/srv/__init__.py
[4.409s] -- Installing: /home/dung/ros_ws/install/my_robot_msgs/local/lib/python3.10/dist-packages/my_robot_msgs/srv/_get_tranform.py
[4.409s] -- Installing: /home/dung/ros_ws/install/my_robot_msgs/local/lib/python3.10/dist-packages/my_robot_msgs/srv/_get_tranform_s.c
[4.437s] Listing '/home/dung/ros_ws/install/my_robot_msgs/local/lib/python3.10/dist-packages/my_robot_msgs'...
[4.438s] Compiling '/home/dung/ros_ws/install/my_robot_msgs/local/lib/python3.10/dist-packages/my_robot_msgs/__init__.py'...
[4.438s] Listing '/home/dung/ros_ws/install/my_robot_msgs/local/lib/python3.10/dist-packages/my_robot_msgs/srv'...
[4.438s] Compiling '/home/dung/ros_ws/install/my_robot_msgs/local/lib/python3.10/dist-packages/my_robot_msgs/srv/__init__.py'...
[4.438s] Compiling '/home/dung/ros_ws/install/my_robot_msgs/local/lib/python3.10/dist-packages/my_robot_msgs/srv/_get_tranform.py'...
[4.443s] -- Installing: /home/dung/ros_ws/install/my_robot_msgs/local/lib/python3.10/dist-packages/my_robot_msgs/my_robot_msgs_s__rosidl_typesupport_fastrtps_c.cpython-310-x86_64-linux-gnu.so
[4.443s] -- Set runtime path of "/home/dung/ros_ws/install/my_robot_msgs/local/lib/python3.10/dist-packages/my_robot_msgs/my_robot_msgs_s__rosidl_typesupport_fastrtps_c.cpython-310-x86_64-linux-gnu.so" to ""
[4.443s] -- Installing: /home/dung/ros_ws/install/my_robot_msgs/local/lib/python3.10/dist-packages/my_robot_msgs/my_robot_msgs_s__rosidl_typesupport_introspection_c.cpython-310-x86_64-linux-gnu.so
[4.443s] -- Set runtime path of "/home/dung/ros_ws/install/my_robot_msgs/local/lib/python3.10/dist-packages/my_robot_msgs/my_robot_msgs_s__rosidl_typesupport_introspection_c.cpython-310-x86_64-linux-gnu.so" to ""
[4.443s] -- Installing: /home/dung/ros_ws/install/my_robot_msgs/local/lib/python3.10/dist-packages/my_robot_msgs/my_robot_msgs_s__rosidl_typesupport_c.cpython-310-x86_64-linux-gnu.so
[4.443s] -- Set runtime path of "/home/dung/ros_ws/install/my_robot_msgs/local/lib/python3.10/dist-packages/my_robot_msgs/my_robot_msgs_s__rosidl_typesupport_c.cpython-310-x86_64-linux-gnu.so" to ""
[4.443s] -- Installing: /home/dung/ros_ws/install/my_robot_msgs/lib/libmy_robot_msgs__rosidl_generator_py.so
[4.443s] -- Set runtime path of "/home/dung/ros_ws/install/my_robot_msgs/lib/libmy_robot_msgs__rosidl_generator_py.so" to ""
[4.443s] -- Installing: /home/dung/ros_ws/install/my_robot_msgs/share/my_robot_msgs/srv/GetTranform.idl
[4.443s] -- Installing: /home/dung/ros_ws/install/my_robot_msgs/share/my_robot_msgs/srv/GetTranform.srv
[4.443s] -- Installing: /home/dung/ros_ws/install/my_robot_msgs/share/my_robot_msgs/srv/GetTranform_Request.msg
[4.443s] -- Installing: /home/dung/ros_ws/install/my_robot_msgs/share/my_robot_msgs/srv/GetTranform_Response.msg
[4.444s] -- Installing: /home/dung/ros_ws/install/my_robot_msgs/share/ament_index/resource_index/package_run_dependencies/my_robot_msgs
[4.444s] -- Installing: /home/dung/ros_ws/install/my_robot_msgs/share/ament_index/resource_index/parent_prefix_path/my_robot_msgs
[4.444s] -- Installing: /home/dung/ros_ws/install/my_robot_msgs/share/my_robot_msgs/environment/ament_prefix_path.sh
[4.444s] -- Installing: /home/dung/ros_ws/install/my_robot_msgs/share/my_robot_msgs/environment/ament_prefix_path.dsv
[4.444s] -- Installing: /home/dung/ros_ws/install/my_robot_msgs/share/my_robot_msgs/environment/path.sh
[4.444s] -- Installing: /home/dung/ros_ws/install/my_robot_msgs/share/my_robot_msgs/environment/path.dsv
[4.445s] -- Installing: /home/dung/ros_ws/install/my_robot_msgs/share/my_robot_msgs/local_setup.bash
[4.445s] -- Installing: /home/dung/ros_ws/install/my_robot_msgs/share/my_robot_msgs/local_setup.sh
[4.446s] -- Installing: /home/dung/ros_ws/install/my_robot_msgs/share/my_robot_msgs/local_setup.zsh
[4.446s] -- Installing: /home/dung/ros_ws/install/my_robot_msgs/share/my_robot_msgs/local_setup.dsv
[4.446s] -- Installing: /home/dung/ros_ws/install/my_robot_msgs/share/my_robot_msgs/package.dsv
[4.446s] -- Installing: /home/dung/ros_ws/install/my_robot_msgs/share/ament_index/resource_index/packages/my_robot_msgs
[4.446s] -- Installing: /home/dung/ros_ws/install/my_robot_msgs/share/my_robot_msgs/cmake/export_my_robot_msgs__rosidl_generator_cExport.cmake
[4.446s] -- Installing: /home/dung/ros_ws/install/my_robot_msgs/share/my_robot_msgs/cmake/export_my_robot_msgs__rosidl_generator_cExport-noconfig.cmake
[4.446s] -- Installing: /home/dung/ros_ws/install/my_robot_msgs/share/my_robot_msgs/cmake/export_my_robot_msgs__rosidl_typesupport_fastrtps_cExport.cmake
[4.446s] -- Installing: /home/dung/ros_ws/install/my_robot_msgs/share/my_robot_msgs/cmake/export_my_robot_msgs__rosidl_typesupport_fastrtps_cExport-noconfig.cmake
[4.446s] -- Installing: /home/dung/ros_ws/install/my_robot_msgs/share/my_robot_msgs/cmake/export_my_robot_msgs__rosidl_generator_cppExport.cmake
[4.446s] -- Installing: /home/dung/ros_ws/install/my_robot_msgs/share/my_robot_msgs/cmake/export_my_robot_msgs__rosidl_typesupport_fastrtps_cppExport.cmake
[4.446s] -- Installing: /home/dung/ros_ws/install/my_robot_msgs/share/my_robot_msgs/cmake/export_my_robot_msgs__rosidl_typesupport_fastrtps_cppExport-noconfig.cmake
[4.446s] -- Installing: /home/dung/ros_ws/install/my_robot_msgs/share/my_robot_msgs/cmake/my_robot_msgs__rosidl_typesupport_introspection_cExport.cmake
[4.446s] -- Installing: /home/dung/ros_ws/install/my_robot_msgs/share/my_robot_msgs/cmake/my_robot_msgs__rosidl_typesupport_introspection_cExport-noconfig.cmake
[4.446s] -- Installing: /home/dung/ros_ws/install/my_robot_msgs/share/my_robot_msgs/cmake/my_robot_msgs__rosidl_typesupport_cExport.cmake
[4.446s] -- Installing: /home/dung/ros_ws/install/my_robot_msgs/share/my_robot_msgs/cmake/my_robot_msgs__rosidl_typesupport_cExport-noconfig.cmake
[4.446s] -- Installing: /home/dung/ros_ws/install/my_robot_msgs/share/my_robot_msgs/cmake/my_robot_msgs__rosidl_typesupport_introspection_cppExport.cmake
[4.446s] -- Installing: /home/dung/ros_ws/install/my_robot_msgs/share/my_robot_msgs/cmake/my_robot_msgs__rosidl_typesupport_introspection_cppExport-noconfig.cmake
[4.446s] -- Installing: /home/dung/ros_ws/install/my_robot_msgs/share/my_robot_msgs/cmake/my_robot_msgs__rosidl_typesupport_cppExport.cmake
[4.446s] -- Installing: /home/dung/ros_ws/install/my_robot_msgs/share/my_robot_msgs/cmake/my_robot_msgs__rosidl_typesupport_cppExport-noconfig.cmake
[4.446s] -- Installing: /home/dung/ros_ws/install/my_robot_msgs/share/my_robot_msgs/cmake/export_my_robot_msgs__rosidl_generator_pyExport.cmake
[4.446s] -- Installing: /home/dung/ros_ws/install/my_robot_msgs/share/my_robot_msgs/cmake/export_my_robot_msgs__rosidl_generator_pyExport-noconfig.cmake
[4.446s] -- Installing: /home/dung/ros_ws/install/my_robot_msgs/share/my_robot_msgs/cmake/rosidl_cmake-extras.cmake
[4.446s] -- Installing: /home/dung/ros_ws/install/my_robot_msgs/share/my_robot_msgs/cmake/ament_cmake_export_dependencies-extras.cmake
[4.446s] -- Installing: /home/dung/ros_ws/install/my_robot_msgs/share/my_robot_msgs/cmake/ament_cmake_export_include_directories-extras.cmake
[4.446s] -- Installing: /home/dung/ros_ws/install/my_robot_msgs/share/my_robot_msgs/cmake/ament_cmake_export_libraries-extras.cmake
[4.446s] -- Installing: /home/dung/ros_ws/install/my_robot_msgs/share/my_robot_msgs/cmake/ament_cmake_export_targets-extras.cmake
[4.446s] -- Installing: /home/dung/ros_ws/install/my_robot_msgs/share/my_robot_msgs/cmake/rosidl_cmake_export_typesupport_targets-extras.cmake
[4.446s] -- Installing: /home/dung/ros_ws/install/my_robot_msgs/share/my_robot_msgs/cmake/rosidl_cmake_export_typesupport_libraries-extras.cmake
[4.446s] -- Installing: /home/dung/ros_ws/install/my_robot_msgs/share/my_robot_msgs/cmake/my_robot_msgsConfig.cmake
[4.446s] -- Installing: /home/dung/ros_ws/install/my_robot_msgs/share/my_robot_msgs/cmake/my_robot_msgsConfig-version.cmake
[4.446s] -- Installing: /home/dung/ros_ws/install/my_robot_msgs/share/my_robot_msgs/package.xml
[4.447s] Invoked command in '/home/dung/ros_ws/build/my_robot_msgs' returned '0': CMAKE_PREFIX_PATH=${CMAKE_PREFIX_PATH}:/home/dung/ros_ws/install/keyboard_teleop:/opt/ros/humble /usr/bin/cmake --install /home/dung/ros_ws/build/my_robot_msgs
