-- Found ament_cmake: 1.3.12 (/opt/ros/humble/share/ament_cmake/cmake)
-- Found Python3: /usr/bin/python3 (found version "3.10.12") found components: Interpreter 
-- Found rclpy: 3.3.17 (/opt/ros/humble/share/rclpy/cmake)
-- Found ament_lint_auto: 0.12.14 (/opt/ros/humble/share/ament_lint_auto/cmake)
-- Added test 'flake8' to check Python code syntax and style conventions
-- Added test 'lint_cmake' to check CMake code style
-- Added test 'pep257' to check Python code against some of the docstring style conventions in PEP 257
-- Added test 'xmllint' to check XML markup files
-- Configuring done
-- Generating done
-- Build files have been written to: /home/dung/ros_ws/build/my_robot_firmware
Built target ament_cmake_python_copy_my_robot_firmware
running egg_info
creating my_robot_firmware.egg-info
writing my_robot_firmware.egg-info/PKG-INFO
writing dependency_links to my_robot_firmware.egg-info/dependency_links.txt
writing top-level names to my_robot_firmware.egg-info/top_level.txt
writing manifest file 'my_robot_firmware.egg-info/SOURCES.txt'
reading manifest file 'my_robot_firmware.egg-info/SOURCES.txt'
writing manifest file 'my_robot_firmware.egg-info/SOURCES.txt'
Built target ament_cmake_python_build_my_robot_firmware_egg
-- Install configuration: ""
-- Installing: /home/dung/ros_ws/install/my_robot_firmware/share/my_robot_firmware/environment/pythonpath.sh
-- Installing: /home/dung/ros_ws/install/my_robot_firmware/share/my_robot_firmware/environment/pythonpath.dsv
-- Installing: /home/dung/ros_ws/install/my_robot_firmware/local/lib/python3.10/dist-packages/my_robot_firmware-0.0.0-py3.10.egg-info
-- Installing: /home/dung/ros_ws/install/my_robot_firmware/local/lib/python3.10/dist-packages/my_robot_firmware-0.0.0-py3.10.egg-info/dependency_links.txt
-- Installing: /home/dung/ros_ws/install/my_robot_firmware/local/lib/python3.10/dist-packages/my_robot_firmware-0.0.0-py3.10.egg-info/PKG-INFO
-- Installing: /home/dung/ros_ws/install/my_robot_firmware/local/lib/python3.10/dist-packages/my_robot_firmware-0.0.0-py3.10.egg-info/top_level.txt
-- Installing: /home/dung/ros_ws/install/my_robot_firmware/local/lib/python3.10/dist-packages/my_robot_firmware-0.0.0-py3.10.egg-info/SOURCES.txt
-- Installing: /home/dung/ros_ws/install/my_robot_firmware/local/lib/python3.10/dist-packages/my_robot_firmware
-- Installing: /home/dung/ros_ws/install/my_robot_firmware/local/lib/python3.10/dist-packages/my_robot_firmware/__init__.py
-- Installing: /home/dung/ros_ws/install/my_robot_firmware/local/lib/python3.10/dist-packages/my_robot_firmware/simple_serial_send.py
Listing '/home/dung/ros_ws/install/my_robot_firmware/local/lib/python3.10/dist-packages/my_robot_firmware'...
Compiling '/home/dung/ros_ws/install/my_robot_firmware/local/lib/python3.10/dist-packages/my_robot_firmware/__init__.py'...
Compiling '/home/dung/ros_ws/install/my_robot_firmware/local/lib/python3.10/dist-packages/my_robot_firmware/simple_serial_send.py'...
-- Installing: /home/dung/ros_ws/install/my_robot_firmware/lib/my_robot_firmware/simple_serial_send.py
-- Installing: /home/dung/ros_ws/install/my_robot_firmware/share/ament_index/resource_index/package_run_dependencies/my_robot_firmware
-- Installing: /home/dung/ros_ws/install/my_robot_firmware/share/ament_index/resource_index/parent_prefix_path/my_robot_firmware
-- Installing: /home/dung/ros_ws/install/my_robot_firmware/share/my_robot_firmware/environment/ament_prefix_path.sh
-- Installing: /home/dung/ros_ws/install/my_robot_firmware/share/my_robot_firmware/environment/ament_prefix_path.dsv
-- Installing: /home/dung/ros_ws/install/my_robot_firmware/share/my_robot_firmware/environment/path.sh
-- Installing: /home/dung/ros_ws/install/my_robot_firmware/share/my_robot_firmware/environment/path.dsv
-- Installing: /home/dung/ros_ws/install/my_robot_firmware/share/my_robot_firmware/local_setup.bash
-- Installing: /home/dung/ros_ws/install/my_robot_firmware/share/my_robot_firmware/local_setup.sh
-- Installing: /home/dung/ros_ws/install/my_robot_firmware/share/my_robot_firmware/local_setup.zsh
-- Installing: /home/dung/ros_ws/install/my_robot_firmware/share/my_robot_firmware/local_setup.dsv
-- Installing: /home/dung/ros_ws/install/my_robot_firmware/share/my_robot_firmware/package.dsv
-- Installing: /home/dung/ros_ws/install/my_robot_firmware/share/ament_index/resource_index/packages/my_robot_firmware
-- Installing: /home/dung/ros_ws/install/my_robot_firmware/share/my_robot_firmware/cmake/my_robot_firmwareConfig.cmake
-- Installing: /home/dung/ros_ws/install/my_robot_firmware/share/my_robot_firmware/cmake/my_robot_firmwareConfig-version.cmake
-- Installing: /home/dung/ros_ws/install/my_robot_firmware/share/my_robot_firmware/package.xml
