[0.020s] Invoking command in '/home/dung/ros_ws/build/my_robot_mapping': /usr/bin/cmake /home/dung/ros_ws/src/my_robot_mapping -DCMAKE_INSTALL_PREFIX=/home/dung/ros_ws/install/my_robot_mapping
[0.092s] -- The C compiler identification is GNU 11.4.0
[0.167s] -- The CXX compiler identification is GNU 11.4.0
[0.175s] -- Detecting C compiler ABI info
[0.265s] -- Detecting C compiler ABI info - done
[0.274s] -- Check for working C compiler: /usr/bin/cc - skipped
[0.274s] -- Detecting C compile features
[0.279s] -- Detecting C compile features - done
[0.279s] -- Detecting CXX compiler ABI info
[0.369s] -- Detecting CXX compiler ABI info - done
[0.377s] -- Check for working CXX compiler: /usr/bin/c++ - skipped
[0.377s] -- Detecting CXX compile features
[0.378s] -- Detecting CXX compile features - done
[0.387s] -- Configuring incomplete, errors occurred!
[0.387s] See also "/home/dung/ros_ws/build/my_robot_mapping/CMakeFiles/CMakeOutput.log".
[0.387s] [31mCMake Error at CMakeLists.txt:8 (find_package):
[0.387s]   By not providing "Findament_cmake.cmake" in CMAKE_MODULE_PATH this project
[0.387s]   has asked CMake to find a package configuration file provided by
[0.387s]   "ament_cmake", but CMake did not find one.
[0.387s] 
[0.387s]   Could not find a package configuration file provided by "ament_cmake" with
[0.387s]   any of the following names:
[0.387s] 
[0.387s]     ament_cmakeConfig.cmake
[0.387s]     ament_cmake-config.cmake
[0.387s] 
[0.387s]   Add the installation prefix of "ament_cmake" to CMAKE_PREFIX_PATH or set
[0.387s]   "ament_cmake_DIR" to a directory containing one of the above files.  If
[0.387s]   "ament_cmake" provides a separate development package or SDK, be sure it
[0.387s]   has been installed.
[0.387s] 
[0.388s] [0m
