[0.050s] Invoking command in '/home/dung/ros_ws/build/my_robot_firmware': CMAKE_PREFIX_PATH=${CMAKE_PREFIX_PATH}:/home/dung/ros_ws/install/keyboard_teleop:/opt/ros/humble /usr/bin/cmake --build /home/dung/ros_ws/build/my_robot_firmware -- -j6 -l6
[0.174s] Built target ament_cmake_python_symlink_my_robot_firmware
[0.578s] running egg_info
[0.578s] writing my_robot_firmware.egg-info/PKG-INFO
[0.578s] writing dependency_links to my_robot_firmware.egg-info/dependency_links.txt
[0.578s] writing top-level names to my_robot_firmware.egg-info/top_level.txt
[0.578s] reading manifest file 'my_robot_firmware.egg-info/SOURCES.txt'
[0.578s] writing manifest file 'my_robot_firmware.egg-info/SOURCES.txt'
[0.636s] Built target ament_cmake_python_build_my_robot_firmware_egg
[0.660s] Invoked command in '/home/dung/ros_ws/build/my_robot_firmware' returned '0': CMAKE_PREFIX_PATH=${CMAKE_PREFIX_PATH}:/home/dung/ros_ws/install/keyboard_teleop:/opt/ros/humble /usr/bin/cmake --build /home/dung/ros_ws/build/my_robot_firmware -- -j6 -l6
[0.699s] Invoking command in '/home/dung/ros_ws/build/my_robot_firmware': CMAKE_PREFIX_PATH=${CMAKE_PREFIX_PATH}:/home/dung/ros_ws/install/keyboard_teleop:/opt/ros/humble /usr/bin/cmake --install /home/dung/ros_ws/build/my_robot_firmware
[0.715s] -- Install configuration: ""
[0.715s] -- Execute custom install script
[0.715s] -- Up-to-date symlink: /home/dung/ros_ws/install/my_robot_firmware/share/my_robot_firmware/environment/pythonpath.sh
[0.715s] -- Up-to-date symlink: /home/dung/ros_ws/install/my_robot_firmware/share/my_robot_firmware/environment/pythonpath.dsv
[0.715s] -- Up-to-date symlink: /home/dung/ros_ws/install/my_robot_firmware/local/lib/python3.10/dist-packages/my_robot_firmware-0.0.0-py3.10.egg-info/PKG-INFO
[0.715s] -- Up-to-date symlink: /home/dung/ros_ws/install/my_robot_firmware/local/lib/python3.10/dist-packages/my_robot_firmware-0.0.0-py3.10.egg-info/SOURCES.txt
[0.715s] -- Up-to-date symlink: /home/dung/ros_ws/install/my_robot_firmware/local/lib/python3.10/dist-packages/my_robot_firmware-0.0.0-py3.10.egg-info/dependency_links.txt
[0.715s] -- Up-to-date symlink: /home/dung/ros_ws/install/my_robot_firmware/local/lib/python3.10/dist-packages/my_robot_firmware-0.0.0-py3.10.egg-info/top_level.txt
[0.742s] -- Up-to-date symlink: /home/dung/ros_ws/install/my_robot_firmware/local/lib/python3.10/dist-packages/my_robot_firmware/__init__.py
[0.742s] -- Up-to-date symlink: /home/dung/ros_ws/install/my_robot_firmware/local/lib/python3.10/dist-packages/my_robot_firmware/simple_serial_send.py
[0.743s] -- Up-to-date symlink: /home/dung/ros_ws/install/my_robot_firmware/lib/my_robot_firmware/simple_serial_send.py
[0.743s] -- Up-to-date symlink: /home/dung/ros_ws/install/my_robot_firmware/share/ament_index/resource_index/package_run_dependencies/my_robot_firmware
[0.743s] -- Up-to-date symlink: /home/dung/ros_ws/install/my_robot_firmware/share/ament_index/resource_index/parent_prefix_path/my_robot_firmware
[0.743s] -- Up-to-date symlink: /home/dung/ros_ws/install/my_robot_firmware/share/my_robot_firmware/environment/ament_prefix_path.sh
[0.743s] -- Up-to-date symlink: /home/dung/ros_ws/install/my_robot_firmware/share/my_robot_firmware/environment/ament_prefix_path.dsv
[0.743s] -- Up-to-date symlink: /home/dung/ros_ws/install/my_robot_firmware/share/my_robot_firmware/environment/path.sh
[0.743s] -- Up-to-date symlink: /home/dung/ros_ws/install/my_robot_firmware/share/my_robot_firmware/environment/path.dsv
[0.743s] -- Up-to-date symlink: /home/dung/ros_ws/install/my_robot_firmware/share/my_robot_firmware/local_setup.bash
[0.743s] -- Up-to-date symlink: /home/dung/ros_ws/install/my_robot_firmware/share/my_robot_firmware/local_setup.sh
[0.743s] -- Up-to-date symlink: /home/dung/ros_ws/install/my_robot_firmware/share/my_robot_firmware/local_setup.zsh
[0.743s] -- Up-to-date symlink: /home/dung/ros_ws/install/my_robot_firmware/share/my_robot_firmware/local_setup.dsv
[0.743s] -- Symlinking: /home/dung/ros_ws/install/my_robot_firmware/share/my_robot_firmware/package.dsv
[0.763s] -- Up-to-date symlink: /home/dung/ros_ws/install/my_robot_firmware/share/ament_index/resource_index/packages/my_robot_firmware
[0.763s] -- Up-to-date symlink: /home/dung/ros_ws/install/my_robot_firmware/share/my_robot_firmware/cmake/my_robot_firmwareConfig.cmake
[0.763s] -- Up-to-date symlink: /home/dung/ros_ws/install/my_robot_firmware/share/my_robot_firmware/cmake/my_robot_firmwareConfig-version.cmake
[0.763s] -- Up-to-date symlink: /home/dung/ros_ws/install/my_robot_firmware/share/my_robot_firmware/package.xml
[0.872s] Listing '/home/dung/ros_ws/install/my_robot_firmware/local/lib/python3.10/dist-packages/my_robot_firmware'...
[0.918s] Invoked command in '/home/dung/ros_ws/build/my_robot_firmware' returned '0': CMAKE_PREFIX_PATH=${CMAKE_PREFIX_PATH}:/home/dung/ros_ws/install/keyboard_teleop:/opt/ros/humble /usr/bin/cmake --install /home/dung/ros_ws/build/my_robot_firmware
