[0.020s] Invoking command in '/home/dung/ros_ws/build/my_robot_motion': CMAKE_PREFIX_PATH=${CMAKE_PREFIX_PATH}:/home/dung/ros_ws/install/keyboard_teleop:/opt/ros/humble /usr/bin/cmake /home/dung/ros_ws/src/my_robot_motion -DAMENT_CMAKE_SYMLINK_INSTALL=1 -DCMAKE_INSTALL_PREFIX=/home/dung/ros_ws/install/my_robot_motion
[0.120s] -- The C compiler identification is GNU 11.4.0
[0.197s] -- The CXX compiler identification is GNU 11.4.0
[0.208s] -- Detecting C compiler ABI info
[0.277s] -- Detecting C compiler ABI info - done
[0.286s] -- Check for working C compiler: /usr/bin/cc - skipped
[0.286s] -- Detecting C compile features
[0.286s] -- Detecting C compile features - done
[0.289s] -- Detecting CXX compiler ABI info
[0.381s] -- Detecting CXX compiler ABI info - done
[0.390s] -- Check for working CXX compiler: /usr/bin/c++ - skipped
[0.390s] -- Detecting CXX compile features
[0.390s] -- Detecting CXX compile features - done
[0.390s] -- Found ament_cmake: 1.3.12 (/opt/ros/humble/share/ament_cmake/cmake)
[0.569s] -- Found Python3: /usr/bin/python3 (found version "3.10.12") found components: Interpreter 
[0.643s] -- Override CMake install command with custom implementation using symlinks instead of copying resources
[0.670s] -- Found rclcpp: 16.0.15 (/opt/ros/humble/share/rclcpp/cmake)
[0.708s] -- Found rosidl_generator_c: 3.1.7 (/opt/ros/humble/share/rosidl_generator_c/cmake)
[0.713s] -- Found rosidl_adapter: 3.1.7 (/opt/ros/humble/share/rosidl_adapter/cmake)
[0.721s] -- Found rosidl_generator_cpp: 3.1.7 (/opt/ros/humble/share/rosidl_generator_cpp/cmake)
[0.733s] -- Using all available rosidl_typesupport_c: rosidl_typesupport_fastrtps_c;rosidl_typesupport_introspection_c
[0.750s] -- Using all available rosidl_typesupport_cpp: rosidl_typesupport_fastrtps_cpp;rosidl_typesupport_introspection_cpp
[0.793s] -- Found rmw_implementation_cmake: 6.1.2 (/opt/ros/humble/share/rmw_implementation_cmake/cmake)
[0.797s] -- Found rmw_fastrtps_cpp: 6.2.9 (/opt/ros/humble/share/rmw_fastrtps_cpp/cmake)
[0.886s] -- Found OpenSSL: /usr/lib/x86_64-linux-gnu/libcrypto.so (found version "3.0.2")  
[0.921s] -- Found FastRTPS: /opt/ros/humble/include  
[0.969s] -- Using RMW implementation 'rmw_fastrtps_cpp' as default
[0.976s] -- Looking for pthread.h
[1.059s] -- Looking for pthread.h - found
[1.059s] -- Performing Test CMAKE_HAVE_LIBC_PTHREAD
[1.132s] -- Performing Test CMAKE_HAVE_LIBC_PTHREAD - Success
[1.133s] -- Found Threads: TRUE  
[1.191s] -- Found rclpy: 3.3.17 (/opt/ros/humble/share/rclpy/cmake)
[1.192s] -- Found nav_msgs: 4.9.0 (/opt/ros/humble/share/nav_msgs/cmake)
[1.222s] -- Found tf2_ros: 0.25.16 (/opt/ros/humble/share/tf2_ros/cmake)
[1.330s] -- Found tf2_geometry_msgs: 0.25.16 (/opt/ros/humble/share/tf2_geometry_msgs/cmake)
[1.348s] -- Found eigen3_cmake_module: 0.1.1 (/opt/ros/humble/share/eigen3_cmake_module/cmake)
[1.350s] -- Found Eigen3: TRUE (found version "3.4.0") 
[1.350s] -- Ensuring Eigen3 include directory is part of orocos-kdl CMake target
[1.353s] -- Found nav2_core: 1.1.19 (/opt/ros/humble/share/nav2_core/cmake)
[1.648s] -- Found ament_lint_auto: 0.12.14 (/opt/ros/humble/share/ament_lint_auto/cmake)
[1.714s] -- Added test 'cppcheck' to perform static code analysis on C / C++ code
[1.714s] -- Configured cppcheck include dirs: /home/dung/ros_ws/src/my_robot_motion/include
[1.714s] -- Configured cppcheck exclude dirs and/or files: 
[1.715s] -- Added test 'flake8' to check Python code syntax and style conventions
[1.715s] -- Added test 'lint_cmake' to check CMake code style
[1.716s] -- Added test 'pep257' to check Python code against some of the docstring style conventions in PEP 257
[1.716s] -- Added test 'uncrustify' to check C / C++ code style
[1.716s] -- Configured uncrustify additional arguments: 
[1.717s] -- Added test 'xmllint' to check XML markup files
[1.719s] -- Configuring done
[1.755s] -- Generating done
[1.760s] -- Build files have been written to: /home/dung/ros_ws/build/my_robot_motion
[1.773s] Invoked command in '/home/dung/ros_ws/build/my_robot_motion' returned '0': CMAKE_PREFIX_PATH=${CMAKE_PREFIX_PATH}:/home/dung/ros_ws/install/keyboard_teleop:/opt/ros/humble /usr/bin/cmake /home/dung/ros_ws/src/my_robot_motion -DAMENT_CMAKE_SYMLINK_INSTALL=1 -DCMAKE_INSTALL_PREFIX=/home/dung/ros_ws/install/my_robot_motion
[1.774s] Invoking command in '/home/dung/ros_ws/build/my_robot_motion': CMAKE_PREFIX_PATH=${CMAKE_PREFIX_PATH}:/home/dung/ros_ws/install/keyboard_teleop:/opt/ros/humble /usr/bin/cmake --build /home/dung/ros_ws/build/my_robot_motion -- -j12 -l12
[1.808s] [ 50%] [32mBuilding CXX object CMakeFiles/pd_motion_planner.dir/src/pd_motion_planner.cpp.o[0m
[4.682s] [01m[K/home/dung/ros_ws/src/my_robot_motion/src/pd_motion_planner.cpp:[m[K In member function ‘[01m[Kvirtual void my_robot_motion::PDMotionPlanner::setSpeedLimit(const double&, const bool&)[m[K’:
[4.682s] [01m[K/home/dung/ros_ws/src/my_robot_motion/src/pd_motion_planner.cpp:137:52:[m[K [01;35m[Kwarning: [m[Kunused parameter ‘[01m[Kspeed_limit[m[K’ [[01;35m[K]8;;https://gcc.gnu.org/onlinedocs/gcc/Warning-Options.html#index-Wunused-parameter-Wunused-parameter]8;;[m[K]
[4.683s]   137 | mit([01;35m[Kconst double & speed_limit[m[K, const bool & percentage)
[4.683s]       |     [01;35m[K~~~~~~~~~~~~~~~^~~~~~~~~~~[m[K
[4.683s] 
[4.683s] [01m[K/home/dung/ros_ws/src/my_robot_motion/src/pd_motion_planner.cpp:137:78:[m[K [01;35m[Kwarning: [m[Kunused parameter ‘[01m[Kpercentage[m[K’ [[01;35m[K]8;;https://gcc.gnu.org/onlinedocs/gcc/Warning-Options.html#index-Wunused-parameter-Wunused-parameter]8;;[m[K]
[4.683s]   137 | imit, [01;35m[Kconst bool & percentage[m[K)
[4.683s]       |       [01;35m[K~~~~~~~~~~~~~^~~~~~~~~~[m[K
[4.683s] 
[6.898s] [100%] [32m[1mLinking CXX shared library libpd_motion_planner.so[0m
[7.168s] [100%] Built target pd_motion_planner
[7.175s] Invoked command in '/home/dung/ros_ws/build/my_robot_motion' returned '0': CMAKE_PREFIX_PATH=${CMAKE_PREFIX_PATH}:/home/dung/ros_ws/install/keyboard_teleop:/opt/ros/humble /usr/bin/cmake --build /home/dung/ros_ws/build/my_robot_motion -- -j12 -l12
[7.176s] Invoking command in '/home/dung/ros_ws/build/my_robot_motion': CMAKE_PREFIX_PATH=${CMAKE_PREFIX_PATH}:/home/dung/ros_ws/install/keyboard_teleop:/opt/ros/humble /usr/bin/cmake --install /home/dung/ros_ws/build/my_robot_motion
[7.180s] -- Install configuration: ""
[7.180s] -- Execute custom install script
[7.180s] -- Symlinking: /home/dung/ros_ws/install/my_robot_motion/share/my_robot_motion//motion_planner_plugins.xml
[7.184s] -- Symlinking: /home/dung/ros_ws/install/my_robot_motion/lib/my_robot_motion/pd_motion_planner.py
[7.189s] -- Symlinking: /home/dung/ros_ws/install/my_robot_motion/lib/my_robot_motion/pure_pursuit.py
[7.194s] -- Symlinking: /home/dung/ros_ws/install/my_robot_motion/include/include/my_robot_motion/pd_motion_planner.hpp
[7.199s] -- Symlinking: /home/dung/ros_ws/install/my_robot_motion/lib/libpd_motion_planner.so
[7.203s] -- Up-to-date symlink: /home/dung/ros_ws/install/my_robot_motion/share/my_robot_motion/motion_planner_plugins.xml
[7.204s] -- Symlinking: /home/dung/ros_ws/install/my_robot_motion/share/my_robot_motion/environment/library_path.sh
[7.208s] -- Symlinking: /home/dung/ros_ws/install/my_robot_motion/share/my_robot_motion/environment/library_path.dsv
[7.213s] -- Symlinking: /home/dung/ros_ws/install/my_robot_motion/share/ament_index/resource_index/package_run_dependencies/my_robot_motion
[7.218s] -- Symlinking: /home/dung/ros_ws/install/my_robot_motion/share/ament_index/resource_index/parent_prefix_path/my_robot_motion
[7.223s] -- Symlinking: /home/dung/ros_ws/install/my_robot_motion/share/my_robot_motion/environment/ament_prefix_path.sh
[7.228s] -- Symlinking: /home/dung/ros_ws/install/my_robot_motion/share/my_robot_motion/environment/ament_prefix_path.dsv
[7.233s] -- Symlinking: /home/dung/ros_ws/install/my_robot_motion/share/my_robot_motion/environment/path.sh
[7.237s] -- Symlinking: /home/dung/ros_ws/install/my_robot_motion/share/my_robot_motion/environment/path.dsv
[7.242s] -- Symlinking: /home/dung/ros_ws/install/my_robot_motion/share/my_robot_motion/local_setup.bash
[7.247s] -- Symlinking: /home/dung/ros_ws/install/my_robot_motion/share/my_robot_motion/local_setup.sh
[7.251s] -- Symlinking: /home/dung/ros_ws/install/my_robot_motion/share/my_robot_motion/local_setup.zsh
[7.256s] -- Symlinking: /home/dung/ros_ws/install/my_robot_motion/share/my_robot_motion/local_setup.dsv
[7.261s] -- Symlinking: /home/dung/ros_ws/install/my_robot_motion/share/my_robot_motion/package.dsv
[7.265s] -- Symlinking: /home/dung/ros_ws/install/my_robot_motion/share/ament_index/resource_index/packages/my_robot_motion
[7.270s] -- Symlinking: /home/dung/ros_ws/install/my_robot_motion/share/ament_index/resource_index/nav2_core__pluginlib__plugin/my_robot_motion
[7.275s] -- Symlinking: /home/dung/ros_ws/install/my_robot_motion/share/my_robot_motion/cmake/ament_cmake_export_include_directories-extras.cmake
[7.280s] -- Symlinking: /home/dung/ros_ws/install/my_robot_motion/share/my_robot_motion/cmake/ament_cmake_export_dependencies-extras.cmake
[7.285s] -- Symlinking: /home/dung/ros_ws/install/my_robot_motion/share/my_robot_motion/cmake/ament_cmake_export_libraries-extras.cmake
[7.290s] -- Symlinking: /home/dung/ros_ws/install/my_robot_motion/share/my_robot_motion/cmake/my_robot_motionConfig.cmake
[7.294s] -- Symlinking: /home/dung/ros_ws/install/my_robot_motion/share/my_robot_motion/cmake/my_robot_motionConfig-version.cmake
[7.299s] -- Symlinking: /home/dung/ros_ws/install/my_robot_motion/share/my_robot_motion/package.xml
[7.304s] Invoked command in '/home/dung/ros_ws/build/my_robot_motion' returned '0': CMAKE_PREFIX_PATH=${CMAKE_PREFIX_PATH}:/home/dung/ros_ws/install/keyboard_teleop:/opt/ros/humble /usr/bin/cmake --install /home/dung/ros_ws/build/my_robot_motion
