[0.021s] Invoking command in '/home/dung/ros_ws/build/my_robot_msgs': CMAKE_PREFIX_PATH=${CMAKE_PREFIX_PATH}:/home/dung/ros_ws/install/keyboard_teleop:/opt/ros/humble /usr/bin/cmake --build /home/dung/ros_ws/build/my_robot_msgs -- -j6 -l6
[0.075s] [  3%] Built target my_robot_msgs__cpp
[0.100s] [  3%] Built target ament_cmake_python_copy_my_robot_msgs
[0.123s] [ 12%] Built target my_robot_msgs__rosidl_typesupport_introspection_cpp
[0.307s] running egg_info
[0.308s] writing my_robot_msgs.egg-info/PKG-INFO
[0.308s] writing dependency_links to my_robot_msgs.egg-info/dependency_links.txt
[0.308s] writing top-level names to my_robot_msgs.egg-info/top_level.txt
[0.310s] reading manifest file 'my_robot_msgs.egg-info/SOURCES.txt'
[0.311s] writing manifest file 'my_robot_msgs.egg-info/SOURCES.txt'
[0.370s] [ 12%] Built target ament_cmake_python_build_my_robot_msgs_egg
[0.402s] [ 22%] Built target my_robot_msgs__rosidl_typesupport_fastrtps_cpp
[0.434s] [ 32%] Built target my_robot_msgs__rosidl_typesupport_cpp
[0.467s] [ 41%] Built target my_robot_msgs__rosidl_generator_c
[0.537s] [ 51%] Built target my_robot_msgs__rosidl_typesupport_fastrtps_c
[0.593s] [ 61%] Built target my_robot_msgs__rosidl_typesupport_c
[0.635s] [ 70%] Built target my_robot_msgs__rosidl_typesupport_introspection_c
[0.686s] [ 70%] Built target my_robot_msgs
[0.716s] [ 74%] Built target my_robot_msgs__py
[0.751s] [ 80%] Built target my_robot_msgs__rosidl_generator_py
[0.778s] [ 87%] Built target my_robot_msgs__rosidl_typesupport_fastrtps_c__pyext
[0.798s] [ 93%] Built target my_robot_msgs__rosidl_typesupport_c__pyext
[0.828s] [100%] Built target my_robot_msgs__rosidl_typesupport_introspection_c__pyext
[0.847s] Invoked command in '/home/dung/ros_ws/build/my_robot_msgs' returned '0': CMAKE_PREFIX_PATH=${CMAKE_PREFIX_PATH}:/home/dung/ros_ws/install/keyboard_teleop:/opt/ros/humble /usr/bin/cmake --build /home/dung/ros_ws/build/my_robot_msgs -- -j6 -l6
[0.848s] Invoking command in '/home/dung/ros_ws/build/my_robot_msgs': CMAKE_PREFIX_PATH=${CMAKE_PREFIX_PATH}:/home/dung/ros_ws/install/keyboard_teleop:/opt/ros/humble /usr/bin/cmake --install /home/dung/ros_ws/build/my_robot_msgs
[0.858s] -- Install configuration: ""
[0.858s] -- Up-to-date: /home/dung/ros_ws/install/my_robot_msgs/share/ament_index/resource_index/rosidl_interfaces/my_robot_msgs
[0.858s] -- Up-to-date: /home/dung/ros_ws/install/my_robot_msgs/include/my_robot_msgs/my_robot_msgs
[0.858s] -- Up-to-date: /home/dung/ros_ws/install/my_robot_msgs/include/my_robot_msgs/my_robot_msgs/msg
[0.858s] -- Up-to-date: /home/dung/ros_ws/install/my_robot_msgs/include/my_robot_msgs/my_robot_msgs/msg/rosidl_generator_c__visibility_control.h
[0.858s] -- Up-to-date: /home/dung/ros_ws/install/my_robot_msgs/include/my_robot_msgs/my_robot_msgs/srv
[0.858s] -- Up-to-date: /home/dung/ros_ws/install/my_robot_msgs/include/my_robot_msgs/my_robot_msgs/srv/detail
[0.858s] -- Up-to-date: /home/dung/ros_ws/install/my_robot_msgs/include/my_robot_msgs/my_robot_msgs/srv/detail/get_tranform__functions.c
[0.858s] -- Up-to-date: /home/dung/ros_ws/install/my_robot_msgs/include/my_robot_msgs/my_robot_msgs/srv/detail/get_tranform__type_support.h
[0.858s] -- Up-to-date: /home/dung/ros_ws/install/my_robot_msgs/include/my_robot_msgs/my_robot_msgs/srv/detail/get_tranform__functions.h
[0.859s] -- Up-to-date: /home/dung/ros_ws/install/my_robot_msgs/include/my_robot_msgs/my_robot_msgs/srv/detail/get_tranform__struct.h
[0.859s] -- Up-to-date: /home/dung/ros_ws/install/my_robot_msgs/include/my_robot_msgs/my_robot_msgs/srv/get_tranform.h
[0.859s] -- Up-to-date: /home/dung/ros_ws/install/my_robot_msgs/share/my_robot_msgs/environment/library_path.sh
[0.859s] -- Up-to-date: /home/dung/ros_ws/install/my_robot_msgs/share/my_robot_msgs/environment/library_path.dsv
[0.859s] -- Up-to-date: /home/dung/ros_ws/install/my_robot_msgs/lib/libmy_robot_msgs__rosidl_generator_c.so
[0.859s] -- Up-to-date: /home/dung/ros_ws/install/my_robot_msgs/include/my_robot_msgs/my_robot_msgs
[0.859s] -- Up-to-date: /home/dung/ros_ws/install/my_robot_msgs/include/my_robot_msgs/my_robot_msgs/msg
[0.859s] -- Up-to-date: /home/dung/ros_ws/install/my_robot_msgs/include/my_robot_msgs/my_robot_msgs/msg/rosidl_typesupport_fastrtps_c__visibility_control.h
[0.859s] -- Up-to-date: /home/dung/ros_ws/install/my_robot_msgs/include/my_robot_msgs/my_robot_msgs/srv
[0.859s] -- Up-to-date: /home/dung/ros_ws/install/my_robot_msgs/include/my_robot_msgs/my_robot_msgs/srv/detail
[0.859s] -- Up-to-date: /home/dung/ros_ws/install/my_robot_msgs/include/my_robot_msgs/my_robot_msgs/srv/detail/get_tranform__rosidl_typesupport_fastrtps_c.h
[0.859s] -- Up-to-date: /home/dung/ros_ws/install/my_robot_msgs/lib/libmy_robot_msgs__rosidl_typesupport_fastrtps_c.so
[0.859s] -- Up-to-date: /home/dung/ros_ws/install/my_robot_msgs/include/my_robot_msgs/my_robot_msgs
[0.859s] -- Up-to-date: /home/dung/ros_ws/install/my_robot_msgs/include/my_robot_msgs/my_robot_msgs/msg
[0.860s] -- Up-to-date: /home/dung/ros_ws/install/my_robot_msgs/include/my_robot_msgs/my_robot_msgs/msg/rosidl_generator_cpp__visibility_control.hpp
[0.860s] -- Up-to-date: /home/dung/ros_ws/install/my_robot_msgs/include/my_robot_msgs/my_robot_msgs/srv
[0.861s] -- Up-to-date: /home/dung/ros_ws/install/my_robot_msgs/include/my_robot_msgs/my_robot_msgs/srv/detail
[0.861s] -- Up-to-date: /home/dung/ros_ws/install/my_robot_msgs/include/my_robot_msgs/my_robot_msgs/srv/detail/get_tranform__struct.hpp
[0.861s] -- Up-to-date: /home/dung/ros_ws/install/my_robot_msgs/include/my_robot_msgs/my_robot_msgs/srv/detail/get_tranform__type_support.hpp
[0.861s] -- Up-to-date: /home/dung/ros_ws/install/my_robot_msgs/include/my_robot_msgs/my_robot_msgs/srv/detail/get_tranform__traits.hpp
[0.861s] -- Up-to-date: /home/dung/ros_ws/install/my_robot_msgs/include/my_robot_msgs/my_robot_msgs/srv/detail/get_tranform__builder.hpp
[0.861s] -- Up-to-date: /home/dung/ros_ws/install/my_robot_msgs/include/my_robot_msgs/my_robot_msgs/srv/get_tranform.hpp
[0.861s] -- Up-to-date: /home/dung/ros_ws/install/my_robot_msgs/include/my_robot_msgs/my_robot_msgs
[0.861s] -- Up-to-date: /home/dung/ros_ws/install/my_robot_msgs/include/my_robot_msgs/my_robot_msgs/msg
[0.861s] -- Up-to-date: /home/dung/ros_ws/install/my_robot_msgs/include/my_robot_msgs/my_robot_msgs/msg/rosidl_typesupport_fastrtps_cpp__visibility_control.h
[0.861s] -- Up-to-date: /home/dung/ros_ws/install/my_robot_msgs/include/my_robot_msgs/my_robot_msgs/srv
[0.861s] -- Up-to-date: /home/dung/ros_ws/install/my_robot_msgs/include/my_robot_msgs/my_robot_msgs/srv/detail
[0.861s] -- Up-to-date: /home/dung/ros_ws/install/my_robot_msgs/include/my_robot_msgs/my_robot_msgs/srv/detail/dds_fastrtps
[0.861s] -- Up-to-date: /home/dung/ros_ws/install/my_robot_msgs/include/my_robot_msgs/my_robot_msgs/srv/detail/get_tranform__rosidl_typesupport_fastrtps_cpp.hpp
[0.861s] -- Up-to-date: /home/dung/ros_ws/install/my_robot_msgs/lib/libmy_robot_msgs__rosidl_typesupport_fastrtps_cpp.so
[0.861s] -- Up-to-date: /home/dung/ros_ws/install/my_robot_msgs/include/my_robot_msgs/my_robot_msgs
[0.862s] -- Up-to-date: /home/dung/ros_ws/install/my_robot_msgs/include/my_robot_msgs/my_robot_msgs/msg
[0.862s] -- Up-to-date: /home/dung/ros_ws/install/my_robot_msgs/include/my_robot_msgs/my_robot_msgs/msg/rosidl_typesupport_introspection_c__visibility_control.h
[0.862s] -- Up-to-date: /home/dung/ros_ws/install/my_robot_msgs/include/my_robot_msgs/my_robot_msgs/srv
[0.862s] -- Up-to-date: /home/dung/ros_ws/install/my_robot_msgs/include/my_robot_msgs/my_robot_msgs/srv/detail
[0.862s] -- Up-to-date: /home/dung/ros_ws/install/my_robot_msgs/include/my_robot_msgs/my_robot_msgs/srv/detail/get_tranform__rosidl_typesupport_introspection_c.h
[0.862s] -- Up-to-date: /home/dung/ros_ws/install/my_robot_msgs/include/my_robot_msgs/my_robot_msgs/srv/detail/get_tranform__type_support.c
[0.862s] -- Up-to-date: /home/dung/ros_ws/install/my_robot_msgs/lib/libmy_robot_msgs__rosidl_typesupport_introspection_c.so
[0.862s] -- Up-to-date: /home/dung/ros_ws/install/my_robot_msgs/lib/libmy_robot_msgs__rosidl_typesupport_c.so
[0.862s] -- Up-to-date: /home/dung/ros_ws/install/my_robot_msgs/include/my_robot_msgs/my_robot_msgs
[0.862s] -- Up-to-date: /home/dung/ros_ws/install/my_robot_msgs/include/my_robot_msgs/my_robot_msgs/srv
[0.862s] -- Up-to-date: /home/dung/ros_ws/install/my_robot_msgs/include/my_robot_msgs/my_robot_msgs/srv/detail
[0.863s] -- Up-to-date: /home/dung/ros_ws/install/my_robot_msgs/include/my_robot_msgs/my_robot_msgs/srv/detail/get_tranform__rosidl_typesupport_introspection_cpp.hpp
[0.863s] -- Up-to-date: /home/dung/ros_ws/install/my_robot_msgs/include/my_robot_msgs/my_robot_msgs/srv/detail/get_tranform__type_support.cpp
[0.863s] -- Up-to-date: /home/dung/ros_ws/install/my_robot_msgs/lib/libmy_robot_msgs__rosidl_typesupport_introspection_cpp.so
[0.863s] -- Up-to-date: /home/dung/ros_ws/install/my_robot_msgs/lib/libmy_robot_msgs__rosidl_typesupport_cpp.so
[0.863s] -- Up-to-date: /home/dung/ros_ws/install/my_robot_msgs/share/my_robot_msgs/environment/pythonpath.sh
[0.863s] -- Up-to-date: /home/dung/ros_ws/install/my_robot_msgs/share/my_robot_msgs/environment/pythonpath.dsv
[0.863s] -- Up-to-date: /home/dung/ros_ws/install/my_robot_msgs/local/lib/python3.10/dist-packages/my_robot_msgs-0.0.0-py3.10.egg-info
[0.863s] -- Installing: /home/dung/ros_ws/install/my_robot_msgs/local/lib/python3.10/dist-packages/my_robot_msgs-0.0.0-py3.10.egg-info/dependency_links.txt
[0.863s] -- Installing: /home/dung/ros_ws/install/my_robot_msgs/local/lib/python3.10/dist-packages/my_robot_msgs-0.0.0-py3.10.egg-info/SOURCES.txt
[0.864s] -- Installing: /home/dung/ros_ws/install/my_robot_msgs/local/lib/python3.10/dist-packages/my_robot_msgs-0.0.0-py3.10.egg-info/top_level.txt
[0.864s] -- Installing: /home/dung/ros_ws/install/my_robot_msgs/local/lib/python3.10/dist-packages/my_robot_msgs-0.0.0-py3.10.egg-info/PKG-INFO
[0.864s] -- Up-to-date: /home/dung/ros_ws/install/my_robot_msgs/local/lib/python3.10/dist-packages/my_robot_msgs
[0.864s] -- Up-to-date: /home/dung/ros_ws/install/my_robot_msgs/local/lib/python3.10/dist-packages/my_robot_msgs/my_robot_msgs_s__rosidl_typesupport_introspection_c.cpython-310-x86_64-linux-gnu.so
[0.864s] -- Up-to-date: /home/dung/ros_ws/install/my_robot_msgs/local/lib/python3.10/dist-packages/my_robot_msgs/__init__.py
[0.864s] -- Up-to-date: /home/dung/ros_ws/install/my_robot_msgs/local/lib/python3.10/dist-packages/my_robot_msgs/libmy_robot_msgs__rosidl_generator_py.so
[0.864s] -- Up-to-date: /home/dung/ros_ws/install/my_robot_msgs/local/lib/python3.10/dist-packages/my_robot_msgs/my_robot_msgs_s__rosidl_typesupport_c.cpython-310-x86_64-linux-gnu.so
[0.864s] -- Up-to-date: /home/dung/ros_ws/install/my_robot_msgs/local/lib/python3.10/dist-packages/my_robot_msgs/_my_robot_msgs_s.ep.rosidl_typesupport_c.c
[0.864s] -- Up-to-date: /home/dung/ros_ws/install/my_robot_msgs/local/lib/python3.10/dist-packages/my_robot_msgs/my_robot_msgs_s__rosidl_typesupport_fastrtps_c.cpython-310-x86_64-linux-gnu.so
[0.864s] -- Up-to-date: /home/dung/ros_ws/install/my_robot_msgs/local/lib/python3.10/dist-packages/my_robot_msgs/_my_robot_msgs_s.ep.rosidl_typesupport_introspection_c.c
[0.864s] -- Up-to-date: /home/dung/ros_ws/install/my_robot_msgs/local/lib/python3.10/dist-packages/my_robot_msgs/_my_robot_msgs_s.ep.rosidl_typesupport_fastrtps_c.c
[0.864s] -- Up-to-date: /home/dung/ros_ws/install/my_robot_msgs/local/lib/python3.10/dist-packages/my_robot_msgs/srv
[0.864s] -- Up-to-date: /home/dung/ros_ws/install/my_robot_msgs/local/lib/python3.10/dist-packages/my_robot_msgs/srv/__init__.py
[0.864s] -- Up-to-date: /home/dung/ros_ws/install/my_robot_msgs/local/lib/python3.10/dist-packages/my_robot_msgs/srv/_get_tranform.py
[0.864s] -- Up-to-date: /home/dung/ros_ws/install/my_robot_msgs/local/lib/python3.10/dist-packages/my_robot_msgs/srv/_get_tranform_s.c
[0.885s] Listing '/home/dung/ros_ws/install/my_robot_msgs/local/lib/python3.10/dist-packages/my_robot_msgs'...
[0.885s] Listing '/home/dung/ros_ws/install/my_robot_msgs/local/lib/python3.10/dist-packages/my_robot_msgs/srv'...
[0.889s] -- Up-to-date: /home/dung/ros_ws/install/my_robot_msgs/local/lib/python3.10/dist-packages/my_robot_msgs/my_robot_msgs_s__rosidl_typesupport_fastrtps_c.cpython-310-x86_64-linux-gnu.so
[0.889s] -- Up-to-date: /home/dung/ros_ws/install/my_robot_msgs/local/lib/python3.10/dist-packages/my_robot_msgs/my_robot_msgs_s__rosidl_typesupport_introspection_c.cpython-310-x86_64-linux-gnu.so
[0.889s] -- Up-to-date: /home/dung/ros_ws/install/my_robot_msgs/local/lib/python3.10/dist-packages/my_robot_msgs/my_robot_msgs_s__rosidl_typesupport_c.cpython-310-x86_64-linux-gnu.so
[0.889s] -- Up-to-date: /home/dung/ros_ws/install/my_robot_msgs/lib/libmy_robot_msgs__rosidl_generator_py.so
[0.889s] -- Up-to-date: /home/dung/ros_ws/install/my_robot_msgs/share/my_robot_msgs/srv/GetTranform.idl
[0.889s] -- Up-to-date: /home/dung/ros_ws/install/my_robot_msgs/share/my_robot_msgs/srv/GetTranform.srv
[0.890s] -- Up-to-date: /home/dung/ros_ws/install/my_robot_msgs/share/my_robot_msgs/srv/GetTranform_Request.msg
[0.890s] -- Up-to-date: /home/dung/ros_ws/install/my_robot_msgs/share/my_robot_msgs/srv/GetTranform_Response.msg
[0.890s] -- Up-to-date: /home/dung/ros_ws/install/my_robot_msgs/share/ament_index/resource_index/package_run_dependencies/my_robot_msgs
[0.890s] -- Up-to-date: /home/dung/ros_ws/install/my_robot_msgs/share/ament_index/resource_index/parent_prefix_path/my_robot_msgs
[0.890s] -- Up-to-date: /home/dung/ros_ws/install/my_robot_msgs/share/my_robot_msgs/environment/ament_prefix_path.sh
[0.890s] -- Up-to-date: /home/dung/ros_ws/install/my_robot_msgs/share/my_robot_msgs/environment/ament_prefix_path.dsv
[0.890s] -- Up-to-date: /home/dung/ros_ws/install/my_robot_msgs/share/my_robot_msgs/environment/path.sh
[0.890s] -- Up-to-date: /home/dung/ros_ws/install/my_robot_msgs/share/my_robot_msgs/environment/path.dsv
[0.890s] -- Up-to-date: /home/dung/ros_ws/install/my_robot_msgs/share/my_robot_msgs/local_setup.bash
[0.890s] -- Up-to-date: /home/dung/ros_ws/install/my_robot_msgs/share/my_robot_msgs/local_setup.sh
[0.890s] -- Up-to-date: /home/dung/ros_ws/install/my_robot_msgs/share/my_robot_msgs/local_setup.zsh
[0.890s] -- Up-to-date: /home/dung/ros_ws/install/my_robot_msgs/share/my_robot_msgs/local_setup.dsv
[0.890s] -- Installing: /home/dung/ros_ws/install/my_robot_msgs/share/my_robot_msgs/package.dsv
[0.890s] -- Up-to-date: /home/dung/ros_ws/install/my_robot_msgs/share/ament_index/resource_index/packages/my_robot_msgs
[0.890s] -- Up-to-date: /home/dung/ros_ws/install/my_robot_msgs/share/my_robot_msgs/cmake/export_my_robot_msgs__rosidl_generator_cExport.cmake
[0.890s] -- Up-to-date: /home/dung/ros_ws/install/my_robot_msgs/share/my_robot_msgs/cmake/export_my_robot_msgs__rosidl_generator_cExport-noconfig.cmake
[0.891s] -- Up-to-date: /home/dung/ros_ws/install/my_robot_msgs/share/my_robot_msgs/cmake/export_my_robot_msgs__rosidl_typesupport_fastrtps_cExport.cmake
[0.891s] -- Up-to-date: /home/dung/ros_ws/install/my_robot_msgs/share/my_robot_msgs/cmake/export_my_robot_msgs__rosidl_typesupport_fastrtps_cExport-noconfig.cmake
[0.891s] -- Up-to-date: /home/dung/ros_ws/install/my_robot_msgs/share/my_robot_msgs/cmake/export_my_robot_msgs__rosidl_generator_cppExport.cmake
[0.891s] -- Up-to-date: /home/dung/ros_ws/install/my_robot_msgs/share/my_robot_msgs/cmake/export_my_robot_msgs__rosidl_typesupport_fastrtps_cppExport.cmake
[0.891s] -- Up-to-date: /home/dung/ros_ws/install/my_robot_msgs/share/my_robot_msgs/cmake/export_my_robot_msgs__rosidl_typesupport_fastrtps_cppExport-noconfig.cmake
[0.891s] -- Up-to-date: /home/dung/ros_ws/install/my_robot_msgs/share/my_robot_msgs/cmake/my_robot_msgs__rosidl_typesupport_introspection_cExport.cmake
[0.891s] -- Up-to-date: /home/dung/ros_ws/install/my_robot_msgs/share/my_robot_msgs/cmake/my_robot_msgs__rosidl_typesupport_introspection_cExport-noconfig.cmake
[0.891s] -- Up-to-date: /home/dung/ros_ws/install/my_robot_msgs/share/my_robot_msgs/cmake/my_robot_msgs__rosidl_typesupport_cExport.cmake
[0.891s] -- Up-to-date: /home/dung/ros_ws/install/my_robot_msgs/share/my_robot_msgs/cmake/my_robot_msgs__rosidl_typesupport_cExport-noconfig.cmake
[0.891s] -- Up-to-date: /home/dung/ros_ws/install/my_robot_msgs/share/my_robot_msgs/cmake/my_robot_msgs__rosidl_typesupport_introspection_cppExport.cmake
[0.892s] -- Up-to-date: /home/dung/ros_ws/install/my_robot_msgs/share/my_robot_msgs/cmake/my_robot_msgs__rosidl_typesupport_introspection_cppExport-noconfig.cmake
[0.892s] -- Up-to-date: /home/dung/ros_ws/install/my_robot_msgs/share/my_robot_msgs/cmake/my_robot_msgs__rosidl_typesupport_cppExport.cmake
[0.892s] -- Up-to-date: /home/dung/ros_ws/install/my_robot_msgs/share/my_robot_msgs/cmake/my_robot_msgs__rosidl_typesupport_cppExport-noconfig.cmake
[0.892s] -- Up-to-date: /home/dung/ros_ws/install/my_robot_msgs/share/my_robot_msgs/cmake/export_my_robot_msgs__rosidl_generator_pyExport.cmake
[0.892s] -- Up-to-date: /home/dung/ros_ws/install/my_robot_msgs/share/my_robot_msgs/cmake/export_my_robot_msgs__rosidl_generator_pyExport-noconfig.cmake
[0.892s] -- Up-to-date: /home/dung/ros_ws/install/my_robot_msgs/share/my_robot_msgs/cmake/rosidl_cmake-extras.cmake
[0.892s] -- Up-to-date: /home/dung/ros_ws/install/my_robot_msgs/share/my_robot_msgs/cmake/ament_cmake_export_dependencies-extras.cmake
[0.892s] -- Up-to-date: /home/dung/ros_ws/install/my_robot_msgs/share/my_robot_msgs/cmake/ament_cmake_export_include_directories-extras.cmake
[0.892s] -- Up-to-date: /home/dung/ros_ws/install/my_robot_msgs/share/my_robot_msgs/cmake/ament_cmake_export_libraries-extras.cmake
[0.892s] -- Up-to-date: /home/dung/ros_ws/install/my_robot_msgs/share/my_robot_msgs/cmake/ament_cmake_export_targets-extras.cmake
[0.892s] -- Up-to-date: /home/dung/ros_ws/install/my_robot_msgs/share/my_robot_msgs/cmake/rosidl_cmake_export_typesupport_targets-extras.cmake
[0.892s] -- Up-to-date: /home/dung/ros_ws/install/my_robot_msgs/share/my_robot_msgs/cmake/rosidl_cmake_export_typesupport_libraries-extras.cmake
[0.892s] -- Up-to-date: /home/dung/ros_ws/install/my_robot_msgs/share/my_robot_msgs/cmake/my_robot_msgsConfig.cmake
[0.892s] -- Up-to-date: /home/dung/ros_ws/install/my_robot_msgs/share/my_robot_msgs/cmake/my_robot_msgsConfig-version.cmake
[0.892s] -- Up-to-date: /home/dung/ros_ws/install/my_robot_msgs/share/my_robot_msgs/package.xml
[0.894s] Invoked command in '/home/dung/ros_ws/build/my_robot_msgs' returned '0': CMAKE_PREFIX_PATH=${CMAKE_PREFIX_PATH}:/home/dung/ros_ws/install/keyboard_teleop:/opt/ros/humble /usr/bin/cmake --install /home/dung/ros_ws/build/my_robot_msgs
