[0.043s] Invoking command in '/home/dung/ros_ws/build/my_robot_planning': CMAKE_PREFIX_PATH=${CMAKE_PREFIX_PATH}:/home/dung/ros_ws/install/keyboard_teleop:/opt/ros/humble /usr/bin/cmake --build /home/dung/ros_ws/build/my_robot_planning -- -j6 -l6
[0.094s] -- Found ament_cmake: 1.3.12 (/opt/ros/humble/share/ament_cmake/cmake)
[0.245s] -- Override CMake install command with custom implementation using symlinks instead of copying resources
[0.246s] -- Found rclcpp: 16.0.14 (/opt/ros/humble/share/rclcpp/cmake)
[0.283s] -- Found rosidl_generator_c: 3.1.7 (/opt/ros/humble/share/rosidl_generator_c/cmake)
[0.300s] -- Found rosidl_adapter: 3.1.7 (/opt/ros/humble/share/rosidl_adapter/cmake)
[0.308s] -- Found rosidl_generator_cpp: 3.1.7 (/opt/ros/humble/share/rosidl_generator_cpp/cmake)
[0.309s] -- Using all available rosidl_typesupport_c: rosidl_typesupport_fastrtps_c;rosidl_typesupport_introspection_c
[0.313s] -- Using all available rosidl_typesupport_cpp: rosidl_typesupport_fastrtps_cpp;rosidl_typesupport_introspection_cpp
[0.345s] -- Found rmw_implementation_cmake: 6.1.2 (/opt/ros/humble/share/rmw_implementation_cmake/cmake)
[0.345s] -- Found rmw_fastrtps_cpp: 6.2.8 (/opt/ros/humble/share/rmw_fastrtps_cpp/cmake)
[0.432s] -- Using RMW implementation 'rmw_fastrtps_cpp' as default
[0.467s] -- Found rclpy: 3.3.17 (/opt/ros/humble/share/rclpy/cmake)
[0.467s] -- Found nav_msgs: 4.9.0 (/opt/ros/humble/share/nav_msgs/cmake)
[0.485s] -- Found tf2_ros: 0.25.16 (/opt/ros/humble/share/tf2_ros/cmake)
[0.545s] -- Found nav2_core: 1.1.19 (/opt/ros/humble/share/nav2_core/cmake)
[0.626s] -- Ensuring Eigen3 include directory is part of orocos-kdl CMake target
[0.847s] -- Found ament_lint_auto: 0.12.14 (/opt/ros/humble/share/ament_lint_auto/cmake)
[0.900s] -- Added test 'cppcheck' to perform static code analysis on C / C++ code
[0.901s] -- Configured cppcheck include dirs: /home/dung/ros_ws/src/my_robot_planning/include
[0.901s] -- Configured cppcheck exclude dirs and/or files: 
[0.901s] -- Added test 'flake8' to check Python code syntax and style conventions
[0.901s] -- Added test 'lint_cmake' to check CMake code style
[0.901s] -- Added test 'pep257' to check Python code against some of the docstring style conventions in PEP 257
[0.902s] -- Added test 'uncrustify' to check C / C++ code style
[0.902s] -- Configured uncrustify additional arguments: 
[0.902s] -- Added test 'xmllint' to check XML markup files
[0.903s] -- Configuring done
[0.966s] -- Generating done
[0.974s] -- Build files have been written to: /home/dung/ros_ws/build/my_robot_planning
[0.997s] [35m[1mConsolidate compiler generated dependencies of target dijktra_planner[0m
[0.997s] [35m[1mConsolidate compiler generated dependencies of target a_star[0m
[1.014s] [ 50%] Built target dijktra_planner
[1.019s] [ 50%] Built target ament_cmake_python_symlink_my_robot_planning
[1.030s] [100%] Built target a_star
[1.192s] running egg_info
[1.193s] writing my_robot_planning.egg-info/PKG-INFO
[1.193s] writing dependency_links to my_robot_planning.egg-info/dependency_links.txt
[1.193s] writing top-level names to my_robot_planning.egg-info/top_level.txt
[1.194s] reading manifest file 'my_robot_planning.egg-info/SOURCES.txt'
[1.194s] writing manifest file 'my_robot_planning.egg-info/SOURCES.txt'
[1.213s] [100%] Built target ament_cmake_python_build_my_robot_planning_egg
[1.222s] Invoked command in '/home/dung/ros_ws/build/my_robot_planning' returned '0': CMAKE_PREFIX_PATH=${CMAKE_PREFIX_PATH}:/home/dung/ros_ws/install/keyboard_teleop:/opt/ros/humble /usr/bin/cmake --build /home/dung/ros_ws/build/my_robot_planning -- -j6 -l6
[1.224s] Invoking command in '/home/dung/ros_ws/build/my_robot_planning': CMAKE_PREFIX_PATH=${CMAKE_PREFIX_PATH}:/home/dung/ros_ws/install/keyboard_teleop:/opt/ros/humble /usr/bin/cmake --install /home/dung/ros_ws/build/my_robot_planning
[1.229s] -- Install configuration: ""
[1.229s] -- Execute custom install script
[1.230s] -- Up-to-date symlink: /home/dung/ros_ws/install/my_robot_planning/share/my_robot_planning/environment/pythonpath.sh
[1.230s] -- Up-to-date symlink: /home/dung/ros_ws/install/my_robot_planning/share/my_robot_planning/environment/pythonpath.dsv
[1.230s] -- Up-to-date symlink: /home/dung/ros_ws/install/my_robot_planning/local/lib/python3.10/dist-packages/my_robot_planning-0.0.0-py3.10.egg-info/PKG-INFO
[1.230s] -- Up-to-date symlink: /home/dung/ros_ws/install/my_robot_planning/local/lib/python3.10/dist-packages/my_robot_planning-0.0.0-py3.10.egg-info/SOURCES.txt
[1.231s] -- Up-to-date symlink: /home/dung/ros_ws/install/my_robot_planning/local/lib/python3.10/dist-packages/my_robot_planning-0.0.0-py3.10.egg-info/dependency_links.txt
[1.231s] -- Up-to-date symlink: /home/dung/ros_ws/install/my_robot_planning/local/lib/python3.10/dist-packages/my_robot_planning-0.0.0-py3.10.egg-info/top_level.txt
[1.231s] -- Up-to-date symlink: /home/dung/ros_ws/install/my_robot_planning/local/lib/python3.10/dist-packages/my_robot_planning/__init__.py
[1.231s] -- Up-to-date symlink: /home/dung/ros_ws/install/my_robot_planning/local/lib/python3.10/dist-packages/my_robot_planning/a_star.py
[1.231s] -- Up-to-date symlink: /home/dung/ros_ws/install/my_robot_planning/local/lib/python3.10/dist-packages/my_robot_planning/djiktra_planner.py
[1.231s] -- Up-to-date symlink: /home/dung/ros_ws/install/my_robot_planning/share/my_robot_planning//global_planner_plugins.xml
[1.231s] -- Symlinking: /home/dung/ros_ws/install/my_robot_planning/lib/my_robot_planning/djiktra_planner.py
[1.239s] -- Symlinking: /home/dung/ros_ws/install/my_robot_planning/lib/my_robot_planning/a_star.py
[1.246s] -- Symlinking: /home/dung/ros_ws/install/my_robot_planning/include/include/my_robot_planning/a_star.hpp
[1.251s] -- Symlinking: /home/dung/ros_ws/install/my_robot_planning/include/include/my_robot_planning/dijktra_planner.hpp
[1.257s] -- Symlinking: /home/dung/ros_ws/install/my_robot_planning/lib/my_robot_planning/libdijktra_planner.so
[1.263s] -- Symlinking: /home/dung/ros_ws/install/my_robot_planning/lib/my_robot_planning/a_star
[1.268s] -- Symlinking: /home/dung/ros_ws/install/my_robot_planning/lib/libdijktra_planner.so
[1.274s] -- Up-to-date symlink: /home/dung/ros_ws/install/my_robot_planning/share/my_robot_planning/global_planner_plugins.xml
[1.274s] -- Symlinking: /home/dung/ros_ws/install/my_robot_planning/share/ament_index/resource_index/package_run_dependencies/my_robot_planning
[1.279s] -- Symlinking: /home/dung/ros_ws/install/my_robot_planning/share/ament_index/resource_index/parent_prefix_path/my_robot_planning
[1.285s] -- Symlinking: /home/dung/ros_ws/install/my_robot_planning/share/my_robot_planning/environment/ament_prefix_path.sh
[1.290s] -- Symlinking: /home/dung/ros_ws/install/my_robot_planning/share/my_robot_planning/environment/ament_prefix_path.dsv
[1.296s] -- Symlinking: /home/dung/ros_ws/install/my_robot_planning/share/my_robot_planning/environment/path.sh
[1.302s] -- Symlinking: /home/dung/ros_ws/install/my_robot_planning/share/my_robot_planning/environment/path.dsv
[1.307s] -- Symlinking: /home/dung/ros_ws/install/my_robot_planning/share/my_robot_planning/local_setup.bash
[1.313s] -- Symlinking: /home/dung/ros_ws/install/my_robot_planning/share/my_robot_planning/local_setup.sh
[1.318s] -- Symlinking: /home/dung/ros_ws/install/my_robot_planning/share/my_robot_planning/local_setup.zsh
[1.324s] -- Symlinking: /home/dung/ros_ws/install/my_robot_planning/share/my_robot_planning/local_setup.dsv
[1.330s] -- Symlinking: /home/dung/ros_ws/install/my_robot_planning/share/my_robot_planning/package.dsv
[1.335s] -- Symlinking: /home/dung/ros_ws/install/my_robot_planning/share/ament_index/resource_index/packages/my_robot_planning
[1.344s] -- Symlinking: /home/dung/ros_ws/install/my_robot_planning/share/ament_index/resource_index/nav2_core__pluginlib__plugin/my_robot_planning
[1.350s] -- Symlinking: /home/dung/ros_ws/install/my_robot_planning/share/my_robot_planning/cmake/ament_cmake_export_include_directories-extras.cmake
[1.356s] -- Symlinking: /home/dung/ros_ws/install/my_robot_planning/share/my_robot_planning/cmake/ament_cmake_export_dependencies-extras.cmake
[1.362s] -- Symlinking: /home/dung/ros_ws/install/my_robot_planning/share/my_robot_planning/cmake/my_robot_planningConfig.cmake
[1.367s] -- Symlinking: /home/dung/ros_ws/install/my_robot_planning/share/my_robot_planning/cmake/my_robot_planningConfig-version.cmake
[1.373s] -- Symlinking: /home/dung/ros_ws/install/my_robot_planning/share/my_robot_planning/package.xml
[1.404s] Listing '/home/dung/ros_ws/install/my_robot_planning/local/lib/python3.10/dist-packages/my_robot_planning'...
[1.404s] Compiling '/home/dung/ros_ws/install/my_robot_planning/local/lib/python3.10/dist-packages/my_robot_planning/__init__.py'...
[1.404s] Compiling '/home/dung/ros_ws/install/my_robot_planning/local/lib/python3.10/dist-packages/my_robot_planning/a_star.py'...
[1.404s] Compiling '/home/dung/ros_ws/install/my_robot_planning/local/lib/python3.10/dist-packages/my_robot_planning/djiktra_planner.py'...
[1.409s] Invoked command in '/home/dung/ros_ws/build/my_robot_planning' returned '0': CMAKE_PREFIX_PATH=${CMAKE_PREFIX_PATH}:/home/dung/ros_ws/install/keyboard_teleop:/opt/ros/humble /usr/bin/cmake --install /home/dung/ros_ws/build/my_robot_planning
