[0.021s] Invoking command in '/home/dung/ros_ws/build/my_robot_bringup': CMAKE_PREFIX_PATH=/home/dung/ros_ws/install/my_robot_description:/home/dung/ros_ws/install/myrobot_controller:/home/dung/ros_ws/install/my_robot_utils:/home/dung/ros_ws/install/my_robot_planning:/home/dung/ros_ws/install/my_robot_navi:/home/dung/ros_ws/install/my_robot_msgs:/home/dung/ros_ws/install/my_robot_motion:/home/dung/ros_ws/install/my_robot_mapping:/home/dung/ros_ws/install/my_robot_localization:/home/dung/ros_ws/install/my_robot_firmware:/home/dung/ros_ws/install/my_robot_bringup:/home/dung/ros_ws/install/keyboard_teleop:/opt/ros/humble /usr/bin/cmake --build /home/dung/ros_ws/build/my_robot_bringup -- -j12 -l12
[0.052s] Invoked command in '/home/dung/ros_ws/build/my_robot_bringup' returned '0': CMAKE_PREFIX_PATH=/home/dung/ros_ws/install/my_robot_description:/home/dung/ros_ws/install/myrobot_controller:/home/dung/ros_ws/install/my_robot_utils:/home/dung/ros_ws/install/my_robot_planning:/home/dung/ros_ws/install/my_robot_navi:/home/dung/ros_ws/install/my_robot_msgs:/home/dung/ros_ws/install/my_robot_motion:/home/dung/ros_ws/install/my_robot_mapping:/home/dung/ros_ws/install/my_robot_localization:/home/dung/ros_ws/install/my_robot_firmware:/home/dung/ros_ws/install/my_robot_bringup:/home/dung/ros_ws/install/keyboard_teleop:/opt/ros/humble /usr/bin/cmake --build /home/dung/ros_ws/build/my_robot_bringup -- -j12 -l12
[0.057s] Invoking command in '/home/dung/ros_ws/build/my_robot_bringup': CMAKE_PREFIX_PATH=/home/dung/ros_ws/install/my_robot_description:/home/dung/ros_ws/install/myrobot_controller:/home/dung/ros_ws/install/my_robot_utils:/home/dung/ros_ws/install/my_robot_planning:/home/dung/ros_ws/install/my_robot_navi:/home/dung/ros_ws/install/my_robot_msgs:/home/dung/ros_ws/install/my_robot_motion:/home/dung/ros_ws/install/my_robot_mapping:/home/dung/ros_ws/install/my_robot_localization:/home/dung/ros_ws/install/my_robot_firmware:/home/dung/ros_ws/install/my_robot_bringup:/home/dung/ros_ws/install/keyboard_teleop:/opt/ros/humble /usr/bin/cmake --install /home/dung/ros_ws/build/my_robot_bringup
[0.060s] -- Install configuration: ""
[0.060s] -- Execute custom install script
[0.061s] -- Up-to-date symlink: /home/dung/ros_ws/install/my_robot_bringup/share/my_robot_bringup//launch/my_robot_gazebo.launch.xml
[0.061s] -- Up-to-date symlink: /home/dung/ros_ws/install/my_robot_bringup/share/my_robot_bringup//launch/my_robot_simu.launch.py
[0.061s] -- Up-to-date symlink: /home/dung/ros_ws/install/my_robot_bringup/share/my_robot_bringup//rviz/urdf_config.rviz
[0.061s] -- Up-to-date symlink: /home/dung/ros_ws/install/my_robot_bringup/share/my_robot_bringup//world/small_house.world
[0.061s] -- Up-to-date symlink: /home/dung/ros_ws/install/my_robot_bringup/share/ament_index/resource_index/package_run_dependencies/my_robot_bringup
[0.065s] -- Up-to-date symlink: /home/dung/ros_ws/install/my_robot_bringup/share/ament_index/resource_index/parent_prefix_path/my_robot_bringup
[0.065s] -- Up-to-date symlink: /home/dung/ros_ws/install/my_robot_bringup/share/my_robot_bringup/environment/ament_prefix_path.sh
[0.065s] -- Up-to-date symlink: /home/dung/ros_ws/install/my_robot_bringup/share/my_robot_bringup/environment/ament_prefix_path.dsv
[0.065s] -- Up-to-date symlink: /home/dung/ros_ws/install/my_robot_bringup/share/my_robot_bringup/environment/path.sh
[0.065s] -- Up-to-date symlink: /home/dung/ros_ws/install/my_robot_bringup/share/my_robot_bringup/environment/path.dsv
[0.065s] -- Up-to-date symlink: /home/dung/ros_ws/install/my_robot_bringup/share/my_robot_bringup/local_setup.bash
[0.065s] -- Up-to-date symlink: /home/dung/ros_ws/install/my_robot_bringup/share/my_robot_bringup/local_setup.sh
[0.065s] -- Up-to-date symlink: /home/dung/ros_ws/install/my_robot_bringup/share/my_robot_bringup/local_setup.zsh
[0.065s] -- Up-to-date symlink: /home/dung/ros_ws/install/my_robot_bringup/share/my_robot_bringup/local_setup.dsv
[0.065s] -- Symlinking: /home/dung/ros_ws/install/my_robot_bringup/share/my_robot_bringup/package.dsv
[0.072s] -- Up-to-date symlink: /home/dung/ros_ws/install/my_robot_bringup/share/ament_index/resource_index/packages/my_robot_bringup
[0.072s] -- Up-to-date symlink: /home/dung/ros_ws/install/my_robot_bringup/share/my_robot_bringup/cmake/my_robot_bringupConfig.cmake
[0.072s] -- Up-to-date symlink: /home/dung/ros_ws/install/my_robot_bringup/share/my_robot_bringup/cmake/my_robot_bringupConfig-version.cmake
[0.073s] -- Up-to-date symlink: /home/dung/ros_ws/install/my_robot_bringup/share/my_robot_bringup/package.xml
[0.075s] Invoked command in '/home/dung/ros_ws/build/my_robot_bringup' returned '0': CMAKE_PREFIX_PATH=/home/dung/ros_ws/install/my_robot_description:/home/dung/ros_ws/install/myrobot_controller:/home/dung/ros_ws/install/my_robot_utils:/home/dung/ros_ws/install/my_robot_planning:/home/dung/ros_ws/install/my_robot_navi:/home/dung/ros_ws/install/my_robot_msgs:/home/dung/ros_ws/install/my_robot_motion:/home/dung/ros_ws/install/my_robot_mapping:/home/dung/ros_ws/install/my_robot_localization:/home/dung/ros_ws/install/my_robot_firmware:/home/dung/ros_ws/install/my_robot_bringup:/home/dung/ros_ws/install/keyboard_teleop:/opt/ros/humble /usr/bin/cmake --install /home/dung/ros_ws/build/my_robot_bringup
