[0.018s] Invoking command in '/home/dung/ros_ws/build/my_robot_mapping': CMAKE_PREFIX_PATH=${CMAKE_PREFIX_PATH}:/home/dung/ros_ws/install/keyboard_teleop /usr/bin/cmake --build /home/dung/ros_ws/build/my_robot_mapping -- -j12 -l12
[0.058s] Invoked command in '/home/dung/ros_ws/build/my_robot_mapping' returned '0': CMAKE_PREFIX_PATH=${CMAKE_PREFIX_PATH}:/home/dung/ros_ws/install/keyboard_teleop /usr/bin/cmake --build /home/dung/ros_ws/build/my_robot_mapping -- -j12 -l12
[0.071s] Invoking command in '/home/dung/ros_ws/build/my_robot_mapping': CMAKE_PREFIX_PATH=${CMAKE_PREFIX_PATH}:/home/dung/ros_ws/install/keyboard_teleop /usr/bin/cmake --install /home/dung/ros_ws/build/my_robot_mapping
[0.084s] -- Install configuration: ""
[0.084s] -- Up-to-date: /home/dung/ros_ws/install/my_robot_mapping/share/my_robot_mapping/config
[0.084s] -- Up-to-date: /home/dung/ros_ws/install/my_robot_mapping/share/my_robot_mapping/config/slam_toolbox.yaml
[0.084s] -- Up-to-date: /home/dung/ros_ws/install/my_robot_mapping/share/my_robot_mapping/launch
[0.084s] -- Up-to-date: /home/dung/ros_ws/install/my_robot_mapping/share/my_robot_mapping/launch/slam.launch.py
[0.086s] -- Up-to-date: /home/dung/ros_ws/install/my_robot_mapping/share/my_robot_mapping/maps
[0.087s] -- Up-to-date: /home/dung/ros_ws/install/my_robot_mapping/share/my_robot_mapping/maps/map
[0.087s] -- Up-to-date: /home/dung/ros_ws/install/my_robot_mapping/share/my_robot_mapping/maps/map/map.pgm
[0.087s] -- Up-to-date: /home/dung/ros_ws/install/my_robot_mapping/share/my_robot_mapping/maps/map/map.yaml
[0.087s] -- Up-to-date: /home/dung/ros_ws/install/my_robot_mapping/share/ament_index/resource_index/package_run_dependencies/my_robot_mapping
[0.087s] -- Up-to-date: /home/dung/ros_ws/install/my_robot_mapping/share/ament_index/resource_index/parent_prefix_path/my_robot_mapping
[0.087s] -- Up-to-date: /home/dung/ros_ws/install/my_robot_mapping/share/my_robot_mapping/environment/ament_prefix_path.sh
[0.087s] -- Up-to-date: /home/dung/ros_ws/install/my_robot_mapping/share/my_robot_mapping/environment/ament_prefix_path.dsv
[0.087s] -- Up-to-date: /home/dung/ros_ws/install/my_robot_mapping/share/my_robot_mapping/environment/path.sh
[0.087s] -- Up-to-date: /home/dung/ros_ws/install/my_robot_mapping/share/my_robot_mapping/environment/path.dsv
[0.087s] -- Up-to-date: /home/dung/ros_ws/install/my_robot_mapping/share/my_robot_mapping/local_setup.bash
[0.087s] -- Up-to-date: /home/dung/ros_ws/install/my_robot_mapping/share/my_robot_mapping/local_setup.sh
[0.087s] -- Up-to-date: /home/dung/ros_ws/install/my_robot_mapping/share/my_robot_mapping/local_setup.zsh
[0.087s] -- Up-to-date: /home/dung/ros_ws/install/my_robot_mapping/share/my_robot_mapping/local_setup.dsv
[0.087s] -- Installing: /home/dung/ros_ws/install/my_robot_mapping/share/my_robot_mapping/package.dsv
[0.087s] -- Up-to-date: /home/dung/ros_ws/install/my_robot_mapping/share/ament_index/resource_index/packages/my_robot_mapping
[0.087s] -- Up-to-date: /home/dung/ros_ws/install/my_robot_mapping/share/my_robot_mapping/cmake/my_robot_mappingConfig.cmake
[0.087s] -- Up-to-date: /home/dung/ros_ws/install/my_robot_mapping/share/my_robot_mapping/cmake/my_robot_mappingConfig-version.cmake
[0.088s] -- Up-to-date: /home/dung/ros_ws/install/my_robot_mapping/share/my_robot_mapping/package.xml
[0.125s] Invoked command in '/home/dung/ros_ws/build/my_robot_mapping' returned '0': CMAKE_PREFIX_PATH=${CMAKE_PREFIX_PATH}:/home/dung/ros_ws/install/keyboard_teleop /usr/bin/cmake --install /home/dung/ros_ws/build/my_robot_mapping
