[0.022s] Invoking command in '/home/dung/ros_ws/build/my_robot_localization': CMAKE_PREFIX_PATH=${CMAKE_PREFIX_PATH}:/home/dung/ros_ws/install/keyboard_teleop:/opt/ros/humble /usr/bin/cmake --build /home/dung/ros_ws/build/my_robot_localization -- -j12 -l12
[0.067s] Built target ament_cmake_python_symlink_my_robot_localization
[0.280s] running egg_info
[0.280s] writing my_robot_localization.egg-info/PKG-INFO
[0.281s] writing dependency_links to my_robot_localization.egg-info/dependency_links.txt
[0.282s] writing top-level names to my_robot_localization.egg-info/top_level.txt
[0.284s] reading manifest file 'my_robot_localization.egg-info/SOURCES.txt'
[0.285s] writing manifest file 'my_robot_localization.egg-info/SOURCES.txt'
[0.338s] Built target ament_cmake_python_build_my_robot_localization_egg
[0.347s] Invoked command in '/home/dung/ros_ws/build/my_robot_localization' returned '0': CMAKE_PREFIX_PATH=${CMAKE_PREFIX_PATH}:/home/dung/ros_ws/install/keyboard_teleop:/opt/ros/humble /usr/bin/cmake --build /home/dung/ros_ws/build/my_robot_localization -- -j12 -l12
[0.351s] Invoking command in '/home/dung/ros_ws/build/my_robot_localization': CMAKE_PREFIX_PATH=${CMAKE_PREFIX_PATH}:/home/dung/ros_ws/install/keyboard_teleop:/opt/ros/humble /usr/bin/cmake --install /home/dung/ros_ws/build/my_robot_localization
[0.355s] -- Install configuration: ""
[0.356s] -- Execute custom install script
[0.356s] -- Up-to-date symlink: /home/dung/ros_ws/install/my_robot_localization/share/my_robot_localization/environment/pythonpath.sh
[0.357s] -- Up-to-date symlink: /home/dung/ros_ws/install/my_robot_localization/share/my_robot_localization/environment/pythonpath.dsv
[0.357s] -- Up-to-date symlink: /home/dung/ros_ws/install/my_robot_localization/local/lib/python3.10/dist-packages/my_robot_localization-0.0.0-py3.10.egg-info/PKG-INFO
[0.357s] -- Up-to-date symlink: /home/dung/ros_ws/install/my_robot_localization/local/lib/python3.10/dist-packages/my_robot_localization-0.0.0-py3.10.egg-info/SOURCES.txt
[0.357s] -- Up-to-date symlink: /home/dung/ros_ws/install/my_robot_localization/local/lib/python3.10/dist-packages/my_robot_localization-0.0.0-py3.10.egg-info/dependency_links.txt
[0.357s] -- Up-to-date symlink: /home/dung/ros_ws/install/my_robot_localization/local/lib/python3.10/dist-packages/my_robot_localization-0.0.0-py3.10.egg-info/top_level.txt
[0.357s] -- Up-to-date symlink: /home/dung/ros_ws/install/my_robot_localization/local/lib/python3.10/dist-packages/my_robot_localization/__init__.py
[0.358s] -- Up-to-date symlink: /home/dung/ros_ws/install/my_robot_localization/local/lib/python3.10/dist-packages/my_robot_localization/imu_republisher.py
[0.358s] -- Up-to-date symlink: /home/dung/ros_ws/install/my_robot_localization/local/lib/python3.10/dist-packages/my_robot_localization/kalma_filter.py
[0.358s] -- Up-to-date symlink: /home/dung/ros_ws/install/my_robot_localization/local/lib/python3.10/dist-packages/my_robot_localization/odom_motion.py
[0.358s] -- Up-to-date symlink: /home/dung/ros_ws/install/my_robot_localization/lib/my_robot_localization/kalma_filter.py
[0.358s] -- Up-to-date symlink: /home/dung/ros_ws/install/my_robot_localization/lib/my_robot_localization/imu_republisher.py
[0.358s] -- Up-to-date symlink: /home/dung/ros_ws/install/my_robot_localization/lib/my_robot_localization/odom_motion.py
[0.358s] -- Up-to-date symlink: /home/dung/ros_ws/install/my_robot_localization/share/my_robot_localization/launch/global_localization.launch.py
[0.358s] -- Up-to-date symlink: /home/dung/ros_ws/install/my_robot_localization/share/my_robot_localization/launch/local_localization.launch.py
[0.360s] -- Up-to-date symlink: /home/dung/ros_ws/install/my_robot_localization/share/my_robot_localization/config/amcl.yaml
[0.360s] -- Up-to-date symlink: /home/dung/ros_ws/install/my_robot_localization/share/my_robot_localization/config/ekf.yaml
[0.360s] -- Up-to-date symlink: /home/dung/ros_ws/install/my_robot_localization/share/ament_index/resource_index/package_run_dependencies/my_robot_localization
[0.360s] -- Up-to-date symlink: /home/dung/ros_ws/install/my_robot_localization/share/ament_index/resource_index/parent_prefix_path/my_robot_localization
[0.360s] -- Up-to-date symlink: /home/dung/ros_ws/install/my_robot_localization/share/my_robot_localization/environment/ament_prefix_path.sh
[0.360s] -- Up-to-date symlink: /home/dung/ros_ws/install/my_robot_localization/share/my_robot_localization/environment/ament_prefix_path.dsv
[0.360s] -- Up-to-date symlink: /home/dung/ros_ws/install/my_robot_localization/share/my_robot_localization/environment/path.sh
[0.360s] -- Up-to-date symlink: /home/dung/ros_ws/install/my_robot_localization/share/my_robot_localization/environment/path.dsv
[0.360s] -- Up-to-date symlink: /home/dung/ros_ws/install/my_robot_localization/share/my_robot_localization/local_setup.bash
[0.360s] -- Up-to-date symlink: /home/dung/ros_ws/install/my_robot_localization/share/my_robot_localization/local_setup.sh
[0.360s] -- Up-to-date symlink: /home/dung/ros_ws/install/my_robot_localization/share/my_robot_localization/local_setup.zsh
[0.360s] -- Up-to-date symlink: /home/dung/ros_ws/install/my_robot_localization/share/my_robot_localization/local_setup.dsv
[0.360s] -- Symlinking: /home/dung/ros_ws/install/my_robot_localization/share/my_robot_localization/package.dsv
[0.369s] -- Up-to-date symlink: /home/dung/ros_ws/install/my_robot_localization/share/ament_index/resource_index/packages/my_robot_localization
[0.369s] -- Up-to-date symlink: /home/dung/ros_ws/install/my_robot_localization/share/my_robot_localization/cmake/my_robot_localizationConfig.cmake
[0.369s] -- Up-to-date symlink: /home/dung/ros_ws/install/my_robot_localization/share/my_robot_localization/cmake/my_robot_localizationConfig-version.cmake
[0.369s] -- Up-to-date symlink: /home/dung/ros_ws/install/my_robot_localization/share/my_robot_localization/package.xml
[0.406s] Listing '/home/dung/ros_ws/install/my_robot_localization/local/lib/python3.10/dist-packages/my_robot_localization'...
[0.431s] Invoked command in '/home/dung/ros_ws/build/my_robot_localization' returned '0': CMAKE_PREFIX_PATH=${CMAKE_PREFIX_PATH}:/home/dung/ros_ws/install/keyboard_teleop:/opt/ros/humble /usr/bin/cmake --install /home/dung/ros_ws/build/my_robot_localization
