[0.023s] Invoking command in '/home/dung/ros_ws/build/my_robot_firmware': CMAKE_PREFIX_PATH=${CMAKE_PREFIX_PATH}:/home/dung/ros_ws/install/keyboard_teleop:/opt/ros/humble /usr/bin/cmake --build /home/dung/ros_ws/build/my_robot_firmware -- -j6 -l6
[0.112s] Built target ament_cmake_python_copy_my_robot_firmware
[0.312s] running egg_info
[0.316s] writing my_robot_firmware.egg-info/PKG-INFO
[0.317s] writing dependency_links to my_robot_firmware.egg-info/dependency_links.txt
[0.317s] writing top-level names to my_robot_firmware.egg-info/top_level.txt
[0.325s] reading manifest file 'my_robot_firmware.egg-info/SOURCES.txt'
[0.326s] writing manifest file 'my_robot_firmware.egg-info/SOURCES.txt'
[0.418s] Built target ament_cmake_python_build_my_robot_firmware_egg
[0.437s] Invoked command in '/home/dung/ros_ws/build/my_robot_firmware' returned '0': CMAKE_PREFIX_PATH=${CMAKE_PREFIX_PATH}:/home/dung/ros_ws/install/keyboard_teleop:/opt/ros/humble /usr/bin/cmake --build /home/dung/ros_ws/build/my_robot_firmware -- -j6 -l6
[0.440s] Invoking command in '/home/dung/ros_ws/build/my_robot_firmware': CMAKE_PREFIX_PATH=${CMAKE_PREFIX_PATH}:/home/dung/ros_ws/install/keyboard_teleop:/opt/ros/humble /usr/bin/cmake --install /home/dung/ros_ws/build/my_robot_firmware
[0.453s] -- Install configuration: ""
[0.453s] -- Up-to-date: /home/dung/ros_ws/install/my_robot_firmware/share/my_robot_firmware/environment/pythonpath.sh
[0.453s] -- Up-to-date: /home/dung/ros_ws/install/my_robot_firmware/share/my_robot_firmware/environment/pythonpath.dsv
[0.453s] -- Up-to-date: /home/dung/ros_ws/install/my_robot_firmware/local/lib/python3.10/dist-packages/my_robot_firmware-0.0.0-py3.10.egg-info
[0.453s] -- Installing: /home/dung/ros_ws/install/my_robot_firmware/local/lib/python3.10/dist-packages/my_robot_firmware-0.0.0-py3.10.egg-info/dependency_links.txt
[0.453s] -- Installing: /home/dung/ros_ws/install/my_robot_firmware/local/lib/python3.10/dist-packages/my_robot_firmware-0.0.0-py3.10.egg-info/SOURCES.txt
[0.453s] -- Installing: /home/dung/ros_ws/install/my_robot_firmware/local/lib/python3.10/dist-packages/my_robot_firmware-0.0.0-py3.10.egg-info/top_level.txt
[0.453s] -- Installing: /home/dung/ros_ws/install/my_robot_firmware/local/lib/python3.10/dist-packages/my_robot_firmware-0.0.0-py3.10.egg-info/PKG-INFO
[0.453s] -- Up-to-date: /home/dung/ros_ws/install/my_robot_firmware/local/lib/python3.10/dist-packages/my_robot_firmware
[0.453s] -- Up-to-date: /home/dung/ros_ws/install/my_robot_firmware/local/lib/python3.10/dist-packages/my_robot_firmware/simple_serial_send.py
[0.453s] -- Up-to-date: /home/dung/ros_ws/install/my_robot_firmware/local/lib/python3.10/dist-packages/my_robot_firmware/__init__.py
[0.487s] Listing '/home/dung/ros_ws/install/my_robot_firmware/local/lib/python3.10/dist-packages/my_robot_firmware'...
[0.495s] -- Up-to-date: /home/dung/ros_ws/install/my_robot_firmware/lib/my_robot_firmware/simple_serial_send.py
[0.496s] -- Up-to-date: /home/dung/ros_ws/install/my_robot_firmware/share/ament_index/resource_index/package_run_dependencies/my_robot_firmware
[0.496s] -- Up-to-date: /home/dung/ros_ws/install/my_robot_firmware/share/ament_index/resource_index/parent_prefix_path/my_robot_firmware
[0.496s] -- Up-to-date: /home/dung/ros_ws/install/my_robot_firmware/share/my_robot_firmware/environment/ament_prefix_path.sh
[0.496s] -- Up-to-date: /home/dung/ros_ws/install/my_robot_firmware/share/my_robot_firmware/environment/ament_prefix_path.dsv
[0.496s] -- Up-to-date: /home/dung/ros_ws/install/my_robot_firmware/share/my_robot_firmware/environment/path.sh
[0.496s] -- Up-to-date: /home/dung/ros_ws/install/my_robot_firmware/share/my_robot_firmware/environment/path.dsv
[0.496s] -- Up-to-date: /home/dung/ros_ws/install/my_robot_firmware/share/my_robot_firmware/local_setup.bash
[0.496s] -- Up-to-date: /home/dung/ros_ws/install/my_robot_firmware/share/my_robot_firmware/local_setup.sh
[0.496s] -- Up-to-date: /home/dung/ros_ws/install/my_robot_firmware/share/my_robot_firmware/local_setup.zsh
[0.496s] -- Up-to-date: /home/dung/ros_ws/install/my_robot_firmware/share/my_robot_firmware/local_setup.dsv
[0.496s] -- Installing: /home/dung/ros_ws/install/my_robot_firmware/share/my_robot_firmware/package.dsv
[0.496s] -- Up-to-date: /home/dung/ros_ws/install/my_robot_firmware/share/ament_index/resource_index/packages/my_robot_firmware
[0.496s] -- Up-to-date: /home/dung/ros_ws/install/my_robot_firmware/share/my_robot_firmware/cmake/my_robot_firmwareConfig.cmake
[0.496s] -- Up-to-date: /home/dung/ros_ws/install/my_robot_firmware/share/my_robot_firmware/cmake/my_robot_firmwareConfig-version.cmake
[0.496s] -- Up-to-date: /home/dung/ros_ws/install/my_robot_firmware/share/my_robot_firmware/package.xml
[0.514s] Invoked command in '/home/dung/ros_ws/build/my_robot_firmware' returned '0': CMAKE_PREFIX_PATH=${CMAKE_PREFIX_PATH}:/home/dung/ros_ws/install/keyboard_teleop:/opt/ros/humble /usr/bin/cmake --install /home/dung/ros_ws/build/my_robot_firmware
