[0.019s] Invoking command in '/home/dung/ros_ws/build/my_robot_utils': CMAKE_PREFIX_PATH=${CMAKE_PREFIX_PATH}:/home/dung/ros_ws/install/keyboard_teleop:/opt/ros/humble /usr/bin/cmake /home/dung/ros_ws/src/my_robot_utils -DCMAKE_INSTALL_PREFIX=/home/dung/ros_ws/install/my_robot_utils
[0.135s] -- The C compiler identification is GNU 11.4.0
[0.144s] -- The CXX compiler identification is GNU 11.4.0
[0.158s] -- Detecting C compiler ABI info
[0.259s] -- Detecting C compiler ABI info - done
[0.269s] -- Check for working C compiler: /usr/bin/cc - skipped
[0.269s] -- Detecting C compile features
[0.271s] -- Detecting C compile features - done
[0.274s] -- Detecting CXX compiler ABI info
[0.354s] -- Detecting CXX compiler ABI info - done
[0.360s] -- Check for working CXX compiler: /usr/bin/c++ - skipped
[0.361s] -- Detecting CXX compile features
[0.361s] -- Detecting CXX compile features - done
[0.362s] -- Found ament_cmake: 1.3.12 (/opt/ros/humble/share/ament_cmake/cmake)
[0.551s] -- Found Python3: /usr/bin/python3 (found version "3.10.12") found components: Interpreter 
[0.654s] -- Found rclpy: 3.3.17 (/opt/ros/humble/share/rclpy/cmake)
[0.661s] -- Found std_msgs: 4.9.0 (/opt/ros/humble/share/std_msgs/cmake)
[0.725s] -- Found rosidl_generator_c: 3.1.7 (/opt/ros/humble/share/rosidl_generator_c/cmake)
[0.730s] -- Found rosidl_adapter: 3.1.7 (/opt/ros/humble/share/rosidl_adapter/cmake)
[0.740s] -- Found rosidl_generator_cpp: 3.1.7 (/opt/ros/humble/share/rosidl_generator_cpp/cmake)
[0.766s] -- Using all available rosidl_typesupport_c: rosidl_typesupport_fastrtps_c;rosidl_typesupport_introspection_c
[0.795s] -- Using all available rosidl_typesupport_cpp: rosidl_typesupport_fastrtps_cpp;rosidl_typesupport_introspection_cpp
[0.840s] -- Found sensor_msgs: 4.9.0 (/opt/ros/humble/share/sensor_msgs/cmake)
[0.888s] -- Found twist_mux_msgs: 3.0.1 (/opt/ros/humble/share/twist_mux_msgs/cmake)
[1.030s] -- Found ament_lint_auto: 0.12.14 (/opt/ros/humble/share/ament_lint_auto/cmake)
[1.189s] -- Added test 'flake8' to check Python code syntax and style conventions
[1.189s] -- Added test 'lint_cmake' to check CMake code style
[1.189s] -- Added test 'pep257' to check Python code against some of the docstring style conventions in PEP 257
[1.190s] -- Added test 'xmllint' to check XML markup files
[1.191s] -- Configuring done
[1.200s] -- Generating done
[1.204s] -- Build files have been written to: /home/dung/ros_ws/build/my_robot_utils
[1.220s] Invoked command in '/home/dung/ros_ws/build/my_robot_utils' returned '0': CMAKE_PREFIX_PATH=${CMAKE_PREFIX_PATH}:/home/dung/ros_ws/install/keyboard_teleop:/opt/ros/humble /usr/bin/cmake /home/dung/ros_ws/src/my_robot_utils -DCMAKE_INSTALL_PREFIX=/home/dung/ros_ws/install/my_robot_utils
[1.220s] Invoking command in '/home/dung/ros_ws/build/my_robot_utils': CMAKE_PREFIX_PATH=${CMAKE_PREFIX_PATH}:/home/dung/ros_ws/install/keyboard_teleop:/opt/ros/humble /usr/bin/cmake --build /home/dung/ros_ws/build/my_robot_utils -- -j6 -l6
[1.643s] Built target ament_cmake_python_copy_my_robot_utils
[1.763s] running egg_info
[1.764s] creating my_robot_utils.egg-info
[1.764s] writing my_robot_utils.egg-info/PKG-INFO
[1.764s] writing dependency_links to my_robot_utils.egg-info/dependency_links.txt
[1.764s] writing top-level names to my_robot_utils.egg-info/top_level.txt
[1.765s] writing manifest file 'my_robot_utils.egg-info/SOURCES.txt'
[1.768s] reading manifest file 'my_robot_utils.egg-info/SOURCES.txt'
[1.768s] writing manifest file 'my_robot_utils.egg-info/SOURCES.txt'
[1.816s] Built target ament_cmake_python_build_my_robot_utils_egg
[1.835s] Invoked command in '/home/dung/ros_ws/build/my_robot_utils' returned '0': CMAKE_PREFIX_PATH=${CMAKE_PREFIX_PATH}:/home/dung/ros_ws/install/keyboard_teleop:/opt/ros/humble /usr/bin/cmake --build /home/dung/ros_ws/build/my_robot_utils -- -j6 -l6
[1.837s] Invoking command in '/home/dung/ros_ws/build/my_robot_utils': CMAKE_PREFIX_PATH=${CMAKE_PREFIX_PATH}:/home/dung/ros_ws/install/keyboard_teleop:/opt/ros/humble /usr/bin/cmake --install /home/dung/ros_ws/build/my_robot_utils
[1.857s] -- Install configuration: ""
[1.857s] -- Installing: /home/dung/ros_ws/install/my_robot_utils/share/my_robot_utils/environment/pythonpath.sh
[1.857s] -- Installing: /home/dung/ros_ws/install/my_robot_utils/share/my_robot_utils/environment/pythonpath.dsv
[1.857s] -- Installing: /home/dung/ros_ws/install/my_robot_utils/local/lib/python3.10/dist-packages/my_robot_utils-0.0.0-py3.10.egg-info
[1.857s] -- Installing: /home/dung/ros_ws/install/my_robot_utils/local/lib/python3.10/dist-packages/my_robot_utils-0.0.0-py3.10.egg-info/dependency_links.txt
[1.857s] -- Installing: /home/dung/ros_ws/install/my_robot_utils/local/lib/python3.10/dist-packages/my_robot_utils-0.0.0-py3.10.egg-info/SOURCES.txt
[1.857s] -- Installing: /home/dung/ros_ws/install/my_robot_utils/local/lib/python3.10/dist-packages/my_robot_utils-0.0.0-py3.10.egg-info/top_level.txt
[1.857s] -- Installing: /home/dung/ros_ws/install/my_robot_utils/local/lib/python3.10/dist-packages/my_robot_utils-0.0.0-py3.10.egg-info/PKG-INFO
[1.857s] -- Installing: /home/dung/ros_ws/install/my_robot_utils/local/lib/python3.10/dist-packages/my_robot_utils
[1.857s] -- Installing: /home/dung/ros_ws/install/my_robot_utils/local/lib/python3.10/dist-packages/my_robot_utils/__init__.py
[1.857s] -- Installing: /home/dung/ros_ws/install/my_robot_utils/local/lib/python3.10/dist-packages/my_robot_utils/safety_stop.py
[1.908s] Listing '/home/dung/ros_ws/install/my_robot_utils/local/lib/python3.10/dist-packages/my_robot_utils'...
[1.909s] Compiling '/home/dung/ros_ws/install/my_robot_utils/local/lib/python3.10/dist-packages/my_robot_utils/__init__.py'...
[1.909s] Compiling '/home/dung/ros_ws/install/my_robot_utils/local/lib/python3.10/dist-packages/my_robot_utils/safety_stop.py'...
[1.918s] -- Installing: /home/dung/ros_ws/install/my_robot_utils/lib/my_robot_utils/safety_stop.py
[1.918s] -- Installing: /home/dung/ros_ws/install/my_robot_utils/share/ament_index/resource_index/package_run_dependencies/my_robot_utils
[1.918s] -- Installing: /home/dung/ros_ws/install/my_robot_utils/share/ament_index/resource_index/parent_prefix_path/my_robot_utils
[1.918s] -- Installing: /home/dung/ros_ws/install/my_robot_utils/share/my_robot_utils/environment/ament_prefix_path.sh
[1.918s] -- Installing: /home/dung/ros_ws/install/my_robot_utils/share/my_robot_utils/environment/ament_prefix_path.dsv
[1.918s] -- Installing: /home/dung/ros_ws/install/my_robot_utils/share/my_robot_utils/environment/path.sh
[1.918s] -- Installing: /home/dung/ros_ws/install/my_robot_utils/share/my_robot_utils/environment/path.dsv
[1.918s] -- Installing: /home/dung/ros_ws/install/my_robot_utils/share/my_robot_utils/local_setup.bash
[1.918s] -- Installing: /home/dung/ros_ws/install/my_robot_utils/share/my_robot_utils/local_setup.sh
[1.919s] -- Installing: /home/dung/ros_ws/install/my_robot_utils/share/my_robot_utils/local_setup.zsh
[1.919s] -- Installing: /home/dung/ros_ws/install/my_robot_utils/share/my_robot_utils/local_setup.dsv
[1.919s] -- Installing: /home/dung/ros_ws/install/my_robot_utils/share/my_robot_utils/package.dsv
[1.919s] -- Installing: /home/dung/ros_ws/install/my_robot_utils/share/ament_index/resource_index/packages/my_robot_utils
[1.919s] -- Installing: /home/dung/ros_ws/install/my_robot_utils/share/my_robot_utils/cmake/my_robot_utilsConfig.cmake
[1.919s] -- Installing: /home/dung/ros_ws/install/my_robot_utils/share/my_robot_utils/cmake/my_robot_utilsConfig-version.cmake
[1.919s] -- Installing: /home/dung/ros_ws/install/my_robot_utils/share/my_robot_utils/package.xml
[1.963s] Invoked command in '/home/dung/ros_ws/build/my_robot_utils' returned '0': CMAKE_PREFIX_PATH=${CMAKE_PREFIX_PATH}:/home/dung/ros_ws/install/keyboard_teleop:/opt/ros/humble /usr/bin/cmake --install /home/dung/ros_ws/build/my_robot_utils
