Built target ament_cmake_python_copy_my_robot_utils
running egg_info
creating my_robot_utils.egg-info
writing my_robot_utils.egg-info/PKG-INFO
writing dependency_links to my_robot_utils.egg-info/dependency_links.txt
writing top-level names to my_robot_utils.egg-info/top_level.txt
writing manifest file 'my_robot_utils.egg-info/SOURCES.txt'
reading manifest file 'my_robot_utils.egg-info/SOURCES.txt'
writing manifest file 'my_robot_utils.egg-info/SOURCES.txt'
Built target ament_cmake_python_build_my_robot_utils_egg
-- Install configuration: ""
-- Installing: /home/dung/ros_ws/install/my_robot_utils/share/my_robot_utils/environment/pythonpath.sh
-- Installing: /home/dung/ros_ws/install/my_robot_utils/share/my_robot_utils/environment/pythonpath.dsv
-- Installing: /home/dung/ros_ws/install/my_robot_utils/local/lib/python3.10/dist-packages/my_robot_utils-0.0.0-py3.10.egg-info
-- Installing: /home/dung/ros_ws/install/my_robot_utils/local/lib/python3.10/dist-packages/my_robot_utils-0.0.0-py3.10.egg-info/dependency_links.txt
-- Installing: /home/dung/ros_ws/install/my_robot_utils/local/lib/python3.10/dist-packages/my_robot_utils-0.0.0-py3.10.egg-info/SOURCES.txt
-- Installing: /home/dung/ros_ws/install/my_robot_utils/local/lib/python3.10/dist-packages/my_robot_utils-0.0.0-py3.10.egg-info/top_level.txt
-- Installing: /home/dung/ros_ws/install/my_robot_utils/local/lib/python3.10/dist-packages/my_robot_utils-0.0.0-py3.10.egg-info/PKG-INFO
-- Installing: /home/dung/ros_ws/install/my_robot_utils/local/lib/python3.10/dist-packages/my_robot_utils
-- Installing: /home/dung/ros_ws/install/my_robot_utils/local/lib/python3.10/dist-packages/my_robot_utils/__init__.py
-- Installing: /home/dung/ros_ws/install/my_robot_utils/local/lib/python3.10/dist-packages/my_robot_utils/safety_stop.py
Listing '/home/dung/ros_ws/install/my_robot_utils/local/lib/python3.10/dist-packages/my_robot_utils'...
Compiling '/home/dung/ros_ws/install/my_robot_utils/local/lib/python3.10/dist-packages/my_robot_utils/__init__.py'...
Compiling '/home/dung/ros_ws/install/my_robot_utils/local/lib/python3.10/dist-packages/my_robot_utils/safety_stop.py'...
-- Installing: /home/dung/ros_ws/install/my_robot_utils/lib/my_robot_utils/safety_stop.py
-- Installing: /home/dung/ros_ws/install/my_robot_utils/share/ament_index/resource_index/package_run_dependencies/my_robot_utils
-- Installing: /home/dung/ros_ws/install/my_robot_utils/share/ament_index/resource_index/parent_prefix_path/my_robot_utils
-- Installing: /home/dung/ros_ws/install/my_robot_utils/share/my_robot_utils/environment/ament_prefix_path.sh
-- Installing: /home/dung/ros_ws/install/my_robot_utils/share/my_robot_utils/environment/ament_prefix_path.dsv
-- Installing: /home/dung/ros_ws/install/my_robot_utils/share/my_robot_utils/environment/path.sh
-- Installing: /home/dung/ros_ws/install/my_robot_utils/share/my_robot_utils/environment/path.dsv
-- Installing: /home/dung/ros_ws/install/my_robot_utils/share/my_robot_utils/local_setup.bash
-- Installing: /home/dung/ros_ws/install/my_robot_utils/share/my_robot_utils/local_setup.sh
-- Installing: /home/dung/ros_ws/install/my_robot_utils/share/my_robot_utils/local_setup.zsh
-- Installing: /home/dung/ros_ws/install/my_robot_utils/share/my_robot_utils/local_setup.dsv
-- Installing: /home/dung/ros_ws/install/my_robot_utils/share/my_robot_utils/package.dsv
-- Installing: /home/dung/ros_ws/install/my_robot_utils/share/ament_index/resource_index/packages/my_robot_utils
-- Installing: /home/dung/ros_ws/install/my_robot_utils/share/my_robot_utils/cmake/my_robot_utilsConfig.cmake
-- Installing: /home/dung/ros_ws/install/my_robot_utils/share/my_robot_utils/cmake/my_robot_utilsConfig-version.cmake
-- Installing: /home/dung/ros_ws/install/my_robot_utils/share/my_robot_utils/package.xml
