[0.038s] Invoking command in '/home/dung/ros_ws/build/my_robot_utils': CMAKE_PREFIX_PATH=${CMAKE_PREFIX_PATH}:/home/dung/ros_ws/install/keyboard_teleop:/opt/ros/humble /usr/bin/cmake /home/dung/ros_ws/src/my_robot_utils -DCMAKE_INSTALL_PREFIX=/home/dung/ros_ws/install/my_robot_utils
[0.227s] -- Found ament_cmake: 1.3.12 (/opt/ros/humble/share/ament_cmake/cmake)
[0.228s] -- Override CMake install command with custom implementation using symlinks instead of copying resources
[0.228s] -- Found rclpy: 3.3.17 (/opt/ros/humble/share/rclpy/cmake)
[0.228s] -- Found std_msgs: 4.9.0 (/opt/ros/humble/share/std_msgs/cmake)
[0.228s] -- Found rosidl_generator_c: 3.1.7 (/opt/ros/humble/share/rosidl_generator_c/cmake)
[0.228s] -- Found rosidl_adapter: 3.1.7 (/opt/ros/humble/share/rosidl_adapter/cmake)
[0.228s] -- Found rosidl_generator_cpp: 3.1.7 (/opt/ros/humble/share/rosidl_generator_cpp/cmake)
[0.228s] -- Using all available rosidl_typesupport_c: rosidl_typesupport_fastrtps_c;rosidl_typesupport_introspection_c
[0.230s] -- Using all available rosidl_typesupport_cpp: rosidl_typesupport_fastrtps_cpp;rosidl_typesupport_introspection_cpp
[0.253s] -- Found sensor_msgs: 4.9.0 (/opt/ros/humble/share/sensor_msgs/cmake)
[0.284s] -- Found twist_mux_msgs: 3.0.1 (/opt/ros/humble/share/twist_mux_msgs/cmake)
[0.371s] -- Found ament_lint_auto: 0.12.14 (/opt/ros/humble/share/ament_lint_auto/cmake)
[0.432s] -- Added test 'flake8' to check Python code syntax and style conventions
[0.432s] -- Added test 'lint_cmake' to check CMake code style
[0.432s] -- Added test 'pep257' to check Python code against some of the docstring style conventions in PEP 257
[0.432s] -- Added test 'xmllint' to check XML markup files
[0.433s] -- Configuring done
[0.437s] -- Generating done
[0.440s] -- Build files have been written to: /home/dung/ros_ws/build/my_robot_utils
[0.450s] Invoked command in '/home/dung/ros_ws/build/my_robot_utils' returned '0': CMAKE_PREFIX_PATH=${CMAKE_PREFIX_PATH}:/home/dung/ros_ws/install/keyboard_teleop:/opt/ros/humble /usr/bin/cmake /home/dung/ros_ws/src/my_robot_utils -DCMAKE_INSTALL_PREFIX=/home/dung/ros_ws/install/my_robot_utils
[0.463s] Invoking command in '/home/dung/ros_ws/build/my_robot_utils': CMAKE_PREFIX_PATH=${CMAKE_PREFIX_PATH}:/home/dung/ros_ws/install/keyboard_teleop:/opt/ros/humble /usr/bin/cmake --build /home/dung/ros_ws/build/my_robot_utils -- -j12 -l12
[0.503s] Built target ament_cmake_python_symlink_my_robot_utils
[0.768s] running egg_info
[0.768s] writing my_robot_utils.egg-info/PKG-INFO
[0.769s] writing dependency_links to my_robot_utils.egg-info/dependency_links.txt
[0.769s] writing top-level names to my_robot_utils.egg-info/top_level.txt
[0.773s] reading manifest file 'my_robot_utils.egg-info/SOURCES.txt'
[0.773s] writing manifest file 'my_robot_utils.egg-info/SOURCES.txt'
[0.810s] Built target ament_cmake_python_build_my_robot_utils_egg
[0.819s] Invoked command in '/home/dung/ros_ws/build/my_robot_utils' returned '0': CMAKE_PREFIX_PATH=${CMAKE_PREFIX_PATH}:/home/dung/ros_ws/install/keyboard_teleop:/opt/ros/humble /usr/bin/cmake --build /home/dung/ros_ws/build/my_robot_utils -- -j12 -l12
[0.820s] Invoking command in '/home/dung/ros_ws/build/my_robot_utils': CMAKE_PREFIX_PATH=${CMAKE_PREFIX_PATH}:/home/dung/ros_ws/install/keyboard_teleop:/opt/ros/humble /usr/bin/cmake --install /home/dung/ros_ws/build/my_robot_utils
[0.826s] -- Install configuration: ""
[0.826s] -- Execute custom install script
[0.827s] -- Up-to-date symlink: /home/dung/ros_ws/install/my_robot_utils/share/my_robot_utils/environment/pythonpath.sh
[0.827s] -- Up-to-date symlink: /home/dung/ros_ws/install/my_robot_utils/share/my_robot_utils/environment/pythonpath.dsv
[0.827s] -- Up-to-date symlink: /home/dung/ros_ws/install/my_robot_utils/local/lib/python3.10/dist-packages/my_robot_utils-0.0.0-py3.10.egg-info/PKG-INFO
[0.827s] -- Up-to-date symlink: /home/dung/ros_ws/install/my_robot_utils/local/lib/python3.10/dist-packages/my_robot_utils-0.0.0-py3.10.egg-info/SOURCES.txt
[0.827s] -- Up-to-date symlink: /home/dung/ros_ws/install/my_robot_utils/local/lib/python3.10/dist-packages/my_robot_utils-0.0.0-py3.10.egg-info/dependency_links.txt
[0.827s] -- Up-to-date symlink: /home/dung/ros_ws/install/my_robot_utils/local/lib/python3.10/dist-packages/my_robot_utils-0.0.0-py3.10.egg-info/top_level.txt
[0.828s] -- Up-to-date symlink: /home/dung/ros_ws/install/my_robot_utils/local/lib/python3.10/dist-packages/my_robot_utils/__init__.py
[0.828s] -- Up-to-date symlink: /home/dung/ros_ws/install/my_robot_utils/local/lib/python3.10/dist-packages/my_robot_utils/safety_stop.py
[0.828s] -- Up-to-date symlink: /home/dung/ros_ws/install/my_robot_utils/lib/my_robot_utils/safety_stop.py
[0.828s] -- Up-to-date symlink: /home/dung/ros_ws/install/my_robot_utils/share/ament_index/resource_index/package_run_dependencies/my_robot_utils
[0.828s] -- Up-to-date symlink: /home/dung/ros_ws/install/my_robot_utils/share/ament_index/resource_index/parent_prefix_path/my_robot_utils
[0.828s] -- Up-to-date symlink: /home/dung/ros_ws/install/my_robot_utils/share/my_robot_utils/environment/ament_prefix_path.sh
[0.828s] -- Up-to-date symlink: /home/dung/ros_ws/install/my_robot_utils/share/my_robot_utils/environment/ament_prefix_path.dsv
[0.828s] -- Up-to-date symlink: /home/dung/ros_ws/install/my_robot_utils/share/my_robot_utils/environment/path.sh
[0.829s] -- Up-to-date symlink: /home/dung/ros_ws/install/my_robot_utils/share/my_robot_utils/environment/path.dsv
[0.829s] -- Up-to-date symlink: /home/dung/ros_ws/install/my_robot_utils/share/my_robot_utils/local_setup.bash
[0.829s] -- Up-to-date symlink: /home/dung/ros_ws/install/my_robot_utils/share/my_robot_utils/local_setup.sh
[0.829s] -- Up-to-date symlink: /home/dung/ros_ws/install/my_robot_utils/share/my_robot_utils/local_setup.zsh
[0.829s] -- Up-to-date symlink: /home/dung/ros_ws/install/my_robot_utils/share/my_robot_utils/local_setup.dsv
[0.829s] -- Symlinking: /home/dung/ros_ws/install/my_robot_utils/share/my_robot_utils/package.dsv
[0.837s] -- Up-to-date symlink: /home/dung/ros_ws/install/my_robot_utils/share/ament_index/resource_index/packages/my_robot_utils
[0.837s] -- Up-to-date symlink: /home/dung/ros_ws/install/my_robot_utils/share/my_robot_utils/cmake/my_robot_utilsConfig.cmake
[0.837s] -- Up-to-date symlink: /home/dung/ros_ws/install/my_robot_utils/share/my_robot_utils/cmake/my_robot_utilsConfig-version.cmake
[0.837s] -- Up-to-date symlink: /home/dung/ros_ws/install/my_robot_utils/share/my_robot_utils/package.xml
[0.860s] Listing '/home/dung/ros_ws/install/my_robot_utils/local/lib/python3.10/dist-packages/my_robot_utils'...
[0.866s] Invoked command in '/home/dung/ros_ws/build/my_robot_utils' returned '0': CMAKE_PREFIX_PATH=${CMAKE_PREFIX_PATH}:/home/dung/ros_ws/install/keyboard_teleop:/opt/ros/humble /usr/bin/cmake --install /home/dung/ros_ws/build/my_robot_utils
