[0.021s] Invoking command in '/home/dung/ros_ws/build/my_robot_mapping': CMAKE_PREFIX_PATH=${CMAKE_PREFIX_PATH}:/home/dung/ros_ws/install/keyboard_teleop:/opt/ros/humble /usr/bin/cmake /home/dung/ros_ws/src/my_robot_mapping -DAMENT_CMAKE_SYMLINK_INSTALL=1 -DCMAKE_INSTALL_PREFIX=/home/dung/ros_ws/install/my_robot_mapping
[0.122s] -- The C compiler identification is GNU 11.4.0
[0.212s] -- The CXX compiler identification is GNU 11.4.0
[0.220s] -- Detecting C compiler ABI info
[0.296s] -- Detecting C compiler ABI info - done
[0.304s] -- Check for working C compiler: /usr/bin/cc - skipped
[0.304s] -- Detecting C compile features
[0.304s] -- Detecting C compile features - done
[0.306s] -- Detecting CXX compiler ABI info
[0.386s] -- Detecting CXX compiler ABI info - done
[0.393s] -- Check for working CXX compiler: /usr/bin/c++ - skipped
[0.393s] -- Detecting CXX compile features
[0.394s] -- Detecting CXX compile features - done
[0.396s] -- Found ament_cmake: 1.3.12 (/opt/ros/humble/share/ament_cmake/cmake)
[0.578s] -- Found Python3: /usr/bin/python3 (found version "3.10.12") found components: Interpreter 
[0.664s] -- Override CMake install command with custom implementation using symlinks instead of copying resources
[0.684s] -- Found ament_lint_auto: 0.12.14 (/opt/ros/humble/share/ament_lint_auto/cmake)
[0.762s] -- Added test 'flake8' to check Python code syntax and style conventions
[0.762s] -- Added test 'lint_cmake' to check CMake code style
[0.762s] -- Added test 'pep257' to check Python code against some of the docstring style conventions in PEP 257
[0.762s] -- Added test 'xmllint' to check XML markup files
[0.762s] -- Configuring done
[0.764s] -- Generating done
[0.769s] -- Build files have been written to: /home/dung/ros_ws/build/my_robot_mapping
[0.770s] Invoked command in '/home/dung/ros_ws/build/my_robot_mapping' returned '0': CMAKE_PREFIX_PATH=${CMAKE_PREFIX_PATH}:/home/dung/ros_ws/install/keyboard_teleop:/opt/ros/humble /usr/bin/cmake /home/dung/ros_ws/src/my_robot_mapping -DAMENT_CMAKE_SYMLINK_INSTALL=1 -DCMAKE_INSTALL_PREFIX=/home/dung/ros_ws/install/my_robot_mapping
[0.772s] Invoking command in '/home/dung/ros_ws/build/my_robot_mapping': CMAKE_PREFIX_PATH=${CMAKE_PREFIX_PATH}:/home/dung/ros_ws/install/keyboard_teleop:/opt/ros/humble /usr/bin/cmake --build /home/dung/ros_ws/build/my_robot_mapping -- -j12 -l12
[0.863s] Invoked command in '/home/dung/ros_ws/build/my_robot_mapping' returned '0': CMAKE_PREFIX_PATH=${CMAKE_PREFIX_PATH}:/home/dung/ros_ws/install/keyboard_teleop:/opt/ros/humble /usr/bin/cmake --build /home/dung/ros_ws/build/my_robot_mapping -- -j12 -l12
[0.866s] Invoking command in '/home/dung/ros_ws/build/my_robot_mapping': CMAKE_PREFIX_PATH=${CMAKE_PREFIX_PATH}:/home/dung/ros_ws/install/keyboard_teleop:/opt/ros/humble /usr/bin/cmake --install /home/dung/ros_ws/build/my_robot_mapping
[1.014s] -- Install configuration: ""
[1.014s] -- Execute custom install script
[1.014s] -- Symlinking: /home/dung/ros_ws/install/my_robot_mapping/share/my_robot_mapping/config/slam_toolbox.yaml
[1.014s] -- Symlinking: /home/dung/ros_ws/install/my_robot_mapping/share/my_robot_mapping/launch/slam.launch.py
[1.014s] -- Symlinking: /home/dung/ros_ws/install/my_robot_mapping/share/my_robot_mapping/maps/map/map.pgm
[1.014s] -- Symlinking: /home/dung/ros_ws/install/my_robot_mapping/share/my_robot_mapping/maps/map/map.yaml
[1.014s] -- Symlinking: /home/dung/ros_ws/install/my_robot_mapping/share/my_robot_mapping/maps/map/ttt.pgm
[1.015s] -- Symlinking: /home/dung/ros_ws/install/my_robot_mapping/share/my_robot_mapping/maps/map/ttt.yaml
[1.015s] -- Symlinking: /home/dung/ros_ws/install/my_robot_mapping/share/ament_index/resource_index/package_run_dependencies/my_robot_mapping
[1.015s] -- Symlinking: /home/dung/ros_ws/install/my_robot_mapping/share/ament_index/resource_index/parent_prefix_path/my_robot_mapping
[1.015s] -- Symlinking: /home/dung/ros_ws/install/my_robot_mapping/share/my_robot_mapping/environment/ament_prefix_path.sh
[1.015s] -- Symlinking: /home/dung/ros_ws/install/my_robot_mapping/share/my_robot_mapping/environment/ament_prefix_path.dsv
[1.015s] -- Symlinking: /home/dung/ros_ws/install/my_robot_mapping/share/my_robot_mapping/environment/path.sh
[1.015s] -- Symlinking: /home/dung/ros_ws/install/my_robot_mapping/share/my_robot_mapping/environment/path.dsv
[1.015s] -- Symlinking: /home/dung/ros_ws/install/my_robot_mapping/share/my_robot_mapping/local_setup.bash
[1.015s] -- Symlinking: /home/dung/ros_ws/install/my_robot_mapping/share/my_robot_mapping/local_setup.sh
[1.015s] -- Symlinking: /home/dung/ros_ws/install/my_robot_mapping/share/my_robot_mapping/local_setup.zsh
[1.015s] -- Symlinking: /home/dung/ros_ws/install/my_robot_mapping/share/my_robot_mapping/local_setup.dsv
[1.020s] -- Symlinking: /home/dung/ros_ws/install/my_robot_mapping/share/my_robot_mapping/package.dsv
[1.028s] -- Symlinking: /home/dung/ros_ws/install/my_robot_mapping/share/ament_index/resource_index/packages/my_robot_mapping
[1.034s] -- Symlinking: /home/dung/ros_ws/install/my_robot_mapping/share/my_robot_mapping/cmake/my_robot_mappingConfig.cmake
[1.044s] -- Symlinking: /home/dung/ros_ws/install/my_robot_mapping/share/my_robot_mapping/cmake/my_robot_mappingConfig-version.cmake
[1.061s] -- Symlinking: /home/dung/ros_ws/install/my_robot_mapping/share/my_robot_mapping/package.xml
[1.068s] Invoked command in '/home/dung/ros_ws/build/my_robot_mapping' returned '0': CMAKE_PREFIX_PATH=${CMAKE_PREFIX_PATH}:/home/dung/ros_ws/install/keyboard_teleop:/opt/ros/humble /usr/bin/cmake --install /home/dung/ros_ws/build/my_robot_mapping
