[0.028s] Invoking command in '/home/dung/ros_ws/build/my_robot_planning': CMAKE_PREFIX_PATH=${CMAKE_PREFIX_PATH}:/home/dung/ros_ws/install/keyboard_teleop:/opt/ros/humble /usr/bin/cmake /home/dung/ros_ws/src/my_robot_planning -DAMENT_CMAKE_SYMLINK_INSTALL=1 -DCMAKE_INSTALL_PREFIX=/home/dung/ros_ws/install/my_robot_planning
[0.110s] -- The C compiler identification is GNU 11.4.0
[0.207s] -- The CXX compiler identification is GNU 11.4.0
[0.215s] -- Detecting C compiler ABI info
[0.285s] -- Detecting C compiler ABI info - done
[0.292s] -- Check for working C compiler: /usr/bin/cc - skipped
[0.292s] -- Detecting C compile features
[0.292s] -- Detecting C compile features - done
[0.295s] -- Detecting CXX compiler ABI info
[0.380s] -- Detecting CXX compiler ABI info - done
[0.388s] -- Check for working CXX compiler: /usr/bin/c++ - skipped
[0.388s] -- Detecting CXX compile features
[0.389s] -- Detecting CXX compile features - done
[0.391s] -- Found ament_cmake: 1.3.12 (/opt/ros/humble/share/ament_cmake/cmake)
[0.565s] -- Found Python3: /usr/bin/python3 (found version "3.10.12") found components: Interpreter 
[0.635s] -- Override CMake install command with custom implementation using symlinks instead of copying resources
[0.663s] -- Found rclcpp: 16.0.15 (/opt/ros/humble/share/rclcpp/cmake)
[0.701s] -- Found rosidl_generator_c: 3.1.7 (/opt/ros/humble/share/rosidl_generator_c/cmake)
[0.706s] -- Found rosidl_adapter: 3.1.7 (/opt/ros/humble/share/rosidl_adapter/cmake)
[0.714s] -- Found rosidl_generator_cpp: 3.1.7 (/opt/ros/humble/share/rosidl_generator_cpp/cmake)
[0.727s] -- Using all available rosidl_typesupport_c: rosidl_typesupport_fastrtps_c;rosidl_typesupport_introspection_c
[0.743s] -- Using all available rosidl_typesupport_cpp: rosidl_typesupport_fastrtps_cpp;rosidl_typesupport_introspection_cpp
[0.790s] -- Found rmw_implementation_cmake: 6.1.2 (/opt/ros/humble/share/rmw_implementation_cmake/cmake)
[0.794s] -- Found rmw_fastrtps_cpp: 6.2.9 (/opt/ros/humble/share/rmw_fastrtps_cpp/cmake)
[0.883s] -- Found OpenSSL: /usr/lib/x86_64-linux-gnu/libcrypto.so (found version "3.0.2")  
[0.912s] -- Found FastRTPS: /opt/ros/humble/include  
[0.956s] -- Using RMW implementation 'rmw_fastrtps_cpp' as default
[0.969s] -- Looking for pthread.h
[1.049s] -- Looking for pthread.h - found
[1.049s] -- Performing Test CMAKE_HAVE_LIBC_PTHREAD
[1.128s] -- Performing Test CMAKE_HAVE_LIBC_PTHREAD - Success
[1.129s] -- Found Threads: TRUE  
[1.187s] -- Found rclcpp_action: 16.0.15 (/opt/ros/humble/share/rclcpp_action/cmake)
[1.229s] -- Found rclpy: 3.3.17 (/opt/ros/humble/share/rclpy/cmake)
[1.230s] -- Found nav_msgs: 4.9.0 (/opt/ros/humble/share/nav_msgs/cmake)
[1.254s] -- Found tf2_ros: 0.25.16 (/opt/ros/humble/share/tf2_ros/cmake)
[1.307s] -- Found nav2_core: 1.1.19 (/opt/ros/humble/share/nav2_core/cmake)
[1.454s] -- Found Eigen3: TRUE (found version "3.4.0") 
[1.454s] -- Ensuring Eigen3 include directory is part of orocos-kdl CMake target
[1.733s] -- Found ament_lint_auto: 0.12.14 (/opt/ros/humble/share/ament_lint_auto/cmake)
[1.793s] -- Added test 'cppcheck' to perform static code analysis on C / C++ code
[1.794s] -- Configured cppcheck include dirs: /home/dung/ros_ws/src/my_robot_planning/include
[1.794s] -- Configured cppcheck exclude dirs and/or files: 
[1.794s] -- Added test 'flake8' to check Python code syntax and style conventions
[1.795s] -- Added test 'lint_cmake' to check CMake code style
[1.795s] -- Added test 'pep257' to check Python code against some of the docstring style conventions in PEP 257
[1.796s] -- Added test 'uncrustify' to check C / C++ code style
[1.796s] -- Configured uncrustify additional arguments: 
[1.797s] -- Added test 'xmllint' to check XML markup files
[1.799s] -- Configuring done
[1.859s] -- Generating done
[1.872s] -- Build files have been written to: /home/dung/ros_ws/build/my_robot_planning
[1.886s] Invoked command in '/home/dung/ros_ws/build/my_robot_planning' returned '0': CMAKE_PREFIX_PATH=${CMAKE_PREFIX_PATH}:/home/dung/ros_ws/install/keyboard_teleop:/opt/ros/humble /usr/bin/cmake /home/dung/ros_ws/src/my_robot_planning -DAMENT_CMAKE_SYMLINK_INSTALL=1 -DCMAKE_INSTALL_PREFIX=/home/dung/ros_ws/install/my_robot_planning
[1.888s] Invoking command in '/home/dung/ros_ws/build/my_robot_planning': CMAKE_PREFIX_PATH=${CMAKE_PREFIX_PATH}:/home/dung/ros_ws/install/keyboard_teleop:/opt/ros/humble /usr/bin/cmake --build /home/dung/ros_ws/build/my_robot_planning -- -j12 -l12
[1.931s] [ 25%] [32mBuilding CXX object CMakeFiles/dijkstra_planner.dir/src/dijkstra_planner.cpp.o[0m
[1.931s] [ 50%] [32mBuilding CXX object CMakeFiles/a_star.dir/src/a_star.cpp.o[0m
[1.937s] [ 50%] Built target ament_cmake_python_symlink_my_robot_planning
[2.195s] running egg_info
[2.196s] creating my_robot_planning.egg-info
[2.196s] writing my_robot_planning.egg-info/PKG-INFO
[2.196s] writing dependency_links to my_robot_planning.egg-info/dependency_links.txt
[2.196s] writing top-level names to my_robot_planning.egg-info/top_level.txt
[2.198s] writing manifest file 'my_robot_planning.egg-info/SOURCES.txt'
[2.200s] reading manifest file 'my_robot_planning.egg-info/SOURCES.txt'
[2.201s] writing manifest file 'my_robot_planning.egg-info/SOURCES.txt'
[2.233s] [ 50%] Built target ament_cmake_python_build_my_robot_planning_egg
[6.141s] [ 75%] [32m[1mLinking CXX shared library liba_star.so[0m
[6.330s] [ 75%] Built target a_star
[6.794s] [100%] [32m[1mLinking CXX shared library libdijkstra_planner.so[0m
[7.050s] [100%] Built target dijkstra_planner
[7.057s] Invoked command in '/home/dung/ros_ws/build/my_robot_planning' returned '0': CMAKE_PREFIX_PATH=${CMAKE_PREFIX_PATH}:/home/dung/ros_ws/install/keyboard_teleop:/opt/ros/humble /usr/bin/cmake --build /home/dung/ros_ws/build/my_robot_planning -- -j12 -l12
[7.058s] Invoking command in '/home/dung/ros_ws/build/my_robot_planning': CMAKE_PREFIX_PATH=${CMAKE_PREFIX_PATH}:/home/dung/ros_ws/install/keyboard_teleop:/opt/ros/humble /usr/bin/cmake --install /home/dung/ros_ws/build/my_robot_planning
[7.062s] -- Install configuration: ""
[7.062s] -- Execute custom install script
[7.063s] -- Symlinking: /home/dung/ros_ws/install/my_robot_planning/share/my_robot_planning/environment/pythonpath.sh
[7.068s] -- Symlinking: /home/dung/ros_ws/install/my_robot_planning/share/my_robot_planning/environment/pythonpath.dsv
[7.073s] -- Symlinking: /home/dung/ros_ws/install/my_robot_planning/local/lib/python3.10/dist-packages/my_robot_planning-0.0.0-py3.10.egg-info/PKG-INFO
[7.077s] -- Symlinking: /home/dung/ros_ws/install/my_robot_planning/local/lib/python3.10/dist-packages/my_robot_planning-0.0.0-py3.10.egg-info/SOURCES.txt
[7.082s] -- Symlinking: /home/dung/ros_ws/install/my_robot_planning/local/lib/python3.10/dist-packages/my_robot_planning-0.0.0-py3.10.egg-info/dependency_links.txt
[7.089s] -- Symlinking: /home/dung/ros_ws/install/my_robot_planning/local/lib/python3.10/dist-packages/my_robot_planning-0.0.0-py3.10.egg-info/top_level.txt
[7.094s] -- Symlinking: /home/dung/ros_ws/install/my_robot_planning/local/lib/python3.10/dist-packages/my_robot_planning/__init__.py
[7.100s] -- Symlinking: /home/dung/ros_ws/install/my_robot_planning/local/lib/python3.10/dist-packages/my_robot_planning/a_star.py
[7.106s] -- Symlinking: /home/dung/ros_ws/install/my_robot_planning/local/lib/python3.10/dist-packages/my_robot_planning/dijkstra_planner.py
[7.111s] -- Symlinking: /home/dung/ros_ws/install/my_robot_planning/share/my_robot_planning//global_planner_plugins.xml
[7.116s] -- Symlinking: /home/dung/ros_ws/install/my_robot_planning/lib/my_robot_planning/dijkstra_planner.py
[7.121s] -- Symlinking: /home/dung/ros_ws/install/my_robot_planning/lib/my_robot_planning/a_star.py
[7.126s] -- Symlinking: /home/dung/ros_ws/install/my_robot_planning/include/include/my_robot_planning/a_star.hpp
[7.130s] -- Symlinking: /home/dung/ros_ws/install/my_robot_planning/include/include/my_robot_planning/dijkstra_planner.hpp
[7.135s] -- Symlinking: /home/dung/ros_ws/install/my_robot_planning/lib/libdijkstra_planner.so
[7.141s] -- Symlinking: /home/dung/ros_ws/install/my_robot_planning/lib/liba_star.so
[7.146s] -- Up-to-date symlink: /home/dung/ros_ws/install/my_robot_planning/share/my_robot_planning/global_planner_plugins.xml
[7.146s] -- Symlinking: /home/dung/ros_ws/install/my_robot_planning/share/ament_index/resource_index/package_run_dependencies/my_robot_planning
[7.152s] -- Symlinking: /home/dung/ros_ws/install/my_robot_planning/share/ament_index/resource_index/parent_prefix_path/my_robot_planning
[7.158s] -- Symlinking: /home/dung/ros_ws/install/my_robot_planning/share/my_robot_planning/environment/ament_prefix_path.sh
[7.162s] -- Symlinking: /home/dung/ros_ws/install/my_robot_planning/share/my_robot_planning/environment/ament_prefix_path.dsv
[7.167s] -- Symlinking: /home/dung/ros_ws/install/my_robot_planning/share/my_robot_planning/environment/path.sh
[7.172s] -- Symlinking: /home/dung/ros_ws/install/my_robot_planning/share/my_robot_planning/environment/path.dsv
[7.176s] -- Symlinking: /home/dung/ros_ws/install/my_robot_planning/share/my_robot_planning/local_setup.bash
[7.181s] -- Symlinking: /home/dung/ros_ws/install/my_robot_planning/share/my_robot_planning/local_setup.sh
[7.186s] -- Symlinking: /home/dung/ros_ws/install/my_robot_planning/share/my_robot_planning/local_setup.zsh
[7.191s] -- Symlinking: /home/dung/ros_ws/install/my_robot_planning/share/my_robot_planning/local_setup.dsv
[7.195s] -- Symlinking: /home/dung/ros_ws/install/my_robot_planning/share/my_robot_planning/package.dsv
[7.200s] -- Symlinking: /home/dung/ros_ws/install/my_robot_planning/share/ament_index/resource_index/packages/my_robot_planning
[7.205s] -- Symlinking: /home/dung/ros_ws/install/my_robot_planning/share/ament_index/resource_index/nav2_core__pluginlib__plugin/my_robot_planning
[7.210s] -- Symlinking: /home/dung/ros_ws/install/my_robot_planning/share/my_robot_planning/cmake/ament_cmake_export_include_directories-extras.cmake
[7.215s] -- Symlinking: /home/dung/ros_ws/install/my_robot_planning/share/my_robot_planning/cmake/ament_cmake_export_dependencies-extras.cmake
[7.220s] -- Symlinking: /home/dung/ros_ws/install/my_robot_planning/share/my_robot_planning/cmake/my_robot_planningConfig.cmake
[7.225s] -- Symlinking: /home/dung/ros_ws/install/my_robot_planning/share/my_robot_planning/cmake/my_robot_planningConfig-version.cmake
[7.229s] -- Symlinking: /home/dung/ros_ws/install/my_robot_planning/share/my_robot_planning/package.xml
[7.259s] Listing '/home/dung/ros_ws/install/my_robot_planning/local/lib/python3.10/dist-packages/my_robot_planning'...
[7.259s] Compiling '/home/dung/ros_ws/install/my_robot_planning/local/lib/python3.10/dist-packages/my_robot_planning/__init__.py'...
[7.259s] Compiling '/home/dung/ros_ws/install/my_robot_planning/local/lib/python3.10/dist-packages/my_robot_planning/a_star.py'...
[7.259s] Compiling '/home/dung/ros_ws/install/my_robot_planning/local/lib/python3.10/dist-packages/my_robot_planning/dijkstra_planner.py'...
[7.263s] Invoked command in '/home/dung/ros_ws/build/my_robot_planning' returned '0': CMAKE_PREFIX_PATH=${CMAKE_PREFIX_PATH}:/home/dung/ros_ws/install/keyboard_teleop:/opt/ros/humble /usr/bin/cmake --install /home/dung/ros_ws/build/my_robot_planning
