[100%] Built target pd_motion_planner
-- Install configuration: ""
-- Up-to-date: /home/dung/ros_ws/install/my_robot_motion/share/my_robot_motion/motion_planner_plugins.xml
-- Up-to-date: /home/dung/ros_ws/install/my_robot_motion/lib/my_robot_motion/pd_motion_planner.py
-- Up-to-date: /home/dung/ros_ws/install/my_robot_motion/lib/my_robot_motion/pure_pursuit.py
-- Up-to-date: /home/dung/ros_ws/install/my_robot_motion/include/include
-- Up-to-date: /home/dung/ros_ws/install/my_robot_motion/include/include/my_robot_motion
-- Up-to-date: /home/dung/ros_ws/install/my_robot_motion/include/include/my_robot_motion/pd_motion_planner.hpp
-- Up-to-date: /home/dung/ros_ws/install/my_robot_motion/lib/libpd_motion_planner.so
-- Up-to-date: /home/dung/ros_ws/install/my_robot_motion/share/my_robot_motion/motion_planner_plugins.xml
-- Up-to-date: /home/dung/ros_ws/install/my_robot_motion/share/my_robot_motion/environment/library_path.sh
-- Up-to-date: /home/dung/ros_ws/install/my_robot_motion/share/my_robot_motion/environment/library_path.dsv
-- Up-to-date: /home/dung/ros_ws/install/my_robot_motion/share/ament_index/resource_index/package_run_dependencies/my_robot_motion
-- Up-to-date: /home/dung/ros_ws/install/my_robot_motion/share/ament_index/resource_index/parent_prefix_path/my_robot_motion
-- Up-to-date: /home/dung/ros_ws/install/my_robot_motion/share/my_robot_motion/environment/ament_prefix_path.sh
-- Up-to-date: /home/dung/ros_ws/install/my_robot_motion/share/my_robot_motion/environment/ament_prefix_path.dsv
-- Up-to-date: /home/dung/ros_ws/install/my_robot_motion/share/my_robot_motion/environment/path.sh
-- Up-to-date: /home/dung/ros_ws/install/my_robot_motion/share/my_robot_motion/environment/path.dsv
-- Up-to-date: /home/dung/ros_ws/install/my_robot_motion/share/my_robot_motion/local_setup.bash
-- Up-to-date: /home/dung/ros_ws/install/my_robot_motion/share/my_robot_motion/local_setup.sh
-- Up-to-date: /home/dung/ros_ws/install/my_robot_motion/share/my_robot_motion/local_setup.zsh
-- Up-to-date: /home/dung/ros_ws/install/my_robot_motion/share/my_robot_motion/local_setup.dsv
-- Installing: /home/dung/ros_ws/install/my_robot_motion/share/my_robot_motion/package.dsv
-- Up-to-date: /home/dung/ros_ws/install/my_robot_motion/share/ament_index/resource_index/packages/my_robot_motion
-- Up-to-date: /home/dung/ros_ws/install/my_robot_motion/share/ament_index/resource_index/nav2_core__pluginlib__plugin/my_robot_motion
-- Up-to-date: /home/dung/ros_ws/install/my_robot_motion/share/my_robot_motion/cmake/ament_cmake_export_include_directories-extras.cmake
-- Up-to-date: /home/dung/ros_ws/install/my_robot_motion/share/my_robot_motion/cmake/ament_cmake_export_dependencies-extras.cmake
-- Up-to-date: /home/dung/ros_ws/install/my_robot_motion/share/my_robot_motion/cmake/ament_cmake_export_libraries-extras.cmake
-- Up-to-date: /home/dung/ros_ws/install/my_robot_motion/share/my_robot_motion/cmake/my_robot_motionConfig.cmake
-- Up-to-date: /home/dung/ros_ws/install/my_robot_motion/share/my_robot_motion/cmake/my_robot_motionConfig-version.cmake
-- Up-to-date: /home/dung/ros_ws/install/my_robot_motion/share/my_robot_motion/package.xml
