[0.023s] Invoking command in '/home/dung/ros_ws/build/my_robot_firmware': CMAKE_PREFIX_PATH=${CMAKE_PREFIX_PATH}:/home/dung/ros_ws/install/keyboard_teleop:/opt/ros/humble /usr/bin/cmake --build /home/dung/ros_ws/build/my_robot_firmware -- -j12 -l12
[0.070s] Built target ament_cmake_python_symlink_my_robot_firmware
[0.339s] running egg_info
[0.340s] writing my_robot_firmware.egg-info/PKG-INFO
[0.340s] writing dependency_links to my_robot_firmware.egg-info/dependency_links.txt
[0.341s] writing top-level names to my_robot_firmware.egg-info/top_level.txt
[0.343s] reading manifest file 'my_robot_firmware.egg-info/SOURCES.txt'
[0.344s] writing manifest file 'my_robot_firmware.egg-info/SOURCES.txt'
[0.391s] Built target ament_cmake_python_build_my_robot_firmware_egg
[0.404s] Invoked command in '/home/dung/ros_ws/build/my_robot_firmware' returned '0': CMAKE_PREFIX_PATH=${CMAKE_PREFIX_PATH}:/home/dung/ros_ws/install/keyboard_teleop:/opt/ros/humble /usr/bin/cmake --build /home/dung/ros_ws/build/my_robot_firmware -- -j12 -l12
[0.406s] Invoking command in '/home/dung/ros_ws/build/my_robot_firmware': CMAKE_PREFIX_PATH=${CMAKE_PREFIX_PATH}:/home/dung/ros_ws/install/keyboard_teleop:/opt/ros/humble /usr/bin/cmake --install /home/dung/ros_ws/build/my_robot_firmware
[0.416s] -- Install configuration: ""
[0.416s] -- Execute custom install script
[0.416s] -- Up-to-date symlink: /home/dung/ros_ws/install/my_robot_firmware/share/my_robot_firmware/environment/pythonpath.sh
[0.416s] -- Up-to-date symlink: /home/dung/ros_ws/install/my_robot_firmware/share/my_robot_firmware/environment/pythonpath.dsv
[0.417s] -- Up-to-date symlink: /home/dung/ros_ws/install/my_robot_firmware/local/lib/python3.10/dist-packages/my_robot_firmware-0.0.0-py3.10.egg-info/PKG-INFO
[0.417s] -- Up-to-date symlink: /home/dung/ros_ws/install/my_robot_firmware/local/lib/python3.10/dist-packages/my_robot_firmware-0.0.0-py3.10.egg-info/SOURCES.txt
[0.417s] -- Up-to-date symlink: /home/dung/ros_ws/install/my_robot_firmware/local/lib/python3.10/dist-packages/my_robot_firmware-0.0.0-py3.10.egg-info/dependency_links.txt
[0.417s] -- Up-to-date symlink: /home/dung/ros_ws/install/my_robot_firmware/local/lib/python3.10/dist-packages/my_robot_firmware-0.0.0-py3.10.egg-info/top_level.txt
[0.417s] -- Up-to-date symlink: /home/dung/ros_ws/install/my_robot_firmware/local/lib/python3.10/dist-packages/my_robot_firmware/__init__.py
[0.417s] -- Up-to-date symlink: /home/dung/ros_ws/install/my_robot_firmware/local/lib/python3.10/dist-packages/my_robot_firmware/simple_serial_send.py
[0.417s] -- Up-to-date symlink: /home/dung/ros_ws/install/my_robot_firmware/lib/my_robot_firmware/simple_serial_send.py
[0.417s] -- Up-to-date symlink: /home/dung/ros_ws/install/my_robot_firmware/share/ament_index/resource_index/package_run_dependencies/my_robot_firmware
[0.417s] -- Up-to-date symlink: /home/dung/ros_ws/install/my_robot_firmware/share/ament_index/resource_index/parent_prefix_path/my_robot_firmware
[0.417s] -- Up-to-date symlink: /home/dung/ros_ws/install/my_robot_firmware/share/my_robot_firmware/environment/ament_prefix_path.sh
[0.417s] -- Up-to-date symlink: /home/dung/ros_ws/install/my_robot_firmware/share/my_robot_firmware/environment/ament_prefix_path.dsv
[0.417s] -- Up-to-date symlink: /home/dung/ros_ws/install/my_robot_firmware/share/my_robot_firmware/environment/path.sh
[0.417s] -- Up-to-date symlink: /home/dung/ros_ws/install/my_robot_firmware/share/my_robot_firmware/environment/path.dsv
[0.417s] -- Up-to-date symlink: /home/dung/ros_ws/install/my_robot_firmware/share/my_robot_firmware/local_setup.bash
[0.417s] -- Up-to-date symlink: /home/dung/ros_ws/install/my_robot_firmware/share/my_robot_firmware/local_setup.sh
[0.417s] -- Up-to-date symlink: /home/dung/ros_ws/install/my_robot_firmware/share/my_robot_firmware/local_setup.zsh
[0.417s] -- Up-to-date symlink: /home/dung/ros_ws/install/my_robot_firmware/share/my_robot_firmware/local_setup.dsv
[0.418s] -- Symlinking: /home/dung/ros_ws/install/my_robot_firmware/share/my_robot_firmware/package.dsv
[0.427s] -- Up-to-date symlink: /home/dung/ros_ws/install/my_robot_firmware/share/ament_index/resource_index/packages/my_robot_firmware
[0.427s] -- Up-to-date symlink: /home/dung/ros_ws/install/my_robot_firmware/share/my_robot_firmware/cmake/my_robot_firmwareConfig.cmake
[0.427s] -- Up-to-date symlink: /home/dung/ros_ws/install/my_robot_firmware/share/my_robot_firmware/cmake/my_robot_firmwareConfig-version.cmake
[0.427s] -- Up-to-date symlink: /home/dung/ros_ws/install/my_robot_firmware/share/my_robot_firmware/package.xml
[0.455s] Listing '/home/dung/ros_ws/install/my_robot_firmware/local/lib/python3.10/dist-packages/my_robot_firmware'...
[0.463s] Invoked command in '/home/dung/ros_ws/build/my_robot_firmware' returned '0': CMAKE_PREFIX_PATH=${CMAKE_PREFIX_PATH}:/home/dung/ros_ws/install/keyboard_teleop:/opt/ros/humble /usr/bin/cmake --install /home/dung/ros_ws/build/my_robot_firmware
