[0.031s] Invoking command in '/home/dung/ros_ws/build/my_robot_navi': CMAKE_PREFIX_PATH=${CMAKE_PREFIX_PATH}:/home/dung/ros_ws/install/keyboard_teleop:/opt/ros/humble /usr/bin/cmake --build /home/dung/ros_ws/build/my_robot_navi -- -j12 -l12
[0.087s] Built target ament_cmake_python_symlink_my_robot_navi
[0.309s] running egg_info
[0.309s] writing my_robot_navi.egg-info/PKG-INFO
[0.309s] writing dependency_links to my_robot_navi.egg-info/dependency_links.txt
[0.310s] writing top-level names to my_robot_navi.egg-info/top_level.txt
[0.312s] reading manifest file 'my_robot_navi.egg-info/SOURCES.txt'
[0.313s] writing manifest file 'my_robot_navi.egg-info/SOURCES.txt'
[0.359s] Built target ament_cmake_python_build_my_robot_navi_egg
[0.376s] Invoked command in '/home/dung/ros_ws/build/my_robot_navi' returned '0': CMAKE_PREFIX_PATH=${CMAKE_PREFIX_PATH}:/home/dung/ros_ws/install/keyboard_teleop:/opt/ros/humble /usr/bin/cmake --build /home/dung/ros_ws/build/my_robot_navi -- -j12 -l12
[0.378s] Invoking command in '/home/dung/ros_ws/build/my_robot_navi': CMAKE_PREFIX_PATH=${CMAKE_PREFIX_PATH}:/home/dung/ros_ws/install/keyboard_teleop:/opt/ros/humble /usr/bin/cmake --install /home/dung/ros_ws/build/my_robot_navi
[0.383s] -- Install configuration: ""
[0.383s] -- Execute custom install script
[0.383s] -- Up-to-date symlink: /home/dung/ros_ws/install/my_robot_navi/share/my_robot_navi/environment/pythonpath.sh
[0.383s] -- Up-to-date symlink: /home/dung/ros_ws/install/my_robot_navi/share/my_robot_navi/environment/pythonpath.dsv
[0.383s] -- Up-to-date symlink: /home/dung/ros_ws/install/my_robot_navi/local/lib/python3.10/dist-packages/my_robot_navi-0.0.0-py3.10.egg-info/PKG-INFO
[0.383s] -- Up-to-date symlink: /home/dung/ros_ws/install/my_robot_navi/local/lib/python3.10/dist-packages/my_robot_navi-0.0.0-py3.10.egg-info/SOURCES.txt
[0.384s] -- Up-to-date symlink: /home/dung/ros_ws/install/my_robot_navi/local/lib/python3.10/dist-packages/my_robot_navi-0.0.0-py3.10.egg-info/dependency_links.txt
[0.384s] -- Up-to-date symlink: /home/dung/ros_ws/install/my_robot_navi/local/lib/python3.10/dist-packages/my_robot_navi-0.0.0-py3.10.egg-info/top_level.txt
[0.384s] -- Up-to-date symlink: /home/dung/ros_ws/install/my_robot_navi/local/lib/python3.10/dist-packages/my_robot_navi/__init__.py
[0.384s] -- Up-to-date symlink: /home/dung/ros_ws/install/my_robot_navi/local/lib/python3.10/dist-packages/my_robot_navi/simple_goal_get.py
[0.384s] -- Up-to-date symlink: /home/dung/ros_ws/install/my_robot_navi/local/lib/python3.10/dist-packages/my_robot_navi/simple_goal_pub.py
[0.384s] -- Up-to-date symlink: /home/dung/ros_ws/install/my_robot_navi/share/my_robot_navi/config/behavior_server.yaml
[0.384s] -- Up-to-date symlink: /home/dung/ros_ws/install/my_robot_navi/share/my_robot_navi/config/bt_navigation.yaml
[0.384s] -- Up-to-date symlink: /home/dung/ros_ws/install/my_robot_navi/share/my_robot_navi/config/controller_server.yaml
[0.384s] -- Up-to-date symlink: /home/dung/ros_ws/install/my_robot_navi/share/my_robot_navi/config/costmap.yaml
[0.384s] -- Up-to-date symlink: /home/dung/ros_ws/install/my_robot_navi/share/my_robot_navi/config/planner_server.yaml
[0.384s] -- Up-to-date symlink: /home/dung/ros_ws/install/my_robot_navi/share/my_robot_navi/config/smoother_server.yaml
[0.385s] -- Up-to-date symlink: /home/dung/ros_ws/install/my_robot_navi/share/my_robot_navi/launch/navigation.launch.py
[0.385s] -- Up-to-date symlink: /home/dung/ros_ws/install/my_robot_navi/share/my_robot_navi/behavior_tree/simple_navigation.xml
[0.385s] -- Up-to-date symlink: /home/dung/ros_ws/install/my_robot_navi/share/my_robot_navi/behavior_tree/simple_navigation_2.xml
[0.385s] -- Up-to-date symlink: /home/dung/ros_ws/install/my_robot_navi/lib/my_robot_navi/simple_goal_get.py
[0.385s] -- Up-to-date symlink: /home/dung/ros_ws/install/my_robot_navi/lib/my_robot_navi/simple_goal_pub.py
[0.385s] -- Up-to-date symlink: /home/dung/ros_ws/install/my_robot_navi/share/ament_index/resource_index/package_run_dependencies/my_robot_navi
[0.385s] -- Up-to-date symlink: /home/dung/ros_ws/install/my_robot_navi/share/ament_index/resource_index/parent_prefix_path/my_robot_navi
[0.385s] -- Up-to-date symlink: /home/dung/ros_ws/install/my_robot_navi/share/my_robot_navi/environment/ament_prefix_path.sh
[0.385s] -- Up-to-date symlink: /home/dung/ros_ws/install/my_robot_navi/share/my_robot_navi/environment/ament_prefix_path.dsv
[0.385s] -- Up-to-date symlink: /home/dung/ros_ws/install/my_robot_navi/share/my_robot_navi/environment/path.sh
[0.385s] -- Up-to-date symlink: /home/dung/ros_ws/install/my_robot_navi/share/my_robot_navi/environment/path.dsv
[0.386s] -- Up-to-date symlink: /home/dung/ros_ws/install/my_robot_navi/share/my_robot_navi/local_setup.bash
[0.386s] -- Up-to-date symlink: /home/dung/ros_ws/install/my_robot_navi/share/my_robot_navi/local_setup.sh
[0.386s] -- Up-to-date symlink: /home/dung/ros_ws/install/my_robot_navi/share/my_robot_navi/local_setup.zsh
[0.386s] -- Up-to-date symlink: /home/dung/ros_ws/install/my_robot_navi/share/my_robot_navi/local_setup.dsv
[0.386s] -- Symlinking: /home/dung/ros_ws/install/my_robot_navi/share/my_robot_navi/package.dsv
[0.394s] -- Up-to-date symlink: /home/dung/ros_ws/install/my_robot_navi/share/ament_index/resource_index/packages/my_robot_navi
[0.394s] -- Up-to-date symlink: /home/dung/ros_ws/install/my_robot_navi/share/my_robot_navi/cmake/my_robot_naviConfig.cmake
[0.394s] -- Up-to-date symlink: /home/dung/ros_ws/install/my_robot_navi/share/my_robot_navi/cmake/my_robot_naviConfig-version.cmake
[0.394s] -- Up-to-date symlink: /home/dung/ros_ws/install/my_robot_navi/share/my_robot_navi/package.xml
[0.427s] Listing '/home/dung/ros_ws/install/my_robot_navi/local/lib/python3.10/dist-packages/my_robot_navi'...
[0.427s] Compiling '/home/dung/ros_ws/install/my_robot_navi/local/lib/python3.10/dist-packages/my_robot_navi/simple_goal_get.py'...
[0.427s] Compiling '/home/dung/ros_ws/install/my_robot_navi/local/lib/python3.10/dist-packages/my_robot_navi/simple_goal_pub.py'...
[0.441s] Invoked command in '/home/dung/ros_ws/build/my_robot_navi' returned '0': CMAKE_PREFIX_PATH=${CMAKE_PREFIX_PATH}:/home/dung/ros_ws/install/keyboard_teleop:/opt/ros/humble /usr/bin/cmake --install /home/dung/ros_ws/build/my_robot_navi
