-- Install configuration: ""
-- Up-to-date: /home/dung/ros_ws/install/my_robot_navi/share/my_robot_navi/config
-- Installing: /home/dung/ros_ws/install/my_robot_navi/share/my_robot_navi/config/planner_server.yaml
-- Up-to-date: /home/dung/ros_ws/install/my_robot_navi/share/my_robot_navi/config/bt_navigation.yaml
-- Up-to-date: /home/dung/ros_ws/install/my_robot_navi/share/my_robot_navi/config/smoother_server.yaml
-- Up-to-date: /home/dung/ros_ws/install/my_robot_navi/share/my_robot_navi/config/controller_server.yaml
-- Up-to-date: /home/dung/ros_ws/install/my_robot_navi/share/my_robot_navi/config/costmap.yaml
-- Up-to-date: /home/dung/ros_ws/install/my_robot_navi/share/my_robot_navi/launch
-- Up-to-date: /home/dung/ros_ws/install/my_robot_navi/share/my_robot_navi/launch/navigation.launch.py
-- Up-to-date: /home/dung/ros_ws/install/my_robot_navi/share/my_robot_navi/behavior_tree
-- Up-to-date: /home/dung/ros_ws/install/my_robot_navi/share/my_robot_navi/behavior_tree/simple_navigation.xml
-- Up-to-date: /home/dung/ros_ws/install/my_robot_navi/share/ament_index/resource_index/package_run_dependencies/my_robot_navi
-- Up-to-date: /home/dung/ros_ws/install/my_robot_navi/share/ament_index/resource_index/parent_prefix_path/my_robot_navi
-- Up-to-date: /home/dung/ros_ws/install/my_robot_navi/share/my_robot_navi/environment/ament_prefix_path.sh
-- Up-to-date: /home/dung/ros_ws/install/my_robot_navi/share/my_robot_navi/environment/ament_prefix_path.dsv
-- Up-to-date: /home/dung/ros_ws/install/my_robot_navi/share/my_robot_navi/environment/path.sh
-- Up-to-date: /home/dung/ros_ws/install/my_robot_navi/share/my_robot_navi/environment/path.dsv
-- Up-to-date: /home/dung/ros_ws/install/my_robot_navi/share/my_robot_navi/local_setup.bash
-- Up-to-date: /home/dung/ros_ws/install/my_robot_navi/share/my_robot_navi/local_setup.sh
-- Up-to-date: /home/dung/ros_ws/install/my_robot_navi/share/my_robot_navi/local_setup.zsh
-- Up-to-date: /home/dung/ros_ws/install/my_robot_navi/share/my_robot_navi/local_setup.dsv
-- Installing: /home/dung/ros_ws/install/my_robot_navi/share/my_robot_navi/package.dsv
-- Up-to-date: /home/dung/ros_ws/install/my_robot_navi/share/ament_index/resource_index/packages/my_robot_navi
-- Up-to-date: /home/dung/ros_ws/install/my_robot_navi/share/my_robot_navi/cmake/my_robot_naviConfig.cmake
-- Up-to-date: /home/dung/ros_ws/install/my_robot_navi/share/my_robot_navi/cmake/my_robot_naviConfig-version.cmake
-- Up-to-date: /home/dung/ros_ws/install/my_robot_navi/share/my_robot_navi/package.xml
