Built target ament_cmake_python_symlink_my_robot_navi
running egg_info
writing my_robot_navi.egg-info/PKG-INFO
writing dependency_links to my_robot_navi.egg-info/dependency_links.txt
writing top-level names to my_robot_navi.egg-info/top_level.txt
reading manifest file 'my_robot_navi.egg-info/SOURCES.txt'
writing manifest file 'my_robot_navi.egg-info/SOURCES.txt'
Built target ament_cmake_python_build_my_robot_navi_egg
-- Install configuration: ""
-- Execute custom install script
-- Up-to-date symlink: /home/dung/ros_ws/install/my_robot_navi/share/my_robot_navi/environment/pythonpath.sh
-- Up-to-date symlink: /home/dung/ros_ws/install/my_robot_navi/share/my_robot_navi/environment/pythonpath.dsv
-- Up-to-date symlink: /home/dung/ros_ws/install/my_robot_navi/local/lib/python3.10/dist-packages/my_robot_navi-0.0.0-py3.10.egg-info/PKG-INFO
-- Up-to-date symlink: /home/dung/ros_ws/install/my_robot_navi/local/lib/python3.10/dist-packages/my_robot_navi-0.0.0-py3.10.egg-info/SOURCES.txt
-- Up-to-date symlink: /home/dung/ros_ws/install/my_robot_navi/local/lib/python3.10/dist-packages/my_robot_navi-0.0.0-py3.10.egg-info/dependency_links.txt
-- Up-to-date symlink: /home/dung/ros_ws/install/my_robot_navi/local/lib/python3.10/dist-packages/my_robot_navi-0.0.0-py3.10.egg-info/top_level.txt
-- Up-to-date symlink: /home/dung/ros_ws/install/my_robot_navi/local/lib/python3.10/dist-packages/my_robot_navi/__init__.py
-- Up-to-date symlink: /home/dung/ros_ws/install/my_robot_navi/local/lib/python3.10/dist-packages/my_robot_navi/simple_goal_get.py
-- Up-to-date symlink: /home/dung/ros_ws/install/my_robot_navi/local/lib/python3.10/dist-packages/my_robot_navi/simple_goal_pub.py
-- Up-to-date symlink: /home/dung/ros_ws/install/my_robot_navi/share/my_robot_navi/config/behavior_server.yaml
-- Up-to-date symlink: /home/dung/ros_ws/install/my_robot_navi/share/my_robot_navi/config/bt_navigation.yaml
-- Up-to-date symlink: /home/dung/ros_ws/install/my_robot_navi/share/my_robot_navi/config/controller_server.yaml
-- Up-to-date symlink: /home/dung/ros_ws/install/my_robot_navi/share/my_robot_navi/config/costmap.yaml
-- Up-to-date symlink: /home/dung/ros_ws/install/my_robot_navi/share/my_robot_navi/config/planner_server.yaml
-- Up-to-date symlink: /home/dung/ros_ws/install/my_robot_navi/share/my_robot_navi/config/smoother_server.yaml
-- Up-to-date symlink: /home/dung/ros_ws/install/my_robot_navi/share/my_robot_navi/launch/navigation.launch.py
-- Up-to-date symlink: /home/dung/ros_ws/install/my_robot_navi/share/my_robot_navi/behavior_tree/simple_navigation.xml
-- Up-to-date symlink: /home/dung/ros_ws/install/my_robot_navi/share/my_robot_navi/behavior_tree/simple_navigation_2.xml
-- Up-to-date symlink: /home/dung/ros_ws/install/my_robot_navi/lib/my_robot_navi/simple_goal_get.py
-- Up-to-date symlink: /home/dung/ros_ws/install/my_robot_navi/lib/my_robot_navi/simple_goal_pub.py
-- Up-to-date symlink: /home/dung/ros_ws/install/my_robot_navi/share/ament_index/resource_index/package_run_dependencies/my_robot_navi
-- Up-to-date symlink: /home/dung/ros_ws/install/my_robot_navi/share/ament_index/resource_index/parent_prefix_path/my_robot_navi
-- Up-to-date symlink: /home/dung/ros_ws/install/my_robot_navi/share/my_robot_navi/environment/ament_prefix_path.sh
-- Up-to-date symlink: /home/dung/ros_ws/install/my_robot_navi/share/my_robot_navi/environment/ament_prefix_path.dsv
-- Up-to-date symlink: /home/dung/ros_ws/install/my_robot_navi/share/my_robot_navi/environment/path.sh
-- Up-to-date symlink: /home/dung/ros_ws/install/my_robot_navi/share/my_robot_navi/environment/path.dsv
-- Up-to-date symlink: /home/dung/ros_ws/install/my_robot_navi/share/my_robot_navi/local_setup.bash
-- Up-to-date symlink: /home/dung/ros_ws/install/my_robot_navi/share/my_robot_navi/local_setup.sh
-- Up-to-date symlink: /home/dung/ros_ws/install/my_robot_navi/share/my_robot_navi/local_setup.zsh
-- Up-to-date symlink: /home/dung/ros_ws/install/my_robot_navi/share/my_robot_navi/local_setup.dsv
-- Symlinking: /home/dung/ros_ws/install/my_robot_navi/share/my_robot_navi/package.dsv
-- Up-to-date symlink: /home/dung/ros_ws/install/my_robot_navi/share/ament_index/resource_index/packages/my_robot_navi
-- Up-to-date symlink: /home/dung/ros_ws/install/my_robot_navi/share/my_robot_navi/cmake/my_robot_naviConfig.cmake
-- Up-to-date symlink: /home/dung/ros_ws/install/my_robot_navi/share/my_robot_navi/cmake/my_robot_naviConfig-version.cmake
-- Up-to-date symlink: /home/dung/ros_ws/install/my_robot_navi/share/my_robot_navi/package.xml
Listing '/home/dung/ros_ws/install/my_robot_navi/local/lib/python3.10/dist-packages/my_robot_navi'...
Compiling '/home/dung/ros_ws/install/my_robot_navi/local/lib/python3.10/dist-packages/my_robot_navi/simple_goal_get.py'...
Compiling '/home/dung/ros_ws/install/my_robot_navi/local/lib/python3.10/dist-packages/my_robot_navi/simple_goal_pub.py'...
