[35m[1mConsolidate compiler generated dependencies of target my_robot_msgs__rosidl_generator_c[0m
[  9%] Built target my_robot_msgs__rosidl_generator_c
[35m[1mConsolidate compiler generated dependencies of target my_robot_msgs__rosidl_typesupport_fastrtps_c[0m
[  9%] Built target ament_cmake_python_copy_my_robot_msgs
[ 12%] Built target my_robot_msgs__cpp
[35m[1mConsolidate compiler generated dependencies of target my_robot_msgs__rosidl_typesupport_introspection_c[0m
[35m[1mConsolidate compiler generated dependencies of target my_robot_msgs__rosidl_typesupport_c[0m
[35m[1mConsolidate compiler generated dependencies of target my_robot_msgs__rosidl_typesupport_fastrtps_cpp[0m
[35m[1mConsolidate compiler generated dependencies of target my_robot_msgs__rosidl_typesupport_cpp[0m
[ 22%] Built target my_robot_msgs__rosidl_typesupport_fastrtps_c
[ 32%] Built target my_robot_msgs__rosidl_typesupport_introspection_c
[35m[1mConsolidate compiler generated dependencies of target my_robot_msgs__rosidl_typesupport_introspection_cpp[0m
[ 41%] Built target my_robot_msgs__rosidl_typesupport_c
[ 51%] Built target my_robot_msgs__rosidl_typesupport_cpp
[ 61%] Built target my_robot_msgs__rosidl_typesupport_fastrtps_cpp
[ 70%] Built target my_robot_msgs__rosidl_typesupport_introspection_cpp
[ 70%] Built target my_robot_msgs
[ 74%] Built target my_robot_msgs__py
[35m[1mConsolidate compiler generated dependencies of target my_robot_msgs__rosidl_generator_py[0m
[ 80%] Built target my_robot_msgs__rosidl_generator_py
[35m[1mConsolidate compiler generated dependencies of target my_robot_msgs__rosidl_typesupport_fastrtps_c__pyext[0m
[35m[1mConsolidate compiler generated dependencies of target my_robot_msgs__rosidl_typesupport_introspection_c__pyext[0m
[35m[1mConsolidate compiler generated dependencies of target my_robot_msgs__rosidl_typesupport_c__pyext[0m
[ 87%] Built target my_robot_msgs__rosidl_typesupport_fastrtps_c__pyext
[ 93%] Built target my_robot_msgs__rosidl_typesupport_introspection_c__pyext
[100%] Built target my_robot_msgs__rosidl_typesupport_c__pyext
running egg_info
writing my_robot_msgs.egg-info/PKG-INFO
writing dependency_links to my_robot_msgs.egg-info/dependency_links.txt
writing top-level names to my_robot_msgs.egg-info/top_level.txt
reading manifest file 'my_robot_msgs.egg-info/SOURCES.txt'
writing manifest file 'my_robot_msgs.egg-info/SOURCES.txt'
[100%] Built target ament_cmake_python_build_my_robot_msgs_egg
-- Install configuration: ""
-- Installing: /home/dung/ros_ws/install/my_robot_msgs/share/ament_index/resource_index/rosidl_interfaces/my_robot_msgs
-- Installing: /home/dung/ros_ws/install/my_robot_msgs/include/my_robot_msgs/my_robot_msgs
-- Installing: /home/dung/ros_ws/install/my_robot_msgs/include/my_robot_msgs/my_robot_msgs/msg
-- Installing: /home/dung/ros_ws/install/my_robot_msgs/include/my_robot_msgs/my_robot_msgs/msg/rosidl_generator_c__visibility_control.h
-- Installing: /home/dung/ros_ws/install/my_robot_msgs/include/my_robot_msgs/my_robot_msgs/srv
-- Installing: /home/dung/ros_ws/install/my_robot_msgs/include/my_robot_msgs/my_robot_msgs/srv/detail
-- Installing: /home/dung/ros_ws/install/my_robot_msgs/include/my_robot_msgs/my_robot_msgs/srv/detail/get_tranform__functions.c
-- Installing: /home/dung/ros_ws/install/my_robot_msgs/include/my_robot_msgs/my_robot_msgs/srv/detail/get_tranform__type_support.h
-- Installing: /home/dung/ros_ws/install/my_robot_msgs/include/my_robot_msgs/my_robot_msgs/srv/detail/get_tranform__functions.h
-- Installing: /home/dung/ros_ws/install/my_robot_msgs/include/my_robot_msgs/my_robot_msgs/srv/detail/get_tranform__struct.h
-- Installing: /home/dung/ros_ws/install/my_robot_msgs/include/my_robot_msgs/my_robot_msgs/srv/get_tranform.h
-- Installing: /home/dung/ros_ws/install/my_robot_msgs/share/my_robot_msgs/environment/library_path.sh
-- Installing: /home/dung/ros_ws/install/my_robot_msgs/share/my_robot_msgs/environment/library_path.dsv
-- Installing: /home/dung/ros_ws/install/my_robot_msgs/lib/libmy_robot_msgs__rosidl_generator_c.so
-- Set runtime path of "/home/dung/ros_ws/install/my_robot_msgs/lib/libmy_robot_msgs__rosidl_generator_c.so" to ""
-- Up-to-date: /home/dung/ros_ws/install/my_robot_msgs/include/my_robot_msgs/my_robot_msgs
-- Up-to-date: /home/dung/ros_ws/install/my_robot_msgs/include/my_robot_msgs/my_robot_msgs/msg
-- Installing: /home/dung/ros_ws/install/my_robot_msgs/include/my_robot_msgs/my_robot_msgs/msg/rosidl_typesupport_fastrtps_c__visibility_control.h
-- Up-to-date: /home/dung/ros_ws/install/my_robot_msgs/include/my_robot_msgs/my_robot_msgs/srv
-- Up-to-date: /home/dung/ros_ws/install/my_robot_msgs/include/my_robot_msgs/my_robot_msgs/srv/detail
-- Installing: /home/dung/ros_ws/install/my_robot_msgs/include/my_robot_msgs/my_robot_msgs/srv/detail/get_tranform__rosidl_typesupport_fastrtps_c.h
-- Installing: /home/dung/ros_ws/install/my_robot_msgs/lib/libmy_robot_msgs__rosidl_typesupport_fastrtps_c.so
-- Set runtime path of "/home/dung/ros_ws/install/my_robot_msgs/lib/libmy_robot_msgs__rosidl_typesupport_fastrtps_c.so" to ""
-- Up-to-date: /home/dung/ros_ws/install/my_robot_msgs/include/my_robot_msgs/my_robot_msgs
-- Up-to-date: /home/dung/ros_ws/install/my_robot_msgs/include/my_robot_msgs/my_robot_msgs/msg
-- Installing: /home/dung/ros_ws/install/my_robot_msgs/include/my_robot_msgs/my_robot_msgs/msg/rosidl_generator_cpp__visibility_control.hpp
-- Up-to-date: /home/dung/ros_ws/install/my_robot_msgs/include/my_robot_msgs/my_robot_msgs/srv
-- Up-to-date: /home/dung/ros_ws/install/my_robot_msgs/include/my_robot_msgs/my_robot_msgs/srv/detail
-- Installing: /home/dung/ros_ws/install/my_robot_msgs/include/my_robot_msgs/my_robot_msgs/srv/detail/get_tranform__struct.hpp
-- Installing: /home/dung/ros_ws/install/my_robot_msgs/include/my_robot_msgs/my_robot_msgs/srv/detail/get_tranform__type_support.hpp
-- Installing: /home/dung/ros_ws/install/my_robot_msgs/include/my_robot_msgs/my_robot_msgs/srv/detail/get_tranform__traits.hpp
-- Installing: /home/dung/ros_ws/install/my_robot_msgs/include/my_robot_msgs/my_robot_msgs/srv/detail/get_tranform__builder.hpp
-- Installing: /home/dung/ros_ws/install/my_robot_msgs/include/my_robot_msgs/my_robot_msgs/srv/get_tranform.hpp
-- Up-to-date: /home/dung/ros_ws/install/my_robot_msgs/include/my_robot_msgs/my_robot_msgs
-- Up-to-date: /home/dung/ros_ws/install/my_robot_msgs/include/my_robot_msgs/my_robot_msgs/msg
-- Installing: /home/dung/ros_ws/install/my_robot_msgs/include/my_robot_msgs/my_robot_msgs/msg/rosidl_typesupport_fastrtps_cpp__visibility_control.h
-- Up-to-date: /home/dung/ros_ws/install/my_robot_msgs/include/my_robot_msgs/my_robot_msgs/srv
-- Up-to-date: /home/dung/ros_ws/install/my_robot_msgs/include/my_robot_msgs/my_robot_msgs/srv/detail
-- Installing: /home/dung/ros_ws/install/my_robot_msgs/include/my_robot_msgs/my_robot_msgs/srv/detail/dds_fastrtps
-- Installing: /home/dung/ros_ws/install/my_robot_msgs/include/my_robot_msgs/my_robot_msgs/srv/detail/get_tranform__rosidl_typesupport_fastrtps_cpp.hpp
-- Installing: /home/dung/ros_ws/install/my_robot_msgs/lib/libmy_robot_msgs__rosidl_typesupport_fastrtps_cpp.so
-- Set runtime path of "/home/dung/ros_ws/install/my_robot_msgs/lib/libmy_robot_msgs__rosidl_typesupport_fastrtps_cpp.so" to ""
-- Up-to-date: /home/dung/ros_ws/install/my_robot_msgs/include/my_robot_msgs/my_robot_msgs
-- Up-to-date: /home/dung/ros_ws/install/my_robot_msgs/include/my_robot_msgs/my_robot_msgs/msg
-- Installing: /home/dung/ros_ws/install/my_robot_msgs/include/my_robot_msgs/my_robot_msgs/msg/rosidl_typesupport_introspection_c__visibility_control.h
-- Up-to-date: /home/dung/ros_ws/install/my_robot_msgs/include/my_robot_msgs/my_robot_msgs/srv
-- Up-to-date: /home/dung/ros_ws/install/my_robot_msgs/include/my_robot_msgs/my_robot_msgs/srv/detail
-- Installing: /home/dung/ros_ws/install/my_robot_msgs/include/my_robot_msgs/my_robot_msgs/srv/detail/get_tranform__rosidl_typesupport_introspection_c.h
-- Installing: /home/dung/ros_ws/install/my_robot_msgs/include/my_robot_msgs/my_robot_msgs/srv/detail/get_tranform__type_support.c
-- Installing: /home/dung/ros_ws/install/my_robot_msgs/lib/libmy_robot_msgs__rosidl_typesupport_introspection_c.so
-- Set runtime path of "/home/dung/ros_ws/install/my_robot_msgs/lib/libmy_robot_msgs__rosidl_typesupport_introspection_c.so" to ""
-- Installing: /home/dung/ros_ws/install/my_robot_msgs/lib/libmy_robot_msgs__rosidl_typesupport_c.so
-- Set runtime path of "/home/dung/ros_ws/install/my_robot_msgs/lib/libmy_robot_msgs__rosidl_typesupport_c.so" to ""
-- Up-to-date: /home/dung/ros_ws/install/my_robot_msgs/include/my_robot_msgs/my_robot_msgs
-- Up-to-date: /home/dung/ros_ws/install/my_robot_msgs/include/my_robot_msgs/my_robot_msgs/srv
-- Up-to-date: /home/dung/ros_ws/install/my_robot_msgs/include/my_robot_msgs/my_robot_msgs/srv/detail
-- Installing: /home/dung/ros_ws/install/my_robot_msgs/include/my_robot_msgs/my_robot_msgs/srv/detail/get_tranform__rosidl_typesupport_introspection_cpp.hpp
-- Installing: /home/dung/ros_ws/install/my_robot_msgs/include/my_robot_msgs/my_robot_msgs/srv/detail/get_tranform__type_support.cpp
-- Installing: /home/dung/ros_ws/install/my_robot_msgs/lib/libmy_robot_msgs__rosidl_typesupport_introspection_cpp.so
-- Set runtime path of "/home/dung/ros_ws/install/my_robot_msgs/lib/libmy_robot_msgs__rosidl_typesupport_introspection_cpp.so" to ""
-- Installing: /home/dung/ros_ws/install/my_robot_msgs/lib/libmy_robot_msgs__rosidl_typesupport_cpp.so
-- Set runtime path of "/home/dung/ros_ws/install/my_robot_msgs/lib/libmy_robot_msgs__rosidl_typesupport_cpp.so" to ""
-- Installing: /home/dung/ros_ws/install/my_robot_msgs/share/my_robot_msgs/environment/pythonpath.sh
-- Installing: /home/dung/ros_ws/install/my_robot_msgs/share/my_robot_msgs/environment/pythonpath.dsv
-- Installing: /home/dung/ros_ws/install/my_robot_msgs/local/lib/python3.10/dist-packages/my_robot_msgs-0.0.0-py3.10.egg-info
-- Installing: /home/dung/ros_ws/install/my_robot_msgs/local/lib/python3.10/dist-packages/my_robot_msgs-0.0.0-py3.10.egg-info/dependency_links.txt
-- Installing: /home/dung/ros_ws/install/my_robot_msgs/local/lib/python3.10/dist-packages/my_robot_msgs-0.0.0-py3.10.egg-info/SOURCES.txt
-- Installing: /home/dung/ros_ws/install/my_robot_msgs/local/lib/python3.10/dist-packages/my_robot_msgs-0.0.0-py3.10.egg-info/top_level.txt
-- Installing: /home/dung/ros_ws/install/my_robot_msgs/local/lib/python3.10/dist-packages/my_robot_msgs-0.0.0-py3.10.egg-info/PKG-INFO
-- Installing: /home/dung/ros_ws/install/my_robot_msgs/local/lib/python3.10/dist-packages/my_robot_msgs
-- Installing: /home/dung/ros_ws/install/my_robot_msgs/local/lib/python3.10/dist-packages/my_robot_msgs/my_robot_msgs_s__rosidl_typesupport_introspection_c.cpython-310-x86_64-linux-gnu.so
-- Installing: /home/dung/ros_ws/install/my_robot_msgs/local/lib/python3.10/dist-packages/my_robot_msgs/__init__.py
-- Installing: /home/dung/ros_ws/install/my_robot_msgs/local/lib/python3.10/dist-packages/my_robot_msgs/libmy_robot_msgs__rosidl_generator_py.so
-- Installing: /home/dung/ros_ws/install/my_robot_msgs/local/lib/python3.10/dist-packages/my_robot_msgs/my_robot_msgs_s__rosidl_typesupport_c.cpython-310-x86_64-linux-gnu.so
-- Installing: /home/dung/ros_ws/install/my_robot_msgs/local/lib/python3.10/dist-packages/my_robot_msgs/_my_robot_msgs_s.ep.rosidl_typesupport_c.c
-- Installing: /home/dung/ros_ws/install/my_robot_msgs/local/lib/python3.10/dist-packages/my_robot_msgs/my_robot_msgs_s__rosidl_typesupport_fastrtps_c.cpython-310-x86_64-linux-gnu.so
-- Installing: /home/dung/ros_ws/install/my_robot_msgs/local/lib/python3.10/dist-packages/my_robot_msgs/_my_robot_msgs_s.ep.rosidl_typesupport_introspection_c.c
-- Installing: /home/dung/ros_ws/install/my_robot_msgs/local/lib/python3.10/dist-packages/my_robot_msgs/_my_robot_msgs_s.ep.rosidl_typesupport_fastrtps_c.c
-- Installing: /home/dung/ros_ws/install/my_robot_msgs/local/lib/python3.10/dist-packages/my_robot_msgs/srv
-- Installing: /home/dung/ros_ws/install/my_robot_msgs/local/lib/python3.10/dist-packages/my_robot_msgs/srv/__init__.py
-- Installing: /home/dung/ros_ws/install/my_robot_msgs/local/lib/python3.10/dist-packages/my_robot_msgs/srv/_get_tranform.py
-- Installing: /home/dung/ros_ws/install/my_robot_msgs/local/lib/python3.10/dist-packages/my_robot_msgs/srv/_get_tranform_s.c
Listing '/home/dung/ros_ws/install/my_robot_msgs/local/lib/python3.10/dist-packages/my_robot_msgs'...
Compiling '/home/dung/ros_ws/install/my_robot_msgs/local/lib/python3.10/dist-packages/my_robot_msgs/__init__.py'...
Listing '/home/dung/ros_ws/install/my_robot_msgs/local/lib/python3.10/dist-packages/my_robot_msgs/srv'...
Compiling '/home/dung/ros_ws/install/my_robot_msgs/local/lib/python3.10/dist-packages/my_robot_msgs/srv/__init__.py'...
Compiling '/home/dung/ros_ws/install/my_robot_msgs/local/lib/python3.10/dist-packages/my_robot_msgs/srv/_get_tranform.py'...
-- Installing: /home/dung/ros_ws/install/my_robot_msgs/local/lib/python3.10/dist-packages/my_robot_msgs/my_robot_msgs_s__rosidl_typesupport_fastrtps_c.cpython-310-x86_64-linux-gnu.so
-- Set runtime path of "/home/dung/ros_ws/install/my_robot_msgs/local/lib/python3.10/dist-packages/my_robot_msgs/my_robot_msgs_s__rosidl_typesupport_fastrtps_c.cpython-310-x86_64-linux-gnu.so" to ""
-- Installing: /home/dung/ros_ws/install/my_robot_msgs/local/lib/python3.10/dist-packages/my_robot_msgs/my_robot_msgs_s__rosidl_typesupport_introspection_c.cpython-310-x86_64-linux-gnu.so
-- Set runtime path of "/home/dung/ros_ws/install/my_robot_msgs/local/lib/python3.10/dist-packages/my_robot_msgs/my_robot_msgs_s__rosidl_typesupport_introspection_c.cpython-310-x86_64-linux-gnu.so" to ""
-- Installing: /home/dung/ros_ws/install/my_robot_msgs/local/lib/python3.10/dist-packages/my_robot_msgs/my_robot_msgs_s__rosidl_typesupport_c.cpython-310-x86_64-linux-gnu.so
-- Set runtime path of "/home/dung/ros_ws/install/my_robot_msgs/local/lib/python3.10/dist-packages/my_robot_msgs/my_robot_msgs_s__rosidl_typesupport_c.cpython-310-x86_64-linux-gnu.so" to ""
-- Installing: /home/dung/ros_ws/install/my_robot_msgs/lib/libmy_robot_msgs__rosidl_generator_py.so
-- Set runtime path of "/home/dung/ros_ws/install/my_robot_msgs/lib/libmy_robot_msgs__rosidl_generator_py.so" to ""
-- Installing: /home/dung/ros_ws/install/my_robot_msgs/share/my_robot_msgs/srv/GetTranform.idl
-- Installing: /home/dung/ros_ws/install/my_robot_msgs/share/my_robot_msgs/srv/GetTranform.srv
-- Installing: /home/dung/ros_ws/install/my_robot_msgs/share/my_robot_msgs/srv/GetTranform_Request.msg
-- Installing: /home/dung/ros_ws/install/my_robot_msgs/share/my_robot_msgs/srv/GetTranform_Response.msg
-- Installing: /home/dung/ros_ws/install/my_robot_msgs/share/ament_index/resource_index/package_run_dependencies/my_robot_msgs
-- Installing: /home/dung/ros_ws/install/my_robot_msgs/share/ament_index/resource_index/parent_prefix_path/my_robot_msgs
-- Installing: /home/dung/ros_ws/install/my_robot_msgs/share/my_robot_msgs/environment/ament_prefix_path.sh
-- Installing: /home/dung/ros_ws/install/my_robot_msgs/share/my_robot_msgs/environment/ament_prefix_path.dsv
-- Installing: /home/dung/ros_ws/install/my_robot_msgs/share/my_robot_msgs/environment/path.sh
-- Installing: /home/dung/ros_ws/install/my_robot_msgs/share/my_robot_msgs/environment/path.dsv
-- Installing: /home/dung/ros_ws/install/my_robot_msgs/share/my_robot_msgs/local_setup.bash
-- Installing: /home/dung/ros_ws/install/my_robot_msgs/share/my_robot_msgs/local_setup.sh
-- Installing: /home/dung/ros_ws/install/my_robot_msgs/share/my_robot_msgs/local_setup.zsh
-- Installing: /home/dung/ros_ws/install/my_robot_msgs/share/my_robot_msgs/local_setup.dsv
-- Installing: /home/dung/ros_ws/install/my_robot_msgs/share/my_robot_msgs/package.dsv
-- Installing: /home/dung/ros_ws/install/my_robot_msgs/share/ament_index/resource_index/packages/my_robot_msgs
-- Installing: /home/dung/ros_ws/install/my_robot_msgs/share/my_robot_msgs/cmake/export_my_robot_msgs__rosidl_generator_cExport.cmake
-- Installing: /home/dung/ros_ws/install/my_robot_msgs/share/my_robot_msgs/cmake/export_my_robot_msgs__rosidl_generator_cExport-noconfig.cmake
-- Installing: /home/dung/ros_ws/install/my_robot_msgs/share/my_robot_msgs/cmake/export_my_robot_msgs__rosidl_typesupport_fastrtps_cExport.cmake
-- Installing: /home/dung/ros_ws/install/my_robot_msgs/share/my_robot_msgs/cmake/export_my_robot_msgs__rosidl_typesupport_fastrtps_cExport-noconfig.cmake
-- Installing: /home/dung/ros_ws/install/my_robot_msgs/share/my_robot_msgs/cmake/export_my_robot_msgs__rosidl_generator_cppExport.cmake
-- Installing: /home/dung/ros_ws/install/my_robot_msgs/share/my_robot_msgs/cmake/export_my_robot_msgs__rosidl_typesupport_fastrtps_cppExport.cmake
-- Installing: /home/dung/ros_ws/install/my_robot_msgs/share/my_robot_msgs/cmake/export_my_robot_msgs__rosidl_typesupport_fastrtps_cppExport-noconfig.cmake
-- Installing: /home/dung/ros_ws/install/my_robot_msgs/share/my_robot_msgs/cmake/my_robot_msgs__rosidl_typesupport_introspection_cExport.cmake
-- Installing: /home/dung/ros_ws/install/my_robot_msgs/share/my_robot_msgs/cmake/my_robot_msgs__rosidl_typesupport_introspection_cExport-noconfig.cmake
-- Installing: /home/dung/ros_ws/install/my_robot_msgs/share/my_robot_msgs/cmake/my_robot_msgs__rosidl_typesupport_cExport.cmake
-- Installing: /home/dung/ros_ws/install/my_robot_msgs/share/my_robot_msgs/cmake/my_robot_msgs__rosidl_typesupport_cExport-noconfig.cmake
-- Installing: /home/dung/ros_ws/install/my_robot_msgs/share/my_robot_msgs/cmake/my_robot_msgs__rosidl_typesupport_introspection_cppExport.cmake
-- Installing: /home/dung/ros_ws/install/my_robot_msgs/share/my_robot_msgs/cmake/my_robot_msgs__rosidl_typesupport_introspection_cppExport-noconfig.cmake
-- Installing: /home/dung/ros_ws/install/my_robot_msgs/share/my_robot_msgs/cmake/my_robot_msgs__rosidl_typesupport_cppExport.cmake
-- Installing: /home/dung/ros_ws/install/my_robot_msgs/share/my_robot_msgs/cmake/my_robot_msgs__rosidl_typesupport_cppExport-noconfig.cmake
-- Installing: /home/dung/ros_ws/install/my_robot_msgs/share/my_robot_msgs/cmake/export_my_robot_msgs__rosidl_generator_pyExport.cmake
-- Installing: /home/dung/ros_ws/install/my_robot_msgs/share/my_robot_msgs/cmake/export_my_robot_msgs__rosidl_generator_pyExport-noconfig.cmake
-- Installing: /home/dung/ros_ws/install/my_robot_msgs/share/my_robot_msgs/cmake/rosidl_cmake-extras.cmake
-- Installing: /home/dung/ros_ws/install/my_robot_msgs/share/my_robot_msgs/cmake/ament_cmake_export_dependencies-extras.cmake
-- Installing: /home/dung/ros_ws/install/my_robot_msgs/share/my_robot_msgs/cmake/ament_cmake_export_include_directories-extras.cmake
-- Installing: /home/dung/ros_ws/install/my_robot_msgs/share/my_robot_msgs/cmake/ament_cmake_export_libraries-extras.cmake
-- Installing: /home/dung/ros_ws/install/my_robot_msgs/share/my_robot_msgs/cmake/ament_cmake_export_targets-extras.cmake
-- Installing: /home/dung/ros_ws/install/my_robot_msgs/share/my_robot_msgs/cmake/rosidl_cmake_export_typesupport_targets-extras.cmake
-- Installing: /home/dung/ros_ws/install/my_robot_msgs/share/my_robot_msgs/cmake/rosidl_cmake_export_typesupport_libraries-extras.cmake
-- Installing: /home/dung/ros_ws/install/my_robot_msgs/share/my_robot_msgs/cmake/my_robot_msgsConfig.cmake
-- Installing: /home/dung/ros_ws/install/my_robot_msgs/share/my_robot_msgs/cmake/my_robot_msgsConfig-version.cmake
-- Installing: /home/dung/ros_ws/install/my_robot_msgs/share/my_robot_msgs/package.xml
