[0.034s] Invoking command in '/home/dung/ros_ws/build/my_robot_localization': CMAKE_PREFIX_PATH=${CMAKE_PREFIX_PATH}:/home/dung/ros_ws/install/keyboard_teleop:/opt/ros/humble /usr/bin/cmake /home/dung/ros_ws/src/my_robot_localization -DAMENT_CMAKE_SYMLINK_INSTALL=1 -DCMAKE_INSTALL_PREFIX=/home/dung/ros_ws/install/my_robot_localization
[0.087s] -- Found ament_cmake: 1.3.12 (/opt/ros/humble/share/ament_cmake/cmake)
[0.299s] -- Override CMake install command with custom implementation using symlinks instead of copying resources
[0.304s] -- Found rclpy: 3.3.19 (/opt/ros/humble/share/rclpy/cmake)
[0.306s] -- Found nav_msgs: 4.9.0 (/opt/ros/humble/share/nav_msgs/cmake)
[0.331s] -- Found rosidl_generator_c: 3.1.7 (/opt/ros/humble/share/rosidl_generator_c/cmake)
[0.333s] -- Found rosidl_adapter: 3.1.7 (/opt/ros/humble/share/rosidl_adapter/cmake)
[0.342s] -- Found rosidl_generator_cpp: 3.1.7 (/opt/ros/humble/share/rosidl_generator_cpp/cmake)
[0.352s] -- Using all available rosidl_typesupport_c: rosidl_typesupport_fastrtps_c;rosidl_typesupport_introspection_c
[0.367s] -- Using all available rosidl_typesupport_cpp: rosidl_typesupport_fastrtps_cpp;rosidl_typesupport_introspection_cpp
[0.432s] -- Found sensor_msgs: 4.9.0 (/opt/ros/humble/share/sensor_msgs/cmake)
[0.539s] -- Found ament_lint_auto: 0.12.14 (/opt/ros/humble/share/ament_lint_auto/cmake)
[0.652s] -- Added test 'flake8' to check Python code syntax and style conventions
[0.652s] -- Added test 'lint_cmake' to check CMake code style
[0.652s] -- Added test 'pep257' to check Python code against some of the docstring style conventions in PEP 257
[0.652s] -- Added test 'xmllint' to check XML markup files
[0.653s] -- Configuring done
[0.658s] -- Generating done
[0.661s] -- Build files have been written to: /home/dung/ros_ws/build/my_robot_localization
[0.681s] Invoked command in '/home/dung/ros_ws/build/my_robot_localization' returned '0': CMAKE_PREFIX_PATH=${CMAKE_PREFIX_PATH}:/home/dung/ros_ws/install/keyboard_teleop:/opt/ros/humble /usr/bin/cmake /home/dung/ros_ws/src/my_robot_localization -DAMENT_CMAKE_SYMLINK_INSTALL=1 -DCMAKE_INSTALL_PREFIX=/home/dung/ros_ws/install/my_robot_localization
[0.693s] Invoking command in '/home/dung/ros_ws/build/my_robot_localization': CMAKE_PREFIX_PATH=${CMAKE_PREFIX_PATH}:/home/dung/ros_ws/install/keyboard_teleop:/opt/ros/humble /usr/bin/cmake --build /home/dung/ros_ws/build/my_robot_localization -- -j12 -l12
[0.770s] Built target ament_cmake_python_symlink_my_robot_localization
[1.098s] running egg_info
[1.107s] writing my_robot_localization.egg-info/PKG-INFO
[1.107s] writing dependency_links to my_robot_localization.egg-info/dependency_links.txt
[1.108s] writing top-level names to my_robot_localization.egg-info/top_level.txt
[1.108s] reading manifest file 'my_robot_localization.egg-info/SOURCES.txt'
[1.108s] writing manifest file 'my_robot_localization.egg-info/SOURCES.txt'
[1.184s] Built target ament_cmake_python_build_my_robot_localization_egg
[1.218s] Invoked command in '/home/dung/ros_ws/build/my_robot_localization' returned '0': CMAKE_PREFIX_PATH=${CMAKE_PREFIX_PATH}:/home/dung/ros_ws/install/keyboard_teleop:/opt/ros/humble /usr/bin/cmake --build /home/dung/ros_ws/build/my_robot_localization -- -j12 -l12
[1.222s] Invoking command in '/home/dung/ros_ws/build/my_robot_localization': CMAKE_PREFIX_PATH=${CMAKE_PREFIX_PATH}:/home/dung/ros_ws/install/keyboard_teleop:/opt/ros/humble /usr/bin/cmake --install /home/dung/ros_ws/build/my_robot_localization
[1.242s] -- Install configuration: ""
[1.242s] -- Execute custom install script
[1.242s] -- Up-to-date symlink: /home/dung/ros_ws/install/my_robot_localization/share/my_robot_localization/environment/pythonpath.sh
[1.242s] -- Up-to-date symlink: /home/dung/ros_ws/install/my_robot_localization/share/my_robot_localization/environment/pythonpath.dsv
[1.242s] -- Up-to-date symlink: /home/dung/ros_ws/install/my_robot_localization/local/lib/python3.10/dist-packages/my_robot_localization-0.0.0-py3.10.egg-info/PKG-INFO
[1.242s] -- Up-to-date symlink: /home/dung/ros_ws/install/my_robot_localization/local/lib/python3.10/dist-packages/my_robot_localization-0.0.0-py3.10.egg-info/SOURCES.txt
[1.242s] -- Up-to-date symlink: /home/dung/ros_ws/install/my_robot_localization/local/lib/python3.10/dist-packages/my_robot_localization-0.0.0-py3.10.egg-info/dependency_links.txt
[1.242s] -- Up-to-date symlink: /home/dung/ros_ws/install/my_robot_localization/local/lib/python3.10/dist-packages/my_robot_localization-0.0.0-py3.10.egg-info/top_level.txt
[1.242s] -- Up-to-date symlink: /home/dung/ros_ws/install/my_robot_localization/local/lib/python3.10/dist-packages/my_robot_localization/__init__.py
[1.242s] -- Up-to-date symlink: /home/dung/ros_ws/install/my_robot_localization/local/lib/python3.10/dist-packages/my_robot_localization/imu_republisher.py
[1.242s] -- Up-to-date symlink: /home/dung/ros_ws/install/my_robot_localization/local/lib/python3.10/dist-packages/my_robot_localization/kalma_filter.py
[1.242s] -- Up-to-date symlink: /home/dung/ros_ws/install/my_robot_localization/local/lib/python3.10/dist-packages/my_robot_localization/odom_motion.py
[1.243s] -- Up-to-date symlink: /home/dung/ros_ws/install/my_robot_localization/lib/my_robot_localization/kalma_filter.py
[1.243s] -- Up-to-date symlink: /home/dung/ros_ws/install/my_robot_localization/lib/my_robot_localization/imu_republisher.py
[1.243s] -- Up-to-date symlink: /home/dung/ros_ws/install/my_robot_localization/lib/my_robot_localization/odom_motion.py
[1.243s] -- Up-to-date symlink: /home/dung/ros_ws/install/my_robot_localization/share/my_robot_localization/launch/global_localization.launch.py
[1.243s] -- Up-to-date symlink: /home/dung/ros_ws/install/my_robot_localization/share/my_robot_localization/launch/local_localization.launch.py
[1.243s] -- Up-to-date symlink: /home/dung/ros_ws/install/my_robot_localization/share/my_robot_localization/config/amcl.yaml
[1.243s] -- Up-to-date symlink: /home/dung/ros_ws/install/my_robot_localization/share/my_robot_localization/config/ekf.yaml
[1.249s] -- Up-to-date symlink: /home/dung/ros_ws/install/my_robot_localization/share/ament_index/resource_index/package_run_dependencies/my_robot_localization
[1.249s] -- Up-to-date symlink: /home/dung/ros_ws/install/my_robot_localization/share/ament_index/resource_index/parent_prefix_path/my_robot_localization
[1.249s] -- Up-to-date symlink: /home/dung/ros_ws/install/my_robot_localization/share/my_robot_localization/environment/ament_prefix_path.sh
[1.249s] -- Up-to-date symlink: /home/dung/ros_ws/install/my_robot_localization/share/my_robot_localization/environment/ament_prefix_path.dsv
[1.249s] -- Up-to-date symlink: /home/dung/ros_ws/install/my_robot_localization/share/my_robot_localization/environment/path.sh
[1.249s] -- Up-to-date symlink: /home/dung/ros_ws/install/my_robot_localization/share/my_robot_localization/environment/path.dsv
[1.250s] -- Up-to-date symlink: /home/dung/ros_ws/install/my_robot_localization/share/my_robot_localization/local_setup.bash
[1.250s] -- Up-to-date symlink: /home/dung/ros_ws/install/my_robot_localization/share/my_robot_localization/local_setup.sh
[1.250s] -- Up-to-date symlink: /home/dung/ros_ws/install/my_robot_localization/share/my_robot_localization/local_setup.zsh
[1.250s] -- Up-to-date symlink: /home/dung/ros_ws/install/my_robot_localization/share/my_robot_localization/local_setup.dsv
[1.250s] -- Symlinking: /home/dung/ros_ws/install/my_robot_localization/share/my_robot_localization/package.dsv
[1.257s] -- Up-to-date symlink: /home/dung/ros_ws/install/my_robot_localization/share/ament_index/resource_index/packages/my_robot_localization
[1.257s] -- Up-to-date symlink: /home/dung/ros_ws/install/my_robot_localization/share/my_robot_localization/cmake/my_robot_localizationConfig.cmake
[1.257s] -- Up-to-date symlink: /home/dung/ros_ws/install/my_robot_localization/share/my_robot_localization/cmake/my_robot_localizationConfig-version.cmake
[1.258s] -- Up-to-date symlink: /home/dung/ros_ws/install/my_robot_localization/share/my_robot_localization/package.xml
[1.314s] Listing '/home/dung/ros_ws/install/my_robot_localization/local/lib/python3.10/dist-packages/my_robot_localization'...
[1.329s] Invoked command in '/home/dung/ros_ws/build/my_robot_localization' returned '0': CMAKE_PREFIX_PATH=${CMAKE_PREFIX_PATH}:/home/dung/ros_ws/install/keyboard_teleop:/opt/ros/humble /usr/bin/cmake --install /home/dung/ros_ws/build/my_robot_localization
