[0.051s] Invoking command in '/home/dung/ros_ws/build/my_robot_planning': CMAKE_PREFIX_PATH=${CMAKE_PREFIX_PATH}:/home/dung/ros_ws/install/keyboard_teleop:/opt/ros/humble /usr/bin/cmake --build /home/dung/ros_ws/build/my_robot_planning -- -j6 -l6
[0.205s] [ 50%] Built target dijkstra_planner
[0.308s] [ 50%] Built target ament_cmake_python_copy_my_robot_planning
[0.429s] [100%] Built target a_star
[0.938s] running egg_info
[0.946s] writing my_robot_planning.egg-info/PKG-INFO
[0.946s] writing dependency_links to my_robot_planning.egg-info/dependency_links.txt
[0.946s] writing top-level names to my_robot_planning.egg-info/top_level.txt
[0.950s] reading manifest file 'my_robot_planning.egg-info/SOURCES.txt'
[0.951s] writing manifest file 'my_robot_planning.egg-info/SOURCES.txt'
[1.030s] [100%] Built target ament_cmake_python_build_my_robot_planning_egg
[1.062s] Invoked command in '/home/dung/ros_ws/build/my_robot_planning' returned '0': CMAKE_PREFIX_PATH=${CMAKE_PREFIX_PATH}:/home/dung/ros_ws/install/keyboard_teleop:/opt/ros/humble /usr/bin/cmake --build /home/dung/ros_ws/build/my_robot_planning -- -j6 -l6
[1.068s] Invoking command in '/home/dung/ros_ws/build/my_robot_planning': CMAKE_PREFIX_PATH=${CMAKE_PREFIX_PATH}:/home/dung/ros_ws/install/keyboard_teleop:/opt/ros/humble /usr/bin/cmake --install /home/dung/ros_ws/build/my_robot_planning
[1.081s] -- Install configuration: ""
[1.081s] -- Up-to-date: /home/dung/ros_ws/install/my_robot_planning/share/my_robot_planning/environment/pythonpath.sh
[1.081s] -- Up-to-date: /home/dung/ros_ws/install/my_robot_planning/share/my_robot_planning/environment/pythonpath.dsv
[1.081s] -- Up-to-date: /home/dung/ros_ws/install/my_robot_planning/local/lib/python3.10/dist-packages/my_robot_planning-0.0.0-py3.10.egg-info
[1.081s] -- Installing: /home/dung/ros_ws/install/my_robot_planning/local/lib/python3.10/dist-packages/my_robot_planning-0.0.0-py3.10.egg-info/dependency_links.txt
[1.081s] -- Installing: /home/dung/ros_ws/install/my_robot_planning/local/lib/python3.10/dist-packages/my_robot_planning-0.0.0-py3.10.egg-info/SOURCES.txt
[1.081s] -- Installing: /home/dung/ros_ws/install/my_robot_planning/local/lib/python3.10/dist-packages/my_robot_planning-0.0.0-py3.10.egg-info/top_level.txt
[1.081s] -- Installing: /home/dung/ros_ws/install/my_robot_planning/local/lib/python3.10/dist-packages/my_robot_planning-0.0.0-py3.10.egg-info/PKG-INFO
[1.081s] -- Up-to-date: /home/dung/ros_ws/install/my_robot_planning/local/lib/python3.10/dist-packages/my_robot_planning
[1.081s] -- Up-to-date: /home/dung/ros_ws/install/my_robot_planning/local/lib/python3.10/dist-packages/my_robot_planning/dijkstra_planner.py
[1.081s] -- Up-to-date: /home/dung/ros_ws/install/my_robot_planning/local/lib/python3.10/dist-packages/my_robot_planning/__init__.py
[1.081s] -- Up-to-date: /home/dung/ros_ws/install/my_robot_planning/local/lib/python3.10/dist-packages/my_robot_planning/a_star.py
[1.147s] Listing '/home/dung/ros_ws/install/my_robot_planning/local/lib/python3.10/dist-packages/my_robot_planning'...
[1.153s] -- Up-to-date: /home/dung/ros_ws/install/my_robot_planning/share/my_robot_planning/global_planner_plugins.xml
[1.153s] -- Up-to-date: /home/dung/ros_ws/install/my_robot_planning/lib/my_robot_planning/dijkstra_planner.py
[1.153s] -- Up-to-date: /home/dung/ros_ws/install/my_robot_planning/lib/my_robot_planning/a_star.py
[1.153s] -- Up-to-date: /home/dung/ros_ws/install/my_robot_planning/include/include
[1.153s] -- Up-to-date: /home/dung/ros_ws/install/my_robot_planning/include/include/my_robot_planning
[1.154s] -- Up-to-date: /home/dung/ros_ws/install/my_robot_planning/include/include/my_robot_planning/a_star.hpp
[1.154s] -- Up-to-date: /home/dung/ros_ws/install/my_robot_planning/include/include/my_robot_planning/dijkstra_planner.hpp
[1.154s] -- Up-to-date: /home/dung/ros_ws/install/my_robot_planning/lib/my_robot_planning/libdijkstra_planner.so
[1.157s] -- Up-to-date: /home/dung/ros_ws/install/my_robot_planning/lib/my_robot_planning/liba_star.so
[1.157s] -- Up-to-date: /home/dung/ros_ws/install/my_robot_planning/share/my_robot_planning/global_planner_plugins.xml
[1.157s] -- Up-to-date: /home/dung/ros_ws/install/my_robot_planning/share/ament_index/resource_index/package_run_dependencies/my_robot_planning
[1.157s] -- Up-to-date: /home/dung/ros_ws/install/my_robot_planning/share/ament_index/resource_index/parent_prefix_path/my_robot_planning
[1.157s] -- Up-to-date: /home/dung/ros_ws/install/my_robot_planning/share/my_robot_planning/environment/ament_prefix_path.sh
[1.157s] -- Up-to-date: /home/dung/ros_ws/install/my_robot_planning/share/my_robot_planning/environment/ament_prefix_path.dsv
[1.158s] -- Up-to-date: /home/dung/ros_ws/install/my_robot_planning/share/my_robot_planning/environment/path.sh
[1.158s] -- Up-to-date: /home/dung/ros_ws/install/my_robot_planning/share/my_robot_planning/environment/path.dsv
[1.158s] -- Up-to-date: /home/dung/ros_ws/install/my_robot_planning/share/my_robot_planning/local_setup.bash
[1.158s] -- Up-to-date: /home/dung/ros_ws/install/my_robot_planning/share/my_robot_planning/local_setup.sh
[1.158s] -- Up-to-date: /home/dung/ros_ws/install/my_robot_planning/share/my_robot_planning/local_setup.zsh
[1.158s] -- Up-to-date: /home/dung/ros_ws/install/my_robot_planning/share/my_robot_planning/local_setup.dsv
[1.158s] -- Installing: /home/dung/ros_ws/install/my_robot_planning/share/my_robot_planning/package.dsv
[1.158s] -- Up-to-date: /home/dung/ros_ws/install/my_robot_planning/share/ament_index/resource_index/packages/my_robot_planning
[1.158s] -- Up-to-date: /home/dung/ros_ws/install/my_robot_planning/share/ament_index/resource_index/nav2_core__pluginlib__plugin/my_robot_planning
[1.158s] -- Up-to-date: /home/dung/ros_ws/install/my_robot_planning/share/my_robot_planning/cmake/ament_cmake_export_include_directories-extras.cmake
[1.158s] -- Up-to-date: /home/dung/ros_ws/install/my_robot_planning/share/my_robot_planning/cmake/ament_cmake_export_dependencies-extras.cmake
[1.158s] -- Up-to-date: /home/dung/ros_ws/install/my_robot_planning/share/my_robot_planning/cmake/my_robot_planningConfig.cmake
[1.158s] -- Up-to-date: /home/dung/ros_ws/install/my_robot_planning/share/my_robot_planning/cmake/my_robot_planningConfig-version.cmake
[1.158s] -- Up-to-date: /home/dung/ros_ws/install/my_robot_planning/share/my_robot_planning/package.xml
[1.175s] Invoked command in '/home/dung/ros_ws/build/my_robot_planning' returned '0': CMAKE_PREFIX_PATH=${CMAKE_PREFIX_PATH}:/home/dung/ros_ws/install/keyboard_teleop:/opt/ros/humble /usr/bin/cmake --install /home/dung/ros_ws/build/my_robot_planning
