[0.064s] DEBUG:colcon:Command line arguments: ['/usr/bin/colcon', 'list', '-p', '--base-paths', '/home/dung/ros_ws']
[0.064s] DEBUG:colcon:Parsed command line arguments: Namespace(log_base=None, log_level=None, verb_name='list', build_base='build', ignore_user_meta=False, metas=['./colcon.meta'], base_paths=['/home/dung/ros_ws'], packages_ignore=None, packages_ignore_regex=None, paths=None, packages_up_to=None, packages_up_to_regex=None, packages_above=None, packages_above_and_dependencies=None, packages_above_depth=None, packages_select_by_dep=None, packages_skip_by_dep=None, packages_skip_up_to=None, packages_select_build_failed=False, packages_skip_build_finished=False, packages_select_test_failures=False, packages_skip_test_passed=False, packages_select=None, packages_skip=None, packages_select_regex=None, packages_skip_regex=None, packages_start=None, packages_end=None, allow_overriding=[], topological_order=False, names_only=False, paths_only=True, topological_graph=False, topological_graph_dot=False, topological_graph_density=False, topological_graph_legend=False, topological_graph_dot_cluster=False, topological_graph_dot_include_skipped=False, verb_parser=<colcon_defaults.argument_parser.defaults.DefaultArgumentsDecorator object at 0x7a0c2cc0eaa0>, verb_extension=<colcon_package_information.verb.list.ListVerb object at 0x7a0c2cc0dc60>, main=<bound method ListVerb.main of <colcon_package_information.verb.list.ListVerb object at 0x7a0c2cc0dc60>>)
[0.187s] Level 1:colcon.colcon_core.package_discovery:discover_packages(colcon_meta) check parameters
[0.187s] Level 1:colcon.colcon_core.package_discovery:discover_packages(recursive) check parameters
[0.187s] Level 1:colcon.colcon_core.package_discovery:discover_packages(ignore) check parameters
[0.187s] Level 1:colcon.colcon_core.package_discovery:discover_packages(path) check parameters
[0.187s] Level 1:colcon.colcon_core.package_discovery:discover_packages(recursive) discover
[0.187s] INFO:colcon.colcon_core.package_discovery:Crawling recursively for packages in '/home/dung/ros_ws'
[0.187s] Level 1:colcon.colcon_core.package_identification:_identify(/home/dung/ros_ws) by extensions ['ignore', 'ignore_ament_install']
[0.188s] Level 1:colcon.colcon_core.package_identification:_identify(/home/dung/ros_ws) by extension 'ignore'
[0.188s] Level 1:colcon.colcon_core.package_identification:_identify(/home/dung/ros_ws) by extension 'ignore_ament_install'
[0.188s] Level 1:colcon.colcon_core.package_identification:_identify(/home/dung/ros_ws) by extensions ['colcon_pkg']
[0.188s] Level 1:colcon.colcon_core.package_identification:_identify(/home/dung/ros_ws) by extension 'colcon_pkg'
[0.188s] Level 1:colcon.colcon_core.package_identification:_identify(/home/dung/ros_ws) by extensions ['colcon_meta']
[0.188s] Level 1:colcon.colcon_core.package_identification:_identify(/home/dung/ros_ws) by extension 'colcon_meta'
[0.188s] Level 1:colcon.colcon_core.package_identification:_identify(/home/dung/ros_ws) by extensions ['ros']
[0.188s] Level 1:colcon.colcon_core.package_identification:_identify(/home/dung/ros_ws) by extension 'ros'
[0.199s] Level 1:colcon.colcon_core.package_identification:_identify(/home/dung/ros_ws) by extensions ['cmake', 'python']
[0.199s] Level 1:colcon.colcon_core.package_identification:_identify(/home/dung/ros_ws) by extension 'cmake'
[0.199s] Level 1:colcon.colcon_core.package_identification:_identify(/home/dung/ros_ws) by extension 'python'
[0.199s] Level 1:colcon.colcon_core.package_identification:_identify(/home/dung/ros_ws) by extensions ['python_setup_py']
[0.199s] Level 1:colcon.colcon_core.package_identification:_identify(/home/dung/ros_ws) by extension 'python_setup_py'
[0.199s] Level 1:colcon.colcon_core.package_identification:_identify(/home/dung/ros_ws/build) by extensions ['ignore', 'ignore_ament_install']
[0.199s] Level 1:colcon.colcon_core.package_identification:_identify(/home/dung/ros_ws/build) by extension 'ignore'
[0.199s] Level 1:colcon.colcon_core.package_identification:_identify(/home/dung/ros_ws/build) ignored
[0.200s] Level 1:colcon.colcon_core.package_identification:_identify(/home/dung/ros_ws/install) by extensions ['ignore', 'ignore_ament_install']
[0.200s] Level 1:colcon.colcon_core.package_identification:_identify(/home/dung/ros_ws/install) by extension 'ignore'
[0.200s] Level 1:colcon.colcon_core.package_identification:_identify(/home/dung/ros_ws/install) ignored
[0.200s] Level 1:colcon.colcon_core.package_identification:_identify(/home/dung/ros_ws/log) by extensions ['ignore', 'ignore_ament_install']
[0.200s] Level 1:colcon.colcon_core.package_identification:_identify(/home/dung/ros_ws/log) by extension 'ignore'
[0.200s] Level 1:colcon.colcon_core.package_identification:_identify(/home/dung/ros_ws/log) ignored
[0.200s] Level 1:colcon.colcon_core.package_identification:_identify(/home/dung/ros_ws/src) by extensions ['ignore', 'ignore_ament_install']
[0.200s] Level 1:colcon.colcon_core.package_identification:_identify(/home/dung/ros_ws/src) by extension 'ignore'
[0.200s] Level 1:colcon.colcon_core.package_identification:_identify(/home/dung/ros_ws/src) by extension 'ignore_ament_install'
[0.200s] Level 1:colcon.colcon_core.package_identification:_identify(/home/dung/ros_ws/src) by extensions ['colcon_pkg']
[0.200s] Level 1:colcon.colcon_core.package_identification:_identify(/home/dung/ros_ws/src) by extension 'colcon_pkg'
[0.200s] Level 1:colcon.colcon_core.package_identification:_identify(/home/dung/ros_ws/src) by extensions ['colcon_meta']
[0.200s] Level 1:colcon.colcon_core.package_identification:_identify(/home/dung/ros_ws/src) by extension 'colcon_meta'
[0.200s] Level 1:colcon.colcon_core.package_identification:_identify(/home/dung/ros_ws/src) by extensions ['ros']
[0.200s] Level 1:colcon.colcon_core.package_identification:_identify(/home/dung/ros_ws/src) by extension 'ros'
[0.200s] Level 1:colcon.colcon_core.package_identification:_identify(/home/dung/ros_ws/src) by extensions ['cmake', 'python']
[0.200s] Level 1:colcon.colcon_core.package_identification:_identify(/home/dung/ros_ws/src) by extension 'cmake'
[0.200s] Level 1:colcon.colcon_core.package_identification:_identify(/home/dung/ros_ws/src) by extension 'python'
[0.200s] Level 1:colcon.colcon_core.package_identification:_identify(/home/dung/ros_ws/src) by extensions ['python_setup_py']
[0.200s] Level 1:colcon.colcon_core.package_identification:_identify(/home/dung/ros_ws/src) by extension 'python_setup_py'
[0.200s] Level 1:colcon.colcon_core.package_identification:_identify(/home/dung/ros_ws/src/keyboard_teleop) by extensions ['ignore', 'ignore_ament_install']
[0.200s] Level 1:colcon.colcon_core.package_identification:_identify(/home/dung/ros_ws/src/keyboard_teleop) by extension 'ignore'
[0.200s] Level 1:colcon.colcon_core.package_identification:_identify(/home/dung/ros_ws/src/keyboard_teleop) by extension 'ignore_ament_install'
[0.200s] Level 1:colcon.colcon_core.package_identification:_identify(/home/dung/ros_ws/src/keyboard_teleop) by extensions ['colcon_pkg']
[0.200s] Level 1:colcon.colcon_core.package_identification:_identify(/home/dung/ros_ws/src/keyboard_teleop) by extension 'colcon_pkg'
[0.200s] Level 1:colcon.colcon_core.package_identification:_identify(/home/dung/ros_ws/src/keyboard_teleop) by extensions ['colcon_meta']
[0.200s] Level 1:colcon.colcon_core.package_identification:_identify(/home/dung/ros_ws/src/keyboard_teleop) by extension 'colcon_meta'
[0.201s] Level 1:colcon.colcon_core.package_identification:_identify(/home/dung/ros_ws/src/keyboard_teleop) by extensions ['ros']
[0.201s] Level 1:colcon.colcon_core.package_identification:_identify(/home/dung/ros_ws/src/keyboard_teleop) by extension 'ros'
[0.202s] DEBUG:colcon.colcon_core.package_identification:Package '/home/dung/ros_ws/src/keyboard_teleop' with type 'ros.ament_python' and name 'keyboard_teleop'
[0.202s] Level 1:colcon.colcon_core.package_identification:_identify(/home/dung/ros_ws/src/my_robot_bringup) by extensions ['ignore', 'ignore_ament_install']
[0.203s] Level 1:colcon.colcon_core.package_identification:_identify(/home/dung/ros_ws/src/my_robot_bringup) by extension 'ignore'
[0.203s] Level 1:colcon.colcon_core.package_identification:_identify(/home/dung/ros_ws/src/my_robot_bringup) by extension 'ignore_ament_install'
[0.203s] Level 1:colcon.colcon_core.package_identification:_identify(/home/dung/ros_ws/src/my_robot_bringup) by extensions ['colcon_pkg']
[0.203s] Level 1:colcon.colcon_core.package_identification:_identify(/home/dung/ros_ws/src/my_robot_bringup) by extension 'colcon_pkg'
[0.203s] Level 1:colcon.colcon_core.package_identification:_identify(/home/dung/ros_ws/src/my_robot_bringup) by extensions ['colcon_meta']
[0.203s] Level 1:colcon.colcon_core.package_identification:_identify(/home/dung/ros_ws/src/my_robot_bringup) by extension 'colcon_meta'
[0.203s] Level 1:colcon.colcon_core.package_identification:_identify(/home/dung/ros_ws/src/my_robot_bringup) by extensions ['ros']
[0.203s] Level 1:colcon.colcon_core.package_identification:_identify(/home/dung/ros_ws/src/my_robot_bringup) by extension 'ros'
[0.203s] DEBUG:colcon.colcon_core.package_identification:Package '/home/dung/ros_ws/src/my_robot_bringup' with type 'ros.ament_cmake' and name 'my_robot_bringup'
[0.203s] Level 1:colcon.colcon_core.package_identification:_identify(/home/dung/ros_ws/src/my_robot_description) by extensions ['ignore', 'ignore_ament_install']
[0.203s] Level 1:colcon.colcon_core.package_identification:_identify(/home/dung/ros_ws/src/my_robot_description) by extension 'ignore'
[0.203s] Level 1:colcon.colcon_core.package_identification:_identify(/home/dung/ros_ws/src/my_robot_description) by extension 'ignore_ament_install'
[0.203s] Level 1:colcon.colcon_core.package_identification:_identify(/home/dung/ros_ws/src/my_robot_description) by extensions ['colcon_pkg']
[0.203s] Level 1:colcon.colcon_core.package_identification:_identify(/home/dung/ros_ws/src/my_robot_description) by extension 'colcon_pkg'
[0.204s] Level 1:colcon.colcon_core.package_identification:_identify(/home/dung/ros_ws/src/my_robot_description) by extensions ['colcon_meta']
[0.204s] Level 1:colcon.colcon_core.package_identification:_identify(/home/dung/ros_ws/src/my_robot_description) by extension 'colcon_meta'
[0.204s] Level 1:colcon.colcon_core.package_identification:_identify(/home/dung/ros_ws/src/my_robot_description) by extensions ['ros']
[0.204s] Level 1:colcon.colcon_core.package_identification:_identify(/home/dung/ros_ws/src/my_robot_description) by extension 'ros'
[0.205s] DEBUG:colcon.colcon_core.package_identification:Package '/home/dung/ros_ws/src/my_robot_description' with type 'ros.ament_cmake' and name 'my_robot_description'
[0.205s] Level 1:colcon.colcon_core.package_identification:_identify(/home/dung/ros_ws/src/my_robot_firmware) by extensions ['ignore', 'ignore_ament_install']
[0.205s] Level 1:colcon.colcon_core.package_identification:_identify(/home/dung/ros_ws/src/my_robot_firmware) by extension 'ignore'
[0.205s] Level 1:colcon.colcon_core.package_identification:_identify(/home/dung/ros_ws/src/my_robot_firmware) by extension 'ignore_ament_install'
[0.205s] Level 1:colcon.colcon_core.package_identification:_identify(/home/dung/ros_ws/src/my_robot_firmware) by extensions ['colcon_pkg']
[0.205s] Level 1:colcon.colcon_core.package_identification:_identify(/home/dung/ros_ws/src/my_robot_firmware) by extension 'colcon_pkg'
[0.206s] Level 1:colcon.colcon_core.package_identification:_identify(/home/dung/ros_ws/src/my_robot_firmware) by extensions ['colcon_meta']
[0.206s] Level 1:colcon.colcon_core.package_identification:_identify(/home/dung/ros_ws/src/my_robot_firmware) by extension 'colcon_meta'
[0.206s] Level 1:colcon.colcon_core.package_identification:_identify(/home/dung/ros_ws/src/my_robot_firmware) by extensions ['ros']
[0.206s] Level 1:colcon.colcon_core.package_identification:_identify(/home/dung/ros_ws/src/my_robot_firmware) by extension 'ros'
[0.206s] DEBUG:colcon.colcon_core.package_identification:Package '/home/dung/ros_ws/src/my_robot_firmware' with type 'ros.ament_cmake' and name 'my_robot_firmware'
[0.206s] Level 1:colcon.colcon_core.package_identification:_identify(/home/dung/ros_ws/src/my_robot_localization) by extensions ['ignore', 'ignore_ament_install']
[0.206s] Level 1:colcon.colcon_core.package_identification:_identify(/home/dung/ros_ws/src/my_robot_localization) by extension 'ignore'
[0.206s] Level 1:colcon.colcon_core.package_identification:_identify(/home/dung/ros_ws/src/my_robot_localization) by extension 'ignore_ament_install'
[0.206s] Level 1:colcon.colcon_core.package_identification:_identify(/home/dung/ros_ws/src/my_robot_localization) by extensions ['colcon_pkg']
[0.206s] Level 1:colcon.colcon_core.package_identification:_identify(/home/dung/ros_ws/src/my_robot_localization) by extension 'colcon_pkg'
[0.206s] Level 1:colcon.colcon_core.package_identification:_identify(/home/dung/ros_ws/src/my_robot_localization) by extensions ['colcon_meta']
[0.206s] Level 1:colcon.colcon_core.package_identification:_identify(/home/dung/ros_ws/src/my_robot_localization) by extension 'colcon_meta'
[0.206s] Level 1:colcon.colcon_core.package_identification:_identify(/home/dung/ros_ws/src/my_robot_localization) by extensions ['ros']
[0.206s] Level 1:colcon.colcon_core.package_identification:_identify(/home/dung/ros_ws/src/my_robot_localization) by extension 'ros'
[0.207s] DEBUG:colcon.colcon_core.package_identification:Package '/home/dung/ros_ws/src/my_robot_localization' with type 'ros.ament_cmake' and name 'my_robot_localization'
[0.207s] Level 1:colcon.colcon_core.package_identification:_identify(/home/dung/ros_ws/src/my_robot_mapping) by extensions ['ignore', 'ignore_ament_install']
[0.207s] Level 1:colcon.colcon_core.package_identification:_identify(/home/dung/ros_ws/src/my_robot_mapping) by extension 'ignore'
[0.207s] Level 1:colcon.colcon_core.package_identification:_identify(/home/dung/ros_ws/src/my_robot_mapping) by extension 'ignore_ament_install'
[0.207s] Level 1:colcon.colcon_core.package_identification:_identify(/home/dung/ros_ws/src/my_robot_mapping) by extensions ['colcon_pkg']
[0.207s] Level 1:colcon.colcon_core.package_identification:_identify(/home/dung/ros_ws/src/my_robot_mapping) by extension 'colcon_pkg'
[0.207s] Level 1:colcon.colcon_core.package_identification:_identify(/home/dung/ros_ws/src/my_robot_mapping) by extensions ['colcon_meta']
[0.207s] Level 1:colcon.colcon_core.package_identification:_identify(/home/dung/ros_ws/src/my_robot_mapping) by extension 'colcon_meta'
[0.207s] Level 1:colcon.colcon_core.package_identification:_identify(/home/dung/ros_ws/src/my_robot_mapping) by extensions ['ros']
[0.207s] Level 1:colcon.colcon_core.package_identification:_identify(/home/dung/ros_ws/src/my_robot_mapping) by extension 'ros'
[0.208s] DEBUG:colcon.colcon_core.package_identification:Package '/home/dung/ros_ws/src/my_robot_mapping' with type 'ros.ament_cmake' and name 'my_robot_mapping'
[0.208s] Level 1:colcon.colcon_core.package_identification:_identify(/home/dung/ros_ws/src/my_robot_motion) by extensions ['ignore', 'ignore_ament_install']
[0.208s] Level 1:colcon.colcon_core.package_identification:_identify(/home/dung/ros_ws/src/my_robot_motion) by extension 'ignore'
[0.208s] Level 1:colcon.colcon_core.package_identification:_identify(/home/dung/ros_ws/src/my_robot_motion) by extension 'ignore_ament_install'
[0.208s] Level 1:colcon.colcon_core.package_identification:_identify(/home/dung/ros_ws/src/my_robot_motion) by extensions ['colcon_pkg']
[0.208s] Level 1:colcon.colcon_core.package_identification:_identify(/home/dung/ros_ws/src/my_robot_motion) by extension 'colcon_pkg'
[0.208s] Level 1:colcon.colcon_core.package_identification:_identify(/home/dung/ros_ws/src/my_robot_motion) by extensions ['colcon_meta']
[0.208s] Level 1:colcon.colcon_core.package_identification:_identify(/home/dung/ros_ws/src/my_robot_motion) by extension 'colcon_meta'
[0.208s] Level 1:colcon.colcon_core.package_identification:_identify(/home/dung/ros_ws/src/my_robot_motion) by extensions ['ros']
[0.208s] Level 1:colcon.colcon_core.package_identification:_identify(/home/dung/ros_ws/src/my_robot_motion) by extension 'ros'
[0.209s] DEBUG:colcon.colcon_core.package_identification:Package '/home/dung/ros_ws/src/my_robot_motion' with type 'ros.ament_cmake' and name 'my_robot_motion'
[0.209s] Level 1:colcon.colcon_core.package_identification:_identify(/home/dung/ros_ws/src/my_robot_msgs) by extensions ['ignore', 'ignore_ament_install']
[0.209s] Level 1:colcon.colcon_core.package_identification:_identify(/home/dung/ros_ws/src/my_robot_msgs) by extension 'ignore'
[0.209s] Level 1:colcon.colcon_core.package_identification:_identify(/home/dung/ros_ws/src/my_robot_msgs) by extension 'ignore_ament_install'
[0.209s] Level 1:colcon.colcon_core.package_identification:_identify(/home/dung/ros_ws/src/my_robot_msgs) by extensions ['colcon_pkg']
[0.209s] Level 1:colcon.colcon_core.package_identification:_identify(/home/dung/ros_ws/src/my_robot_msgs) by extension 'colcon_pkg'
[0.209s] Level 1:colcon.colcon_core.package_identification:_identify(/home/dung/ros_ws/src/my_robot_msgs) by extensions ['colcon_meta']
[0.209s] Level 1:colcon.colcon_core.package_identification:_identify(/home/dung/ros_ws/src/my_robot_msgs) by extension 'colcon_meta'
[0.209s] Level 1:colcon.colcon_core.package_identification:_identify(/home/dung/ros_ws/src/my_robot_msgs) by extensions ['ros']
[0.209s] Level 1:colcon.colcon_core.package_identification:_identify(/home/dung/ros_ws/src/my_robot_msgs) by extension 'ros'
[0.210s] DEBUG:colcon.colcon_core.package_identification:Package '/home/dung/ros_ws/src/my_robot_msgs' with type 'ros.ament_cmake' and name 'my_robot_msgs'
[0.210s] Level 1:colcon.colcon_core.package_identification:_identify(/home/dung/ros_ws/src/my_robot_navi) by extensions ['ignore', 'ignore_ament_install']
[0.210s] Level 1:colcon.colcon_core.package_identification:_identify(/home/dung/ros_ws/src/my_robot_navi) by extension 'ignore'
[0.210s] Level 1:colcon.colcon_core.package_identification:_identify(/home/dung/ros_ws/src/my_robot_navi) by extension 'ignore_ament_install'
[0.210s] Level 1:colcon.colcon_core.package_identification:_identify(/home/dung/ros_ws/src/my_robot_navi) by extensions ['colcon_pkg']
[0.210s] Level 1:colcon.colcon_core.package_identification:_identify(/home/dung/ros_ws/src/my_robot_navi) by extension 'colcon_pkg'
[0.210s] Level 1:colcon.colcon_core.package_identification:_identify(/home/dung/ros_ws/src/my_robot_navi) by extensions ['colcon_meta']
[0.210s] Level 1:colcon.colcon_core.package_identification:_identify(/home/dung/ros_ws/src/my_robot_navi) by extension 'colcon_meta'
[0.210s] Level 1:colcon.colcon_core.package_identification:_identify(/home/dung/ros_ws/src/my_robot_navi) by extensions ['ros']
[0.210s] Level 1:colcon.colcon_core.package_identification:_identify(/home/dung/ros_ws/src/my_robot_navi) by extension 'ros'
[0.210s] DEBUG:colcon.colcon_core.package_identification:Package '/home/dung/ros_ws/src/my_robot_navi' with type 'ros.ament_cmake' and name 'my_robot_navi'
[0.211s] Level 1:colcon.colcon_core.package_identification:_identify(/home/dung/ros_ws/src/my_robot_planning) by extensions ['ignore', 'ignore_ament_install']
[0.211s] Level 1:colcon.colcon_core.package_identification:_identify(/home/dung/ros_ws/src/my_robot_planning) by extension 'ignore'
[0.211s] Level 1:colcon.colcon_core.package_identification:_identify(/home/dung/ros_ws/src/my_robot_planning) by extension 'ignore_ament_install'
[0.211s] Level 1:colcon.colcon_core.package_identification:_identify(/home/dung/ros_ws/src/my_robot_planning) by extensions ['colcon_pkg']
[0.211s] Level 1:colcon.colcon_core.package_identification:_identify(/home/dung/ros_ws/src/my_robot_planning) by extension 'colcon_pkg'
[0.211s] Level 1:colcon.colcon_core.package_identification:_identify(/home/dung/ros_ws/src/my_robot_planning) by extensions ['colcon_meta']
[0.211s] Level 1:colcon.colcon_core.package_identification:_identify(/home/dung/ros_ws/src/my_robot_planning) by extension 'colcon_meta'
[0.211s] Level 1:colcon.colcon_core.package_identification:_identify(/home/dung/ros_ws/src/my_robot_planning) by extensions ['ros']
[0.211s] Level 1:colcon.colcon_core.package_identification:_identify(/home/dung/ros_ws/src/my_robot_planning) by extension 'ros'
[0.211s] DEBUG:colcon.colcon_core.package_identification:Package '/home/dung/ros_ws/src/my_robot_planning' with type 'ros.ament_cmake' and name 'my_robot_planning'
[0.212s] Level 1:colcon.colcon_core.package_identification:_identify(/home/dung/ros_ws/src/my_robot_utils) by extensions ['ignore', 'ignore_ament_install']
[0.212s] Level 1:colcon.colcon_core.package_identification:_identify(/home/dung/ros_ws/src/my_robot_utils) by extension 'ignore'
[0.212s] Level 1:colcon.colcon_core.package_identification:_identify(/home/dung/ros_ws/src/my_robot_utils) by extension 'ignore_ament_install'
[0.212s] Level 1:colcon.colcon_core.package_identification:_identify(/home/dung/ros_ws/src/my_robot_utils) by extensions ['colcon_pkg']
[0.212s] Level 1:colcon.colcon_core.package_identification:_identify(/home/dung/ros_ws/src/my_robot_utils) by extension 'colcon_pkg'
[0.212s] Level 1:colcon.colcon_core.package_identification:_identify(/home/dung/ros_ws/src/my_robot_utils) by extensions ['colcon_meta']
[0.212s] Level 1:colcon.colcon_core.package_identification:_identify(/home/dung/ros_ws/src/my_robot_utils) by extension 'colcon_meta'
[0.212s] Level 1:colcon.colcon_core.package_identification:_identify(/home/dung/ros_ws/src/my_robot_utils) by extensions ['ros']
[0.212s] Level 1:colcon.colcon_core.package_identification:_identify(/home/dung/ros_ws/src/my_robot_utils) by extension 'ros'
[0.212s] DEBUG:colcon.colcon_core.package_identification:Package '/home/dung/ros_ws/src/my_robot_utils' with type 'ros.ament_cmake' and name 'my_robot_utils'
[0.212s] Level 1:colcon.colcon_core.package_identification:_identify(/home/dung/ros_ws/src/myrobot_controller) by extensions ['ignore', 'ignore_ament_install']
[0.212s] Level 1:colcon.colcon_core.package_identification:_identify(/home/dung/ros_ws/src/myrobot_controller) by extension 'ignore'
[0.213s] Level 1:colcon.colcon_core.package_identification:_identify(/home/dung/ros_ws/src/myrobot_controller) by extension 'ignore_ament_install'
[0.213s] Level 1:colcon.colcon_core.package_identification:_identify(/home/dung/ros_ws/src/myrobot_controller) by extensions ['colcon_pkg']
[0.213s] Level 1:colcon.colcon_core.package_identification:_identify(/home/dung/ros_ws/src/myrobot_controller) by extension 'colcon_pkg'
[0.213s] Level 1:colcon.colcon_core.package_identification:_identify(/home/dung/ros_ws/src/myrobot_controller) by extensions ['colcon_meta']
[0.213s] Level 1:colcon.colcon_core.package_identification:_identify(/home/dung/ros_ws/src/myrobot_controller) by extension 'colcon_meta'
[0.213s] Level 1:colcon.colcon_core.package_identification:_identify(/home/dung/ros_ws/src/myrobot_controller) by extensions ['ros']
[0.213s] Level 1:colcon.colcon_core.package_identification:_identify(/home/dung/ros_ws/src/myrobot_controller) by extension 'ros'
[0.213s] DEBUG:colcon.colcon_core.package_identification:Package '/home/dung/ros_ws/src/myrobot_controller' with type 'ros.ament_cmake' and name 'myrobot_controller'
[0.213s] Level 1:colcon.colcon_core.package_discovery:discover_packages(recursive) using defaults
