[0.023s] Invoking command in '/home/dung/ros_ws/build/my_robot_description': /usr/bin/cmake /home/dung/ros_ws/src/my_robot_description -DCMAKE_INSTALL_PREFIX=/home/dung/ros_ws/install/my_robot_description
[0.080s] -- The C compiler identification is GNU 11.4.0
[0.148s] -- The CXX compiler identification is GNU 11.4.0
[0.157s] -- Detecting C compiler ABI info
[0.239s] -- Detecting C compiler ABI info - done
[0.248s] -- Check for working C compiler: /usr/bin/cc - skipped
[0.250s] -- Detecting C compile features
[0.250s] -- Detecting C compile features - done
[0.254s] -- Detecting CXX compiler ABI info
[0.345s] -- Detecting CXX compiler ABI info - done
[0.359s] -- Check for working CXX compiler: /usr/bin/c++ - skipped
[0.359s] -- Detecting CXX compile features
[0.359s] -- Detecting CXX compile features - done
[0.373s] [31mCMake Error at CMakeLists.txt:9 (find_package):
[0.373s]   By not providing "Findament_cmake.cmake" in CMAKE_MODULE_PATH this project
[0.373s]   has asked CMake to find a package configuration file provided by
[0.373s]   "ament_cmake", but CMake did not find one.
[0.373s] 
[0.373s]   Could not find a package configuration file provided by "ament_cmake" with
[0.373s]   any of the following names:
[0.373s] 
[0.373s]     ament_cmakeConfig.cmake
[0.373s]     ament_cmake-config.cmake
[0.373s] 
[0.373s]   Add the installation prefix of "ament_cmake" to CMAKE_PREFIX_PATH or set
[0.373s]   "ament_cmake_DIR" to a directory containing one of the above files.  If
[0.373s]   "ament_cmake" provides a separate development package or SDK, be sure it
[0.373s]   has been installed.
[0.373s] 
[0.374s] [0m
[0.374s] -- Configuring incomplete, errors occurred!
[0.374s] See also "/home/dung/ros_ws/build/my_robot_description/CMakeFiles/CMakeOutput.log".
[0.376s] Invoked command in '/home/dung/ros_ws/build/my_robot_description' returned '1': /usr/bin/cmake /home/dung/ros_ws/src/my_robot_description -DCMAKE_INSTALL_PREFIX=/home/dung/ros_ws/install/my_robot_description
