[0.036s] Invoking command in '/home/dung/ros_ws/build/my_robot_motion': CMAKE_PREFIX_PATH=${CMAKE_PREFIX_PATH}:/home/dung/ros_ws/install/keyboard_teleop:/opt/ros/humble /usr/bin/cmake --build /home/dung/ros_ws/build/my_robot_motion -- -j6 -l6
[0.161s] [100%] Built target pd_motion_planner
[0.235s] Invoked command in '/home/dung/ros_ws/build/my_robot_motion' returned '0': CMAKE_PREFIX_PATH=${CMAKE_PREFIX_PATH}:/home/dung/ros_ws/install/keyboard_teleop:/opt/ros/humble /usr/bin/cmake --build /home/dung/ros_ws/build/my_robot_motion -- -j6 -l6
[0.235s] Invoking command in '/home/dung/ros_ws/build/my_robot_motion': CMAKE_PREFIX_PATH=${CMAKE_PREFIX_PATH}:/home/dung/ros_ws/install/keyboard_teleop:/opt/ros/humble /usr/bin/cmake --install /home/dung/ros_ws/build/my_robot_motion
[0.241s] -- Install configuration: ""
[0.241s] -- Up-to-date: /home/dung/ros_ws/install/my_robot_motion/share/my_robot_motion/motion_planner_plugins.xml
[0.241s] -- Up-to-date: /home/dung/ros_ws/install/my_robot_motion/lib/my_robot_motion/pd_motion_planner.py
[0.245s] -- Up-to-date: /home/dung/ros_ws/install/my_robot_motion/lib/my_robot_motion/pure_pursuit.py
[0.245s] -- Up-to-date: /home/dung/ros_ws/install/my_robot_motion/include/include
[0.245s] -- Up-to-date: /home/dung/ros_ws/install/my_robot_motion/include/include/my_robot_motion
[0.245s] -- Up-to-date: /home/dung/ros_ws/install/my_robot_motion/include/include/my_robot_motion/pd_motion_planner.hpp
[0.245s] -- Up-to-date: /home/dung/ros_ws/install/my_robot_motion/lib/libpd_motion_planner.so
[0.245s] -- Up-to-date: /home/dung/ros_ws/install/my_robot_motion/share/my_robot_motion/motion_planner_plugins.xml
[0.245s] -- Up-to-date: /home/dung/ros_ws/install/my_robot_motion/share/my_robot_motion/environment/library_path.sh
[0.245s] -- Up-to-date: /home/dung/ros_ws/install/my_robot_motion/share/my_robot_motion/environment/library_path.dsv
[0.245s] -- Up-to-date: /home/dung/ros_ws/install/my_robot_motion/share/ament_index/resource_index/package_run_dependencies/my_robot_motion
[0.245s] -- Up-to-date: /home/dung/ros_ws/install/my_robot_motion/share/ament_index/resource_index/parent_prefix_path/my_robot_motion
[0.245s] -- Up-to-date: /home/dung/ros_ws/install/my_robot_motion/share/my_robot_motion/environment/ament_prefix_path.sh
[0.245s] -- Up-to-date: /home/dung/ros_ws/install/my_robot_motion/share/my_robot_motion/environment/ament_prefix_path.dsv
[0.245s] -- Up-to-date: /home/dung/ros_ws/install/my_robot_motion/share/my_robot_motion/environment/path.sh
[0.245s] -- Up-to-date: /home/dung/ros_ws/install/my_robot_motion/share/my_robot_motion/environment/path.dsv
[0.245s] -- Up-to-date: /home/dung/ros_ws/install/my_robot_motion/share/my_robot_motion/local_setup.bash
[0.245s] -- Up-to-date: /home/dung/ros_ws/install/my_robot_motion/share/my_robot_motion/local_setup.sh
[0.245s] -- Up-to-date: /home/dung/ros_ws/install/my_robot_motion/share/my_robot_motion/local_setup.zsh
[0.245s] -- Up-to-date: /home/dung/ros_ws/install/my_robot_motion/share/my_robot_motion/local_setup.dsv
[0.245s] -- Installing: /home/dung/ros_ws/install/my_robot_motion/share/my_robot_motion/package.dsv
[0.245s] -- Up-to-date: /home/dung/ros_ws/install/my_robot_motion/share/ament_index/resource_index/packages/my_robot_motion
[0.245s] -- Up-to-date: /home/dung/ros_ws/install/my_robot_motion/share/ament_index/resource_index/nav2_core__pluginlib__plugin/my_robot_motion
[0.245s] -- Up-to-date: /home/dung/ros_ws/install/my_robot_motion/share/my_robot_motion/cmake/ament_cmake_export_include_directories-extras.cmake
[0.246s] -- Up-to-date: /home/dung/ros_ws/install/my_robot_motion/share/my_robot_motion/cmake/ament_cmake_export_dependencies-extras.cmake
[0.246s] -- Up-to-date: /home/dung/ros_ws/install/my_robot_motion/share/my_robot_motion/cmake/ament_cmake_export_libraries-extras.cmake
[0.246s] -- Up-to-date: /home/dung/ros_ws/install/my_robot_motion/share/my_robot_motion/cmake/my_robot_motionConfig.cmake
[0.246s] -- Up-to-date: /home/dung/ros_ws/install/my_robot_motion/share/my_robot_motion/cmake/my_robot_motionConfig-version.cmake
[0.246s] -- Up-to-date: /home/dung/ros_ws/install/my_robot_motion/share/my_robot_motion/package.xml
[0.254s] Invoked command in '/home/dung/ros_ws/build/my_robot_motion' returned '0': CMAKE_PREFIX_PATH=${CMAKE_PREFIX_PATH}:/home/dung/ros_ws/install/keyboard_teleop:/opt/ros/humble /usr/bin/cmake --install /home/dung/ros_ws/build/my_robot_motion
