[0.022s] Invoking command in '/home/dung/ros_ws/build/my_robot_motion': CMAKE_PREFIX_PATH=${CMAKE_PREFIX_PATH}:/home/dung/ros_ws/install/keyboard_teleop:/opt/ros/humble /usr/bin/cmake /home/dung/ros_ws/src/my_robot_motion -DCMAKE_INSTALL_PREFIX=/home/dung/ros_ws/install/my_robot_motion
[0.049s] -- Found ament_cmake: 1.3.12 (/opt/ros/humble/share/ament_cmake/cmake)
[0.168s] -- Override CMake install command with custom implementation using symlinks instead of copying resources
[0.178s] -- Found rclcpp: 16.0.15 (/opt/ros/humble/share/rclcpp/cmake)
[0.203s] -- Found rosidl_generator_c: 3.1.7 (/opt/ros/humble/share/rosidl_generator_c/cmake)
[0.206s] -- Found rosidl_adapter: 3.1.7 (/opt/ros/humble/share/rosidl_adapter/cmake)
[0.214s] -- Found rosidl_generator_cpp: 3.1.7 (/opt/ros/humble/share/rosidl_generator_cpp/cmake)
[0.222s] -- Using all available rosidl_typesupport_c: rosidl_typesupport_fastrtps_c;rosidl_typesupport_introspection_c
[0.239s] -- Using all available rosidl_typesupport_cpp: rosidl_typesupport_fastrtps_cpp;rosidl_typesupport_introspection_cpp
[0.266s] -- Found rmw_implementation_cmake: 6.1.2 (/opt/ros/humble/share/rmw_implementation_cmake/cmake)
[0.267s] -- Found rmw_fastrtps_cpp: 6.2.9 (/opt/ros/humble/share/rmw_fastrtps_cpp/cmake)
[0.354s] -- Using RMW implementation 'rmw_fastrtps_cpp' as default
[0.395s] -- Found rclpy: 3.3.17 (/opt/ros/humble/share/rclpy/cmake)
[0.395s] -- Found nav_msgs: 4.9.0 (/opt/ros/humble/share/nav_msgs/cmake)
[0.427s] -- Found tf2_ros: 0.25.16 (/opt/ros/humble/share/tf2_ros/cmake)
[0.505s] -- Found tf2_geometry_msgs: 0.25.16 (/opt/ros/humble/share/tf2_geometry_msgs/cmake)
[0.508s] -- Found eigen3_cmake_module: 0.1.1 (/opt/ros/humble/share/eigen3_cmake_module/cmake)
[0.509s] -- Ensuring Eigen3 include directory is part of orocos-kdl CMake target
[0.511s] -- Found nav2_core: 1.1.19 (/opt/ros/humble/share/nav2_core/cmake)
[0.833s] -- Found ament_lint_auto: 0.12.14 (/opt/ros/humble/share/ament_lint_auto/cmake)
[0.894s] -- Added test 'cppcheck' to perform static code analysis on C / C++ code
[0.894s] -- Configured cppcheck include dirs: /home/dung/ros_ws/src/my_robot_motion/include
[0.895s] -- Configured cppcheck exclude dirs and/or files: 
[0.895s] -- Added test 'flake8' to check Python code syntax and style conventions
[0.895s] -- Added test 'lint_cmake' to check CMake code style
[0.895s] -- Added test 'pep257' to check Python code against some of the docstring style conventions in PEP 257
[0.896s] -- Added test 'uncrustify' to check C / C++ code style
[0.896s] -- Configured uncrustify additional arguments: 
[0.896s] -- Added test 'xmllint' to check XML markup files
[0.898s] -- Configuring done
[0.931s] -- Generating done
[0.937s] -- Build files have been written to: /home/dung/ros_ws/build/my_robot_motion
[0.944s] Invoked command in '/home/dung/ros_ws/build/my_robot_motion' returned '0': CMAKE_PREFIX_PATH=${CMAKE_PREFIX_PATH}:/home/dung/ros_ws/install/keyboard_teleop:/opt/ros/humble /usr/bin/cmake /home/dung/ros_ws/src/my_robot_motion -DCMAKE_INSTALL_PREFIX=/home/dung/ros_ws/install/my_robot_motion
[0.945s] Invoking command in '/home/dung/ros_ws/build/my_robot_motion': CMAKE_PREFIX_PATH=${CMAKE_PREFIX_PATH}:/home/dung/ros_ws/install/keyboard_teleop:/opt/ros/humble /usr/bin/cmake --build /home/dung/ros_ws/build/my_robot_motion -- -j12 -l12
[0.972s] [35m[1mConsolidate compiler generated dependencies of target pd_motion_planner[0m
[0.985s] [100%] Built target pd_motion_planner
[0.994s] Invoked command in '/home/dung/ros_ws/build/my_robot_motion' returned '0': CMAKE_PREFIX_PATH=${CMAKE_PREFIX_PATH}:/home/dung/ros_ws/install/keyboard_teleop:/opt/ros/humble /usr/bin/cmake --build /home/dung/ros_ws/build/my_robot_motion -- -j12 -l12
[0.995s] Invoking command in '/home/dung/ros_ws/build/my_robot_motion': CMAKE_PREFIX_PATH=${CMAKE_PREFIX_PATH}:/home/dung/ros_ws/install/keyboard_teleop:/opt/ros/humble /usr/bin/cmake --install /home/dung/ros_ws/build/my_robot_motion
[1.002s] -- Install configuration: ""
[1.002s] -- Execute custom install script
[1.002s] -- Up-to-date symlink: /home/dung/ros_ws/install/my_robot_motion/share/my_robot_motion//motion_planner_plugins.xml
[1.002s] -- Up-to-date symlink: /home/dung/ros_ws/install/my_robot_motion/lib/my_robot_motion/pd_motion_planner.py
[1.002s] -- Up-to-date symlink: /home/dung/ros_ws/install/my_robot_motion/lib/my_robot_motion/pure_pursuit.py
[1.002s] -- Up-to-date symlink: /home/dung/ros_ws/install/my_robot_motion/include/include/my_robot_motion/pd_motion_planner.hpp
[1.002s] -- Up-to-date symlink: /home/dung/ros_ws/install/my_robot_motion/lib/libpd_motion_planner.so
[1.002s] -- Up-to-date symlink: /home/dung/ros_ws/install/my_robot_motion/share/my_robot_motion/motion_planner_plugins.xml
[1.003s] -- Up-to-date symlink: /home/dung/ros_ws/install/my_robot_motion/share/my_robot_motion/environment/library_path.sh
[1.003s] -- Up-to-date symlink: /home/dung/ros_ws/install/my_robot_motion/share/my_robot_motion/environment/library_path.dsv
[1.003s] -- Up-to-date symlink: /home/dung/ros_ws/install/my_robot_motion/share/ament_index/resource_index/package_run_dependencies/my_robot_motion
[1.003s] -- Up-to-date symlink: /home/dung/ros_ws/install/my_robot_motion/share/ament_index/resource_index/parent_prefix_path/my_robot_motion
[1.003s] -- Up-to-date symlink: /home/dung/ros_ws/install/my_robot_motion/share/my_robot_motion/environment/ament_prefix_path.sh
[1.003s] -- Up-to-date symlink: /home/dung/ros_ws/install/my_robot_motion/share/my_robot_motion/environment/ament_prefix_path.dsv
[1.003s] -- Up-to-date symlink: /home/dung/ros_ws/install/my_robot_motion/share/my_robot_motion/environment/path.sh
[1.003s] -- Up-to-date symlink: /home/dung/ros_ws/install/my_robot_motion/share/my_robot_motion/environment/path.dsv
[1.003s] -- Up-to-date symlink: /home/dung/ros_ws/install/my_robot_motion/share/my_robot_motion/local_setup.bash
[1.003s] -- Up-to-date symlink: /home/dung/ros_ws/install/my_robot_motion/share/my_robot_motion/local_setup.sh
[1.003s] -- Up-to-date symlink: /home/dung/ros_ws/install/my_robot_motion/share/my_robot_motion/local_setup.zsh
[1.003s] -- Up-to-date symlink: /home/dung/ros_ws/install/my_robot_motion/share/my_robot_motion/local_setup.dsv
[1.003s] -- Symlinking: /home/dung/ros_ws/install/my_robot_motion/share/my_robot_motion/package.dsv
[1.010s] -- Up-to-date symlink: /home/dung/ros_ws/install/my_robot_motion/share/ament_index/resource_index/packages/my_robot_motion
[1.010s] -- Up-to-date symlink: /home/dung/ros_ws/install/my_robot_motion/share/ament_index/resource_index/nav2_core__pluginlib__plugin/my_robot_motion
[1.010s] -- Up-to-date symlink: /home/dung/ros_ws/install/my_robot_motion/share/my_robot_motion/cmake/ament_cmake_export_include_directories-extras.cmake
[1.010s] -- Up-to-date symlink: /home/dung/ros_ws/install/my_robot_motion/share/my_robot_motion/cmake/ament_cmake_export_dependencies-extras.cmake
[1.010s] -- Up-to-date symlink: /home/dung/ros_ws/install/my_robot_motion/share/my_robot_motion/cmake/ament_cmake_export_libraries-extras.cmake
[1.010s] -- Up-to-date symlink: /home/dung/ros_ws/install/my_robot_motion/share/my_robot_motion/cmake/my_robot_motionConfig.cmake
[1.010s] -- Up-to-date symlink: /home/dung/ros_ws/install/my_robot_motion/share/my_robot_motion/cmake/my_robot_motionConfig-version.cmake
[1.010s] -- Up-to-date symlink: /home/dung/ros_ws/install/my_robot_motion/share/my_robot_motion/package.xml
[1.012s] Invoked command in '/home/dung/ros_ws/build/my_robot_motion' returned '0': CMAKE_PREFIX_PATH=${CMAKE_PREFIX_PATH}:/home/dung/ros_ws/install/keyboard_teleop:/opt/ros/humble /usr/bin/cmake --install /home/dung/ros_ws/build/my_robot_motion
