[0.028s] Invoking command in '/home/dung/ros_ws/build/my_robot_mapping': CMAKE_PREFIX_PATH=${CMAKE_PREFIX_PATH}:/home/dung/ros_ws/install/keyboard_teleop:/opt/ros/humble /usr/bin/cmake --build /home/dung/ros_ws/build/my_robot_mapping -- -j6 -l6
[0.131s] Invoked command in '/home/dung/ros_ws/build/my_robot_mapping' returned '0': CMAKE_PREFIX_PATH=${CMAKE_PREFIX_PATH}:/home/dung/ros_ws/install/keyboard_teleop:/opt/ros/humble /usr/bin/cmake --build /home/dung/ros_ws/build/my_robot_mapping -- -j6 -l6
[0.160s] Invoking command in '/home/dung/ros_ws/build/my_robot_mapping': CMAKE_PREFIX_PATH=${CMAKE_PREFIX_PATH}:/home/dung/ros_ws/install/keyboard_teleop:/opt/ros/humble /usr/bin/cmake --install /home/dung/ros_ws/build/my_robot_mapping
[0.229s] -- Install configuration: ""
[0.229s] -- Up-to-date: /home/dung/ros_ws/install/my_robot_mapping/share/my_robot_mapping/config
[0.229s] -- Up-to-date: /home/dung/ros_ws/install/my_robot_mapping/share/my_robot_mapping/config/slam_toolbox.yaml
[0.229s] -- Up-to-date: /home/dung/ros_ws/install/my_robot_mapping/share/my_robot_mapping/launch
[0.229s] -- Up-to-date: /home/dung/ros_ws/install/my_robot_mapping/share/my_robot_mapping/launch/slam.launch.py
[0.230s] -- Up-to-date: /home/dung/ros_ws/install/my_robot_mapping/share/my_robot_mapping/maps
[0.230s] -- Up-to-date: /home/dung/ros_ws/install/my_robot_mapping/share/my_robot_mapping/maps/map
[0.230s] -- Up-to-date: /home/dung/ros_ws/install/my_robot_mapping/share/my_robot_mapping/maps/map/map.yaml
[0.230s] -- Up-to-date: /home/dung/ros_ws/install/my_robot_mapping/share/my_robot_mapping/maps/map/map.pgm
[0.230s] -- Up-to-date: /home/dung/ros_ws/install/my_robot_mapping/share/ament_index/resource_index/package_run_dependencies/my_robot_mapping
[0.230s] -- Up-to-date: /home/dung/ros_ws/install/my_robot_mapping/share/ament_index/resource_index/parent_prefix_path/my_robot_mapping
[0.230s] -- Up-to-date: /home/dung/ros_ws/install/my_robot_mapping/share/my_robot_mapping/environment/ament_prefix_path.sh
[0.230s] -- Up-to-date: /home/dung/ros_ws/install/my_robot_mapping/share/my_robot_mapping/environment/ament_prefix_path.dsv
[0.230s] -- Up-to-date: /home/dung/ros_ws/install/my_robot_mapping/share/my_robot_mapping/environment/path.sh
[0.230s] -- Up-to-date: /home/dung/ros_ws/install/my_robot_mapping/share/my_robot_mapping/environment/path.dsv
[0.230s] -- Up-to-date: /home/dung/ros_ws/install/my_robot_mapping/share/my_robot_mapping/local_setup.bash
[0.230s] -- Up-to-date: /home/dung/ros_ws/install/my_robot_mapping/share/my_robot_mapping/local_setup.sh
[0.230s] -- Up-to-date: /home/dung/ros_ws/install/my_robot_mapping/share/my_robot_mapping/local_setup.zsh
[0.230s] -- Up-to-date: /home/dung/ros_ws/install/my_robot_mapping/share/my_robot_mapping/local_setup.dsv
[0.230s] -- Installing: /home/dung/ros_ws/install/my_robot_mapping/share/my_robot_mapping/package.dsv
[0.235s] -- Up-to-date: /home/dung/ros_ws/install/my_robot_mapping/share/ament_index/resource_index/packages/my_robot_mapping
[0.235s] -- Up-to-date: /home/dung/ros_ws/install/my_robot_mapping/share/my_robot_mapping/cmake/my_robot_mappingConfig.cmake
[0.238s] -- Up-to-date: /home/dung/ros_ws/install/my_robot_mapping/share/my_robot_mapping/cmake/my_robot_mappingConfig-version.cmake
[0.238s] -- Up-to-date: /home/dung/ros_ws/install/my_robot_mapping/share/my_robot_mapping/package.xml
[0.260s] Invoked command in '/home/dung/ros_ws/build/my_robot_mapping' returned '0': CMAKE_PREFIX_PATH=${CMAKE_PREFIX_PATH}:/home/dung/ros_ws/install/keyboard_teleop:/opt/ros/humble /usr/bin/cmake --install /home/dung/ros_ws/build/my_robot_mapping
