[0.041s] Invoking command in '/home/dung/ros_ws/build/my_robot_planning': CMAKE_PREFIX_PATH=${CMAKE_PREFIX_PATH}:/home/dung/ros_ws/install/keyboard_teleop:/opt/ros/humble /usr/bin/cmake --build /home/dung/ros_ws/build/my_robot_planning -- -j6 -l6
[0.158s] [  0%] Built target ament_cmake_python_copy_my_robot_planning
[0.162s] [ 50%] Built target a_star
[0.162s] [100%] Built target dijkstra_planner
[0.464s] running egg_info
[0.470s] writing my_robot_planning.egg-info/PKG-INFO
[0.470s] writing dependency_links to my_robot_planning.egg-info/dependency_links.txt
[0.471s] writing top-level names to my_robot_planning.egg-info/top_level.txt
[0.471s] reading manifest file 'my_robot_planning.egg-info/SOURCES.txt'
[0.472s] writing manifest file 'my_robot_planning.egg-info/SOURCES.txt'
[0.557s] [100%] Built target ament_cmake_python_build_my_robot_planning_egg
[0.757s] Invoked command in '/home/dung/ros_ws/build/my_robot_planning' returned '0': CMAKE_PREFIX_PATH=${CMAKE_PREFIX_PATH}:/home/dung/ros_ws/install/keyboard_teleop:/opt/ros/humble /usr/bin/cmake --build /home/dung/ros_ws/build/my_robot_planning -- -j6 -l6
[0.758s] Invoking command in '/home/dung/ros_ws/build/my_robot_planning': CMAKE_PREFIX_PATH=${CMAKE_PREFIX_PATH}:/home/dung/ros_ws/install/keyboard_teleop:/opt/ros/humble /usr/bin/cmake --install /home/dung/ros_ws/build/my_robot_planning
[0.768s] -- Install configuration: ""
[0.768s] -- Up-to-date: /home/dung/ros_ws/install/my_robot_planning/share/my_robot_planning/environment/pythonpath.sh
[0.769s] -- Up-to-date: /home/dung/ros_ws/install/my_robot_planning/share/my_robot_planning/environment/pythonpath.dsv
[0.769s] -- Up-to-date: /home/dung/ros_ws/install/my_robot_planning/local/lib/python3.10/dist-packages/my_robot_planning-0.0.0-py3.10.egg-info
[0.769s] -- Installing: /home/dung/ros_ws/install/my_robot_planning/local/lib/python3.10/dist-packages/my_robot_planning-0.0.0-py3.10.egg-info/dependency_links.txt
[0.769s] -- Installing: /home/dung/ros_ws/install/my_robot_planning/local/lib/python3.10/dist-packages/my_robot_planning-0.0.0-py3.10.egg-info/SOURCES.txt
[0.770s] -- Installing: /home/dung/ros_ws/install/my_robot_planning/local/lib/python3.10/dist-packages/my_robot_planning-0.0.0-py3.10.egg-info/top_level.txt
[0.770s] -- Installing: /home/dung/ros_ws/install/my_robot_planning/local/lib/python3.10/dist-packages/my_robot_planning-0.0.0-py3.10.egg-info/PKG-INFO
[0.770s] -- Up-to-date: /home/dung/ros_ws/install/my_robot_planning/local/lib/python3.10/dist-packages/my_robot_planning
[0.770s] -- Up-to-date: /home/dung/ros_ws/install/my_robot_planning/local/lib/python3.10/dist-packages/my_robot_planning/dijkstra_planner.py
[0.770s] -- Up-to-date: /home/dung/ros_ws/install/my_robot_planning/local/lib/python3.10/dist-packages/my_robot_planning/__init__.py
[0.771s] -- Up-to-date: /home/dung/ros_ws/install/my_robot_planning/local/lib/python3.10/dist-packages/my_robot_planning/a_star.py
[0.852s] Listing '/home/dung/ros_ws/install/my_robot_planning/local/lib/python3.10/dist-packages/my_robot_planning'...
[0.852s] -- Up-to-date: /home/dung/ros_ws/install/my_robot_planning/share/my_robot_planning/global_planner_plugins.xml
[0.852s] -- Up-to-date: /home/dung/ros_ws/install/my_robot_planning/lib/my_robot_planning/dijkstra_planner.py
[0.852s] -- Up-to-date: /home/dung/ros_ws/install/my_robot_planning/lib/my_robot_planning/a_star.py
[0.852s] -- Up-to-date: /home/dung/ros_ws/install/my_robot_planning/include/include
[0.853s] -- Up-to-date: /home/dung/ros_ws/install/my_robot_planning/include/include/my_robot_planning
[0.853s] -- Up-to-date: /home/dung/ros_ws/install/my_robot_planning/include/include/my_robot_planning/a_star.hpp
[0.853s] -- Up-to-date: /home/dung/ros_ws/install/my_robot_planning/include/include/my_robot_planning/dijkstra_planner.hpp
[0.853s] -- Up-to-date: /home/dung/ros_ws/install/my_robot_planning/lib/my_robot_planning/libdijkstra_planner.so
[0.853s] -- Up-to-date: /home/dung/ros_ws/install/my_robot_planning/lib/my_robot_planning/liba_star.so
[0.855s] -- Up-to-date: /home/dung/ros_ws/install/my_robot_planning/share/my_robot_planning/global_planner_plugins.xml
[0.855s] -- Up-to-date: /home/dung/ros_ws/install/my_robot_planning/share/ament_index/resource_index/package_run_dependencies/my_robot_planning
[0.855s] -- Up-to-date: /home/dung/ros_ws/install/my_robot_planning/share/ament_index/resource_index/parent_prefix_path/my_robot_planning
[0.855s] -- Up-to-date: /home/dung/ros_ws/install/my_robot_planning/share/my_robot_planning/environment/ament_prefix_path.sh
[0.855s] -- Up-to-date: /home/dung/ros_ws/install/my_robot_planning/share/my_robot_planning/environment/ament_prefix_path.dsv
[0.855s] -- Up-to-date: /home/dung/ros_ws/install/my_robot_planning/share/my_robot_planning/environment/path.sh
[0.855s] -- Up-to-date: /home/dung/ros_ws/install/my_robot_planning/share/my_robot_planning/environment/path.dsv
[0.855s] -- Up-to-date: /home/dung/ros_ws/install/my_robot_planning/share/my_robot_planning/local_setup.bash
[0.855s] -- Up-to-date: /home/dung/ros_ws/install/my_robot_planning/share/my_robot_planning/local_setup.sh
[0.855s] -- Up-to-date: /home/dung/ros_ws/install/my_robot_planning/share/my_robot_planning/local_setup.zsh
[0.855s] -- Up-to-date: /home/dung/ros_ws/install/my_robot_planning/share/my_robot_planning/local_setup.dsv
[0.855s] -- Installing: /home/dung/ros_ws/install/my_robot_planning/share/my_robot_planning/package.dsv
[0.855s] -- Up-to-date: /home/dung/ros_ws/install/my_robot_planning/share/ament_index/resource_index/packages/my_robot_planning
[0.855s] -- Up-to-date: /home/dung/ros_ws/install/my_robot_planning/share/ament_index/resource_index/nav2_core__pluginlib__plugin/my_robot_planning
[0.856s] -- Up-to-date: /home/dung/ros_ws/install/my_robot_planning/share/my_robot_planning/cmake/ament_cmake_export_include_directories-extras.cmake
[0.856s] -- Up-to-date: /home/dung/ros_ws/install/my_robot_planning/share/my_robot_planning/cmake/ament_cmake_export_dependencies-extras.cmake
[0.856s] -- Up-to-date: /home/dung/ros_ws/install/my_robot_planning/share/my_robot_planning/cmake/my_robot_planningConfig.cmake
[0.856s] -- Up-to-date: /home/dung/ros_ws/install/my_robot_planning/share/my_robot_planning/cmake/my_robot_planningConfig-version.cmake
[0.856s] -- Up-to-date: /home/dung/ros_ws/install/my_robot_planning/share/my_robot_planning/package.xml
[0.891s] Invoked command in '/home/dung/ros_ws/build/my_robot_planning' returned '0': CMAKE_PREFIX_PATH=${CMAKE_PREFIX_PATH}:/home/dung/ros_ws/install/keyboard_teleop:/opt/ros/humble /usr/bin/cmake --install /home/dung/ros_ws/build/my_robot_planning
