[0.008s] Invoking command in '/home/dung/ros_ws/build/my_robot_planning': CMAKE_PREFIX_PATH=${CMAKE_PREFIX_PATH}:/home/dung/ros_ws/install/keyboard_teleop:/opt/ros/humble /usr/bin/cmake /home/dung/ros_ws/src/my_robot_planning -DCMAKE_INSTALL_PREFIX=/home/dung/ros_ws/install/my_robot_planning
[0.104s] -- The C compiler identification is GNU 11.4.0
[0.165s] -- The CXX compiler identification is GNU 11.4.0
[0.173s] -- Detecting C compiler ABI info
[0.248s] -- Detecting C compiler ABI info - done
[0.258s] -- Check for working C compiler: /usr/bin/cc - skipped
[0.258s] -- Detecting C compile features
[0.258s] -- Detecting C compile features - done
[0.260s] -- Detecting CXX compiler ABI info
[0.374s] -- Detecting CXX compiler ABI info - done
[0.382s] -- Check for working CXX compiler: /usr/bin/c++ - skipped
[0.382s] -- Detecting CXX compile features
[0.384s] -- Detecting CXX compile features - done
[0.384s] -- Found ament_cmake: 1.3.12 (/opt/ros/humble/share/ament_cmake/cmake)
[0.532s] -- Found Python3: /usr/bin/python3 (found version "3.10.12") found components: Interpreter 
[0.679s] -- Found rclcpp: 16.0.14 (/opt/ros/humble/share/rclcpp/cmake)
[0.733s] -- Found rosidl_generator_c: 3.1.7 (/opt/ros/humble/share/rosidl_generator_c/cmake)
[0.737s] -- Found rosidl_adapter: 3.1.7 (/opt/ros/humble/share/rosidl_adapter/cmake)
[0.748s] -- Found rosidl_generator_cpp: 3.1.7 (/opt/ros/humble/share/rosidl_generator_cpp/cmake)
[0.758s] -- Using all available rosidl_typesupport_c: rosidl_typesupport_fastrtps_c;rosidl_typesupport_introspection_c
[0.773s] -- Using all available rosidl_typesupport_cpp: rosidl_typesupport_fastrtps_cpp;rosidl_typesupport_introspection_cpp
[0.814s] -- Found rmw_implementation_cmake: 6.1.2 (/opt/ros/humble/share/rmw_implementation_cmake/cmake)
[0.819s] -- Found rmw_fastrtps_cpp: 6.2.8 (/opt/ros/humble/share/rmw_fastrtps_cpp/cmake)
[0.930s] -- Found OpenSSL: /usr/lib/x86_64-linux-gnu/libcrypto.so (found version "3.0.2")  
[0.999s] -- Found FastRTPS: /opt/ros/humble/include  
[1.082s] -- Using RMW implementation 'rmw_fastrtps_cpp' as default
[1.097s] -- Looking for pthread.h
[1.250s] -- Looking for pthread.h - found
[1.251s] -- Performing Test CMAKE_HAVE_LIBC_PTHREAD
[1.415s] -- Performing Test CMAKE_HAVE_LIBC_PTHREAD - Success
[1.420s] -- Found Threads: TRUE  
[1.515s] -- Found rclcpp_action: 16.0.14 (/opt/ros/humble/share/rclcpp_action/cmake)
[1.569s] -- Found rclpy: 3.3.17 (/opt/ros/humble/share/rclpy/cmake)
[1.575s] -- Found nav_msgs: 4.9.0 (/opt/ros/humble/share/nav_msgs/cmake)
[1.610s] -- Found tf2_ros: 0.25.16 (/opt/ros/humble/share/tf2_ros/cmake)
[1.740s] -- Found nav2_core: 1.1.19 (/opt/ros/humble/share/nav2_core/cmake)
[1.919s] -- Found Eigen3: TRUE (found version "3.4.0") 
[1.919s] -- Ensuring Eigen3 include directory is part of orocos-kdl CMake target
[2.227s] -- Found ament_lint_auto: 0.12.14 (/opt/ros/humble/share/ament_lint_auto/cmake)
[2.306s] -- Added test 'cppcheck' to perform static code analysis on C / C++ code
[2.307s] -- Configured cppcheck include dirs: /home/dung/ros_ws/src/my_robot_planning/include
[2.307s] -- Configured cppcheck exclude dirs and/or files: 
[2.308s] -- Added test 'flake8' to check Python code syntax and style conventions
[2.308s] -- Added test 'lint_cmake' to check CMake code style
[2.309s] -- Added test 'pep257' to check Python code against some of the docstring style conventions in PEP 257
[2.310s] -- Added test 'uncrustify' to check C / C++ code style
[2.310s] -- Configured uncrustify additional arguments: 
[2.313s] -- Added test 'xmllint' to check XML markup files
[2.313s] -- Configuring done
[2.380s] -- Generating done
[2.388s] -- Build files have been written to: /home/dung/ros_ws/build/my_robot_planning
[2.400s] Invoked command in '/home/dung/ros_ws/build/my_robot_planning' returned '0': CMAKE_PREFIX_PATH=${CMAKE_PREFIX_PATH}:/home/dung/ros_ws/install/keyboard_teleop:/opt/ros/humble /usr/bin/cmake /home/dung/ros_ws/src/my_robot_planning -DCMAKE_INSTALL_PREFIX=/home/dung/ros_ws/install/my_robot_planning
[2.401s] Invoking command in '/home/dung/ros_ws/build/my_robot_planning': CMAKE_PREFIX_PATH=${CMAKE_PREFIX_PATH}:/home/dung/ros_ws/install/keyboard_teleop:/opt/ros/humble /usr/bin/cmake --build /home/dung/ros_ws/build/my_robot_planning -- -j6 -l6
[2.453s] [ 25%] [32mBuilding CXX object CMakeFiles/dijkstra_planner.dir/src/dijkstra_planner.cpp.o[0m
[2.460s] [ 50%] Built target ament_cmake_python_copy_my_robot_planning
[2.460s] [ 50%] [32mBuilding CXX object CMakeFiles/a_star.dir/src/a_star.cpp.o[0m
[2.703s] running egg_info
[2.703s] creating my_robot_planning.egg-info
[2.703s] writing my_robot_planning.egg-info/PKG-INFO
[2.703s] writing dependency_links to my_robot_planning.egg-info/dependency_links.txt
[2.703s] writing top-level names to my_robot_planning.egg-info/top_level.txt
[2.703s] writing manifest file 'my_robot_planning.egg-info/SOURCES.txt'
[2.704s] reading manifest file 'my_robot_planning.egg-info/SOURCES.txt'
[2.705s] writing manifest file 'my_robot_planning.egg-info/SOURCES.txt'
[2.750s] [ 50%] Built target ament_cmake_python_build_my_robot_planning_egg
[7.229s] [ 75%] [32m[1mLinking CXX shared library liba_star.so[0m
[7.467s] [ 75%] Built target a_star
[8.019s] [100%] [32m[1mLinking CXX shared library libdijkstra_planner.so[0m
[8.295s] [100%] Built target dijkstra_planner
[8.304s] Invoked command in '/home/dung/ros_ws/build/my_robot_planning' returned '0': CMAKE_PREFIX_PATH=${CMAKE_PREFIX_PATH}:/home/dung/ros_ws/install/keyboard_teleop:/opt/ros/humble /usr/bin/cmake --build /home/dung/ros_ws/build/my_robot_planning -- -j6 -l6
[8.306s] Invoking command in '/home/dung/ros_ws/build/my_robot_planning': CMAKE_PREFIX_PATH=${CMAKE_PREFIX_PATH}:/home/dung/ros_ws/install/keyboard_teleop:/opt/ros/humble /usr/bin/cmake --install /home/dung/ros_ws/build/my_robot_planning
[8.314s] -- Install configuration: ""
[8.314s] -- Installing: /home/dung/ros_ws/install/my_robot_planning/share/my_robot_planning/environment/pythonpath.sh
[8.315s] -- Installing: /home/dung/ros_ws/install/my_robot_planning/share/my_robot_planning/environment/pythonpath.dsv
[8.315s] -- Installing: /home/dung/ros_ws/install/my_robot_planning/local/lib/python3.10/dist-packages/my_robot_planning-0.0.0-py3.10.egg-info
[8.315s] -- Installing: /home/dung/ros_ws/install/my_robot_planning/local/lib/python3.10/dist-packages/my_robot_planning-0.0.0-py3.10.egg-info/dependency_links.txt
[8.315s] -- Installing: /home/dung/ros_ws/install/my_robot_planning/local/lib/python3.10/dist-packages/my_robot_planning-0.0.0-py3.10.egg-info/SOURCES.txt
[8.315s] -- Installing: /home/dung/ros_ws/install/my_robot_planning/local/lib/python3.10/dist-packages/my_robot_planning-0.0.0-py3.10.egg-info/top_level.txt
[8.315s] -- Installing: /home/dung/ros_ws/install/my_robot_planning/local/lib/python3.10/dist-packages/my_robot_planning-0.0.0-py3.10.egg-info/PKG-INFO
[8.315s] -- Installing: /home/dung/ros_ws/install/my_robot_planning/local/lib/python3.10/dist-packages/my_robot_planning
[8.315s] -- Installing: /home/dung/ros_ws/install/my_robot_planning/local/lib/python3.10/dist-packages/my_robot_planning/dijkstra_planner.py
[8.315s] -- Installing: /home/dung/ros_ws/install/my_robot_planning/local/lib/python3.10/dist-packages/my_robot_planning/__init__.py
[8.315s] -- Installing: /home/dung/ros_ws/install/my_robot_planning/local/lib/python3.10/dist-packages/my_robot_planning/a_star.py
[8.341s] Listing '/home/dung/ros_ws/install/my_robot_planning/local/lib/python3.10/dist-packages/my_robot_planning'...
[8.341s] Compiling '/home/dung/ros_ws/install/my_robot_planning/local/lib/python3.10/dist-packages/my_robot_planning/__init__.py'...
[8.341s] Compiling '/home/dung/ros_ws/install/my_robot_planning/local/lib/python3.10/dist-packages/my_robot_planning/a_star.py'...
[8.341s] Compiling '/home/dung/ros_ws/install/my_robot_planning/local/lib/python3.10/dist-packages/my_robot_planning/dijkstra_planner.py'...
[8.345s] -- Installing: /home/dung/ros_ws/install/my_robot_planning/share/my_robot_planning/global_planner_plugins.xml
[8.345s] -- Installing: /home/dung/ros_ws/install/my_robot_planning/lib/my_robot_planning/dijkstra_planner.py
[8.345s] -- Installing: /home/dung/ros_ws/install/my_robot_planning/lib/my_robot_planning/a_star.py
[8.345s] -- Installing: /home/dung/ros_ws/install/my_robot_planning/include/include
[8.345s] -- Installing: /home/dung/ros_ws/install/my_robot_planning/include/include/my_robot_planning
[8.345s] -- Installing: /home/dung/ros_ws/install/my_robot_planning/include/include/my_robot_planning/a_star.hpp
[8.345s] -- Installing: /home/dung/ros_ws/install/my_robot_planning/include/include/my_robot_planning/dijkstra_planner.hpp
[8.345s] -- Installing: /home/dung/ros_ws/install/my_robot_planning/lib/libdijkstra_planner.so
[8.346s] -- Set runtime path of "/home/dung/ros_ws/install/my_robot_planning/lib/libdijkstra_planner.so" to ""
[8.346s] -- Installing: /home/dung/ros_ws/install/my_robot_planning/lib/liba_star.so
[8.347s] -- Set runtime path of "/home/dung/ros_ws/install/my_robot_planning/lib/liba_star.so" to ""
[8.347s] -- Up-to-date: /home/dung/ros_ws/install/my_robot_planning/share/my_robot_planning/global_planner_plugins.xml
[8.347s] -- Installing: /home/dung/ros_ws/install/my_robot_planning/share/ament_index/resource_index/package_run_dependencies/my_robot_planning
[8.347s] -- Installing: /home/dung/ros_ws/install/my_robot_planning/share/ament_index/resource_index/parent_prefix_path/my_robot_planning
[8.347s] -- Installing: /home/dung/ros_ws/install/my_robot_planning/share/my_robot_planning/environment/ament_prefix_path.sh
[8.347s] -- Installing: /home/dung/ros_ws/install/my_robot_planning/share/my_robot_planning/environment/ament_prefix_path.dsv
[8.347s] -- Installing: /home/dung/ros_ws/install/my_robot_planning/share/my_robot_planning/environment/path.sh
[8.347s] -- Installing: /home/dung/ros_ws/install/my_robot_planning/share/my_robot_planning/environment/path.dsv
[8.347s] -- Installing: /home/dung/ros_ws/install/my_robot_planning/share/my_robot_planning/local_setup.bash
[8.347s] -- Installing: /home/dung/ros_ws/install/my_robot_planning/share/my_robot_planning/local_setup.sh
[8.348s] -- Installing: /home/dung/ros_ws/install/my_robot_planning/share/my_robot_planning/local_setup.zsh
[8.348s] -- Installing: /home/dung/ros_ws/install/my_robot_planning/share/my_robot_planning/local_setup.dsv
[8.348s] -- Installing: /home/dung/ros_ws/install/my_robot_planning/share/my_robot_planning/package.dsv
[8.348s] -- Installing: /home/dung/ros_ws/install/my_robot_planning/share/ament_index/resource_index/packages/my_robot_planning
[8.348s] -- Installing: /home/dung/ros_ws/install/my_robot_planning/share/ament_index/resource_index/nav2_core__pluginlib__plugin/my_robot_planning
[8.348s] -- Installing: /home/dung/ros_ws/install/my_robot_planning/share/my_robot_planning/cmake/ament_cmake_export_include_directories-extras.cmake
[8.348s] -- Installing: /home/dung/ros_ws/install/my_robot_planning/share/my_robot_planning/cmake/ament_cmake_export_dependencies-extras.cmake
[8.348s] -- Installing: /home/dung/ros_ws/install/my_robot_planning/share/my_robot_planning/cmake/my_robot_planningConfig.cmake
[8.348s] -- Installing: /home/dung/ros_ws/install/my_robot_planning/share/my_robot_planning/cmake/my_robot_planningConfig-version.cmake
[8.348s] -- Installing: /home/dung/ros_ws/install/my_robot_planning/share/my_robot_planning/package.xml
[8.350s] Invoked command in '/home/dung/ros_ws/build/my_robot_planning' returned '0': CMAKE_PREFIX_PATH=${CMAKE_PREFIX_PATH}:/home/dung/ros_ws/install/keyboard_teleop:/opt/ros/humble /usr/bin/cmake --install /home/dung/ros_ws/build/my_robot_planning
