[0.089s] Invoking command in '/home/dung/ros_ws/build/my_robot_navi': CMAKE_PREFIX_PATH=${CMAKE_PREFIX_PATH}:/home/dung/ros_ws/install/keyboard_teleop:/opt/ros/humble /usr/bin/cmake --build /home/dung/ros_ws/build/my_robot_navi -- -j6 -l6
[0.207s] Invoked command in '/home/dung/ros_ws/build/my_robot_navi' returned '0': CMAKE_PREFIX_PATH=${CMAKE_PREFIX_PATH}:/home/dung/ros_ws/install/keyboard_teleop:/opt/ros/humble /usr/bin/cmake --build /home/dung/ros_ws/build/my_robot_navi -- -j6 -l6
[0.208s] Invoking command in '/home/dung/ros_ws/build/my_robot_navi': CMAKE_PREFIX_PATH=${CMAKE_PREFIX_PATH}:/home/dung/ros_ws/install/keyboard_teleop:/opt/ros/humble /usr/bin/cmake --install /home/dung/ros_ws/build/my_robot_navi
[0.362s] -- Install configuration: ""
[0.362s] -- Up-to-date: /home/dung/ros_ws/install/my_robot_navi/share/my_robot_navi/config
[0.362s] -- Up-to-date: /home/dung/ros_ws/install/my_robot_navi/share/my_robot_navi/config/planner_server.yaml
[0.362s] -- Up-to-date: /home/dung/ros_ws/install/my_robot_navi/share/my_robot_navi/config/bt_navigation.yaml
[0.363s] -- Up-to-date: /home/dung/ros_ws/install/my_robot_navi/share/my_robot_navi/config/behavior_server.yaml
[0.363s] -- Up-to-date: /home/dung/ros_ws/install/my_robot_navi/share/my_robot_navi/config/smoother_server.yaml
[0.363s] -- Installing: /home/dung/ros_ws/install/my_robot_navi/share/my_robot_navi/config/controller_server.yaml
[0.363s] -- Up-to-date: /home/dung/ros_ws/install/my_robot_navi/share/my_robot_navi/config/costmap.yaml
[0.363s] -- Up-to-date: /home/dung/ros_ws/install/my_robot_navi/share/my_robot_navi/launch
[0.363s] -- Up-to-date: /home/dung/ros_ws/install/my_robot_navi/share/my_robot_navi/launch/navigation.launch.py
[0.363s] -- Up-to-date: /home/dung/ros_ws/install/my_robot_navi/share/my_robot_navi/behavior_tree
[0.363s] -- Up-to-date: /home/dung/ros_ws/install/my_robot_navi/share/my_robot_navi/behavior_tree/simple_navigation_2.xml
[0.363s] -- Up-to-date: /home/dung/ros_ws/install/my_robot_navi/share/my_robot_navi/behavior_tree/simple_navigation.xml
[0.363s] -- Up-to-date: /home/dung/ros_ws/install/my_robot_navi/share/ament_index/resource_index/package_run_dependencies/my_robot_navi
[0.363s] -- Up-to-date: /home/dung/ros_ws/install/my_robot_navi/share/ament_index/resource_index/parent_prefix_path/my_robot_navi
[0.363s] -- Up-to-date: /home/dung/ros_ws/install/my_robot_navi/share/my_robot_navi/environment/ament_prefix_path.sh
[0.363s] -- Up-to-date: /home/dung/ros_ws/install/my_robot_navi/share/my_robot_navi/environment/ament_prefix_path.dsv
[0.363s] -- Up-to-date: /home/dung/ros_ws/install/my_robot_navi/share/my_robot_navi/environment/path.sh
[0.363s] -- Up-to-date: /home/dung/ros_ws/install/my_robot_navi/share/my_robot_navi/environment/path.dsv
[0.363s] -- Up-to-date: /home/dung/ros_ws/install/my_robot_navi/share/my_robot_navi/local_setup.bash
[0.363s] -- Up-to-date: /home/dung/ros_ws/install/my_robot_navi/share/my_robot_navi/local_setup.sh
[0.363s] -- Up-to-date: /home/dung/ros_ws/install/my_robot_navi/share/my_robot_navi/local_setup.zsh
[0.363s] -- Up-to-date: /home/dung/ros_ws/install/my_robot_navi/share/my_robot_navi/local_setup.dsv
[0.363s] -- Installing: /home/dung/ros_ws/install/my_robot_navi/share/my_robot_navi/package.dsv
[0.364s] -- Up-to-date: /home/dung/ros_ws/install/my_robot_navi/share/ament_index/resource_index/packages/my_robot_navi
[0.364s] -- Up-to-date: /home/dung/ros_ws/install/my_robot_navi/share/my_robot_navi/cmake/my_robot_naviConfig.cmake
[0.364s] -- Up-to-date: /home/dung/ros_ws/install/my_robot_navi/share/my_robot_navi/cmake/my_robot_naviConfig-version.cmake
[0.364s] -- Up-to-date: /home/dung/ros_ws/install/my_robot_navi/share/my_robot_navi/package.xml
[0.371s] Invoked command in '/home/dung/ros_ws/build/my_robot_navi' returned '0': CMAKE_PREFIX_PATH=${CMAKE_PREFIX_PATH}:/home/dung/ros_ws/install/keyboard_teleop:/opt/ros/humble /usr/bin/cmake --install /home/dung/ros_ws/build/my_robot_navi
